CRITICAL - 2024-08-23 02:42:29 --> Unmatched '}'
in APPPATH\Controllers\AddDesenhoPost.php on line 446.
 1 SYSTEMPATH\Autoloader\Autoloader.php(289): CodeIgniter\Autoloader\Autoloader->includeFile('C:\\xampp\\htdocs\\codi\\app\\Controllers\\AddDesenhoPost.php')
 2 SYSTEMPATH\Autoloader\Autoloader.php(267): CodeIgniter\Autoloader\Autoloader->loadInNamespace('App\\Controllers\\AddDesenhoPost')
 3 [internal function]: CodeIgniter\Autoloader\Autoloader->loadClass('App\\Controllers\\AddDesenhoPost')
 4 SYSTEMPATH\CodeIgniter.php(892): class_exists('\\App\\Controllers\\AddDesenhoPost', true)
 5 SYSTEMPATH\CodeIgniter.php(486): CodeIgniter\CodeIgniter->startController()
 6 SYSTEMPATH\CodeIgniter.php(368): CodeIgniter\CodeIgniter->handleRequest(null, Object(Config\Cache), false)
 7 FCPATH\index.php(67): CodeIgniter\CodeIgniter->run()
WARNING - 2024-08-23 00:07:31 --> [DEPRECATED] str_replace(): Passing null to parameter #3 ($subject) of type array|string is deprecated in APPPATH\Controllers\Ferramentas.php on line 401.
 1 APPPATH\Controllers\Ferramentas.php(401): str_replace([...], [...], null)
 2 APPPATH\Controllers\EmpreendimentoPost.php(352): App\Controllers\Ferramentas::codificador(null)
 3 SYSTEMPATH\CodeIgniter.php(934): App\Controllers\EmpreendimentoPost->empreendimento_lista()
 4 SYSTEMPATH\CodeIgniter.php(499): CodeIgniter\CodeIgniter->runController(Object(App\Controllers\EmpreendimentoPost))
 5 SYSTEMPATH\CodeIgniter.php(368): CodeIgniter\CodeIgniter->handleRequest(null, Object(Config\Cache), false)
 6 FCPATH\index.php(67): CodeIgniter\CodeIgniter->run()
WARNING - 2024-08-23 00:15:24 --> [DEPRECATED] str_replace(): Passing null to parameter #3 ($subject) of type array|string is deprecated in APPPATH\Controllers\Ferramentas.php on line 401.
 1 APPPATH\Controllers\Ferramentas.php(401): str_replace([...], [...], null)
 2 APPPATH\Controllers\EmpreendimentoPost.php(352): App\Controllers\Ferramentas::codificador(null)
 3 SYSTEMPATH\CodeIgniter.php(934): App\Controllers\EmpreendimentoPost->empreendimento_lista()
 4 SYSTEMPATH\CodeIgniter.php(499): CodeIgniter\CodeIgniter->runController(Object(App\Controllers\EmpreendimentoPost))
 5 SYSTEMPATH\CodeIgniter.php(368): CodeIgniter\CodeIgniter->handleRequest(null, Object(Config\Cache), false)
 6 FCPATH\index.php(67): CodeIgniter\CodeIgniter->run()
ERROR - 2024-08-23 00:15:42 --> mysqli_sql_exception: Column 'processos_id' cannot be null in C:\xampp\htdocs\codi\system\Database\MySQLi\Connection.php:295
Stack trace:
#0 C:\xampp\htdocs\codi\system\Database\MySQLi\Connection.php(295): mysqli->query('INSERT INTO `de...', 0)
#1 C:\xampp\htdocs\codi\system\Database\BaseConnection.php(692): CodeIgniter\Database\MySQLi\Connection->execute('INSERT INTO `de...')
#2 C:\xampp\htdocs\codi\system\Database\BaseConnection.php(606): CodeIgniter\Database\BaseConnection->simpleQuery('INSERT INTO `de...')
#3 C:\xampp\htdocs\codi\system\Database\BaseBuilder.php(2309): CodeIgniter\Database\BaseConnection->query('INSERT INTO `de...', Array, false)
#4 C:\xampp\htdocs\codi\system\Model.php(330): CodeIgniter\Database\BaseBuilder->insert()
#5 C:\xampp\htdocs\codi\system\BaseModel.php(782): CodeIgniter\Model->doInsert(Array)
#6 C:\xampp\htdocs\codi\system\Model.php(730): CodeIgniter\BaseModel->insert(Array, true)
#7 C:\xampp\htdocs\codi\app\Controllers\AddDesenhoPost.php(300): CodeIgniter\Model->insert(Array)
#8 C:\xampp\htdocs\codi\system\CodeIgniter.php(934): App\Controllers\AddDesenhoPost->desenhos_add()
#9 C:\xampp\htdocs\codi\system\CodeIgniter.php(499): CodeIgniter\CodeIgniter->runController(Object(App\Controllers\AddDesenhoPost))
#10 C:\xampp\htdocs\codi\system\CodeIgniter.php(368): CodeIgniter\CodeIgniter->handleRequest(NULL, Object(Config\Cache), false)
#11 C:\xampp\htdocs\codi\public\index.php(67): CodeIgniter\CodeIgniter->run()
#12 {main}
CRITICAL - 2024-08-23 00:15:42 --> Column 'processos_id' cannot be null
in SYSTEMPATH\Database\MySQLi\Connection.php on line 295.
 1 SYSTEMPATH\Database\MySQLi\Connection.php(295): mysqli->query('INSERT INTO `desenhos` (`nome`, `caminho`, `desenhista`, `status`, `prioridade`, `finalidade`, `empreendimento`, `empresa`, `processos_id`, `data_hora_add`) VALUES (\'NOVOAi074nDOCUMENTOi074nDEi074nTEXTOi074nCOPIAi074n9i074n904i074ni062ndxf\', \'ci083ni061nwli061ni061nWLi061nAUTOMACAOi074ni061nACABAMENTOi061nOI123i061nNOVOAi074nDOCUMENTOi074nDEi074nTEXTOi074nCOPIAi074n9i074n904i074ni062ndxf\', \'1\', \'corte\', \'1\', \'4\', \'47\', \'24\', NULL, \'23i061n08i061n2024 00i083n15\')', 0)
 2 SYSTEMPATH\Database\BaseConnection.php(692): CodeIgniter\Database\MySQLi\Connection->execute('INSERT INTO `desenhos` (`nome`, `caminho`, `desenhista`, `status`, `prioridade`, `finalidade`, `empreendimento`, `empresa`, `processos_id`, `data_hora_add`) VALUES (\'NOVOAi074nDOCUMENTOi074nDEi074nTEXTOi074nCOPIAi074n9i074n904i074ni062ndxf\', \'ci083ni061nwli061ni061nWLi061nAUTOMACAOi074ni061nACABAMENTOi061nOI123i061nNOVOAi074nDOCUMENTOi074nDEi074nTEXTOi074nCOPIAi074n9i074n904i074ni062ndxf\', \'1\', \'corte\', \'1\', \'4\', \'47\', \'24\', NULL, \'23i061n08i061n2024 00i083n15\')')
 3 SYSTEMPATH\Database\BaseConnection.php(606): CodeIgniter\Database\BaseConnection->simpleQuery('INSERT INTO `desenhos` (`nome`, `caminho`, `desenhista`, `status`, `prioridade`, `finalidade`, `empreendimento`, `empresa`, `processos_id`, `data_hora_add`) VALUES (\'NOVOAi074nDOCUMENTOi074nDEi074nTEXTOi074nCOPIAi074n9i074n904i074ni062ndxf\', \'ci083ni061nwli061ni061nWLi061nAUTOMACAOi074ni061nACABAMENTOi061nOI123i061nNOVOAi074nDOCUMENTOi074nDEi074nTEXTOi074nCOPIAi074n9i074n904i074ni062ndxf\', \'1\', \'corte\', \'1\', \'4\', \'47\', \'24\', NULL, \'23i061n08i061n2024 00i083n15\')')
 4 SYSTEMPATH\Database\BaseBuilder.php(2309): CodeIgniter\Database\BaseConnection->query('INSERT INTO `desenhos` (`nome`, `caminho`, `desenhista`, `status`, `prioridade`, `finalidade`, `empreendimento`, `empresa`, `processos_id`, `data_hora_add`) VALUES (:nome:, :caminho:, :desenhista:, :status:, :prioridade:, :finalidade:, :empreendimento:, :empresa:, :processos_id:, :data_hora_add:)', [...], false)
 5 SYSTEMPATH\Model.php(330): CodeIgniter\Database\BaseBuilder->insert()
 6 SYSTEMPATH\BaseModel.php(782): CodeIgniter\Model->doInsert([...])
 7 SYSTEMPATH\Model.php(730): CodeIgniter\BaseModel->insert([...], true)
 8 APPPATH\Controllers\AddDesenhoPost.php(300): CodeIgniter\Model->insert([...])
 9 SYSTEMPATH\CodeIgniter.php(934): App\Controllers\AddDesenhoPost->desenhos_add()
10 SYSTEMPATH\CodeIgniter.php(499): CodeIgniter\CodeIgniter->runController(Object(App\Controllers\AddDesenhoPost))
11 SYSTEMPATH\CodeIgniter.php(368): CodeIgniter\CodeIgniter->handleRequest(null, Object(Config\Cache), false)
12 FCPATH\index.php(67): CodeIgniter\CodeIgniter->run()
WARNING - 2024-08-23 00:16:55 --> [DEPRECATED] str_replace(): Passing null to parameter #3 ($subject) of type array|string is deprecated in APPPATH\Controllers\Ferramentas.php on line 401.
 1 APPPATH\Controllers\Ferramentas.php(401): str_replace([...], [...], null)
 2 APPPATH\Controllers\EmpreendimentoPost.php(352): App\Controllers\Ferramentas::codificador(null)
 3 SYSTEMPATH\CodeIgniter.php(934): App\Controllers\EmpreendimentoPost->empreendimento_lista()
 4 SYSTEMPATH\CodeIgniter.php(499): CodeIgniter\CodeIgniter->runController(Object(App\Controllers\EmpreendimentoPost))
 5 SYSTEMPATH\CodeIgniter.php(368): CodeIgniter\CodeIgniter->handleRequest(null, Object(Config\Cache), false)
 6 FCPATH\index.php(67): CodeIgniter\CodeIgniter->run()
WARNING - 2024-08-23 00:18:27 --> [DEPRECATED] str_replace(): Passing null to parameter #3 ($subject) of type array|string is deprecated in APPPATH\Controllers\Ferramentas.php on line 401.
 1 APPPATH\Controllers\Ferramentas.php(401): str_replace([...], [...], null)
 2 APPPATH\Controllers\EmpreendimentoPost.php(352): App\Controllers\Ferramentas::codificador(null)
 3 SYSTEMPATH\CodeIgniter.php(934): App\Controllers\EmpreendimentoPost->empreendimento_lista()
 4 SYSTEMPATH\CodeIgniter.php(499): CodeIgniter\CodeIgniter->runController(Object(App\Controllers\EmpreendimentoPost))
 5 SYSTEMPATH\CodeIgniter.php(368): CodeIgniter\CodeIgniter->handleRequest(null, Object(Config\Cache), false)
 6 FCPATH\index.php(67): CodeIgniter\CodeIgniter->run()
WARNING - 2024-08-23 00:19:56 --> [DEPRECATED] str_replace(): Passing null to parameter #3 ($subject) of type array|string is deprecated in APPPATH\Controllers\Ferramentas.php on line 401.
 1 APPPATH\Controllers\Ferramentas.php(401): str_replace([...], [...], null)
 2 APPPATH\Controllers\EmpreendimentoPost.php(352): App\Controllers\Ferramentas::codificador(null)
 3 SYSTEMPATH\CodeIgniter.php(934): App\Controllers\EmpreendimentoPost->empreendimento_lista()
 4 SYSTEMPATH\CodeIgniter.php(499): CodeIgniter\CodeIgniter->runController(Object(App\Controllers\EmpreendimentoPost))
 5 SYSTEMPATH\CodeIgniter.php(368): CodeIgniter\CodeIgniter->handleRequest(null, Object(Config\Cache), false)
 6 FCPATH\index.php(67): CodeIgniter\CodeIgniter->run()
CRITICAL - 2024-08-23 00:19:57 --> Undefined array key "lista_finalidade"
in APPPATH\Controllers\SubpastaPost.php on line 404.
 1 APPPATH\Controllers\SubpastaPost.php(404): CodeIgniter\Debug\Exceptions->errorHandler(2, 'Undefined array key "lista_finalidade"', 'C:\\xampp\\htdocs\\codi\\app\\Controllers\\SubpastaPost.php', 404)
 2 SYSTEMPATH\CodeIgniter.php(934): App\Controllers\SubpastaPost->desenho_tag_lista()
 3 SYSTEMPATH\CodeIgniter.php(499): CodeIgniter\CodeIgniter->runController(Object(App\Controllers\SubpastaPost))
 4 SYSTEMPATH\CodeIgniter.php(368): CodeIgniter\CodeIgniter->handleRequest(null, Object(Config\Cache), false)
 5 FCPATH\index.php(67): CodeIgniter\CodeIgniter->run()
WARNING - 2024-08-23 00:22:32 --> [DEPRECATED] str_replace(): Passing null to parameter #3 ($subject) of type array|string is deprecated in APPPATH\Controllers\Ferramentas.php on line 401.
 1 APPPATH\Controllers\Ferramentas.php(401): str_replace([...], [...], null)
 2 APPPATH\Controllers\EmpreendimentoPost.php(352): App\Controllers\Ferramentas::codificador(null)
 3 SYSTEMPATH\CodeIgniter.php(934): App\Controllers\EmpreendimentoPost->empreendimento_lista()
 4 SYSTEMPATH\CodeIgniter.php(499): CodeIgniter\CodeIgniter->runController(Object(App\Controllers\EmpreendimentoPost))
 5 SYSTEMPATH\CodeIgniter.php(368): CodeIgniter\CodeIgniter->handleRequest(null, Object(Config\Cache), false)
 6 FCPATH\index.php(67): CodeIgniter\CodeIgniter->run()
CRITICAL - 2024-08-23 15:15:21 --> Invalid file: "ajaxs/desenho_meus_ajax.php"
in SYSTEMPATH\Exceptions\FrameworkException.php on line 33.
 1 SYSTEMPATH\View\View.php(201): CodeIgniter\Exceptions\FrameworkException::forInvalidFile('ajaxs/desenho_meus_ajax.php')
 2 SYSTEMPATH\Common.php(1184): CodeIgniter\View\View->render('ajaxs/desenho_meus_ajax', [], true)
 3 APPPATH\Views\lista.php(429): view('ajaxs/desenho_meus_ajax')
 4 SYSTEMPATH\View\View.php(213): include('C:\\xampp\\htdocs\\codi\\app\\Views\\lista.php')
 5 SYSTEMPATH\View\View.php(216): CodeIgniter\View\View->CodeIgniter\View\{closure}()
 6 SYSTEMPATH\Common.php(1184): CodeIgniter\View\View->render('lista', [], true)
 7 APPPATH\Controllers\Pagina.php(162): view('lista', [...])
 8 SYSTEMPATH\CodeIgniter.php(934): App\Controllers\Pagina->desenho_meus()
 9 SYSTEMPATH\CodeIgniter.php(499): CodeIgniter\CodeIgniter->runController(Object(App\Controllers\Pagina))
10 SYSTEMPATH\CodeIgniter.php(368): CodeIgniter\CodeIgniter->handleRequest(null, Object(Config\Cache), false)
11 FCPATH\index.php(67): CodeIgniter\CodeIgniter->run()
CRITICAL - 2024-08-23 16:26:31 --> Invalid file: "ajaxs/lista_corte_corte_ajax.php"
in SYSTEMPATH\Exceptions\FrameworkException.php on line 33.
 1 SYSTEMPATH\View\View.php(201): CodeIgniter\Exceptions\FrameworkException::forInvalidFile('ajaxs/lista_corte_corte_ajax.php')
 2 SYSTEMPATH\Common.php(1184): CodeIgniter\View\View->render('ajaxs/lista_corte_corte_ajax', [], true)
 3 APPPATH\Views\lista.php(429): view('ajaxs/lista_corte_corte_ajax')
 4 SYSTEMPATH\View\View.php(213): include('C:\\xampp\\htdocs\\codi\\app\\Views\\lista.php')
 5 SYSTEMPATH\View\View.php(216): CodeIgniter\View\View->CodeIgniter\View\{closure}()
 6 SYSTEMPATH\Common.php(1184): CodeIgniter\View\View->render('lista', [], true)
 7 APPPATH\Controllers\Pagina.php(740): view('lista', [...])
 8 SYSTEMPATH\CodeIgniter.php(934): App\Controllers\Pagina->lista_afazeres()
 9 SYSTEMPATH\CodeIgniter.php(499): CodeIgniter\CodeIgniter->runController(Object(App\Controllers\Pagina))
10 SYSTEMPATH\CodeIgniter.php(368): CodeIgniter\CodeIgniter->handleRequest(null, Object(Config\Cache), false)
11 FCPATH\index.php(67): CodeIgniter\CodeIgniter->run()
CRITICAL - 2024-08-23 16:26:54 --> Invalid file: "ajaxs/lista_afazeres_corte_ajax.php"
in SYSTEMPATH\Exceptions\FrameworkException.php on line 33.
 1 SYSTEMPATH\View\View.php(201): CodeIgniter\Exceptions\FrameworkException::forInvalidFile('ajaxs/lista_afazeres_corte_ajax.php')
 2 SYSTEMPATH\Common.php(1184): CodeIgniter\View\View->render('ajaxs/lista_afazeres_corte_ajax', [], true)
 3 APPPATH\Views\lista.php(429): view('ajaxs/lista_afazeres_corte_ajax')
 4 SYSTEMPATH\View\View.php(213): include('C:\\xampp\\htdocs\\codi\\app\\Views\\lista.php')
 5 SYSTEMPATH\View\View.php(216): CodeIgniter\View\View->CodeIgniter\View\{closure}()
 6 SYSTEMPATH\Common.php(1184): CodeIgniter\View\View->render('lista', [], true)
 7 APPPATH\Controllers\Pagina.php(740): view('lista', [...])
 8 SYSTEMPATH\CodeIgniter.php(934): App\Controllers\Pagina->lista_afazeres()
 9 SYSTEMPATH\CodeIgniter.php(499): CodeIgniter\CodeIgniter->runController(Object(App\Controllers\Pagina))
10 SYSTEMPATH\CodeIgniter.php(368): CodeIgniter\CodeIgniter->handleRequest(null, Object(Config\Cache), false)
11 FCPATH\index.php(67): CodeIgniter\CodeIgniter->run()
