CRITICAL - 2024-10-14 14:27:57 --> Failed to parse JSON string. Error: Malformed UTF-8 characters, possibly incorrectly encoded
in SYSTEMPATH\Format\JSONFormatter.php on line 41.
 1 SYSTEMPATH\Format\JSONFormatter.php(41): CodeIgniter\Format\Exceptions\FormatException::forInvalidJSON('Malformed UTF-8 characters, possibly incorrectly encoded')
 2 SYSTEMPATH\HTTP\ResponseTrait.php(322): CodeIgniter\Format\JSONFormatter->format([...])
 3 SYSTEMPATH\HTTP\ResponseTrait.php(248): CodeIgniter\HTTP\Response->formatBody([...], 'json')
 4 APPPATH\Controllers\Api.php(204): CodeIgniter\HTTP\Response->setJSON([...])
 5 SYSTEMPATH\CodeIgniter.php(934): App\Controllers\Api->login_api()
 6 SYSTEMPATH\CodeIgniter.php(499): CodeIgniter\CodeIgniter->runController(Object(App\Controllers\Api))
 7 SYSTEMPATH\CodeIgniter.php(368): CodeIgniter\CodeIgniter->handleRequest(null, Object(Config\Cache), false)
 8 FCPATH\index.php(67): CodeIgniter\CodeIgniter->run()
CRITICAL - 2024-10-14 14:27:57 --> Uncaught CodeIgniter\Format\Exceptions\FormatException: Failed to parse JSON string. Error: Malformed UTF-8 characters, possibly incorrectly encoded in C:\xampp\htdocs\codi\system\Format\JSONFormatter.php:41
Stack trace:
#0 C:\xampp\htdocs\codi\system\Format\JSONFormatter.php(41): CodeIgniter\Format\Exceptions\FormatException::forInvalidJSON('Malformed UTF-8...')
#1 C:\xampp\htdocs\codi\system\API\ResponseTrait.php(349): CodeIgniter\Format\JSONFormatter->format(Array)
#2 C:\xampp\htdocs\codi\system\API\ResponseTrait.php(102): CodeIgniter\Debug\Exceptions->format(Array)
#3 C:\xampp\htdocs\codi\system\Debug\Exceptions.php(150): CodeIgniter\Debug\Exceptions->respond(Array, 500)
#4 [internal function]: CodeIgniter\Debug\Exceptions->exceptionHandler(Object(CodeIgniter\Format\Exceptions\FormatException))
#5 {main}
  thrown
【Previous Exception】
CodeIgniter\Format\Exceptions\FormatException
Failed to parse JSON string. Error: Malformed UTF-8 characters, possibly incorrectly encoded
#0 C:\xampp\htdocs\codi\system\Format\JSONFormatter.php(41): CodeIgniter\Format\Exceptions\FormatException::forInvalidJSON('Malformed UTF-8...')
#1 C:\xampp\htdocs\codi\system\HTTP\ResponseTrait.php(322): CodeIgniter\Format\JSONFormatter->format(Array)
#2 C:\xampp\htdocs\codi\system\HTTP\ResponseTrait.php(248): CodeIgniter\HTTP\Response->formatBody(Array, 'json')
#3 C:\xampp\htdocs\codi\app\Controllers\Api.php(204): CodeIgniter\HTTP\Response->setJSON(Array)
#4 C:\xampp\htdocs\codi\system\CodeIgniter.php(934): App\Controllers\Api->login_api()
#5 C:\xampp\htdocs\codi\system\CodeIgniter.php(499): CodeIgniter\CodeIgniter->runController(Object(App\Controllers\Api))
#6 C:\xampp\htdocs\codi\system\CodeIgniter.php(368): CodeIgniter\CodeIgniter->handleRequest(NULL, Object(Config\Cache), false)
#7 C:\xampp\htdocs\codi\public\index.php(67): CodeIgniter\CodeIgniter->run()
#8 {main}
in SYSTEMPATH\Format\JSONFormatter.php on line 41.
 1 [internal function]: CodeIgniter\Debug\Exceptions->shutdownHandler()
WARNING - 2024-10-14 14:28:44 --> [DEPRECATED] json_decode(): Passing null to parameter #1 ($json) of type string is deprecated in APPPATH\Controllers\Api.php on line 160.
 1 APPPATH\Controllers\Api.php(160): json_decode(null, true)
 2 SYSTEMPATH\CodeIgniter.php(934): App\Controllers\Api->login_api()
 3 SYSTEMPATH\CodeIgniter.php(499): CodeIgniter\CodeIgniter->runController(Object(App\Controllers\Api))
 4 SYSTEMPATH\CodeIgniter.php(368): CodeIgniter\CodeIgniter->handleRequest(null, Object(Config\Cache), false)
 5 FCPATH\index.php(67): CodeIgniter\CodeIgniter->run()
CRITICAL - 2024-10-14 14:28:44 --> Failed to parse JSON string. Error: Malformed UTF-8 characters, possibly incorrectly encoded
in SYSTEMPATH\Format\JSONFormatter.php on line 41.
 1 SYSTEMPATH\Format\JSONFormatter.php(41): CodeIgniter\Format\Exceptions\FormatException::forInvalidJSON('Malformed UTF-8 characters, possibly incorrectly encoded')
 2 SYSTEMPATH\HTTP\ResponseTrait.php(322): CodeIgniter\Format\JSONFormatter->format([...])
 3 SYSTEMPATH\HTTP\ResponseTrait.php(248): CodeIgniter\HTTP\Response->formatBody([...], 'json')
 4 APPPATH\Controllers\Api.php(204): CodeIgniter\HTTP\Response->setJSON([...])
 5 SYSTEMPATH\CodeIgniter.php(934): App\Controllers\Api->login_api()
 6 SYSTEMPATH\CodeIgniter.php(499): CodeIgniter\CodeIgniter->runController(Object(App\Controllers\Api))
 7 SYSTEMPATH\CodeIgniter.php(368): CodeIgniter\CodeIgniter->handleRequest(null, Object(Config\Cache), false)
 8 FCPATH\index.php(67): CodeIgniter\CodeIgniter->run()
CRITICAL - 2024-10-14 14:28:44 --> Uncaught CodeIgniter\Format\Exceptions\FormatException: Failed to parse JSON string. Error: Malformed UTF-8 characters, possibly incorrectly encoded in C:\xampp\htdocs\codi\system\Format\JSONFormatter.php:41
Stack trace:
#0 C:\xampp\htdocs\codi\system\Format\JSONFormatter.php(41): CodeIgniter\Format\Exceptions\FormatException::forInvalidJSON('Malformed UTF-8...')
#1 C:\xampp\htdocs\codi\system\API\ResponseTrait.php(349): CodeIgniter\Format\JSONFormatter->format(Array)
#2 C:\xampp\htdocs\codi\system\API\ResponseTrait.php(102): CodeIgniter\Debug\Exceptions->format(Array)
#3 C:\xampp\htdocs\codi\system\Debug\Exceptions.php(150): CodeIgniter\Debug\Exceptions->respond(Array, 500)
#4 [internal function]: CodeIgniter\Debug\Exceptions->exceptionHandler(Object(CodeIgniter\Format\Exceptions\FormatException))
#5 {main}
  thrown
【Previous Exception】
CodeIgniter\Format\Exceptions\FormatException
Failed to parse JSON string. Error: Malformed UTF-8 characters, possibly incorrectly encoded
#0 C:\xampp\htdocs\codi\system\Format\JSONFormatter.php(41): CodeIgniter\Format\Exceptions\FormatException::forInvalidJSON('Malformed UTF-8...')
#1 C:\xampp\htdocs\codi\system\HTTP\ResponseTrait.php(322): CodeIgniter\Format\JSONFormatter->format(Array)
#2 C:\xampp\htdocs\codi\system\HTTP\ResponseTrait.php(248): CodeIgniter\HTTP\Response->formatBody(Array, 'json')
#3 C:\xampp\htdocs\codi\app\Controllers\Api.php(204): CodeIgniter\HTTP\Response->setJSON(Array)
#4 C:\xampp\htdocs\codi\system\CodeIgniter.php(934): App\Controllers\Api->login_api()
#5 C:\xampp\htdocs\codi\system\CodeIgniter.php(499): CodeIgniter\CodeIgniter->runController(Object(App\Controllers\Api))
#6 C:\xampp\htdocs\codi\system\CodeIgniter.php(368): CodeIgniter\CodeIgniter->handleRequest(NULL, Object(Config\Cache), false)
#7 C:\xampp\htdocs\codi\public\index.php(67): CodeIgniter\CodeIgniter->run()
#8 {main}
in SYSTEMPATH\Format\JSONFormatter.php on line 41.
 1 [internal function]: CodeIgniter\Debug\Exceptions->shutdownHandler()
WARNING - 2024-10-14 14:29:42 --> [DEPRECATED] json_decode(): Passing null to parameter #1 ($json) of type string is deprecated in APPPATH\Controllers\Api.php on line 160.
 1 APPPATH\Controllers\Api.php(160): json_decode(null, true)
 2 SYSTEMPATH\CodeIgniter.php(934): App\Controllers\Api->login_api()
 3 SYSTEMPATH\CodeIgniter.php(499): CodeIgniter\CodeIgniter->runController(Object(App\Controllers\Api))
 4 SYSTEMPATH\CodeIgniter.php(368): CodeIgniter\CodeIgniter->handleRequest(null, Object(Config\Cache), false)
 5 FCPATH\index.php(67): CodeIgniter\CodeIgniter->run()
CRITICAL - 2024-10-14 14:29:42 --> Failed to parse JSON string. Error: Malformed UTF-8 characters, possibly incorrectly encoded
in SYSTEMPATH\Format\JSONFormatter.php on line 41.
 1 SYSTEMPATH\Format\JSONFormatter.php(41): CodeIgniter\Format\Exceptions\FormatException::forInvalidJSON('Malformed UTF-8 characters, possibly incorrectly encoded')
 2 SYSTEMPATH\HTTP\ResponseTrait.php(322): CodeIgniter\Format\JSONFormatter->format([...])
 3 SYSTEMPATH\HTTP\ResponseTrait.php(248): CodeIgniter\HTTP\Response->formatBody([...], 'json')
 4 APPPATH\Controllers\Api.php(204): CodeIgniter\HTTP\Response->setJSON([...])
 5 SYSTEMPATH\CodeIgniter.php(934): App\Controllers\Api->login_api()
 6 SYSTEMPATH\CodeIgniter.php(499): CodeIgniter\CodeIgniter->runController(Object(App\Controllers\Api))
 7 SYSTEMPATH\CodeIgniter.php(368): CodeIgniter\CodeIgniter->handleRequest(null, Object(Config\Cache), false)
 8 FCPATH\index.php(67): CodeIgniter\CodeIgniter->run()
CRITICAL - 2024-10-14 14:29:42 --> Uncaught CodeIgniter\Format\Exceptions\FormatException: Failed to parse JSON string. Error: Malformed UTF-8 characters, possibly incorrectly encoded in C:\xampp\htdocs\codi\system\Format\JSONFormatter.php:41
Stack trace:
#0 C:\xampp\htdocs\codi\system\Format\JSONFormatter.php(41): CodeIgniter\Format\Exceptions\FormatException::forInvalidJSON('Malformed UTF-8...')
#1 C:\xampp\htdocs\codi\system\API\ResponseTrait.php(349): CodeIgniter\Format\JSONFormatter->format(Array)
#2 C:\xampp\htdocs\codi\system\API\ResponseTrait.php(102): CodeIgniter\Debug\Exceptions->format(Array)
#3 C:\xampp\htdocs\codi\system\Debug\Exceptions.php(150): CodeIgniter\Debug\Exceptions->respond(Array, 500)
#4 [internal function]: CodeIgniter\Debug\Exceptions->exceptionHandler(Object(CodeIgniter\Format\Exceptions\FormatException))
#5 {main}
  thrown
【Previous Exception】
CodeIgniter\Format\Exceptions\FormatException
Failed to parse JSON string. Error: Malformed UTF-8 characters, possibly incorrectly encoded
#0 C:\xampp\htdocs\codi\system\Format\JSONFormatter.php(41): CodeIgniter\Format\Exceptions\FormatException::forInvalidJSON('Malformed UTF-8...')
#1 C:\xampp\htdocs\codi\system\HTTP\ResponseTrait.php(322): CodeIgniter\Format\JSONFormatter->format(Array)
#2 C:\xampp\htdocs\codi\system\HTTP\ResponseTrait.php(248): CodeIgniter\HTTP\Response->formatBody(Array, 'json')
#3 C:\xampp\htdocs\codi\app\Controllers\Api.php(204): CodeIgniter\HTTP\Response->setJSON(Array)
#4 C:\xampp\htdocs\codi\system\CodeIgniter.php(934): App\Controllers\Api->login_api()
#5 C:\xampp\htdocs\codi\system\CodeIgniter.php(499): CodeIgniter\CodeIgniter->runController(Object(App\Controllers\Api))
#6 C:\xampp\htdocs\codi\system\CodeIgniter.php(368): CodeIgniter\CodeIgniter->handleRequest(NULL, Object(Config\Cache), false)
#7 C:\xampp\htdocs\codi\public\index.php(67): CodeIgniter\CodeIgniter->run()
#8 {main}
in SYSTEMPATH\Format\JSONFormatter.php on line 41.
 1 [internal function]: CodeIgniter\Debug\Exceptions->shutdownHandler()
WARNING - 2024-10-14 14:30:00 --> [DEPRECATED] json_decode(): Passing null to parameter #1 ($json) of type string is deprecated in APPPATH\Controllers\Api.php on line 160.
 1 APPPATH\Controllers\Api.php(160): json_decode(null, true)
 2 SYSTEMPATH\CodeIgniter.php(934): App\Controllers\Api->login_api()
 3 SYSTEMPATH\CodeIgniter.php(499): CodeIgniter\CodeIgniter->runController(Object(App\Controllers\Api))
 4 SYSTEMPATH\CodeIgniter.php(368): CodeIgniter\CodeIgniter->handleRequest(null, Object(Config\Cache), false)
 5 FCPATH\index.php(67): CodeIgniter\CodeIgniter->run()
CRITICAL - 2024-10-14 14:30:00 --> Failed to parse JSON string. Error: Malformed UTF-8 characters, possibly incorrectly encoded
in SYSTEMPATH\Format\JSONFormatter.php on line 41.
 1 SYSTEMPATH\Format\JSONFormatter.php(41): CodeIgniter\Format\Exceptions\FormatException::forInvalidJSON('Malformed UTF-8 characters, possibly incorrectly encoded')
 2 SYSTEMPATH\HTTP\ResponseTrait.php(322): CodeIgniter\Format\JSONFormatter->format([...])
 3 SYSTEMPATH\HTTP\ResponseTrait.php(248): CodeIgniter\HTTP\Response->formatBody([...], 'json')
 4 APPPATH\Controllers\Api.php(204): CodeIgniter\HTTP\Response->setJSON([...])
 5 SYSTEMPATH\CodeIgniter.php(934): App\Controllers\Api->login_api()
 6 SYSTEMPATH\CodeIgniter.php(499): CodeIgniter\CodeIgniter->runController(Object(App\Controllers\Api))
 7 SYSTEMPATH\CodeIgniter.php(368): CodeIgniter\CodeIgniter->handleRequest(null, Object(Config\Cache), false)
 8 FCPATH\index.php(67): CodeIgniter\CodeIgniter->run()
WARNING - 2024-10-14 14:32:01 --> [DEPRECATED] json_decode(): Passing null to parameter #1 ($json) of type string is deprecated in APPPATH\Controllers\Api.php on line 159.
 1 APPPATH\Controllers\Api.php(159): json_decode(null, true)
 2 SYSTEMPATH\CodeIgniter.php(934): App\Controllers\Api->login_api()
 3 SYSTEMPATH\CodeIgniter.php(499): CodeIgniter\CodeIgniter->runController(Object(App\Controllers\Api))
 4 SYSTEMPATH\CodeIgniter.php(368): CodeIgniter\CodeIgniter->handleRequest(null, Object(Config\Cache), false)
 5 FCPATH\index.php(67): CodeIgniter\CodeIgniter->run()
WARNING - 2024-10-14 14:42:52 --> [DEPRECATED] json_decode(): Passing null to parameter #1 ($json) of type string is deprecated in APPPATH\Controllers\Api.php on line 159.
 1 APPPATH\Controllers\Api.php(159): json_decode(null, true)
 2 SYSTEMPATH\CodeIgniter.php(934): App\Controllers\Api->login_api()
 3 SYSTEMPATH\CodeIgniter.php(499): CodeIgniter\CodeIgniter->runController(Object(App\Controllers\Api))
 4 SYSTEMPATH\CodeIgniter.php(368): CodeIgniter\CodeIgniter->handleRequest(null, Object(Config\Cache), false)
 5 FCPATH\index.php(67): CodeIgniter\CodeIgniter->run()
CRITICAL - 2024-10-14 14:48:04 --> Undefined variable $ok
in APPPATH\Controllers\Api.php on line 209.
 1 APPPATH\Controllers\Api.php(209): CodeIgniter\Debug\Exceptions->errorHandler(2, 'Undefined variable $ok', 'C:\\xampp\\htdocs\\codi\\app\\Controllers\\Api.php', 209)
 2 SYSTEMPATH\CodeIgniter.php(934): App\Controllers\Api->login_api()
 3 SYSTEMPATH\CodeIgniter.php(499): CodeIgniter\CodeIgniter->runController(Object(App\Controllers\Api))
 4 SYSTEMPATH\CodeIgniter.php(368): CodeIgniter\CodeIgniter->handleRequest(null, Object(Config\Cache), false)
 5 FCPATH\index.php(67): CodeIgniter\CodeIgniter->run()
WARNING - 2024-10-14 14:48:13 --> [DEPRECATED] json_decode(): Passing null to parameter #1 ($json) of type string is deprecated in APPPATH\Controllers\Api.php on line 159.
 1 APPPATH\Controllers\Api.php(159): json_decode(null, true)
 2 SYSTEMPATH\CodeIgniter.php(934): App\Controllers\Api->login_api()
 3 SYSTEMPATH\CodeIgniter.php(499): CodeIgniter\CodeIgniter->runController(Object(App\Controllers\Api))
 4 SYSTEMPATH\CodeIgniter.php(368): CodeIgniter\CodeIgniter->handleRequest(null, Object(Config\Cache), false)
 5 FCPATH\index.php(67): CodeIgniter\CodeIgniter->run()
CRITICAL - 2024-10-14 14:48:13 --> Undefined variable $ok
in APPPATH\Controllers\Api.php on line 209.
 1 APPPATH\Controllers\Api.php(209): CodeIgniter\Debug\Exceptions->errorHandler(2, 'Undefined variable $ok', 'C:\\xampp\\htdocs\\codi\\app\\Controllers\\Api.php', 209)
 2 SYSTEMPATH\CodeIgniter.php(934): App\Controllers\Api->login_api()
 3 SYSTEMPATH\CodeIgniter.php(499): CodeIgniter\CodeIgniter->runController(Object(App\Controllers\Api))
 4 SYSTEMPATH\CodeIgniter.php(368): CodeIgniter\CodeIgniter->handleRequest(null, Object(Config\Cache), false)
 5 FCPATH\index.php(67): CodeIgniter\CodeIgniter->run()
WARNING - 2024-10-14 14:48:25 --> [DEPRECATED] json_decode(): Passing null to parameter #1 ($json) of type string is deprecated in APPPATH\Controllers\Api.php on line 159.
 1 APPPATH\Controllers\Api.php(159): json_decode(null, true)
 2 SYSTEMPATH\CodeIgniter.php(934): App\Controllers\Api->login_api()
 3 SYSTEMPATH\CodeIgniter.php(499): CodeIgniter\CodeIgniter->runController(Object(App\Controllers\Api))
 4 SYSTEMPATH\CodeIgniter.php(368): CodeIgniter\CodeIgniter->handleRequest(null, Object(Config\Cache), false)
 5 FCPATH\index.php(67): CodeIgniter\CodeIgniter->run()
