CRITICAL - 2024-08-22 17:39:22 --> in_array(): Argument #2 ($haystack) must be of type array, string given
in APPPATH\Controllers\ProcessosPost.php on line 53.
 1 APPPATH\Controllers\ProcessosPost.php(53): in_array('', '.dxf,.plt,.zip,.lll,.rrr,.teqw,')
 2 SYSTEMPATH\CodeIgniter.php(934): App\Controllers\ProcessosPost->processos_cadastrar()
 3 SYSTEMPATH\CodeIgniter.php(499): CodeIgniter\CodeIgniter->runController(Object(App\Controllers\ProcessosPost))
 4 SYSTEMPATH\CodeIgniter.php(368): CodeIgniter\CodeIgniter->handleRequest(null, Object(Config\Cache), false)
 5 FCPATH\index.php(67): CodeIgniter\CodeIgniter->run()
CRITICAL - 2024-08-22 18:18:42 --> Undefined array key "nome"
in APPPATH\Controllers\ProcessosPost.php on line 151.
 1 APPPATH\Controllers\ProcessosPost.php(151): CodeIgniter\Debug\Exceptions->errorHandler(2, 'Undefined array key "nome"', 'C:\\xampp\\htdocs\\codi\\app\\Controllers\\ProcessosPost.php', 151)
 2 SYSTEMPATH\CodeIgniter.php(934): App\Controllers\ProcessosPost->processos()
 3 SYSTEMPATH\CodeIgniter.php(499): CodeIgniter\CodeIgniter->runController(Object(App\Controllers\ProcessosPost))
 4 SYSTEMPATH\CodeIgniter.php(368): CodeIgniter\CodeIgniter->handleRequest(null, Object(Config\Cache), false)
 5 FCPATH\index.php(67): CodeIgniter\CodeIgniter->run()
CRITICAL - 2024-08-22 18:20:17 --> Cannot access offset of type string on string
in APPPATH\Controllers\ProcessosPost.php on line 157.
 1 SYSTEMPATH\CodeIgniter.php(934): App\Controllers\ProcessosPost->processos()
 2 SYSTEMPATH\CodeIgniter.php(499): CodeIgniter\CodeIgniter->runController(Object(App\Controllers\ProcessosPost))
 3 SYSTEMPATH\CodeIgniter.php(368): CodeIgniter\CodeIgniter->handleRequest(null, Object(Config\Cache), false)
 4 FCPATH\index.php(67): CodeIgniter\CodeIgniter->run()
WARNING - 2024-08-22 23:25:34 --> [DEPRECATED] str_replace(): Passing null to parameter #3 ($subject) of type array|string is deprecated in APPPATH\Controllers\Ferramentas.php on line 401.
 1 APPPATH\Controllers\Ferramentas.php(401): str_replace([...], [...], null)
 2 APPPATH\Controllers\EmpreendimentoPost.php(352): App\Controllers\Ferramentas::codificador(null)
 3 SYSTEMPATH\CodeIgniter.php(934): App\Controllers\EmpreendimentoPost->empreendimento_lista()
 4 SYSTEMPATH\CodeIgniter.php(499): CodeIgniter\CodeIgniter->runController(Object(App\Controllers\EmpreendimentoPost))
 5 SYSTEMPATH\CodeIgniter.php(368): CodeIgniter\CodeIgniter->handleRequest(null, Object(Config\Cache), false)
 6 FCPATH\index.php(67): CodeIgniter\CodeIgniter->run()
CRITICAL - 2024-08-22 23:37:18 --> Undefined array key "lista"
in APPPATH\Controllers\AddDesenhoPost.php on line 403.
 1 APPPATH\Controllers\AddDesenhoPost.php(403): CodeIgniter\Debug\Exceptions->errorHandler(2, 'Undefined array key "lista"', 'C:\\xampp\\htdocs\\codi\\app\\Controllers\\AddDesenhoPost.php', 403)
 2 SYSTEMPATH\CodeIgniter.php(934): App\Controllers\AddDesenhoPost->desenho_adicionar_modal()
 3 SYSTEMPATH\CodeIgniter.php(499): CodeIgniter\CodeIgniter->runController(Object(App\Controllers\AddDesenhoPost))
 4 SYSTEMPATH\CodeIgniter.php(368): CodeIgniter\CodeIgniter->handleRequest(null, Object(Config\Cache), false)
 5 FCPATH\index.php(67): CodeIgniter\CodeIgniter->run()
WARNING - 2024-08-22 23:38:38 --> [DEPRECATED] str_replace(): Passing null to parameter #3 ($subject) of type array|string is deprecated in APPPATH\Controllers\Ferramentas.php on line 401.
 1 APPPATH\Controllers\Ferramentas.php(401): str_replace([...], [...], null)
 2 APPPATH\Controllers\EmpreendimentoPost.php(352): App\Controllers\Ferramentas::codificador(null)
 3 SYSTEMPATH\CodeIgniter.php(934): App\Controllers\EmpreendimentoPost->empreendimento_lista()
 4 SYSTEMPATH\CodeIgniter.php(499): CodeIgniter\CodeIgniter->runController(Object(App\Controllers\EmpreendimentoPost))
 5 SYSTEMPATH\CodeIgniter.php(368): CodeIgniter\CodeIgniter->handleRequest(null, Object(Config\Cache), false)
 6 FCPATH\index.php(67): CodeIgniter\CodeIgniter->run()
WARNING - 2024-08-22 23:38:55 --> [DEPRECATED] str_replace(): Passing null to parameter #3 ($subject) of type array|string is deprecated in APPPATH\Controllers\Ferramentas.php on line 401.
 1 APPPATH\Controllers\Ferramentas.php(401): str_replace([...], [...], null)
 2 APPPATH\Controllers\EmpreendimentoPost.php(352): App\Controllers\Ferramentas::codificador(null)
 3 SYSTEMPATH\CodeIgniter.php(934): App\Controllers\EmpreendimentoPost->empreendimento_lista()
 4 SYSTEMPATH\CodeIgniter.php(499): CodeIgniter\CodeIgniter->runController(Object(App\Controllers\EmpreendimentoPost))
 5 SYSTEMPATH\CodeIgniter.php(368): CodeIgniter\CodeIgniter->handleRequest(null, Object(Config\Cache), false)
 6 FCPATH\index.php(67): CodeIgniter\CodeIgniter->run()
WARNING - 2024-08-22 23:39:10 --> [DEPRECATED] str_replace(): Passing null to parameter #3 ($subject) of type array|string is deprecated in APPPATH\Controllers\Ferramentas.php on line 401.
 1 APPPATH\Controllers\Ferramentas.php(401): str_replace([...], [...], null)
 2 APPPATH\Controllers\EmpreendimentoPost.php(352): App\Controllers\Ferramentas::codificador(null)
 3 SYSTEMPATH\CodeIgniter.php(934): App\Controllers\EmpreendimentoPost->empreendimento_lista()
 4 SYSTEMPATH\CodeIgniter.php(499): CodeIgniter\CodeIgniter->runController(Object(App\Controllers\EmpreendimentoPost))
 5 SYSTEMPATH\CodeIgniter.php(368): CodeIgniter\CodeIgniter->handleRequest(null, Object(Config\Cache), false)
 6 FCPATH\index.php(67): CodeIgniter\CodeIgniter->run()
WARNING - 2024-08-22 23:39:49 --> [DEPRECATED] str_replace(): Passing null to parameter #3 ($subject) of type array|string is deprecated in APPPATH\Controllers\Ferramentas.php on line 401.
 1 APPPATH\Controllers\Ferramentas.php(401): str_replace([...], [...], null)
 2 APPPATH\Controllers\EmpreendimentoPost.php(352): App\Controllers\Ferramentas::codificador(null)
 3 SYSTEMPATH\CodeIgniter.php(934): App\Controllers\EmpreendimentoPost->empreendimento_lista()
 4 SYSTEMPATH\CodeIgniter.php(499): CodeIgniter\CodeIgniter->runController(Object(App\Controllers\EmpreendimentoPost))
 5 SYSTEMPATH\CodeIgniter.php(368): CodeIgniter\CodeIgniter->handleRequest(null, Object(Config\Cache), false)
 6 FCPATH\index.php(67): CodeIgniter\CodeIgniter->run()
WARNING - 2024-08-22 23:40:13 --> [DEPRECATED] str_replace(): Passing null to parameter #3 ($subject) of type array|string is deprecated in APPPATH\Controllers\Ferramentas.php on line 401.
 1 APPPATH\Controllers\Ferramentas.php(401): str_replace([...], [...], null)
 2 APPPATH\Controllers\EmpreendimentoPost.php(352): App\Controllers\Ferramentas::codificador(null)
 3 SYSTEMPATH\CodeIgniter.php(934): App\Controllers\EmpreendimentoPost->empreendimento_lista()
 4 SYSTEMPATH\CodeIgniter.php(499): CodeIgniter\CodeIgniter->runController(Object(App\Controllers\EmpreendimentoPost))
 5 SYSTEMPATH\CodeIgniter.php(368): CodeIgniter\CodeIgniter->handleRequest(null, Object(Config\Cache), false)
 6 FCPATH\index.php(67): CodeIgniter\CodeIgniter->run()
WARNING - 2024-08-22 23:40:32 --> [DEPRECATED] str_replace(): Passing null to parameter #3 ($subject) of type array|string is deprecated in APPPATH\Controllers\Ferramentas.php on line 401.
 1 APPPATH\Controllers\Ferramentas.php(401): str_replace([...], [...], null)
 2 APPPATH\Controllers\EmpreendimentoPost.php(352): App\Controllers\Ferramentas::codificador(null)
 3 SYSTEMPATH\CodeIgniter.php(934): App\Controllers\EmpreendimentoPost->empreendimento_lista()
 4 SYSTEMPATH\CodeIgniter.php(499): CodeIgniter\CodeIgniter->runController(Object(App\Controllers\EmpreendimentoPost))
 5 SYSTEMPATH\CodeIgniter.php(368): CodeIgniter\CodeIgniter->handleRequest(null, Object(Config\Cache), false)
 6 FCPATH\index.php(67): CodeIgniter\CodeIgniter->run()
CRITICAL - 2024-08-22 23:41:49 --> Undefined variable $key
in APPPATH\Controllers\AddDesenhoPost.php on line 413.
 1 APPPATH\Controllers\AddDesenhoPost.php(413): CodeIgniter\Debug\Exceptions->errorHandler(2, 'Undefined variable $key', 'C:\\xampp\\htdocs\\codi\\app\\Controllers\\AddDesenhoPost.php', 413)
 2 SYSTEMPATH\CodeIgniter.php(934): App\Controllers\AddDesenhoPost->desenho_adicionar_modal()
 3 SYSTEMPATH\CodeIgniter.php(499): CodeIgniter\CodeIgniter->runController(Object(App\Controllers\AddDesenhoPost))
 4 SYSTEMPATH\CodeIgniter.php(368): CodeIgniter\CodeIgniter->handleRequest(null, Object(Config\Cache), false)
 5 FCPATH\index.php(67): CodeIgniter\CodeIgniter->run()
WARNING - 2024-08-22 23:42:51 --> [DEPRECATED] str_replace(): Passing null to parameter #3 ($subject) of type array|string is deprecated in APPPATH\Controllers\AddDesenhoPost.php on line 417.
 1 APPPATH\Controllers\AddDesenhoPost.php(417): str_replace('.', '', null)
 2 SYSTEMPATH\CodeIgniter.php(934): App\Controllers\AddDesenhoPost->desenho_adicionar_modal()
 3 SYSTEMPATH\CodeIgniter.php(499): CodeIgniter\CodeIgniter->runController(Object(App\Controllers\AddDesenhoPost))
 4 SYSTEMPATH\CodeIgniter.php(368): CodeIgniter\CodeIgniter->handleRequest(null, Object(Config\Cache), false)
 5 FCPATH\index.php(67): CodeIgniter\CodeIgniter->run()
WARNING - 2024-08-22 23:42:51 --> [DEPRECATED] str_replace(): Passing null to parameter #3 ($subject) of type array|string is deprecated in APPPATH\Controllers\AddDesenhoPost.php on line 443.
 1 APPPATH\Controllers\AddDesenhoPost.php(443): str_replace('.', '', null)
 2 SYSTEMPATH\CodeIgniter.php(934): App\Controllers\AddDesenhoPost->desenho_adicionar_modal()
 3 SYSTEMPATH\CodeIgniter.php(499): CodeIgniter\CodeIgniter->runController(Object(App\Controllers\AddDesenhoPost))
 4 SYSTEMPATH\CodeIgniter.php(368): CodeIgniter\CodeIgniter->handleRequest(null, Object(Config\Cache), false)
 5 FCPATH\index.php(67): CodeIgniter\CodeIgniter->run()
WARNING - 2024-08-22 23:42:51 --> [DEPRECATED] str_replace(): Passing null to parameter #3 ($subject) of type array|string is deprecated in APPPATH\Controllers\Ferramentas.php on line 401.
 1 APPPATH\Controllers\Ferramentas.php(401): str_replace([...], [...], null)
 2 APPPATH\Controllers\EmpreendimentoPost.php(352): App\Controllers\Ferramentas::codificador(null)
 3 SYSTEMPATH\CodeIgniter.php(934): App\Controllers\EmpreendimentoPost->empreendimento_lista()
 4 SYSTEMPATH\CodeIgniter.php(499): CodeIgniter\CodeIgniter->runController(Object(App\Controllers\EmpreendimentoPost))
 5 SYSTEMPATH\CodeIgniter.php(368): CodeIgniter\CodeIgniter->handleRequest(null, Object(Config\Cache), false)
 6 FCPATH\index.php(67): CodeIgniter\CodeIgniter->run()
WARNING - 2024-08-22 23:43:21 --> [DEPRECATED] str_replace(): Passing null to parameter #3 ($subject) of type array|string is deprecated in APPPATH\Controllers\AddDesenhoPost.php on line 417.
 1 APPPATH\Controllers\AddDesenhoPost.php(417): str_replace('.', '', null)
 2 SYSTEMPATH\CodeIgniter.php(934): App\Controllers\AddDesenhoPost->desenho_adicionar_modal()
 3 SYSTEMPATH\CodeIgniter.php(499): CodeIgniter\CodeIgniter->runController(Object(App\Controllers\AddDesenhoPost))
 4 SYSTEMPATH\CodeIgniter.php(368): CodeIgniter\CodeIgniter->handleRequest(null, Object(Config\Cache), false)
 5 FCPATH\index.php(67): CodeIgniter\CodeIgniter->run()
WARNING - 2024-08-22 23:43:21 --> [DEPRECATED] str_replace(): Passing null to parameter #3 ($subject) of type array|string is deprecated in APPPATH\Controllers\AddDesenhoPost.php on line 443.
 1 APPPATH\Controllers\AddDesenhoPost.php(443): str_replace('.', '', null)
 2 SYSTEMPATH\CodeIgniter.php(934): App\Controllers\AddDesenhoPost->desenho_adicionar_modal()
 3 SYSTEMPATH\CodeIgniter.php(499): CodeIgniter\CodeIgniter->runController(Object(App\Controllers\AddDesenhoPost))
 4 SYSTEMPATH\CodeIgniter.php(368): CodeIgniter\CodeIgniter->handleRequest(null, Object(Config\Cache), false)
 5 FCPATH\index.php(67): CodeIgniter\CodeIgniter->run()
WARNING - 2024-08-22 23:43:22 --> [DEPRECATED] str_replace(): Passing null to parameter #3 ($subject) of type array|string is deprecated in APPPATH\Controllers\Ferramentas.php on line 401.
 1 APPPATH\Controllers\Ferramentas.php(401): str_replace([...], [...], null)
 2 APPPATH\Controllers\EmpreendimentoPost.php(352): App\Controllers\Ferramentas::codificador(null)
 3 SYSTEMPATH\CodeIgniter.php(934): App\Controllers\EmpreendimentoPost->empreendimento_lista()
 4 SYSTEMPATH\CodeIgniter.php(499): CodeIgniter\CodeIgniter->runController(Object(App\Controllers\EmpreendimentoPost))
 5 SYSTEMPATH\CodeIgniter.php(368): CodeIgniter\CodeIgniter->handleRequest(null, Object(Config\Cache), false)
 6 FCPATH\index.php(67): CodeIgniter\CodeIgniter->run()
WARNING - 2024-08-22 23:44:50 --> [DEPRECATED] str_replace(): Passing null to parameter #3 ($subject) of type array|string is deprecated in APPPATH\Controllers\AddDesenhoPost.php on line 417.
 1 APPPATH\Controllers\AddDesenhoPost.php(417): str_replace('.', '', null)
 2 SYSTEMPATH\CodeIgniter.php(934): App\Controllers\AddDesenhoPost->desenho_adicionar_modal()
 3 SYSTEMPATH\CodeIgniter.php(499): CodeIgniter\CodeIgniter->runController(Object(App\Controllers\AddDesenhoPost))
 4 SYSTEMPATH\CodeIgniter.php(368): CodeIgniter\CodeIgniter->handleRequest(null, Object(Config\Cache), false)
 5 FCPATH\index.php(67): CodeIgniter\CodeIgniter->run()
WARNING - 2024-08-22 23:44:50 --> [DEPRECATED] str_replace(): Passing null to parameter #3 ($subject) of type array|string is deprecated in APPPATH\Controllers\AddDesenhoPost.php on line 443.
 1 APPPATH\Controllers\AddDesenhoPost.php(443): str_replace('.', '', null)
 2 SYSTEMPATH\CodeIgniter.php(934): App\Controllers\AddDesenhoPost->desenho_adicionar_modal()
 3 SYSTEMPATH\CodeIgniter.php(499): CodeIgniter\CodeIgniter->runController(Object(App\Controllers\AddDesenhoPost))
 4 SYSTEMPATH\CodeIgniter.php(368): CodeIgniter\CodeIgniter->handleRequest(null, Object(Config\Cache), false)
 5 FCPATH\index.php(67): CodeIgniter\CodeIgniter->run()
WARNING - 2024-08-22 23:44:50 --> [DEPRECATED] str_replace(): Passing null to parameter #3 ($subject) of type array|string is deprecated in APPPATH\Controllers\Ferramentas.php on line 401.
 1 APPPATH\Controllers\Ferramentas.php(401): str_replace([...], [...], null)
 2 APPPATH\Controllers\EmpreendimentoPost.php(352): App\Controllers\Ferramentas::codificador(null)
 3 SYSTEMPATH\CodeIgniter.php(934): App\Controllers\EmpreendimentoPost->empreendimento_lista()
 4 SYSTEMPATH\CodeIgniter.php(499): CodeIgniter\CodeIgniter->runController(Object(App\Controllers\EmpreendimentoPost))
 5 SYSTEMPATH\CodeIgniter.php(368): CodeIgniter\CodeIgniter->handleRequest(null, Object(Config\Cache), false)
 6 FCPATH\index.php(67): CodeIgniter\CodeIgniter->run()
WARNING - 2024-08-22 23:45:39 --> [DEPRECATED] str_replace(): Passing null to parameter #3 ($subject) of type array|string is deprecated in APPPATH\Controllers\AddDesenhoPost.php on line 417.
 1 APPPATH\Controllers\AddDesenhoPost.php(417): str_replace('.', '', null)
 2 SYSTEMPATH\CodeIgniter.php(934): App\Controllers\AddDesenhoPost->desenho_adicionar_modal()
 3 SYSTEMPATH\CodeIgniter.php(499): CodeIgniter\CodeIgniter->runController(Object(App\Controllers\AddDesenhoPost))
 4 SYSTEMPATH\CodeIgniter.php(368): CodeIgniter\CodeIgniter->handleRequest(null, Object(Config\Cache), false)
 5 FCPATH\index.php(67): CodeIgniter\CodeIgniter->run()
WARNING - 2024-08-22 23:45:39 --> [DEPRECATED] str_replace(): Passing null to parameter #3 ($subject) of type array|string is deprecated in APPPATH\Controllers\AddDesenhoPost.php on line 443.
 1 APPPATH\Controllers\AddDesenhoPost.php(443): str_replace('.', '', null)
 2 SYSTEMPATH\CodeIgniter.php(934): App\Controllers\AddDesenhoPost->desenho_adicionar_modal()
 3 SYSTEMPATH\CodeIgniter.php(499): CodeIgniter\CodeIgniter->runController(Object(App\Controllers\AddDesenhoPost))
 4 SYSTEMPATH\CodeIgniter.php(368): CodeIgniter\CodeIgniter->handleRequest(null, Object(Config\Cache), false)
 5 FCPATH\index.php(67): CodeIgniter\CodeIgniter->run()
WARNING - 2024-08-22 23:45:40 --> [DEPRECATED] str_replace(): Passing null to parameter #3 ($subject) of type array|string is deprecated in APPPATH\Controllers\Ferramentas.php on line 401.
 1 APPPATH\Controllers\Ferramentas.php(401): str_replace([...], [...], null)
 2 APPPATH\Controllers\EmpreendimentoPost.php(352): App\Controllers\Ferramentas::codificador(null)
 3 SYSTEMPATH\CodeIgniter.php(934): App\Controllers\EmpreendimentoPost->empreendimento_lista()
 4 SYSTEMPATH\CodeIgniter.php(499): CodeIgniter\CodeIgniter->runController(Object(App\Controllers\EmpreendimentoPost))
 5 SYSTEMPATH\CodeIgniter.php(368): CodeIgniter\CodeIgniter->handleRequest(null, Object(Config\Cache), false)
 6 FCPATH\index.php(67): CodeIgniter\CodeIgniter->run()
WARNING - 2024-08-22 23:46:14 --> [DEPRECATED] str_replace(): Passing null to parameter #3 ($subject) of type array|string is deprecated in APPPATH\Controllers\AddDesenhoPost.php on line 417.
 1 APPPATH\Controllers\AddDesenhoPost.php(417): str_replace('.', '', null)
 2 SYSTEMPATH\CodeIgniter.php(934): App\Controllers\AddDesenhoPost->desenho_adicionar_modal()
 3 SYSTEMPATH\CodeIgniter.php(499): CodeIgniter\CodeIgniter->runController(Object(App\Controllers\AddDesenhoPost))
 4 SYSTEMPATH\CodeIgniter.php(368): CodeIgniter\CodeIgniter->handleRequest(null, Object(Config\Cache), false)
 5 FCPATH\index.php(67): CodeIgniter\CodeIgniter->run()
WARNING - 2024-08-22 23:46:14 --> [DEPRECATED] str_replace(): Passing null to parameter #3 ($subject) of type array|string is deprecated in APPPATH\Controllers\AddDesenhoPost.php on line 443.
 1 APPPATH\Controllers\AddDesenhoPost.php(443): str_replace('.', '', null)
 2 SYSTEMPATH\CodeIgniter.php(934): App\Controllers\AddDesenhoPost->desenho_adicionar_modal()
 3 SYSTEMPATH\CodeIgniter.php(499): CodeIgniter\CodeIgniter->runController(Object(App\Controllers\AddDesenhoPost))
 4 SYSTEMPATH\CodeIgniter.php(368): CodeIgniter\CodeIgniter->handleRequest(null, Object(Config\Cache), false)
 5 FCPATH\index.php(67): CodeIgniter\CodeIgniter->run()
WARNING - 2024-08-22 23:46:14 --> [DEPRECATED] str_replace(): Passing null to parameter #3 ($subject) of type array|string is deprecated in APPPATH\Controllers\Ferramentas.php on line 401.
 1 APPPATH\Controllers\Ferramentas.php(401): str_replace([...], [...], null)
 2 APPPATH\Controllers\EmpreendimentoPost.php(352): App\Controllers\Ferramentas::codificador(null)
 3 SYSTEMPATH\CodeIgniter.php(934): App\Controllers\EmpreendimentoPost->empreendimento_lista()
 4 SYSTEMPATH\CodeIgniter.php(499): CodeIgniter\CodeIgniter->runController(Object(App\Controllers\EmpreendimentoPost))
 5 SYSTEMPATH\CodeIgniter.php(368): CodeIgniter\CodeIgniter->handleRequest(null, Object(Config\Cache), false)
 6 FCPATH\index.php(67): CodeIgniter\CodeIgniter->run()
WARNING - 2024-08-22 23:46:43 --> [DEPRECATED] str_replace(): Passing null to parameter #3 ($subject) of type array|string is deprecated in APPPATH\Controllers\AddDesenhoPost.php on line 417.
 1 APPPATH\Controllers\AddDesenhoPost.php(417): str_replace('.', '', null)
 2 SYSTEMPATH\CodeIgniter.php(934): App\Controllers\AddDesenhoPost->desenho_adicionar_modal()
 3 SYSTEMPATH\CodeIgniter.php(499): CodeIgniter\CodeIgniter->runController(Object(App\Controllers\AddDesenhoPost))
 4 SYSTEMPATH\CodeIgniter.php(368): CodeIgniter\CodeIgniter->handleRequest(null, Object(Config\Cache), false)
 5 FCPATH\index.php(67): CodeIgniter\CodeIgniter->run()
WARNING - 2024-08-22 23:46:43 --> [DEPRECATED] str_replace(): Passing null to parameter #3 ($subject) of type array|string is deprecated in APPPATH\Controllers\AddDesenhoPost.php on line 443.
 1 APPPATH\Controllers\AddDesenhoPost.php(443): str_replace('.', '', null)
 2 SYSTEMPATH\CodeIgniter.php(934): App\Controllers\AddDesenhoPost->desenho_adicionar_modal()
 3 SYSTEMPATH\CodeIgniter.php(499): CodeIgniter\CodeIgniter->runController(Object(App\Controllers\AddDesenhoPost))
 4 SYSTEMPATH\CodeIgniter.php(368): CodeIgniter\CodeIgniter->handleRequest(null, Object(Config\Cache), false)
 5 FCPATH\index.php(67): CodeIgniter\CodeIgniter->run()
WARNING - 2024-08-22 23:46:43 --> [DEPRECATED] str_replace(): Passing null to parameter #3 ($subject) of type array|string is deprecated in APPPATH\Controllers\Ferramentas.php on line 401.
 1 APPPATH\Controllers\Ferramentas.php(401): str_replace([...], [...], null)
 2 APPPATH\Controllers\EmpreendimentoPost.php(352): App\Controllers\Ferramentas::codificador(null)
 3 SYSTEMPATH\CodeIgniter.php(934): App\Controllers\EmpreendimentoPost->empreendimento_lista()
 4 SYSTEMPATH\CodeIgniter.php(499): CodeIgniter\CodeIgniter->runController(Object(App\Controllers\EmpreendimentoPost))
 5 SYSTEMPATH\CodeIgniter.php(368): CodeIgniter\CodeIgniter->handleRequest(null, Object(Config\Cache), false)
 6 FCPATH\index.php(67): CodeIgniter\CodeIgniter->run()
WARNING - 2024-08-22 23:47:02 --> [DEPRECATED] str_replace(): Passing null to parameter #3 ($subject) of type array|string is deprecated in APPPATH\Controllers\AddDesenhoPost.php on line 417.
 1 APPPATH\Controllers\AddDesenhoPost.php(417): str_replace('.', '', null)
 2 SYSTEMPATH\CodeIgniter.php(934): App\Controllers\AddDesenhoPost->desenho_adicionar_modal()
 3 SYSTEMPATH\CodeIgniter.php(499): CodeIgniter\CodeIgniter->runController(Object(App\Controllers\AddDesenhoPost))
 4 SYSTEMPATH\CodeIgniter.php(368): CodeIgniter\CodeIgniter->handleRequest(null, Object(Config\Cache), false)
 5 FCPATH\index.php(67): CodeIgniter\CodeIgniter->run()
WARNING - 2024-08-22 23:47:02 --> [DEPRECATED] str_replace(): Passing null to parameter #3 ($subject) of type array|string is deprecated in APPPATH\Controllers\AddDesenhoPost.php on line 443.
 1 APPPATH\Controllers\AddDesenhoPost.php(443): str_replace('.', '', null)
 2 SYSTEMPATH\CodeIgniter.php(934): App\Controllers\AddDesenhoPost->desenho_adicionar_modal()
 3 SYSTEMPATH\CodeIgniter.php(499): CodeIgniter\CodeIgniter->runController(Object(App\Controllers\AddDesenhoPost))
 4 SYSTEMPATH\CodeIgniter.php(368): CodeIgniter\CodeIgniter->handleRequest(null, Object(Config\Cache), false)
 5 FCPATH\index.php(67): CodeIgniter\CodeIgniter->run()
WARNING - 2024-08-22 23:47:02 --> [DEPRECATED] str_replace(): Passing null to parameter #3 ($subject) of type array|string is deprecated in APPPATH\Controllers\Ferramentas.php on line 401.
 1 APPPATH\Controllers\Ferramentas.php(401): str_replace([...], [...], null)
 2 APPPATH\Controllers\EmpreendimentoPost.php(352): App\Controllers\Ferramentas::codificador(null)
 3 SYSTEMPATH\CodeIgniter.php(934): App\Controllers\EmpreendimentoPost->empreendimento_lista()
 4 SYSTEMPATH\CodeIgniter.php(499): CodeIgniter\CodeIgniter->runController(Object(App\Controllers\EmpreendimentoPost))
 5 SYSTEMPATH\CodeIgniter.php(368): CodeIgniter\CodeIgniter->handleRequest(null, Object(Config\Cache), false)
 6 FCPATH\index.php(67): CodeIgniter\CodeIgniter->run()
WARNING - 2024-08-22 23:47:17 --> [DEPRECATED] str_replace(): Passing null to parameter #3 ($subject) of type array|string is deprecated in APPPATH\Controllers\AddDesenhoPost.php on line 417.
 1 APPPATH\Controllers\AddDesenhoPost.php(417): str_replace('.', '', null)
 2 SYSTEMPATH\CodeIgniter.php(934): App\Controllers\AddDesenhoPost->desenho_adicionar_modal()
 3 SYSTEMPATH\CodeIgniter.php(499): CodeIgniter\CodeIgniter->runController(Object(App\Controllers\AddDesenhoPost))
 4 SYSTEMPATH\CodeIgniter.php(368): CodeIgniter\CodeIgniter->handleRequest(null, Object(Config\Cache), false)
 5 FCPATH\index.php(67): CodeIgniter\CodeIgniter->run()
WARNING - 2024-08-22 23:47:17 --> [DEPRECATED] str_replace(): Passing null to parameter #3 ($subject) of type array|string is deprecated in APPPATH\Controllers\AddDesenhoPost.php on line 443.
 1 APPPATH\Controllers\AddDesenhoPost.php(443): str_replace('.', '', null)
 2 SYSTEMPATH\CodeIgniter.php(934): App\Controllers\AddDesenhoPost->desenho_adicionar_modal()
 3 SYSTEMPATH\CodeIgniter.php(499): CodeIgniter\CodeIgniter->runController(Object(App\Controllers\AddDesenhoPost))
 4 SYSTEMPATH\CodeIgniter.php(368): CodeIgniter\CodeIgniter->handleRequest(null, Object(Config\Cache), false)
 5 FCPATH\index.php(67): CodeIgniter\CodeIgniter->run()
WARNING - 2024-08-22 23:47:18 --> [DEPRECATED] str_replace(): Passing null to parameter #3 ($subject) of type array|string is deprecated in APPPATH\Controllers\Ferramentas.php on line 401.
 1 APPPATH\Controllers\Ferramentas.php(401): str_replace([...], [...], null)
 2 APPPATH\Controllers\EmpreendimentoPost.php(352): App\Controllers\Ferramentas::codificador(null)
 3 SYSTEMPATH\CodeIgniter.php(934): App\Controllers\EmpreendimentoPost->empreendimento_lista()
 4 SYSTEMPATH\CodeIgniter.php(499): CodeIgniter\CodeIgniter->runController(Object(App\Controllers\EmpreendimentoPost))
 5 SYSTEMPATH\CodeIgniter.php(368): CodeIgniter\CodeIgniter->handleRequest(null, Object(Config\Cache), false)
 6 FCPATH\index.php(67): CodeIgniter\CodeIgniter->run()
WARNING - 2024-08-22 23:48:08 --> [DEPRECATED] str_replace(): Passing null to parameter #3 ($subject) of type array|string is deprecated in APPPATH\Controllers\AddDesenhoPost.php on line 417.
 1 APPPATH\Controllers\AddDesenhoPost.php(417): str_replace('.', '', null)
 2 SYSTEMPATH\CodeIgniter.php(934): App\Controllers\AddDesenhoPost->desenho_adicionar_modal()
 3 SYSTEMPATH\CodeIgniter.php(499): CodeIgniter\CodeIgniter->runController(Object(App\Controllers\AddDesenhoPost))
 4 SYSTEMPATH\CodeIgniter.php(368): CodeIgniter\CodeIgniter->handleRequest(null, Object(Config\Cache), false)
 5 FCPATH\index.php(67): CodeIgniter\CodeIgniter->run()
WARNING - 2024-08-22 23:48:08 --> [DEPRECATED] str_replace(): Passing null to parameter #3 ($subject) of type array|string is deprecated in APPPATH\Controllers\AddDesenhoPost.php on line 443.
 1 APPPATH\Controllers\AddDesenhoPost.php(443): str_replace('.', '', null)
 2 SYSTEMPATH\CodeIgniter.php(934): App\Controllers\AddDesenhoPost->desenho_adicionar_modal()
 3 SYSTEMPATH\CodeIgniter.php(499): CodeIgniter\CodeIgniter->runController(Object(App\Controllers\AddDesenhoPost))
 4 SYSTEMPATH\CodeIgniter.php(368): CodeIgniter\CodeIgniter->handleRequest(null, Object(Config\Cache), false)
 5 FCPATH\index.php(67): CodeIgniter\CodeIgniter->run()
WARNING - 2024-08-22 23:48:09 --> [DEPRECATED] str_replace(): Passing null to parameter #3 ($subject) of type array|string is deprecated in APPPATH\Controllers\Ferramentas.php on line 401.
 1 APPPATH\Controllers\Ferramentas.php(401): str_replace([...], [...], null)
 2 APPPATH\Controllers\EmpreendimentoPost.php(352): App\Controllers\Ferramentas::codificador(null)
 3 SYSTEMPATH\CodeIgniter.php(934): App\Controllers\EmpreendimentoPost->empreendimento_lista()
 4 SYSTEMPATH\CodeIgniter.php(499): CodeIgniter\CodeIgniter->runController(Object(App\Controllers\EmpreendimentoPost))
 5 SYSTEMPATH\CodeIgniter.php(368): CodeIgniter\CodeIgniter->handleRequest(null, Object(Config\Cache), false)
 6 FCPATH\index.php(67): CodeIgniter\CodeIgniter->run()
WARNING - 2024-08-22 23:49:56 --> [DEPRECATED] str_replace(): Passing null to parameter #3 ($subject) of type array|string is deprecated in APPPATH\Controllers\AddDesenhoPost.php on line 417.
 1 APPPATH\Controllers\AddDesenhoPost.php(417): str_replace('.', '', null)
 2 SYSTEMPATH\CodeIgniter.php(934): App\Controllers\AddDesenhoPost->desenho_adicionar_modal()
 3 SYSTEMPATH\CodeIgniter.php(499): CodeIgniter\CodeIgniter->runController(Object(App\Controllers\AddDesenhoPost))
 4 SYSTEMPATH\CodeIgniter.php(368): CodeIgniter\CodeIgniter->handleRequest(null, Object(Config\Cache), false)
 5 FCPATH\index.php(67): CodeIgniter\CodeIgniter->run()
WARNING - 2024-08-22 23:49:56 --> [DEPRECATED] str_replace(): Passing null to parameter #3 ($subject) of type array|string is deprecated in APPPATH\Controllers\AddDesenhoPost.php on line 443.
 1 APPPATH\Controllers\AddDesenhoPost.php(443): str_replace('.', '', null)
 2 SYSTEMPATH\CodeIgniter.php(934): App\Controllers\AddDesenhoPost->desenho_adicionar_modal()
 3 SYSTEMPATH\CodeIgniter.php(499): CodeIgniter\CodeIgniter->runController(Object(App\Controllers\AddDesenhoPost))
 4 SYSTEMPATH\CodeIgniter.php(368): CodeIgniter\CodeIgniter->handleRequest(null, Object(Config\Cache), false)
 5 FCPATH\index.php(67): CodeIgniter\CodeIgniter->run()
WARNING - 2024-08-22 23:49:56 --> [DEPRECATED] str_replace(): Passing null to parameter #3 ($subject) of type array|string is deprecated in APPPATH\Controllers\Ferramentas.php on line 401.
 1 APPPATH\Controllers\Ferramentas.php(401): str_replace([...], [...], null)
 2 APPPATH\Controllers\EmpreendimentoPost.php(352): App\Controllers\Ferramentas::codificador(null)
 3 SYSTEMPATH\CodeIgniter.php(934): App\Controllers\EmpreendimentoPost->empreendimento_lista()
 4 SYSTEMPATH\CodeIgniter.php(499): CodeIgniter\CodeIgniter->runController(Object(App\Controllers\EmpreendimentoPost))
 5 SYSTEMPATH\CodeIgniter.php(368): CodeIgniter\CodeIgniter->handleRequest(null, Object(Config\Cache), false)
 6 FCPATH\index.php(67): CodeIgniter\CodeIgniter->run()
WARNING - 2024-08-22 23:50:27 --> [DEPRECATED] str_replace(): Passing null to parameter #3 ($subject) of type array|string is deprecated in APPPATH\Controllers\AddDesenhoPost.php on line 417.
 1 APPPATH\Controllers\AddDesenhoPost.php(417): str_replace('.', '', null)
 2 SYSTEMPATH\CodeIgniter.php(934): App\Controllers\AddDesenhoPost->desenho_adicionar_modal()
 3 SYSTEMPATH\CodeIgniter.php(499): CodeIgniter\CodeIgniter->runController(Object(App\Controllers\AddDesenhoPost))
 4 SYSTEMPATH\CodeIgniter.php(368): CodeIgniter\CodeIgniter->handleRequest(null, Object(Config\Cache), false)
 5 FCPATH\index.php(67): CodeIgniter\CodeIgniter->run()
WARNING - 2024-08-22 23:50:27 --> [DEPRECATED] str_replace(): Passing null to parameter #3 ($subject) of type array|string is deprecated in APPPATH\Controllers\AddDesenhoPost.php on line 443.
 1 APPPATH\Controllers\AddDesenhoPost.php(443): str_replace('.', '', null)
 2 SYSTEMPATH\CodeIgniter.php(934): App\Controllers\AddDesenhoPost->desenho_adicionar_modal()
 3 SYSTEMPATH\CodeIgniter.php(499): CodeIgniter\CodeIgniter->runController(Object(App\Controllers\AddDesenhoPost))
 4 SYSTEMPATH\CodeIgniter.php(368): CodeIgniter\CodeIgniter->handleRequest(null, Object(Config\Cache), false)
 5 FCPATH\index.php(67): CodeIgniter\CodeIgniter->run()
WARNING - 2024-08-22 23:50:28 --> [DEPRECATED] str_replace(): Passing null to parameter #3 ($subject) of type array|string is deprecated in APPPATH\Controllers\Ferramentas.php on line 401.
 1 APPPATH\Controllers\Ferramentas.php(401): str_replace([...], [...], null)
 2 APPPATH\Controllers\EmpreendimentoPost.php(352): App\Controllers\Ferramentas::codificador(null)
 3 SYSTEMPATH\CodeIgniter.php(934): App\Controllers\EmpreendimentoPost->empreendimento_lista()
 4 SYSTEMPATH\CodeIgniter.php(499): CodeIgniter\CodeIgniter->runController(Object(App\Controllers\EmpreendimentoPost))
 5 SYSTEMPATH\CodeIgniter.php(368): CodeIgniter\CodeIgniter->handleRequest(null, Object(Config\Cache), false)
 6 FCPATH\index.php(67): CodeIgniter\CodeIgniter->run()
WARNING - 2024-08-22 23:52:56 --> [DEPRECATED] str_replace(): Passing null to parameter #3 ($subject) of type array|string is deprecated in APPPATH\Controllers\Ferramentas.php on line 401.
 1 APPPATH\Controllers\Ferramentas.php(401): str_replace([...], [...], null)
 2 APPPATH\Controllers\EmpreendimentoPost.php(352): App\Controllers\Ferramentas::codificador(null)
 3 SYSTEMPATH\CodeIgniter.php(934): App\Controllers\EmpreendimentoPost->empreendimento_lista()
 4 SYSTEMPATH\CodeIgniter.php(499): CodeIgniter\CodeIgniter->runController(Object(App\Controllers\EmpreendimentoPost))
 5 SYSTEMPATH\CodeIgniter.php(368): CodeIgniter\CodeIgniter->handleRequest(null, Object(Config\Cache), false)
 6 FCPATH\index.php(67): CodeIgniter\CodeIgniter->run()
WARNING - 2024-08-22 23:55:05 --> [DEPRECATED] str_replace(): Passing null to parameter #3 ($subject) of type array|string is deprecated in APPPATH\Controllers\Ferramentas.php on line 401.
 1 APPPATH\Controllers\Ferramentas.php(401): str_replace([...], [...], null)
 2 APPPATH\Controllers\EmpreendimentoPost.php(352): App\Controllers\Ferramentas::codificador(null)
 3 SYSTEMPATH\CodeIgniter.php(934): App\Controllers\EmpreendimentoPost->empreendimento_lista()
 4 SYSTEMPATH\CodeIgniter.php(499): CodeIgniter\CodeIgniter->runController(Object(App\Controllers\EmpreendimentoPost))
 5 SYSTEMPATH\CodeIgniter.php(368): CodeIgniter\CodeIgniter->handleRequest(null, Object(Config\Cache), false)
 6 FCPATH\index.php(67): CodeIgniter\CodeIgniter->run()
WARNING - 2024-08-22 23:59:53 --> [DEPRECATED] str_replace(): Passing null to parameter #3 ($subject) of type array|string is deprecated in APPPATH\Controllers\Ferramentas.php on line 401.
 1 APPPATH\Controllers\Ferramentas.php(401): str_replace([...], [...], null)
 2 APPPATH\Controllers\EmpreendimentoPost.php(352): App\Controllers\Ferramentas::codificador(null)
 3 SYSTEMPATH\CodeIgniter.php(934): App\Controllers\EmpreendimentoPost->empreendimento_lista()
 4 SYSTEMPATH\CodeIgniter.php(499): CodeIgniter\CodeIgniter->runController(Object(App\Controllers\EmpreendimentoPost))
 5 SYSTEMPATH\CodeIgniter.php(368): CodeIgniter\CodeIgniter->handleRequest(null, Object(Config\Cache), false)
 6 FCPATH\index.php(67): CodeIgniter\CodeIgniter->run()
