CRITICAL - 2024-08-19 09:03:48 --> Undefined array key "usuario_nome"
in APPPATH\Controllers\Pagina.php on line 721.
 1 APPPATH\Controllers\Pagina.php(721): CodeIgniter\Debug\Exceptions->errorHandler(2, 'Undefined array key "usuario_nome"', 'C:\\xampp\\htdocs\\codi\\app\\Controllers\\Pagina.php', 721)
 2 SYSTEMPATH\CodeIgniter.php(934): App\Controllers\Pagina->lista_corte_cortador()
 3 SYSTEMPATH\CodeIgniter.php(499): CodeIgniter\CodeIgniter->runController(Object(App\Controllers\Pagina))
 4 SYSTEMPATH\CodeIgniter.php(368): CodeIgniter\CodeIgniter->handleRequest(null, Object(Config\Cache), false)
 5 FCPATH\index.php(67): CodeIgniter\CodeIgniter->run()
CRITICAL - 2024-08-19 09:03:51 --> Undefined array key "usuario_nome"
in APPPATH\Controllers\Pagina.php on line 721.
 1 APPPATH\Controllers\Pagina.php(721): CodeIgniter\Debug\Exceptions->errorHandler(2, 'Undefined array key "usuario_nome"', 'C:\\xampp\\htdocs\\codi\\app\\Controllers\\Pagina.php', 721)
 2 SYSTEMPATH\CodeIgniter.php(934): App\Controllers\Pagina->lista_corte_cortador()
 3 SYSTEMPATH\CodeIgniter.php(499): CodeIgniter\CodeIgniter->runController(Object(App\Controllers\Pagina))
 4 SYSTEMPATH\CodeIgniter.php(368): CodeIgniter\CodeIgniter->handleRequest(null, Object(Config\Cache), false)
 5 FCPATH\index.php(67): CodeIgniter\CodeIgniter->run()
WARNING - 2024-08-19 09:50:50 --> [DEPRECATED] str_replace(): Passing null to parameter #3 ($subject) of type array|string is deprecated in APPPATH\Controllers\Ferramentas.php on line 401.
 1 APPPATH\Controllers\Ferramentas.php(401): str_replace([...], [...], null)
 2 APPPATH\Controllers\EmpreendimentoPost.php(352): App\Controllers\Ferramentas::codificador(null)
 3 SYSTEMPATH\CodeIgniter.php(934): App\Controllers\EmpreendimentoPost->empreendimento_lista()
 4 SYSTEMPATH\CodeIgniter.php(499): CodeIgniter\CodeIgniter->runController(Object(App\Controllers\EmpreendimentoPost))
 5 SYSTEMPATH\CodeIgniter.php(368): CodeIgniter\CodeIgniter->handleRequest(null, Object(Config\Cache), false)
 6 FCPATH\index.php(67): CodeIgniter\CodeIgniter->run()
CRITICAL - 2024-08-19 09:50:51 --> Undefined array key "lista_finalidade"
in APPPATH\Controllers\SubpastaPost.php on line 404.
 1 APPPATH\Controllers\SubpastaPost.php(404): CodeIgniter\Debug\Exceptions->errorHandler(2, 'Undefined array key "lista_finalidade"', 'C:\\xampp\\htdocs\\codi\\app\\Controllers\\SubpastaPost.php', 404)
 2 SYSTEMPATH\CodeIgniter.php(934): App\Controllers\SubpastaPost->desenho_tag_lista()
 3 SYSTEMPATH\CodeIgniter.php(499): CodeIgniter\CodeIgniter->runController(Object(App\Controllers\SubpastaPost))
 4 SYSTEMPATH\CodeIgniter.php(368): CodeIgniter\CodeIgniter->handleRequest(null, Object(Config\Cache), false)
 5 FCPATH\index.php(67): CodeIgniter\CodeIgniter->run()
CRITICAL - 2024-08-19 09:51:25 --> Undefined array key "usuario_nome"
in APPPATH\Controllers\Pagina.php on line 599.
 1 APPPATH\Controllers\Pagina.php(599): CodeIgniter\Debug\Exceptions->errorHandler(2, 'Undefined array key "usuario_nome"', 'C:\\xampp\\htdocs\\codi\\app\\Controllers\\Pagina.php', 599)
 2 SYSTEMPATH\CodeIgniter.php(934): App\Controllers\Pagina->subpasta()
 3 SYSTEMPATH\CodeIgniter.php(499): CodeIgniter\CodeIgniter->runController(Object(App\Controllers\Pagina))
 4 SYSTEMPATH\CodeIgniter.php(368): CodeIgniter\CodeIgniter->handleRequest(null, Object(Config\Cache), false)
 5 FCPATH\index.php(67): CodeIgniter\CodeIgniter->run()
WARNING - 2024-08-19 09:51:26 --> [DEPRECATED] str_replace(): Passing null to parameter #3 ($subject) of type array|string is deprecated in APPPATH\Controllers\Ferramentas.php on line 401.
 1 APPPATH\Controllers\Ferramentas.php(401): str_replace([...], [...], null)
 2 APPPATH\Controllers\EmpreendimentoPost.php(352): App\Controllers\Ferramentas::codificador(null)
 3 SYSTEMPATH\CodeIgniter.php(934): App\Controllers\EmpreendimentoPost->empreendimento_lista()
 4 SYSTEMPATH\CodeIgniter.php(499): CodeIgniter\CodeIgniter->runController(Object(App\Controllers\EmpreendimentoPost))
 5 SYSTEMPATH\CodeIgniter.php(368): CodeIgniter\CodeIgniter->handleRequest(null, Object(Config\Cache), false)
 6 FCPATH\index.php(67): CodeIgniter\CodeIgniter->run()
WARNING - 2024-08-19 09:51:54 --> [DEPRECATED] str_replace(): Passing null to parameter #3 ($subject) of type array|string is deprecated in APPPATH\Controllers\Ferramentas.php on line 401.
 1 APPPATH\Controllers\Ferramentas.php(401): str_replace([...], [...], null)
 2 APPPATH\Controllers\EmpreendimentoPost.php(352): App\Controllers\Ferramentas::codificador(null)
 3 SYSTEMPATH\CodeIgniter.php(934): App\Controllers\EmpreendimentoPost->empreendimento_lista()
 4 SYSTEMPATH\CodeIgniter.php(499): CodeIgniter\CodeIgniter->runController(Object(App\Controllers\EmpreendimentoPost))
 5 SYSTEMPATH\CodeIgniter.php(368): CodeIgniter\CodeIgniter->handleRequest(null, Object(Config\Cache), false)
 6 FCPATH\index.php(67): CodeIgniter\CodeIgniter->run()
WARNING - 2024-08-19 10:02:34 --> [DEPRECATED] str_replace(): Passing null to parameter #3 ($subject) of type array|string is deprecated in APPPATH\Controllers\Ferramentas.php on line 401.
 1 APPPATH\Controllers\Ferramentas.php(401): str_replace([...], [...], null)
 2 APPPATH\Controllers\EmpreendimentoPost.php(352): App\Controllers\Ferramentas::codificador(null)
 3 SYSTEMPATH\CodeIgniter.php(934): App\Controllers\EmpreendimentoPost->empreendimento_lista()
 4 SYSTEMPATH\CodeIgniter.php(499): CodeIgniter\CodeIgniter->runController(Object(App\Controllers\EmpreendimentoPost))
 5 SYSTEMPATH\CodeIgniter.php(368): CodeIgniter\CodeIgniter->handleRequest(null, Object(Config\Cache), false)
 6 FCPATH\index.php(67): CodeIgniter\CodeIgniter->run()
WARNING - 2024-08-19 10:13:59 --> [DEPRECATED] str_replace(): Passing null to parameter #3 ($subject) of type array|string is deprecated in APPPATH\Controllers\Ferramentas.php on line 401.
 1 APPPATH\Controllers\Ferramentas.php(401): str_replace([...], [...], null)
 2 APPPATH\Controllers\EmpreendimentoPost.php(352): App\Controllers\Ferramentas::codificador(null)
 3 SYSTEMPATH\CodeIgniter.php(934): App\Controllers\EmpreendimentoPost->empreendimento_lista()
 4 SYSTEMPATH\CodeIgniter.php(499): CodeIgniter\CodeIgniter->runController(Object(App\Controllers\EmpreendimentoPost))
 5 SYSTEMPATH\CodeIgniter.php(368): CodeIgniter\CodeIgniter->handleRequest(null, Object(Config\Cache), false)
 6 FCPATH\index.php(67): CodeIgniter\CodeIgniter->run()
WARNING - 2024-08-19 10:20:02 --> [DEPRECATED] str_replace(): Passing null to parameter #3 ($subject) of type array|string is deprecated in APPPATH\Controllers\Ferramentas.php on line 401.
 1 APPPATH\Controllers\Ferramentas.php(401): str_replace([...], [...], null)
 2 APPPATH\Controllers\EmpreendimentoPost.php(352): App\Controllers\Ferramentas::codificador(null)
 3 SYSTEMPATH\CodeIgniter.php(934): App\Controllers\EmpreendimentoPost->empreendimento_lista()
 4 SYSTEMPATH\CodeIgniter.php(499): CodeIgniter\CodeIgniter->runController(Object(App\Controllers\EmpreendimentoPost))
 5 SYSTEMPATH\CodeIgniter.php(368): CodeIgniter\CodeIgniter->handleRequest(null, Object(Config\Cache), false)
 6 FCPATH\index.php(67): CodeIgniter\CodeIgniter->run()
WARNING - 2024-08-19 10:24:33 --> [DEPRECATED] str_replace(): Passing null to parameter #3 ($subject) of type array|string is deprecated in APPPATH\Controllers\Ferramentas.php on line 401.
 1 APPPATH\Controllers\Ferramentas.php(401): str_replace([...], [...], null)
 2 APPPATH\Controllers\EmpreendimentoPost.php(352): App\Controllers\Ferramentas::codificador(null)
 3 SYSTEMPATH\CodeIgniter.php(934): App\Controllers\EmpreendimentoPost->empreendimento_lista()
 4 SYSTEMPATH\CodeIgniter.php(499): CodeIgniter\CodeIgniter->runController(Object(App\Controllers\EmpreendimentoPost))
 5 SYSTEMPATH\CodeIgniter.php(368): CodeIgniter\CodeIgniter->handleRequest(null, Object(Config\Cache), false)
 6 FCPATH\index.php(67): CodeIgniter\CodeIgniter->run()
CRITICAL - 2024-08-19 10:29:54 --> Undefined array key "usuario_nome"
in APPPATH\Controllers\Pagina.php on line 138.
 1 APPPATH\Controllers\Pagina.php(138): CodeIgniter\Debug\Exceptions->errorHandler(2, 'Undefined array key "usuario_nome"', 'C:\\xampp\\htdocs\\codi\\app\\Controllers\\Pagina.php', 138)
 2 SYSTEMPATH\CodeIgniter.php(934): App\Controllers\Pagina->desenho_meus()
 3 SYSTEMPATH\CodeIgniter.php(499): CodeIgniter\CodeIgniter->runController(Object(App\Controllers\Pagina))
 4 SYSTEMPATH\CodeIgniter.php(368): CodeIgniter\CodeIgniter->handleRequest(null, Object(Config\Cache), false)
 5 FCPATH\index.php(67): CodeIgniter\CodeIgniter->run()
WARNING - 2024-08-19 10:31:15 --> [DEPRECATED] str_replace(): Passing null to parameter #3 ($subject) of type array|string is deprecated in APPPATH\Controllers\Ferramentas.php on line 401.
 1 APPPATH\Controllers\Ferramentas.php(401): str_replace([...], [...], null)
 2 APPPATH\Controllers\EmpreendimentoPost.php(352): App\Controllers\Ferramentas::codificador(null)
 3 SYSTEMPATH\CodeIgniter.php(934): App\Controllers\EmpreendimentoPost->empreendimento_lista()
 4 SYSTEMPATH\CodeIgniter.php(499): CodeIgniter\CodeIgniter->runController(Object(App\Controllers\EmpreendimentoPost))
 5 SYSTEMPATH\CodeIgniter.php(368): CodeIgniter\CodeIgniter->handleRequest(null, Object(Config\Cache), false)
 6 FCPATH\index.php(67): CodeIgniter\CodeIgniter->run()
CRITICAL - 2024-08-19 10:31:15 --> Undefined array key "lista_finalidade"
in APPPATH\Controllers\SubpastaPost.php on line 404.
 1 APPPATH\Controllers\SubpastaPost.php(404): CodeIgniter\Debug\Exceptions->errorHandler(2, 'Undefined array key "lista_finalidade"', 'C:\\xampp\\htdocs\\codi\\app\\Controllers\\SubpastaPost.php', 404)
 2 SYSTEMPATH\CodeIgniter.php(934): App\Controllers\SubpastaPost->desenho_tag_lista()
 3 SYSTEMPATH\CodeIgniter.php(499): CodeIgniter\CodeIgniter->runController(Object(App\Controllers\SubpastaPost))
 4 SYSTEMPATH\CodeIgniter.php(368): CodeIgniter\CodeIgniter->handleRequest(null, Object(Config\Cache), false)
 5 FCPATH\index.php(67): CodeIgniter\CodeIgniter->run()
WARNING - 2024-08-19 10:31:29 --> [DEPRECATED] str_replace(): Passing null to parameter #3 ($subject) of type array|string is deprecated in APPPATH\Controllers\Ferramentas.php on line 401.
 1 APPPATH\Controllers\Ferramentas.php(401): str_replace([...], [...], null)
 2 APPPATH\Controllers\EmpreendimentoPost.php(352): App\Controllers\Ferramentas::codificador(null)
 3 SYSTEMPATH\CodeIgniter.php(934): App\Controllers\EmpreendimentoPost->empreendimento_lista()
 4 SYSTEMPATH\CodeIgniter.php(499): CodeIgniter\CodeIgniter->runController(Object(App\Controllers\EmpreendimentoPost))
 5 SYSTEMPATH\CodeIgniter.php(368): CodeIgniter\CodeIgniter->handleRequest(null, Object(Config\Cache), false)
 6 FCPATH\index.php(67): CodeIgniter\CodeIgniter->run()
WARNING - 2024-08-19 10:31:34 --> [DEPRECATED] str_replace(): Passing null to parameter #3 ($subject) of type array|string is deprecated in APPPATH\Controllers\Ferramentas.php on line 401.
 1 APPPATH\Controllers\Ferramentas.php(401): str_replace([...], [...], null)
 2 APPPATH\Controllers\EmpreendimentoPost.php(352): App\Controllers\Ferramentas::codificador(null)
 3 SYSTEMPATH\CodeIgniter.php(934): App\Controllers\EmpreendimentoPost->empreendimento_lista()
 4 SYSTEMPATH\CodeIgniter.php(499): CodeIgniter\CodeIgniter->runController(Object(App\Controllers\EmpreendimentoPost))
 5 SYSTEMPATH\CodeIgniter.php(368): CodeIgniter\CodeIgniter->handleRequest(null, Object(Config\Cache), false)
 6 FCPATH\index.php(67): CodeIgniter\CodeIgniter->run()
WARNING - 2024-08-19 10:31:44 --> [DEPRECATED] str_replace(): Passing null to parameter #3 ($subject) of type array|string is deprecated in APPPATH\Controllers\Ferramentas.php on line 401.
 1 APPPATH\Controllers\Ferramentas.php(401): str_replace([...], [...], null)
 2 APPPATH\Controllers\EmpreendimentoPost.php(352): App\Controllers\Ferramentas::codificador(null)
 3 SYSTEMPATH\CodeIgniter.php(934): App\Controllers\EmpreendimentoPost->empreendimento_lista()
 4 SYSTEMPATH\CodeIgniter.php(499): CodeIgniter\CodeIgniter->runController(Object(App\Controllers\EmpreendimentoPost))
 5 SYSTEMPATH\CodeIgniter.php(368): CodeIgniter\CodeIgniter->handleRequest(null, Object(Config\Cache), false)
 6 FCPATH\index.php(67): CodeIgniter\CodeIgniter->run()
WARNING - 2024-08-19 10:31:59 --> [DEPRECATED] str_replace(): Passing null to parameter #3 ($subject) of type array|string is deprecated in APPPATH\Controllers\Ferramentas.php on line 401.
 1 APPPATH\Controllers\Ferramentas.php(401): str_replace([...], [...], null)
 2 APPPATH\Controllers\EmpreendimentoPost.php(352): App\Controllers\Ferramentas::codificador(null)
 3 SYSTEMPATH\CodeIgniter.php(934): App\Controllers\EmpreendimentoPost->empreendimento_lista()
 4 SYSTEMPATH\CodeIgniter.php(499): CodeIgniter\CodeIgniter->runController(Object(App\Controllers\EmpreendimentoPost))
 5 SYSTEMPATH\CodeIgniter.php(368): CodeIgniter\CodeIgniter->handleRequest(null, Object(Config\Cache), false)
 6 FCPATH\index.php(67): CodeIgniter\CodeIgniter->run()
WARNING - 2024-08-19 10:32:16 --> [DEPRECATED] str_replace(): Passing null to parameter #3 ($subject) of type array|string is deprecated in APPPATH\Controllers\Ferramentas.php on line 401.
 1 APPPATH\Controllers\Ferramentas.php(401): str_replace([...], [...], null)
 2 APPPATH\Controllers\EmpreendimentoPost.php(352): App\Controllers\Ferramentas::codificador(null)
 3 SYSTEMPATH\CodeIgniter.php(934): App\Controllers\EmpreendimentoPost->empreendimento_lista()
 4 SYSTEMPATH\CodeIgniter.php(499): CodeIgniter\CodeIgniter->runController(Object(App\Controllers\EmpreendimentoPost))
 5 SYSTEMPATH\CodeIgniter.php(368): CodeIgniter\CodeIgniter->handleRequest(null, Object(Config\Cache), false)
 6 FCPATH\index.php(67): CodeIgniter\CodeIgniter->run()
WARNING - 2024-08-19 10:32:24 --> [DEPRECATED] str_replace(): Passing null to parameter #3 ($subject) of type array|string is deprecated in APPPATH\Controllers\Ferramentas.php on line 401.
 1 APPPATH\Controllers\Ferramentas.php(401): str_replace([...], [...], null)
 2 APPPATH\Controllers\EmpreendimentoPost.php(352): App\Controllers\Ferramentas::codificador(null)
 3 SYSTEMPATH\CodeIgniter.php(934): App\Controllers\EmpreendimentoPost->empreendimento_lista()
 4 SYSTEMPATH\CodeIgniter.php(499): CodeIgniter\CodeIgniter->runController(Object(App\Controllers\EmpreendimentoPost))
 5 SYSTEMPATH\CodeIgniter.php(368): CodeIgniter\CodeIgniter->handleRequest(null, Object(Config\Cache), false)
 6 FCPATH\index.php(67): CodeIgniter\CodeIgniter->run()
WARNING - 2024-08-19 10:33:06 --> [DEPRECATED] str_replace(): Passing null to parameter #3 ($subject) of type array|string is deprecated in APPPATH\Controllers\Ferramentas.php on line 401.
 1 APPPATH\Controllers\Ferramentas.php(401): str_replace([...], [...], null)
 2 APPPATH\Controllers\EmpreendimentoPost.php(352): App\Controllers\Ferramentas::codificador(null)
 3 SYSTEMPATH\CodeIgniter.php(934): App\Controllers\EmpreendimentoPost->empreendimento_lista()
 4 SYSTEMPATH\CodeIgniter.php(499): CodeIgniter\CodeIgniter->runController(Object(App\Controllers\EmpreendimentoPost))
 5 SYSTEMPATH\CodeIgniter.php(368): CodeIgniter\CodeIgniter->handleRequest(null, Object(Config\Cache), false)
 6 FCPATH\index.php(67): CodeIgniter\CodeIgniter->run()
WARNING - 2024-08-19 10:36:11 --> [DEPRECATED] str_replace(): Passing null to parameter #3 ($subject) of type array|string is deprecated in APPPATH\Controllers\Ferramentas.php on line 401.
 1 APPPATH\Controllers\Ferramentas.php(401): str_replace([...], [...], null)
 2 APPPATH\Controllers\EmpreendimentoPost.php(352): App\Controllers\Ferramentas::codificador(null)
 3 SYSTEMPATH\CodeIgniter.php(934): App\Controllers\EmpreendimentoPost->empreendimento_lista()
 4 SYSTEMPATH\CodeIgniter.php(499): CodeIgniter\CodeIgniter->runController(Object(App\Controllers\EmpreendimentoPost))
 5 SYSTEMPATH\CodeIgniter.php(368): CodeIgniter\CodeIgniter->handleRequest(null, Object(Config\Cache), false)
 6 FCPATH\index.php(67): CodeIgniter\CodeIgniter->run()
CRITICAL - 2024-08-19 10:37:53 --> Undefined array key "lista"
in APPPATH\Controllers\ListaCortePost.php on line 241.
 1 APPPATH\Controllers\ListaCortePost.php(241): CodeIgniter\Debug\Exceptions->errorHandler(2, 'Undefined array key "lista"', 'C:\\xampp\\htdocs\\codi\\app\\Controllers\\ListaCortePost.php', 241)
 2 SYSTEMPATH\CodeIgniter.php(934): App\Controllers\ListaCortePost->confirmar_corte()
 3 SYSTEMPATH\CodeIgniter.php(499): CodeIgniter\CodeIgniter->runController(Object(App\Controllers\ListaCortePost))
 4 SYSTEMPATH\CodeIgniter.php(368): CodeIgniter\CodeIgniter->handleRequest(null, Object(Config\Cache), false)
 5 FCPATH\index.php(67): CodeIgniter\CodeIgniter->run()
CRITICAL - 2024-08-19 10:38:07 --> Undefined array key "usuario_nome"
in APPPATH\Controllers\Pagina.php on line 721.
 1 APPPATH\Controllers\Pagina.php(721): CodeIgniter\Debug\Exceptions->errorHandler(2, 'Undefined array key "usuario_nome"', 'C:\\xampp\\htdocs\\codi\\app\\Controllers\\Pagina.php', 721)
 2 SYSTEMPATH\CodeIgniter.php(934): App\Controllers\Pagina->lista_corte_cortador()
 3 SYSTEMPATH\CodeIgniter.php(499): CodeIgniter\CodeIgniter->runController(Object(App\Controllers\Pagina))
 4 SYSTEMPATH\CodeIgniter.php(368): CodeIgniter\CodeIgniter->handleRequest(null, Object(Config\Cache), false)
 5 FCPATH\index.php(67): CodeIgniter\CodeIgniter->run()
CRITICAL - 2024-08-19 10:56:44 --> Undefined array key "usuario_nome"
in APPPATH\Controllers\Pagina.php on line 721.
 1 APPPATH\Controllers\Pagina.php(721): CodeIgniter\Debug\Exceptions->errorHandler(2, 'Undefined array key "usuario_nome"', 'C:\\xampp\\htdocs\\codi\\app\\Controllers\\Pagina.php', 721)
 2 SYSTEMPATH\CodeIgniter.php(934): App\Controllers\Pagina->lista_corte_cortador()
 3 SYSTEMPATH\CodeIgniter.php(499): CodeIgniter\CodeIgniter->runController(Object(App\Controllers\Pagina))
 4 SYSTEMPATH\CodeIgniter.php(368): CodeIgniter\CodeIgniter->handleRequest(null, Object(Config\Cache), false)
 5 FCPATH\index.php(67): CodeIgniter\CodeIgniter->run()
CRITICAL - 2024-08-19 11:04:33 --> Undefined array key "usuario_nome"
in APPPATH\Controllers\Pagina.php on line 138.
 1 APPPATH\Controllers\Pagina.php(138): CodeIgniter\Debug\Exceptions->errorHandler(2, 'Undefined array key "usuario_nome"', 'C:\\xampp\\htdocs\\codi\\app\\Controllers\\Pagina.php', 138)
 2 SYSTEMPATH\CodeIgniter.php(934): App\Controllers\Pagina->desenho_meus()
 3 SYSTEMPATH\CodeIgniter.php(499): CodeIgniter\CodeIgniter->runController(Object(App\Controllers\Pagina))
 4 SYSTEMPATH\CodeIgniter.php(368): CodeIgniter\CodeIgniter->handleRequest(null, Object(Config\Cache), false)
 5 FCPATH\index.php(67): CodeIgniter\CodeIgniter->run()
WARNING - 2024-08-19 11:08:35 --> [DEPRECATED] str_replace(): Passing null to parameter #3 ($subject) of type array|string is deprecated in APPPATH\Controllers\Ferramentas.php on line 401.
 1 APPPATH\Controllers\Ferramentas.php(401): str_replace([...], [...], null)
 2 APPPATH\Controllers\EmpreendimentoPost.php(352): App\Controllers\Ferramentas::codificador(null)
 3 SYSTEMPATH\CodeIgniter.php(934): App\Controllers\EmpreendimentoPost->empreendimento_lista()
 4 SYSTEMPATH\CodeIgniter.php(499): CodeIgniter\CodeIgniter->runController(Object(App\Controllers\EmpreendimentoPost))
 5 SYSTEMPATH\CodeIgniter.php(368): CodeIgniter\CodeIgniter->handleRequest(null, Object(Config\Cache), false)
 6 FCPATH\index.php(67): CodeIgniter\CodeIgniter->run()
WARNING - 2024-08-19 11:08:52 --> [DEPRECATED] str_replace(): Passing null to parameter #3 ($subject) of type array|string is deprecated in APPPATH\Controllers\Ferramentas.php on line 401.
 1 APPPATH\Controllers\Ferramentas.php(401): str_replace([...], [...], null)
 2 APPPATH\Controllers\EmpreendimentoPost.php(352): App\Controllers\Ferramentas::codificador(null)
 3 SYSTEMPATH\CodeIgniter.php(934): App\Controllers\EmpreendimentoPost->empreendimento_lista()
 4 SYSTEMPATH\CodeIgniter.php(499): CodeIgniter\CodeIgniter->runController(Object(App\Controllers\EmpreendimentoPost))
 5 SYSTEMPATH\CodeIgniter.php(368): CodeIgniter\CodeIgniter->handleRequest(null, Object(Config\Cache), false)
 6 FCPATH\index.php(67): CodeIgniter\CodeIgniter->run()
WARNING - 2024-08-19 11:11:13 --> [DEPRECATED] str_replace(): Passing null to parameter #3 ($subject) of type array|string is deprecated in APPPATH\Controllers\Ferramentas.php on line 401.
 1 APPPATH\Controllers\Ferramentas.php(401): str_replace([...], [...], null)
 2 APPPATH\Controllers\EmpreendimentoPost.php(352): App\Controllers\Ferramentas::codificador(null)
 3 SYSTEMPATH\CodeIgniter.php(934): App\Controllers\EmpreendimentoPost->empreendimento_lista()
 4 SYSTEMPATH\CodeIgniter.php(499): CodeIgniter\CodeIgniter->runController(Object(App\Controllers\EmpreendimentoPost))
 5 SYSTEMPATH\CodeIgniter.php(368): CodeIgniter\CodeIgniter->handleRequest(null, Object(Config\Cache), false)
 6 FCPATH\index.php(67): CodeIgniter\CodeIgniter->run()
WARNING - 2024-08-19 11:12:29 --> [DEPRECATED] str_replace(): Passing null to parameter #3 ($subject) of type array|string is deprecated in APPPATH\Controllers\Ferramentas.php on line 401.
 1 APPPATH\Controllers\Ferramentas.php(401): str_replace([...], [...], null)
 2 APPPATH\Controllers\EmpreendimentoPost.php(352): App\Controllers\Ferramentas::codificador(null)
 3 SYSTEMPATH\CodeIgniter.php(934): App\Controllers\EmpreendimentoPost->empreendimento_lista()
 4 SYSTEMPATH\CodeIgniter.php(499): CodeIgniter\CodeIgniter->runController(Object(App\Controllers\EmpreendimentoPost))
 5 SYSTEMPATH\CodeIgniter.php(368): CodeIgniter\CodeIgniter->handleRequest(null, Object(Config\Cache), false)
 6 FCPATH\index.php(67): CodeIgniter\CodeIgniter->run()
WARNING - 2024-08-19 11:17:42 --> [DEPRECATED] str_replace(): Passing null to parameter #3 ($subject) of type array|string is deprecated in APPPATH\Controllers\Ferramentas.php on line 401.
 1 APPPATH\Controllers\Ferramentas.php(401): str_replace([...], [...], null)
 2 APPPATH\Controllers\EmpreendimentoPost.php(352): App\Controllers\Ferramentas::codificador(null)
 3 SYSTEMPATH\CodeIgniter.php(934): App\Controllers\EmpreendimentoPost->empreendimento_lista()
 4 SYSTEMPATH\CodeIgniter.php(499): CodeIgniter\CodeIgniter->runController(Object(App\Controllers\EmpreendimentoPost))
 5 SYSTEMPATH\CodeIgniter.php(368): CodeIgniter\CodeIgniter->handleRequest(null, Object(Config\Cache), false)
 6 FCPATH\index.php(67): CodeIgniter\CodeIgniter->run()
WARNING - 2024-08-19 11:27:04 --> [DEPRECATED] str_replace(): Passing null to parameter #3 ($subject) of type array|string is deprecated in APPPATH\Controllers\Ferramentas.php on line 401.
 1 APPPATH\Controllers\Ferramentas.php(401): str_replace([...], [...], null)
 2 APPPATH\Controllers\EmpreendimentoPost.php(352): App\Controllers\Ferramentas::codificador(null)
 3 SYSTEMPATH\CodeIgniter.php(934): App\Controllers\EmpreendimentoPost->empreendimento_lista()
 4 SYSTEMPATH\CodeIgniter.php(499): CodeIgniter\CodeIgniter->runController(Object(App\Controllers\EmpreendimentoPost))
 5 SYSTEMPATH\CodeIgniter.php(368): CodeIgniter\CodeIgniter->handleRequest(null, Object(Config\Cache), false)
 6 FCPATH\index.php(67): CodeIgniter\CodeIgniter->run()
WARNING - 2024-08-19 14:09:03 --> [DEPRECATED] str_replace(): Passing null to parameter #3 ($subject) of type array|string is deprecated in APPPATH\Controllers\Ferramentas.php on line 401.
 1 APPPATH\Controllers\Ferramentas.php(401): str_replace([...], [...], null)
 2 APPPATH\Controllers\EmpreendimentoPost.php(352): App\Controllers\Ferramentas::codificador(null)
 3 SYSTEMPATH\CodeIgniter.php(934): App\Controllers\EmpreendimentoPost->empreendimento_lista()
 4 SYSTEMPATH\CodeIgniter.php(499): CodeIgniter\CodeIgniter->runController(Object(App\Controllers\EmpreendimentoPost))
 5 SYSTEMPATH\CodeIgniter.php(368): CodeIgniter\CodeIgniter->handleRequest(null, Object(Config\Cache), false)
 6 FCPATH\index.php(67): CodeIgniter\CodeIgniter->run()
CRITICAL - 2024-08-19 14:09:03 --> Undefined array key "lista_finalidade"
in APPPATH\Controllers\SubpastaPost.php on line 404.
 1 APPPATH\Controllers\SubpastaPost.php(404): CodeIgniter\Debug\Exceptions->errorHandler(2, 'Undefined array key "lista_finalidade"', 'C:\\xampp\\htdocs\\codi\\app\\Controllers\\SubpastaPost.php', 404)
 2 SYSTEMPATH\CodeIgniter.php(934): App\Controllers\SubpastaPost->desenho_tag_lista()
 3 SYSTEMPATH\CodeIgniter.php(499): CodeIgniter\CodeIgniter->runController(Object(App\Controllers\SubpastaPost))
 4 SYSTEMPATH\CodeIgniter.php(368): CodeIgniter\CodeIgniter->handleRequest(null, Object(Config\Cache), false)
 5 FCPATH\index.php(67): CodeIgniter\CodeIgniter->run()
WARNING - 2024-08-19 14:09:17 --> [DEPRECATED] str_replace(): Passing null to parameter #3 ($subject) of type array|string is deprecated in APPPATH\Controllers\Ferramentas.php on line 401.
 1 APPPATH\Controllers\Ferramentas.php(401): str_replace([...], [...], null)
 2 APPPATH\Controllers\EmpreendimentoPost.php(352): App\Controllers\Ferramentas::codificador(null)
 3 SYSTEMPATH\CodeIgniter.php(934): App\Controllers\EmpreendimentoPost->empreendimento_lista()
 4 SYSTEMPATH\CodeIgniter.php(499): CodeIgniter\CodeIgniter->runController(Object(App\Controllers\EmpreendimentoPost))
 5 SYSTEMPATH\CodeIgniter.php(368): CodeIgniter\CodeIgniter->handleRequest(null, Object(Config\Cache), false)
 6 FCPATH\index.php(67): CodeIgniter\CodeIgniter->run()
WARNING - 2024-08-19 14:09:30 --> [DEPRECATED] str_replace(): Passing null to parameter #3 ($subject) of type array|string is deprecated in APPPATH\Controllers\Ferramentas.php on line 401.
 1 APPPATH\Controllers\Ferramentas.php(401): str_replace([...], [...], null)
 2 APPPATH\Controllers\EmpreendimentoPost.php(352): App\Controllers\Ferramentas::codificador(null)
 3 SYSTEMPATH\CodeIgniter.php(934): App\Controllers\EmpreendimentoPost->empreendimento_lista()
 4 SYSTEMPATH\CodeIgniter.php(499): CodeIgniter\CodeIgniter->runController(Object(App\Controllers\EmpreendimentoPost))
 5 SYSTEMPATH\CodeIgniter.php(368): CodeIgniter\CodeIgniter->handleRequest(null, Object(Config\Cache), false)
 6 FCPATH\index.php(67): CodeIgniter\CodeIgniter->run()
WARNING - 2024-08-19 14:10:04 --> [DEPRECATED] str_replace(): Passing null to parameter #3 ($subject) of type array|string is deprecated in APPPATH\Controllers\Ferramentas.php on line 401.
 1 APPPATH\Controllers\Ferramentas.php(401): str_replace([...], [...], null)
 2 APPPATH\Controllers\EmpreendimentoPost.php(352): App\Controllers\Ferramentas::codificador(null)
 3 SYSTEMPATH\CodeIgniter.php(934): App\Controllers\EmpreendimentoPost->empreendimento_lista()
 4 SYSTEMPATH\CodeIgniter.php(499): CodeIgniter\CodeIgniter->runController(Object(App\Controllers\EmpreendimentoPost))
 5 SYSTEMPATH\CodeIgniter.php(368): CodeIgniter\CodeIgniter->handleRequest(null, Object(Config\Cache), false)
 6 FCPATH\index.php(67): CodeIgniter\CodeIgniter->run()
WARNING - 2024-08-19 14:10:29 --> [DEPRECATED] str_replace(): Passing null to parameter #3 ($subject) of type array|string is deprecated in APPPATH\Controllers\Ferramentas.php on line 401.
 1 APPPATH\Controllers\Ferramentas.php(401): str_replace([...], [...], null)
 2 APPPATH\Controllers\EmpreendimentoPost.php(352): App\Controllers\Ferramentas::codificador(null)
 3 SYSTEMPATH\CodeIgniter.php(934): App\Controllers\EmpreendimentoPost->empreendimento_lista()
 4 SYSTEMPATH\CodeIgniter.php(499): CodeIgniter\CodeIgniter->runController(Object(App\Controllers\EmpreendimentoPost))
 5 SYSTEMPATH\CodeIgniter.php(368): CodeIgniter\CodeIgniter->handleRequest(null, Object(Config\Cache), false)
 6 FCPATH\index.php(67): CodeIgniter\CodeIgniter->run()
WARNING - 2024-08-19 15:27:12 --> [DEPRECATED] str_replace(): Passing null to parameter #3 ($subject) of type array|string is deprecated in APPPATH\Controllers\Ferramentas.php on line 401.
 1 APPPATH\Controllers\Ferramentas.php(401): str_replace([...], [...], null)
 2 APPPATH\Controllers\EmpreendimentoPost.php(352): App\Controllers\Ferramentas::codificador(null)
 3 SYSTEMPATH\CodeIgniter.php(934): App\Controllers\EmpreendimentoPost->empreendimento_lista()
 4 SYSTEMPATH\CodeIgniter.php(499): CodeIgniter\CodeIgniter->runController(Object(App\Controllers\EmpreendimentoPost))
 5 SYSTEMPATH\CodeIgniter.php(368): CodeIgniter\CodeIgniter->handleRequest(null, Object(Config\Cache), false)
 6 FCPATH\index.php(67): CodeIgniter\CodeIgniter->run()
CRITICAL - 2024-08-19 15:27:12 --> Undefined array key "lista_finalidade"
in APPPATH\Controllers\SubpastaPost.php on line 404.
 1 APPPATH\Controllers\SubpastaPost.php(404): CodeIgniter\Debug\Exceptions->errorHandler(2, 'Undefined array key "lista_finalidade"', 'C:\\xampp\\htdocs\\codi\\app\\Controllers\\SubpastaPost.php', 404)
 2 SYSTEMPATH\CodeIgniter.php(934): App\Controllers\SubpastaPost->desenho_tag_lista()
 3 SYSTEMPATH\CodeIgniter.php(499): CodeIgniter\CodeIgniter->runController(Object(App\Controllers\SubpastaPost))
 4 SYSTEMPATH\CodeIgniter.php(368): CodeIgniter\CodeIgniter->handleRequest(null, Object(Config\Cache), false)
 5 FCPATH\index.php(67): CodeIgniter\CodeIgniter->run()
WARNING - 2024-08-19 15:27:42 --> [DEPRECATED] str_replace(): Passing null to parameter #3 ($subject) of type array|string is deprecated in APPPATH\Controllers\Ferramentas.php on line 401.
 1 APPPATH\Controllers\Ferramentas.php(401): str_replace([...], [...], null)
 2 APPPATH\Controllers\EmpreendimentoPost.php(352): App\Controllers\Ferramentas::codificador(null)
 3 SYSTEMPATH\CodeIgniter.php(934): App\Controllers\EmpreendimentoPost->empreendimento_lista()
 4 SYSTEMPATH\CodeIgniter.php(499): CodeIgniter\CodeIgniter->runController(Object(App\Controllers\EmpreendimentoPost))
 5 SYSTEMPATH\CodeIgniter.php(368): CodeIgniter\CodeIgniter->handleRequest(null, Object(Config\Cache), false)
 6 FCPATH\index.php(67): CodeIgniter\CodeIgniter->run()
WARNING - 2024-08-19 15:28:22 --> [DEPRECATED] str_replace(): Passing null to parameter #3 ($subject) of type array|string is deprecated in APPPATH\Controllers\Ferramentas.php on line 401.
 1 APPPATH\Controllers\Ferramentas.php(401): str_replace([...], [...], null)
 2 APPPATH\Controllers\EmpreendimentoPost.php(352): App\Controllers\Ferramentas::codificador(null)
 3 SYSTEMPATH\CodeIgniter.php(934): App\Controllers\EmpreendimentoPost->empreendimento_lista()
 4 SYSTEMPATH\CodeIgniter.php(499): CodeIgniter\CodeIgniter->runController(Object(App\Controllers\EmpreendimentoPost))
 5 SYSTEMPATH\CodeIgniter.php(368): CodeIgniter\CodeIgniter->handleRequest(null, Object(Config\Cache), false)
 6 FCPATH\index.php(67): CodeIgniter\CodeIgniter->run()
CRITICAL - 2024-08-19 15:32:55 --> Undefined array key "novo_nome_arquivo"
in APPPATH\Controllers\MeusDesenhosPost.php on line 284.
 1 APPPATH\Controllers\MeusDesenhosPost.php(284): CodeIgniter\Debug\Exceptions->errorHandler(2, 'Undefined array key "novo_nome_arquivo"', 'C:\\xampp\\htdocs\\codi\\app\\Controllers\\MeusDesenhosPost.php', 284)
 2 SYSTEMPATH\CodeIgniter.php(934): App\Controllers\MeusDesenhosPost->subistituir_desenho()
 3 SYSTEMPATH\CodeIgniter.php(499): CodeIgniter\CodeIgniter->runController(Object(App\Controllers\MeusDesenhosPost))
 4 SYSTEMPATH\CodeIgniter.php(368): CodeIgniter\CodeIgniter->handleRequest(null, Object(Config\Cache), false)
 5 FCPATH\index.php(67): CodeIgniter\CodeIgniter->run()
WARNING - 2024-08-19 16:05:46 --> [DEPRECATED] str_replace(): Passing null to parameter #3 ($subject) of type array|string is deprecated in APPPATH\Controllers\Ferramentas.php on line 401.
 1 APPPATH\Controllers\Ferramentas.php(401): str_replace([...], [...], null)
 2 APPPATH\Controllers\EmpreendimentoPost.php(352): App\Controllers\Ferramentas::codificador(null)
 3 SYSTEMPATH\CodeIgniter.php(934): App\Controllers\EmpreendimentoPost->empreendimento_lista()
 4 SYSTEMPATH\CodeIgniter.php(499): CodeIgniter\CodeIgniter->runController(Object(App\Controllers\EmpreendimentoPost))
 5 SYSTEMPATH\CodeIgniter.php(368): CodeIgniter\CodeIgniter->handleRequest(null, Object(Config\Cache), false)
 6 FCPATH\index.php(67): CodeIgniter\CodeIgniter->run()
WARNING - 2024-08-19 17:36:56 --> [DEPRECATED] str_replace(): Passing null to parameter #3 ($subject) of type array|string is deprecated in APPPATH\Controllers\Ferramentas.php on line 401.
 1 APPPATH\Controllers\Ferramentas.php(401): str_replace([...], [...], null)
 2 APPPATH\Controllers\EmpreendimentoPost.php(352): App\Controllers\Ferramentas::codificador(null)
 3 SYSTEMPATH\CodeIgniter.php(934): App\Controllers\EmpreendimentoPost->empreendimento_lista()
 4 SYSTEMPATH\CodeIgniter.php(499): CodeIgniter\CodeIgniter->runController(Object(App\Controllers\EmpreendimentoPost))
 5 SYSTEMPATH\CodeIgniter.php(368): CodeIgniter\CodeIgniter->handleRequest(null, Object(Config\Cache), false)
 6 FCPATH\index.php(67): CodeIgniter\CodeIgniter->run()
CRITICAL - 2024-08-19 17:36:56 --> Undefined array key "lista_finalidade"
in APPPATH\Controllers\SubpastaPost.php on line 404.
 1 APPPATH\Controllers\SubpastaPost.php(404): CodeIgniter\Debug\Exceptions->errorHandler(2, 'Undefined array key "lista_finalidade"', 'C:\\xampp\\htdocs\\codi\\app\\Controllers\\SubpastaPost.php', 404)
 2 SYSTEMPATH\CodeIgniter.php(934): App\Controllers\SubpastaPost->desenho_tag_lista()
 3 SYSTEMPATH\CodeIgniter.php(499): CodeIgniter\CodeIgniter->runController(Object(App\Controllers\SubpastaPost))
 4 SYSTEMPATH\CodeIgniter.php(368): CodeIgniter\CodeIgniter->handleRequest(null, Object(Config\Cache), false)
 5 FCPATH\index.php(67): CodeIgniter\CodeIgniter->run()
CRITICAL - 2024-08-19 17:36:56 --> Undefined array key "lista_finalidade"
in APPPATH\Controllers\SubpastaPost.php on line 404.
 1 APPPATH\Controllers\SubpastaPost.php(404): CodeIgniter\Debug\Exceptions->errorHandler(2, 'Undefined array key "lista_finalidade"', 'C:\\xampp\\htdocs\\codi\\app\\Controllers\\SubpastaPost.php', 404)
 2 SYSTEMPATH\CodeIgniter.php(934): App\Controllers\SubpastaPost->desenho_tag_lista()
 3 SYSTEMPATH\CodeIgniter.php(499): CodeIgniter\CodeIgniter->runController(Object(App\Controllers\SubpastaPost))
 4 SYSTEMPATH\CodeIgniter.php(368): CodeIgniter\CodeIgniter->handleRequest(null, Object(Config\Cache), false)
 5 FCPATH\index.php(67): CodeIgniter\CodeIgniter->run()
WARNING - 2024-08-19 17:55:29 --> [DEPRECATED] str_replace(): Passing null to parameter #3 ($subject) of type array|string is deprecated in APPPATH\Controllers\Ferramentas.php on line 401.
 1 APPPATH\Controllers\Ferramentas.php(401): str_replace([...], [...], null)
 2 APPPATH\Controllers\EmpreendimentoPost.php(352): App\Controllers\Ferramentas::codificador(null)
 3 SYSTEMPATH\CodeIgniter.php(934): App\Controllers\EmpreendimentoPost->empreendimento_lista()
 4 SYSTEMPATH\CodeIgniter.php(499): CodeIgniter\CodeIgniter->runController(Object(App\Controllers\EmpreendimentoPost))
 5 SYSTEMPATH\CodeIgniter.php(368): CodeIgniter\CodeIgniter->handleRequest(null, Object(Config\Cache), false)
 6 FCPATH\index.php(67): CodeIgniter\CodeIgniter->run()
WARNING - 2024-08-19 17:55:39 --> [DEPRECATED] str_replace(): Passing null to parameter #3 ($subject) of type array|string is deprecated in APPPATH\Controllers\Ferramentas.php on line 401.
 1 APPPATH\Controllers\Ferramentas.php(401): str_replace([...], [...], null)
 2 APPPATH\Controllers\EmpreendimentoPost.php(352): App\Controllers\Ferramentas::codificador(null)
 3 SYSTEMPATH\CodeIgniter.php(934): App\Controllers\EmpreendimentoPost->empreendimento_lista()
 4 SYSTEMPATH\CodeIgniter.php(499): CodeIgniter\CodeIgniter->runController(Object(App\Controllers\EmpreendimentoPost))
 5 SYSTEMPATH\CodeIgniter.php(368): CodeIgniter\CodeIgniter->handleRequest(null, Object(Config\Cache), false)
 6 FCPATH\index.php(67): CodeIgniter\CodeIgniter->run()
WARNING - 2024-08-19 18:50:38 --> [DEPRECATED] Implicit conversion from float 1165.3484848484848 to int loses precision in APPPATH\Controllers\ReratorioPost.php on line 20.
 1 APPPATH\Controllers\ReratorioPost.php(324): App\Controllers\ReratorioPost->secondsToTime(1165.3484848484848)
 2 SYSTEMPATH\CodeIgniter.php(934): App\Controllers\ReratorioPost->relatorio()
 3 SYSTEMPATH\CodeIgniter.php(499): CodeIgniter\CodeIgniter->runController(Object(App\Controllers\ReratorioPost))
 4 SYSTEMPATH\CodeIgniter.php(368): CodeIgniter\CodeIgniter->handleRequest(null, Object(Config\Cache), false)
 5 FCPATH\index.php(67): CodeIgniter\CodeIgniter->run()
WARNING - 2024-08-19 18:50:38 --> [DEPRECATED] Implicit conversion from float 1165.3484848484848 to int loses precision in APPPATH\Controllers\ReratorioPost.php on line 21.
 1 APPPATH\Controllers\ReratorioPost.php(324): App\Controllers\ReratorioPost->secondsToTime(1165.3484848484848)
 2 SYSTEMPATH\CodeIgniter.php(934): App\Controllers\ReratorioPost->relatorio()
 3 SYSTEMPATH\CodeIgniter.php(499): CodeIgniter\CodeIgniter->runController(Object(App\Controllers\ReratorioPost))
 4 SYSTEMPATH\CodeIgniter.php(368): CodeIgniter\CodeIgniter->handleRequest(null, Object(Config\Cache), false)
 5 FCPATH\index.php(67): CodeIgniter\CodeIgniter->run()
CRITICAL - 2024-08-19 18:58:52 --> Undefined array key "usuario_nome"
in APPPATH\Controllers\Pagina.php on line 87.
 1 APPPATH\Controllers\Pagina.php(87): CodeIgniter\Debug\Exceptions->errorHandler(2, 'Undefined array key "usuario_nome"', 'C:\\xampp\\htdocs\\codi\\app\\Controllers\\Pagina.php', 87)
 2 SYSTEMPATH\CodeIgniter.php(934): App\Controllers\Pagina->desenho_adicionar()
 3 SYSTEMPATH\CodeIgniter.php(499): CodeIgniter\CodeIgniter->runController(Object(App\Controllers\Pagina))
 4 SYSTEMPATH\CodeIgniter.php(368): CodeIgniter\CodeIgniter->handleRequest(null, Object(Config\Cache), false)
 5 FCPATH\index.php(67): CodeIgniter\CodeIgniter->run()
WARNING - 2024-08-19 19:04:36 --> [DEPRECATED] str_replace(): Passing null to parameter #3 ($subject) of type array|string is deprecated in APPPATH\Controllers\Ferramentas.php on line 401.
 1 APPPATH\Controllers\Ferramentas.php(401): str_replace([...], [...], null)
 2 APPPATH\Controllers\EmpreendimentoPost.php(352): App\Controllers\Ferramentas::codificador(null)
 3 SYSTEMPATH\CodeIgniter.php(934): App\Controllers\EmpreendimentoPost->empreendimento_lista()
 4 SYSTEMPATH\CodeIgniter.php(499): CodeIgniter\CodeIgniter->runController(Object(App\Controllers\EmpreendimentoPost))
 5 SYSTEMPATH\CodeIgniter.php(368): CodeIgniter\CodeIgniter->handleRequest(null, Object(Config\Cache), false)
 6 FCPATH\index.php(67): CodeIgniter\CodeIgniter->run()
CRITICAL - 2024-08-19 19:04:36 --> Undefined array key "lista_finalidade"
in APPPATH\Controllers\SubpastaPost.php on line 404.
 1 APPPATH\Controllers\SubpastaPost.php(404): CodeIgniter\Debug\Exceptions->errorHandler(2, 'Undefined array key "lista_finalidade"', 'C:\\xampp\\htdocs\\codi\\app\\Controllers\\SubpastaPost.php', 404)
 2 SYSTEMPATH\CodeIgniter.php(934): App\Controllers\SubpastaPost->desenho_tag_lista()
 3 SYSTEMPATH\CodeIgniter.php(499): CodeIgniter\CodeIgniter->runController(Object(App\Controllers\SubpastaPost))
 4 SYSTEMPATH\CodeIgniter.php(368): CodeIgniter\CodeIgniter->handleRequest(null, Object(Config\Cache), false)
 5 FCPATH\index.php(67): CodeIgniter\CodeIgniter->run()
WARNING - 2024-08-19 19:10:17 --> [DEPRECATED] Implicit conversion from float 6.581818181818182 to int loses precision in APPPATH\Controllers\ReratorioPost.php on line 20.
 1 APPPATH\Controllers\ReratorioPost.php(325): App\Controllers\ReratorioPost->secondsToTime(6.581818181818182)
 2 SYSTEMPATH\CodeIgniter.php(934): App\Controllers\ReratorioPost->relatorio()
 3 SYSTEMPATH\CodeIgniter.php(499): CodeIgniter\CodeIgniter->runController(Object(App\Controllers\ReratorioPost))
 4 SYSTEMPATH\CodeIgniter.php(368): CodeIgniter\CodeIgniter->handleRequest(null, Object(Config\Cache), false)
 5 FCPATH\index.php(67): CodeIgniter\CodeIgniter->run()
WARNING - 2024-08-19 19:10:17 --> [DEPRECATED] Implicit conversion from float 6.581818181818182 to int loses precision in APPPATH\Controllers\ReratorioPost.php on line 21.
 1 APPPATH\Controllers\ReratorioPost.php(325): App\Controllers\ReratorioPost->secondsToTime(6.581818181818182)
 2 SYSTEMPATH\CodeIgniter.php(934): App\Controllers\ReratorioPost->relatorio()
 3 SYSTEMPATH\CodeIgniter.php(499): CodeIgniter\CodeIgniter->runController(Object(App\Controllers\ReratorioPost))
 4 SYSTEMPATH\CodeIgniter.php(368): CodeIgniter\CodeIgniter->handleRequest(null, Object(Config\Cache), false)
 5 FCPATH\index.php(67): CodeIgniter\CodeIgniter->run()
WARNING - 2024-08-19 19:10:17 --> [DEPRECATED] Implicit conversion from float 349.94642857142856 to int loses precision in APPPATH\Controllers\ReratorioPost.php on line 20.
 1 APPPATH\Controllers\ReratorioPost.php(325): App\Controllers\ReratorioPost->secondsToTime(349.94642857142856)
 2 SYSTEMPATH\CodeIgniter.php(934): App\Controllers\ReratorioPost->relatorio()
 3 SYSTEMPATH\CodeIgniter.php(499): CodeIgniter\CodeIgniter->runController(Object(App\Controllers\ReratorioPost))
 4 SYSTEMPATH\CodeIgniter.php(368): CodeIgniter\CodeIgniter->handleRequest(null, Object(Config\Cache), false)
 5 FCPATH\index.php(67): CodeIgniter\CodeIgniter->run()
WARNING - 2024-08-19 19:10:17 --> [DEPRECATED] Implicit conversion from float 349.94642857142856 to int loses precision in APPPATH\Controllers\ReratorioPost.php on line 21.
 1 APPPATH\Controllers\ReratorioPost.php(325): App\Controllers\ReratorioPost->secondsToTime(349.94642857142856)
 2 SYSTEMPATH\CodeIgniter.php(934): App\Controllers\ReratorioPost->relatorio()
 3 SYSTEMPATH\CodeIgniter.php(499): CodeIgniter\CodeIgniter->runController(Object(App\Controllers\ReratorioPost))
 4 SYSTEMPATH\CodeIgniter.php(368): CodeIgniter\CodeIgniter->handleRequest(null, Object(Config\Cache), false)
 5 FCPATH\index.php(67): CodeIgniter\CodeIgniter->run()
WARNING - 2024-08-19 19:13:59 --> [DEPRECATED] Implicit conversion from float 6.581818181818182 to int loses precision in APPPATH\Controllers\ReratorioPost.php on line 20.
 1 APPPATH\Controllers\ReratorioPost.php(325): App\Controllers\ReratorioPost->secondsToTime(6.581818181818182)
 2 SYSTEMPATH\CodeIgniter.php(934): App\Controllers\ReratorioPost->relatorio()
 3 SYSTEMPATH\CodeIgniter.php(499): CodeIgniter\CodeIgniter->runController(Object(App\Controllers\ReratorioPost))
 4 SYSTEMPATH\CodeIgniter.php(368): CodeIgniter\CodeIgniter->handleRequest(null, Object(Config\Cache), false)
 5 FCPATH\index.php(67): CodeIgniter\CodeIgniter->run()
WARNING - 2024-08-19 19:13:59 --> [DEPRECATED] Implicit conversion from float 6.581818181818182 to int loses precision in APPPATH\Controllers\ReratorioPost.php on line 21.
 1 APPPATH\Controllers\ReratorioPost.php(325): App\Controllers\ReratorioPost->secondsToTime(6.581818181818182)
 2 SYSTEMPATH\CodeIgniter.php(934): App\Controllers\ReratorioPost->relatorio()
 3 SYSTEMPATH\CodeIgniter.php(499): CodeIgniter\CodeIgniter->runController(Object(App\Controllers\ReratorioPost))
 4 SYSTEMPATH\CodeIgniter.php(368): CodeIgniter\CodeIgniter->handleRequest(null, Object(Config\Cache), false)
 5 FCPATH\index.php(67): CodeIgniter\CodeIgniter->run()
WARNING - 2024-08-19 19:13:59 --> [DEPRECATED] Implicit conversion from float 349.94642857142856 to int loses precision in APPPATH\Controllers\ReratorioPost.php on line 20.
 1 APPPATH\Controllers\ReratorioPost.php(325): App\Controllers\ReratorioPost->secondsToTime(349.94642857142856)
 2 SYSTEMPATH\CodeIgniter.php(934): App\Controllers\ReratorioPost->relatorio()
 3 SYSTEMPATH\CodeIgniter.php(499): CodeIgniter\CodeIgniter->runController(Object(App\Controllers\ReratorioPost))
 4 SYSTEMPATH\CodeIgniter.php(368): CodeIgniter\CodeIgniter->handleRequest(null, Object(Config\Cache), false)
 5 FCPATH\index.php(67): CodeIgniter\CodeIgniter->run()
WARNING - 2024-08-19 19:13:59 --> [DEPRECATED] Implicit conversion from float 349.94642857142856 to int loses precision in APPPATH\Controllers\ReratorioPost.php on line 21.
 1 APPPATH\Controllers\ReratorioPost.php(325): App\Controllers\ReratorioPost->secondsToTime(349.94642857142856)
 2 SYSTEMPATH\CodeIgniter.php(934): App\Controllers\ReratorioPost->relatorio()
 3 SYSTEMPATH\CodeIgniter.php(499): CodeIgniter\CodeIgniter->runController(Object(App\Controllers\ReratorioPost))
 4 SYSTEMPATH\CodeIgniter.php(368): CodeIgniter\CodeIgniter->handleRequest(null, Object(Config\Cache), false)
 5 FCPATH\index.php(67): CodeIgniter\CodeIgniter->run()
WARNING - 2024-08-19 19:14:57 --> [DEPRECATED] Implicit conversion from float 11.142857142857142 to int loses precision in APPPATH\Controllers\ReratorioPost.php on line 20.
 1 APPPATH\Controllers\ReratorioPost.php(325): App\Controllers\ReratorioPost->secondsToTime(11.142857142857142)
 2 SYSTEMPATH\CodeIgniter.php(934): App\Controllers\ReratorioPost->relatorio()
 3 SYSTEMPATH\CodeIgniter.php(499): CodeIgniter\CodeIgniter->runController(Object(App\Controllers\ReratorioPost))
 4 SYSTEMPATH\CodeIgniter.php(368): CodeIgniter\CodeIgniter->handleRequest(null, Object(Config\Cache), false)
 5 FCPATH\index.php(67): CodeIgniter\CodeIgniter->run()
WARNING - 2024-08-19 19:14:57 --> [DEPRECATED] Implicit conversion from float 11.142857142857142 to int loses precision in APPPATH\Controllers\ReratorioPost.php on line 21.
 1 APPPATH\Controllers\ReratorioPost.php(325): App\Controllers\ReratorioPost->secondsToTime(11.142857142857142)
 2 SYSTEMPATH\CodeIgniter.php(934): App\Controllers\ReratorioPost->relatorio()
 3 SYSTEMPATH\CodeIgniter.php(499): CodeIgniter\CodeIgniter->runController(Object(App\Controllers\ReratorioPost))
 4 SYSTEMPATH\CodeIgniter.php(368): CodeIgniter\CodeIgniter->handleRequest(null, Object(Config\Cache), false)
 5 FCPATH\index.php(67): CodeIgniter\CodeIgniter->run()
CRITICAL - 2024-08-19 19:19:01 --> Maximum execution time of 120 seconds exceeded
in APPPATH\Controllers\Ferramentas.php on line 525.
 1 [internal function]: CodeIgniter\Debug\Exceptions->shutdownHandler()
CRITICAL - 2024-08-19 19:19:02 --> Maximum execution time of 120 seconds exceeded
in APPPATH\Controllers\Ferramentas.php on line 524.
 1 [internal function]: CodeIgniter\Debug\Exceptions->shutdownHandler()
CRITICAL - 2024-08-19 19:27:57 --> Maximum execution time of 120 seconds exceeded
in APPPATH\Controllers\Ferramentas.php on line 524.
 1 [internal function]: CodeIgniter\Debug\Exceptions->shutdownHandler()
CRITICAL - 2024-08-19 19:27:57 --> Maximum execution time of 120 seconds exceeded
in APPPATH\Controllers\Ferramentas.php on line 524.
 1 [internal function]: CodeIgniter\Debug\Exceptions->shutdownHandler()
WARNING - 2024-08-19 19:37:25 --> [DEPRECATED] str_replace(): Passing null to parameter #3 ($subject) of type array|string is deprecated in APPPATH\Controllers\Ferramentas.php on line 401.
 1 APPPATH\Controllers\Ferramentas.php(401): str_replace([...], [...], null)
 2 APPPATH\Controllers\EmpreendimentoPost.php(352): App\Controllers\Ferramentas::codificador(null)
 3 SYSTEMPATH\CodeIgniter.php(934): App\Controllers\EmpreendimentoPost->empreendimento_lista()
 4 SYSTEMPATH\CodeIgniter.php(499): CodeIgniter\CodeIgniter->runController(Object(App\Controllers\EmpreendimentoPost))
 5 SYSTEMPATH\CodeIgniter.php(368): CodeIgniter\CodeIgniter->handleRequest(null, Object(Config\Cache), false)
 6 FCPATH\index.php(67): CodeIgniter\CodeIgniter->run()
WARNING - 2024-08-19 19:37:32 --> [DEPRECATED] str_replace(): Passing null to parameter #3 ($subject) of type array|string is deprecated in APPPATH\Controllers\Ferramentas.php on line 401.
 1 APPPATH\Controllers\Ferramentas.php(401): str_replace([...], [...], null)
 2 APPPATH\Controllers\EmpreendimentoPost.php(352): App\Controllers\Ferramentas::codificador(null)
 3 SYSTEMPATH\CodeIgniter.php(934): App\Controllers\EmpreendimentoPost->empreendimento_lista()
 4 SYSTEMPATH\CodeIgniter.php(499): CodeIgniter\CodeIgniter->runController(Object(App\Controllers\EmpreendimentoPost))
 5 SYSTEMPATH\CodeIgniter.php(368): CodeIgniter\CodeIgniter->handleRequest(null, Object(Config\Cache), false)
 6 FCPATH\index.php(67): CodeIgniter\CodeIgniter->run()
WARNING - 2024-08-19 19:37:36 --> [DEPRECATED] str_replace(): Passing null to parameter #3 ($subject) of type array|string is deprecated in APPPATH\Controllers\Ferramentas.php on line 401.
 1 APPPATH\Controllers\Ferramentas.php(401): str_replace([...], [...], null)
 2 APPPATH\Controllers\EmpreendimentoPost.php(352): App\Controllers\Ferramentas::codificador(null)
 3 SYSTEMPATH\CodeIgniter.php(934): App\Controllers\EmpreendimentoPost->empreendimento_lista()
 4 SYSTEMPATH\CodeIgniter.php(499): CodeIgniter\CodeIgniter->runController(Object(App\Controllers\EmpreendimentoPost))
 5 SYSTEMPATH\CodeIgniter.php(368): CodeIgniter\CodeIgniter->handleRequest(null, Object(Config\Cache), false)
 6 FCPATH\index.php(67): CodeIgniter\CodeIgniter->run()
WARNING - 2024-08-19 19:40:10 --> [DEPRECATED] str_replace(): Passing null to parameter #3 ($subject) of type array|string is deprecated in APPPATH\Controllers\Ferramentas.php on line 401.
 1 APPPATH\Controllers\Ferramentas.php(401): str_replace([...], [...], null)
 2 APPPATH\Controllers\EmpreendimentoPost.php(352): App\Controllers\Ferramentas::codificador(null)
 3 SYSTEMPATH\CodeIgniter.php(934): App\Controllers\EmpreendimentoPost->empreendimento_lista()
 4 SYSTEMPATH\CodeIgniter.php(499): CodeIgniter\CodeIgniter->runController(Object(App\Controllers\EmpreendimentoPost))
 5 SYSTEMPATH\CodeIgniter.php(368): CodeIgniter\CodeIgniter->handleRequest(null, Object(Config\Cache), false)
 6 FCPATH\index.php(67): CodeIgniter\CodeIgniter->run()
WARNING - 2024-08-19 19:49:35 --> [DEPRECATED] str_replace(): Passing null to parameter #3 ($subject) of type array|string is deprecated in APPPATH\Controllers\Ferramentas.php on line 401.
 1 APPPATH\Controllers\Ferramentas.php(401): str_replace([...], [...], null)
 2 APPPATH\Controllers\EmpreendimentoPost.php(352): App\Controllers\Ferramentas::codificador(null)
 3 SYSTEMPATH\CodeIgniter.php(934): App\Controllers\EmpreendimentoPost->empreendimento_lista()
 4 SYSTEMPATH\CodeIgniter.php(499): CodeIgniter\CodeIgniter->runController(Object(App\Controllers\EmpreendimentoPost))
 5 SYSTEMPATH\CodeIgniter.php(368): CodeIgniter\CodeIgniter->handleRequest(null, Object(Config\Cache), false)
 6 FCPATH\index.php(67): CodeIgniter\CodeIgniter->run()
WARNING - 2024-08-19 19:54:56 --> [DEPRECATED] str_replace(): Passing null to parameter #3 ($subject) of type array|string is deprecated in APPPATH\Controllers\Ferramentas.php on line 401.
 1 APPPATH\Controllers\Ferramentas.php(401): str_replace([...], [...], null)
 2 APPPATH\Controllers\EmpreendimentoPost.php(352): App\Controllers\Ferramentas::codificador(null)
 3 SYSTEMPATH\CodeIgniter.php(934): App\Controllers\EmpreendimentoPost->empreendimento_lista()
 4 SYSTEMPATH\CodeIgniter.php(499): CodeIgniter\CodeIgniter->runController(Object(App\Controllers\EmpreendimentoPost))
 5 SYSTEMPATH\CodeIgniter.php(368): CodeIgniter\CodeIgniter->handleRequest(null, Object(Config\Cache), false)
 6 FCPATH\index.php(67): CodeIgniter\CodeIgniter->run()
WARNING - 2024-08-19 19:54:58 --> [DEPRECATED] str_replace(): Passing null to parameter #3 ($subject) of type array|string is deprecated in APPPATH\Controllers\Ferramentas.php on line 401.
 1 APPPATH\Controllers\Ferramentas.php(401): str_replace([...], [...], null)
 2 APPPATH\Controllers\EmpreendimentoPost.php(352): App\Controllers\Ferramentas::codificador(null)
 3 SYSTEMPATH\CodeIgniter.php(934): App\Controllers\EmpreendimentoPost->empreendimento_lista()
 4 SYSTEMPATH\CodeIgniter.php(499): CodeIgniter\CodeIgniter->runController(Object(App\Controllers\EmpreendimentoPost))
 5 SYSTEMPATH\CodeIgniter.php(368): CodeIgniter\CodeIgniter->handleRequest(null, Object(Config\Cache), false)
 6 FCPATH\index.php(67): CodeIgniter\CodeIgniter->run()
WARNING - 2024-08-19 20:00:34 --> [DEPRECATED] str_replace(): Passing null to parameter #3 ($subject) of type array|string is deprecated in APPPATH\Controllers\Ferramentas.php on line 401.
 1 APPPATH\Controllers\Ferramentas.php(401): str_replace([...], [...], null)
 2 APPPATH\Controllers\EmpreendimentoPost.php(352): App\Controllers\Ferramentas::codificador(null)
 3 SYSTEMPATH\CodeIgniter.php(934): App\Controllers\EmpreendimentoPost->empreendimento_lista()
 4 SYSTEMPATH\CodeIgniter.php(499): CodeIgniter\CodeIgniter->runController(Object(App\Controllers\EmpreendimentoPost))
 5 SYSTEMPATH\CodeIgniter.php(368): CodeIgniter\CodeIgniter->handleRequest(null, Object(Config\Cache), false)
 6 FCPATH\index.php(67): CodeIgniter\CodeIgniter->run()
WARNING - 2024-08-19 20:00:42 --> [DEPRECATED] str_replace(): Passing null to parameter #3 ($subject) of type array|string is deprecated in APPPATH\Controllers\Ferramentas.php on line 401.
 1 APPPATH\Controllers\Ferramentas.php(401): str_replace([...], [...], null)
 2 APPPATH\Controllers\EmpreendimentoPost.php(352): App\Controllers\Ferramentas::codificador(null)
 3 SYSTEMPATH\CodeIgniter.php(934): App\Controllers\EmpreendimentoPost->empreendimento_lista()
 4 SYSTEMPATH\CodeIgniter.php(499): CodeIgniter\CodeIgniter->runController(Object(App\Controllers\EmpreendimentoPost))
 5 SYSTEMPATH\CodeIgniter.php(368): CodeIgniter\CodeIgniter->handleRequest(null, Object(Config\Cache), false)
 6 FCPATH\index.php(67): CodeIgniter\CodeIgniter->run()
WARNING - 2024-08-19 20:04:29 --> [DEPRECATED] str_replace(): Passing null to parameter #3 ($subject) of type array|string is deprecated in APPPATH\Controllers\Ferramentas.php on line 401.
 1 APPPATH\Controllers\Ferramentas.php(401): str_replace([...], [...], null)
 2 APPPATH\Controllers\EmpreendimentoPost.php(352): App\Controllers\Ferramentas::codificador(null)
 3 SYSTEMPATH\CodeIgniter.php(934): App\Controllers\EmpreendimentoPost->empreendimento_lista()
 4 SYSTEMPATH\CodeIgniter.php(499): CodeIgniter\CodeIgniter->runController(Object(App\Controllers\EmpreendimentoPost))
 5 SYSTEMPATH\CodeIgniter.php(368): CodeIgniter\CodeIgniter->handleRequest(null, Object(Config\Cache), false)
 6 FCPATH\index.php(67): CodeIgniter\CodeIgniter->run()
WARNING - 2024-08-19 20:04:54 --> [DEPRECATED] str_replace(): Passing null to parameter #3 ($subject) of type array|string is deprecated in APPPATH\Controllers\Ferramentas.php on line 401.
 1 APPPATH\Controllers\Ferramentas.php(401): str_replace([...], [...], null)
 2 APPPATH\Controllers\EmpreendimentoPost.php(352): App\Controllers\Ferramentas::codificador(null)
 3 SYSTEMPATH\CodeIgniter.php(934): App\Controllers\EmpreendimentoPost->empreendimento_lista()
 4 SYSTEMPATH\CodeIgniter.php(499): CodeIgniter\CodeIgniter->runController(Object(App\Controllers\EmpreendimentoPost))
 5 SYSTEMPATH\CodeIgniter.php(368): CodeIgniter\CodeIgniter->handleRequest(null, Object(Config\Cache), false)
 6 FCPATH\index.php(67): CodeIgniter\CodeIgniter->run()
WARNING - 2024-08-19 20:06:46 --> [DEPRECATED] str_replace(): Passing null to parameter #3 ($subject) of type array|string is deprecated in APPPATH\Controllers\Ferramentas.php on line 401.
 1 APPPATH\Controllers\Ferramentas.php(401): str_replace([...], [...], null)
 2 APPPATH\Controllers\EmpreendimentoPost.php(352): App\Controllers\Ferramentas::codificador(null)
 3 SYSTEMPATH\CodeIgniter.php(934): App\Controllers\EmpreendimentoPost->empreendimento_lista()
 4 SYSTEMPATH\CodeIgniter.php(499): CodeIgniter\CodeIgniter->runController(Object(App\Controllers\EmpreendimentoPost))
 5 SYSTEMPATH\CodeIgniter.php(368): CodeIgniter\CodeIgniter->handleRequest(null, Object(Config\Cache), false)
 6 FCPATH\index.php(67): CodeIgniter\CodeIgniter->run()
