CRITICAL - 2024-08-06 15:00:23 --> Undefined array key "lista"
in APPPATH\Controllers\DesenhoPost.php on line 263.
 1 APPPATH\Controllers\DesenhoPost.php(263): CodeIgniter\Debug\Exceptions->errorHandler(2, 'Undefined array key "lista"', 'C:\\xampp\\htdocs\\codi\\app\\Controllers\\DesenhoPost.php', 263)
 2 SYSTEMPATH\CodeIgniter.php(934): App\Controllers\DesenhoPost->subistituir_desenho()
 3 SYSTEMPATH\CodeIgniter.php(499): CodeIgniter\CodeIgniter->runController(Object(App\Controllers\DesenhoPost))
 4 SYSTEMPATH\CodeIgniter.php(368): CodeIgniter\CodeIgniter->handleRequest(null, Object(Config\Cache), false)
 5 FCPATH\index.php(67): CodeIgniter\CodeIgniter->run()
CRITICAL - 2024-08-06 15:00:23 --> Undefined array key "lista"
in APPPATH\Controllers\DesenhoPost.php on line 263.
 1 APPPATH\Controllers\DesenhoPost.php(263): CodeIgniter\Debug\Exceptions->errorHandler(2, 'Undefined array key "lista"', 'C:\\xampp\\htdocs\\codi\\app\\Controllers\\DesenhoPost.php', 263)
 2 SYSTEMPATH\CodeIgniter.php(934): App\Controllers\DesenhoPost->subistituir_desenho()
 3 SYSTEMPATH\CodeIgniter.php(499): CodeIgniter\CodeIgniter->runController(Object(App\Controllers\DesenhoPost))
 4 SYSTEMPATH\CodeIgniter.php(368): CodeIgniter\CodeIgniter->handleRequest(null, Object(Config\Cache), false)
 5 FCPATH\index.php(67): CodeIgniter\CodeIgniter->run()
CRITICAL - 2024-08-06 15:00:28 --> Undefined array key "lista"
in APPPATH\Controllers\DesenhoPost.php on line 263.
 1 APPPATH\Controllers\DesenhoPost.php(263): CodeIgniter\Debug\Exceptions->errorHandler(2, 'Undefined array key "lista"', 'C:\\xampp\\htdocs\\codi\\app\\Controllers\\DesenhoPost.php', 263)
 2 SYSTEMPATH\CodeIgniter.php(934): App\Controllers\DesenhoPost->subistituir_desenho()
 3 SYSTEMPATH\CodeIgniter.php(499): CodeIgniter\CodeIgniter->runController(Object(App\Controllers\DesenhoPost))
 4 SYSTEMPATH\CodeIgniter.php(368): CodeIgniter\CodeIgniter->handleRequest(null, Object(Config\Cache), false)
 5 FCPATH\index.php(67): CodeIgniter\CodeIgniter->run()
CRITICAL - 2024-08-06 15:00:28 --> Undefined array key "lista"
in APPPATH\Controllers\DesenhoPost.php on line 263.
 1 APPPATH\Controllers\DesenhoPost.php(263): CodeIgniter\Debug\Exceptions->errorHandler(2, 'Undefined array key "lista"', 'C:\\xampp\\htdocs\\codi\\app\\Controllers\\DesenhoPost.php', 263)
 2 SYSTEMPATH\CodeIgniter.php(934): App\Controllers\DesenhoPost->subistituir_desenho()
 3 SYSTEMPATH\CodeIgniter.php(499): CodeIgniter\CodeIgniter->runController(Object(App\Controllers\DesenhoPost))
 4 SYSTEMPATH\CodeIgniter.php(368): CodeIgniter\CodeIgniter->handleRequest(null, Object(Config\Cache), false)
 5 FCPATH\index.php(67): CodeIgniter\CodeIgniter->run()
CRITICAL - 2024-08-06 15:00:35 --> Undefined array key "lista"
in APPPATH\Controllers\DesenhoPost.php on line 263.
 1 APPPATH\Controllers\DesenhoPost.php(263): CodeIgniter\Debug\Exceptions->errorHandler(2, 'Undefined array key "lista"', 'C:\\xampp\\htdocs\\codi\\app\\Controllers\\DesenhoPost.php', 263)
 2 SYSTEMPATH\CodeIgniter.php(934): App\Controllers\DesenhoPost->subistituir_desenho()
 3 SYSTEMPATH\CodeIgniter.php(499): CodeIgniter\CodeIgniter->runController(Object(App\Controllers\DesenhoPost))
 4 SYSTEMPATH\CodeIgniter.php(368): CodeIgniter\CodeIgniter->handleRequest(null, Object(Config\Cache), false)
 5 FCPATH\index.php(67): CodeIgniter\CodeIgniter->run()
CRITICAL - 2024-08-06 15:00:35 --> Undefined array key "lista"
in APPPATH\Controllers\DesenhoPost.php on line 263.
 1 APPPATH\Controllers\DesenhoPost.php(263): CodeIgniter\Debug\Exceptions->errorHandler(2, 'Undefined array key "lista"', 'C:\\xampp\\htdocs\\codi\\app\\Controllers\\DesenhoPost.php', 263)
 2 SYSTEMPATH\CodeIgniter.php(934): App\Controllers\DesenhoPost->subistituir_desenho()
 3 SYSTEMPATH\CodeIgniter.php(499): CodeIgniter\CodeIgniter->runController(Object(App\Controllers\DesenhoPost))
 4 SYSTEMPATH\CodeIgniter.php(368): CodeIgniter\CodeIgniter->handleRequest(null, Object(Config\Cache), false)
 5 FCPATH\index.php(67): CodeIgniter\CodeIgniter->run()
CRITICAL - 2024-08-06 15:05:34 --> Undefined array key "permissao"
in APPPATH\Controllers\Pagina.php on line 874.
 1 APPPATH\Controllers\Pagina.php(874): CodeIgniter\Debug\Exceptions->errorHandler(2, 'Undefined array key "permissao"', 'C:\\xampp\\htdocs\\codi\\app\\Controllers\\Pagina.php', 874)
 2 APPPATH\Controllers\Pagina.php(159): App\Controllers\Pagina->menu('desenhos', 'desenhos')
 3 SYSTEMPATH\CodeIgniter.php(934): App\Controllers\Pagina->desenho_meus()
 4 SYSTEMPATH\CodeIgniter.php(499): CodeIgniter\CodeIgniter->runController(Object(App\Controllers\Pagina))
 5 SYSTEMPATH\CodeIgniter.php(368): CodeIgniter\CodeIgniter->handleRequest(null, Object(Config\Cache), false)
 6 FCPATH\index.php(67): CodeIgniter\CodeIgniter->run()
CRITICAL - 2024-08-06 15:05:45 --> Undefined array key "permissao"
in APPPATH\Controllers\Pagina.php on line 874.
 1 APPPATH\Controllers\Pagina.php(874): CodeIgniter\Debug\Exceptions->errorHandler(2, 'Undefined array key "permissao"', 'C:\\xampp\\htdocs\\codi\\app\\Controllers\\Pagina.php', 874)
 2 APPPATH\Controllers\Pagina.php(159): App\Controllers\Pagina->menu('desenhos', 'desenhos')
 3 SYSTEMPATH\CodeIgniter.php(934): App\Controllers\Pagina->desenho_meus()
 4 SYSTEMPATH\CodeIgniter.php(499): CodeIgniter\CodeIgniter->runController(Object(App\Controllers\Pagina))
 5 SYSTEMPATH\CodeIgniter.php(368): CodeIgniter\CodeIgniter->handleRequest(null, Object(Config\Cache), false)
 6 FCPATH\index.php(67): CodeIgniter\CodeIgniter->run()
CRITICAL - 2024-08-06 15:05:58 --> Undefined array key "permissao"
in APPPATH\Controllers\Pagina.php on line 874.
 1 APPPATH\Controllers\Pagina.php(874): CodeIgniter\Debug\Exceptions->errorHandler(2, 'Undefined array key "permissao"', 'C:\\xampp\\htdocs\\codi\\app\\Controllers\\Pagina.php', 874)
 2 APPPATH\Controllers\Pagina.php(159): App\Controllers\Pagina->menu('desenhos', 'desenhos')
 3 SYSTEMPATH\CodeIgniter.php(934): App\Controllers\Pagina->desenho_meus()
 4 SYSTEMPATH\CodeIgniter.php(499): CodeIgniter\CodeIgniter->runController(Object(App\Controllers\Pagina))
 5 SYSTEMPATH\CodeIgniter.php(368): CodeIgniter\CodeIgniter->handleRequest(null, Object(Config\Cache), false)
 6 FCPATH\index.php(67): CodeIgniter\CodeIgniter->run()
CRITICAL - 2024-08-06 15:06:45 --> Undefined array key "novo_nome_arquivo"
in APPPATH\Controllers\DesenhoPost.php on line 254.
 1 APPPATH\Controllers\DesenhoPost.php(254): CodeIgniter\Debug\Exceptions->errorHandler(2, 'Undefined array key "novo_nome_arquivo"', 'C:\\xampp\\htdocs\\codi\\app\\Controllers\\DesenhoPost.php', 254)
 2 SYSTEMPATH\CodeIgniter.php(934): App\Controllers\DesenhoPost->subistituir_desenho()
 3 SYSTEMPATH\CodeIgniter.php(499): CodeIgniter\CodeIgniter->runController(Object(App\Controllers\DesenhoPost))
 4 SYSTEMPATH\CodeIgniter.php(368): CodeIgniter\CodeIgniter->handleRequest(null, Object(Config\Cache), false)
 5 FCPATH\index.php(67): CodeIgniter\CodeIgniter->run()
CRITICAL - 2024-08-06 15:06:45 --> Undefined array key "lista"
in APPPATH\Controllers\DesenhoPost.php on line 263.
 1 APPPATH\Controllers\DesenhoPost.php(263): CodeIgniter\Debug\Exceptions->errorHandler(2, 'Undefined array key "lista"', 'C:\\xampp\\htdocs\\codi\\app\\Controllers\\DesenhoPost.php', 263)
 2 SYSTEMPATH\CodeIgniter.php(934): App\Controllers\DesenhoPost->subistituir_desenho()
 3 SYSTEMPATH\CodeIgniter.php(499): CodeIgniter\CodeIgniter->runController(Object(App\Controllers\DesenhoPost))
 4 SYSTEMPATH\CodeIgniter.php(368): CodeIgniter\CodeIgniter->handleRequest(null, Object(Config\Cache), false)
 5 FCPATH\index.php(67): CodeIgniter\CodeIgniter->run()
CRITICAL - 2024-08-06 15:06:55 --> Undefined array key "lista"
in APPPATH\Controllers\DesenhoPost.php on line 263.
 1 APPPATH\Controllers\DesenhoPost.php(263): CodeIgniter\Debug\Exceptions->errorHandler(2, 'Undefined array key "lista"', 'C:\\xampp\\htdocs\\codi\\app\\Controllers\\DesenhoPost.php', 263)
 2 SYSTEMPATH\CodeIgniter.php(934): App\Controllers\DesenhoPost->subistituir_desenho()
 3 SYSTEMPATH\CodeIgniter.php(499): CodeIgniter\CodeIgniter->runController(Object(App\Controllers\DesenhoPost))
 4 SYSTEMPATH\CodeIgniter.php(368): CodeIgniter\CodeIgniter->handleRequest(null, Object(Config\Cache), false)
 5 FCPATH\index.php(67): CodeIgniter\CodeIgniter->run()
CRITICAL - 2024-08-06 15:06:55 --> Undefined array key "lista"
in APPPATH\Controllers\DesenhoPost.php on line 263.
 1 APPPATH\Controllers\DesenhoPost.php(263): CodeIgniter\Debug\Exceptions->errorHandler(2, 'Undefined array key "lista"', 'C:\\xampp\\htdocs\\codi\\app\\Controllers\\DesenhoPost.php', 263)
 2 SYSTEMPATH\CodeIgniter.php(934): App\Controllers\DesenhoPost->subistituir_desenho()
 3 SYSTEMPATH\CodeIgniter.php(499): CodeIgniter\CodeIgniter->runController(Object(App\Controllers\DesenhoPost))
 4 SYSTEMPATH\CodeIgniter.php(368): CodeIgniter\CodeIgniter->handleRequest(null, Object(Config\Cache), false)
 5 FCPATH\index.php(67): CodeIgniter\CodeIgniter->run()
CRITICAL - 2024-08-06 15:09:14 --> Undefined array key "permissao"
in APPPATH\Controllers\Pagina.php on line 874.
 1 APPPATH\Controllers\Pagina.php(874): CodeIgniter\Debug\Exceptions->errorHandler(2, 'Undefined array key "permissao"', 'C:\\xampp\\htdocs\\codi\\app\\Controllers\\Pagina.php', 874)
 2 APPPATH\Controllers\Pagina.php(159): App\Controllers\Pagina->menu('desenhos', 'desenhos')
 3 SYSTEMPATH\CodeIgniter.php(934): App\Controllers\Pagina->desenho_meus()
 4 SYSTEMPATH\CodeIgniter.php(499): CodeIgniter\CodeIgniter->runController(Object(App\Controllers\Pagina))
 5 SYSTEMPATH\CodeIgniter.php(368): CodeIgniter\CodeIgniter->handleRequest(null, Object(Config\Cache), false)
 6 FCPATH\index.php(67): CodeIgniter\CodeIgniter->run()
CRITICAL - 2024-08-06 15:13:48 --> Undefined array key "permissao"
in APPPATH\Controllers\Pagina.php on line 874.
 1 APPPATH\Controllers\Pagina.php(874): CodeIgniter\Debug\Exceptions->errorHandler(2, 'Undefined array key "permissao"', 'C:\\xampp\\htdocs\\codi\\app\\Controllers\\Pagina.php', 874)
 2 APPPATH\Controllers\Pagina.php(107): App\Controllers\Pagina->menu('desenhos', 'adicionar')
 3 SYSTEMPATH\CodeIgniter.php(934): App\Controllers\Pagina->desenho_adicionar()
 4 SYSTEMPATH\CodeIgniter.php(499): CodeIgniter\CodeIgniter->runController(Object(App\Controllers\Pagina))
 5 SYSTEMPATH\CodeIgniter.php(368): CodeIgniter\CodeIgniter->handleRequest(null, Object(Config\Cache), false)
 6 FCPATH\index.php(67): CodeIgniter\CodeIgniter->run()
CRITICAL - 2024-08-06 15:13:50 --> Undefined array key "permissao"
in APPPATH\Controllers\Pagina.php on line 874.
 1 APPPATH\Controllers\Pagina.php(874): CodeIgniter\Debug\Exceptions->errorHandler(2, 'Undefined array key "permissao"', 'C:\\xampp\\htdocs\\codi\\app\\Controllers\\Pagina.php', 874)
 2 APPPATH\Controllers\Pagina.php(159): App\Controllers\Pagina->menu('desenhos', 'desenhos')
 3 SYSTEMPATH\CodeIgniter.php(934): App\Controllers\Pagina->desenho_meus()
 4 SYSTEMPATH\CodeIgniter.php(499): CodeIgniter\CodeIgniter->runController(Object(App\Controllers\Pagina))
 5 SYSTEMPATH\CodeIgniter.php(368): CodeIgniter\CodeIgniter->handleRequest(null, Object(Config\Cache), false)
 6 FCPATH\index.php(67): CodeIgniter\CodeIgniter->run()
CRITICAL - 2024-08-06 15:16:13 --> Undefined array key "permissao"
in APPPATH\Controllers\Pagina.php on line 874.
 1 APPPATH\Controllers\Pagina.php(874): CodeIgniter\Debug\Exceptions->errorHandler(2, 'Undefined array key "permissao"', 'C:\\xampp\\htdocs\\codi\\app\\Controllers\\Pagina.php', 874)
 2 APPPATH\Controllers\Pagina.php(210): App\Controllers\Pagina->menu('desenhos', 'desenhos_cortados')
 3 SYSTEMPATH\CodeIgniter.php(934): App\Controllers\Pagina->desenhos_cortados()
 4 SYSTEMPATH\CodeIgniter.php(499): CodeIgniter\CodeIgniter->runController(Object(App\Controllers\Pagina))
 5 SYSTEMPATH\CodeIgniter.php(368): CodeIgniter\CodeIgniter->handleRequest(null, Object(Config\Cache), false)
 6 FCPATH\index.php(67): CodeIgniter\CodeIgniter->run()
CRITICAL - 2024-08-06 15:16:15 --> Undefined array key "permissao"
in APPPATH\Controllers\Pagina.php on line 874.
 1 APPPATH\Controllers\Pagina.php(874): CodeIgniter\Debug\Exceptions->errorHandler(2, 'Undefined array key "permissao"', 'C:\\xampp\\htdocs\\codi\\app\\Controllers\\Pagina.php', 874)
 2 APPPATH\Controllers\Pagina.php(107): App\Controllers\Pagina->menu('desenhos', 'adicionar')
 3 SYSTEMPATH\CodeIgniter.php(934): App\Controllers\Pagina->desenho_adicionar()
 4 SYSTEMPATH\CodeIgniter.php(499): CodeIgniter\CodeIgniter->runController(Object(App\Controllers\Pagina))
 5 SYSTEMPATH\CodeIgniter.php(368): CodeIgniter\CodeIgniter->handleRequest(null, Object(Config\Cache), false)
 6 FCPATH\index.php(67): CodeIgniter\CodeIgniter->run()
CRITICAL - 2024-08-06 15:19:42 --> Undefined array key "lista"
in APPPATH\Controllers\MeusDesenhosPost.php on line 273.
 1 APPPATH\Controllers\MeusDesenhosPost.php(273): CodeIgniter\Debug\Exceptions->errorHandler(2, 'Undefined array key "lista"', 'C:\\xampp\\htdocs\\codi\\app\\Controllers\\MeusDesenhosPost.php', 273)
 2 SYSTEMPATH\CodeIgniter.php(934): App\Controllers\MeusDesenhosPost->subistituir_desenho()
 3 SYSTEMPATH\CodeIgniter.php(499): CodeIgniter\CodeIgniter->runController(Object(App\Controllers\MeusDesenhosPost))
 4 SYSTEMPATH\CodeIgniter.php(368): CodeIgniter\CodeIgniter->handleRequest(null, Object(Config\Cache), false)
 5 FCPATH\index.php(67): CodeIgniter\CodeIgniter->run()
CRITICAL - 2024-08-06 15:19:42 --> Undefined array key "lista"
in APPPATH\Controllers\MeusDesenhosPost.php on line 273.
 1 APPPATH\Controllers\MeusDesenhosPost.php(273): CodeIgniter\Debug\Exceptions->errorHandler(2, 'Undefined array key "lista"', 'C:\\xampp\\htdocs\\codi\\app\\Controllers\\MeusDesenhosPost.php', 273)
 2 SYSTEMPATH\CodeIgniter.php(934): App\Controllers\MeusDesenhosPost->subistituir_desenho()
 3 SYSTEMPATH\CodeIgniter.php(499): CodeIgniter\CodeIgniter->runController(Object(App\Controllers\MeusDesenhosPost))
 4 SYSTEMPATH\CodeIgniter.php(368): CodeIgniter\CodeIgniter->handleRequest(null, Object(Config\Cache), false)
 5 FCPATH\index.php(67): CodeIgniter\CodeIgniter->run()
ERROR - 2024-08-06 15:20:10 --> mysqli_sql_exception: Operand should contain 1 column(s) in C:\xampp\htdocs\codi\system\Database\MySQLi\Connection.php:295
Stack trace:
#0 C:\xampp\htdocs\codi\system\Database\MySQLi\Connection.php(295): mysqli->query('INSERT INTO `Hi...', 0)
#1 C:\xampp\htdocs\codi\system\Database\BaseConnection.php(692): CodeIgniter\Database\MySQLi\Connection->execute('INSERT INTO `Hi...')
#2 C:\xampp\htdocs\codi\system\Database\BaseConnection.php(606): CodeIgniter\Database\BaseConnection->simpleQuery('INSERT INTO `Hi...')
#3 C:\xampp\htdocs\codi\system\Database\BaseBuilder.php(2309): CodeIgniter\Database\BaseConnection->query('INSERT INTO `Hi...', Array, false)
#4 C:\xampp\htdocs\codi\system\Model.php(330): CodeIgniter\Database\BaseBuilder->insert()
#5 C:\xampp\htdocs\codi\system\BaseModel.php(782): CodeIgniter\Model->doInsert(Array)
#6 C:\xampp\htdocs\codi\system\Model.php(730): CodeIgniter\BaseModel->insert(Array, true)
#7 C:\xampp\htdocs\codi\app\Controllers\MeusDesenhosPost.php(349): CodeIgniter\Model->insert(Array)
#8 C:\xampp\htdocs\codi\system\CodeIgniter.php(934): App\Controllers\MeusDesenhosPost->subistituir_desenho()
#9 C:\xampp\htdocs\codi\system\CodeIgniter.php(499): CodeIgniter\CodeIgniter->runController(Object(App\Controllers\MeusDesenhosPost))
#10 C:\xampp\htdocs\codi\system\CodeIgniter.php(368): CodeIgniter\CodeIgniter->handleRequest(NULL, Object(Config\Cache), false)
#11 C:\xampp\htdocs\codi\public\index.php(67): CodeIgniter\CodeIgniter->run()
#12 {main}
CRITICAL - 2024-08-06 15:20:10 --> Operand should contain 1 column(s)
in SYSTEMPATH\Database\MySQLi\Connection.php on line 295.
 1 SYSTEMPATH\Database\MySQLi\Connection.php(295): mysqli->query('INSERT INTO `Historico_desenhos` (`id_desenhos`, `nome`, `individuo`, `data_hora_mod`, `status`) VALUES ((0,\'Novo(a) Documento de Texto_457_.dxf\',\'ci083ni061nwli061nwli074ndesenhosi061nA5Arquiteturai061nLotChacarasi061n123123i061nABASEPISOSi061n12777i061nNovoi071nai072n Documento de Textoi074n457i074ni062ndxf\',\'13\',\'corte\',\'1\',\'123123\',\'Lot Chacaras\',\'A5 Arquitetura\',NULL,\'06/08/2024 14:59\',\'#ff6961\'), \'Novoi071nai072n Documento de Texto\', \'13\', \'06i061n08i061n2024 15i083n20i083n10\', \'renomeado\')', 0)
 2 SYSTEMPATH\Database\BaseConnection.php(692): CodeIgniter\Database\MySQLi\Connection->execute('INSERT INTO `Historico_desenhos` (`id_desenhos`, `nome`, `individuo`, `data_hora_mod`, `status`) VALUES ((0,\'Novo(a) Documento de Texto_457_.dxf\',\'ci083ni061nwli061nwli074ndesenhosi061nA5Arquiteturai061nLotChacarasi061n123123i061nABASEPISOSi061n12777i061nNovoi071nai072n Documento de Textoi074n457i074ni062ndxf\',\'13\',\'corte\',\'1\',\'123123\',\'Lot Chacaras\',\'A5 Arquitetura\',NULL,\'06/08/2024 14:59\',\'#ff6961\'), \'Novoi071nai072n Documento de Texto\', \'13\', \'06i061n08i061n2024 15i083n20i083n10\', \'renomeado\')')
 3 SYSTEMPATH\Database\BaseConnection.php(606): CodeIgniter\Database\BaseConnection->simpleQuery('INSERT INTO `Historico_desenhos` (`id_desenhos`, `nome`, `individuo`, `data_hora_mod`, `status`) VALUES ((0,\'Novo(a) Documento de Texto_457_.dxf\',\'ci083ni061nwli061nwli074ndesenhosi061nA5Arquiteturai061nLotChacarasi061n123123i061nABASEPISOSi061n12777i061nNovoi071nai072n Documento de Textoi074n457i074ni062ndxf\',\'13\',\'corte\',\'1\',\'123123\',\'Lot Chacaras\',\'A5 Arquitetura\',NULL,\'06/08/2024 14:59\',\'#ff6961\'), \'Novoi071nai072n Documento de Texto\', \'13\', \'06i061n08i061n2024 15i083n20i083n10\', \'renomeado\')')
 4 SYSTEMPATH\Database\BaseBuilder.php(2309): CodeIgniter\Database\BaseConnection->query('INSERT INTO `Historico_desenhos` (`id_desenhos`, `nome`, `individuo`, `data_hora_mod`, `status`) VALUES (:id_desenhos:, :nome:, :individuo:, :data_hora_mod:, :status:)', [...], false)
 5 SYSTEMPATH\Model.php(330): CodeIgniter\Database\BaseBuilder->insert()
 6 SYSTEMPATH\BaseModel.php(782): CodeIgniter\Model->doInsert([...])
 7 SYSTEMPATH\Model.php(730): CodeIgniter\BaseModel->insert([...], true)
 8 APPPATH\Controllers\MeusDesenhosPost.php(349): CodeIgniter\Model->insert([...])
 9 SYSTEMPATH\CodeIgniter.php(934): App\Controllers\MeusDesenhosPost->subistituir_desenho()
10 SYSTEMPATH\CodeIgniter.php(499): CodeIgniter\CodeIgniter->runController(Object(App\Controllers\MeusDesenhosPost))
11 SYSTEMPATH\CodeIgniter.php(368): CodeIgniter\CodeIgniter->handleRequest(null, Object(Config\Cache), false)
12 FCPATH\index.php(67): CodeIgniter\CodeIgniter->run()
ERROR - 2024-08-06 15:23:48 --> mysqli_sql_exception: Operand should contain 1 column(s) in C:\xampp\htdocs\codi\system\Database\MySQLi\Connection.php:295
Stack trace:
#0 C:\xampp\htdocs\codi\system\Database\MySQLi\Connection.php(295): mysqli->query('INSERT INTO `Hi...', 0)
#1 C:\xampp\htdocs\codi\system\Database\BaseConnection.php(692): CodeIgniter\Database\MySQLi\Connection->execute('INSERT INTO `Hi...')
#2 C:\xampp\htdocs\codi\system\Database\BaseConnection.php(606): CodeIgniter\Database\BaseConnection->simpleQuery('INSERT INTO `Hi...')
#3 C:\xampp\htdocs\codi\system\Database\BaseBuilder.php(2309): CodeIgniter\Database\BaseConnection->query('INSERT INTO `Hi...', Array, false)
#4 C:\xampp\htdocs\codi\system\Model.php(330): CodeIgniter\Database\BaseBuilder->insert()
#5 C:\xampp\htdocs\codi\system\BaseModel.php(782): CodeIgniter\Model->doInsert(Array)
#6 C:\xampp\htdocs\codi\system\Model.php(730): CodeIgniter\BaseModel->insert(Array, true)
#7 C:\xampp\htdocs\codi\app\Controllers\MeusDesenhosPost.php(349): CodeIgniter\Model->insert(Array)
#8 C:\xampp\htdocs\codi\system\CodeIgniter.php(934): App\Controllers\MeusDesenhosPost->subistituir_desenho()
#9 C:\xampp\htdocs\codi\system\CodeIgniter.php(499): CodeIgniter\CodeIgniter->runController(Object(App\Controllers\MeusDesenhosPost))
#10 C:\xampp\htdocs\codi\system\CodeIgniter.php(368): CodeIgniter\CodeIgniter->handleRequest(NULL, Object(Config\Cache), false)
#11 C:\xampp\htdocs\codi\public\index.php(67): CodeIgniter\CodeIgniter->run()
#12 {main}
CRITICAL - 2024-08-06 15:23:48 --> Operand should contain 1 column(s)
in SYSTEMPATH\Database\MySQLi\Connection.php on line 295.
 1 SYSTEMPATH\Database\MySQLi\Connection.php(295): mysqli->query('INSERT INTO `Historico_desenhos` (`id_desenhos`, `nome`, `individuo`, `data_hora_mod`, `status`) VALUES ((0,\'Novo(a) Documento de Texto_457_.dxf\',\'ci083ni061nwli061nwli074ndesenhosi061nA5Arquiteturai061nLotChacarasi061n123123i061nABASEPISOSi061n12777i061nNovoi071nai072n Documento de Textoi074n457i074ni062ndxf\',\'13\',\'corte\',\'1\',\'123123\',\'Lot Chacaras\',\'A5 Arquitetura\',NULL,\'06/08/2024 14:59\',\'#ff6961\'), \'Novoi071nai072n Documento de Texto\', \'13\', \'06i061n08i061n2024 15i083n23i083n48\', \'renomeado\')', 0)
 2 SYSTEMPATH\Database\BaseConnection.php(692): CodeIgniter\Database\MySQLi\Connection->execute('INSERT INTO `Historico_desenhos` (`id_desenhos`, `nome`, `individuo`, `data_hora_mod`, `status`) VALUES ((0,\'Novo(a) Documento de Texto_457_.dxf\',\'ci083ni061nwli061nwli074ndesenhosi061nA5Arquiteturai061nLotChacarasi061n123123i061nABASEPISOSi061n12777i061nNovoi071nai072n Documento de Textoi074n457i074ni062ndxf\',\'13\',\'corte\',\'1\',\'123123\',\'Lot Chacaras\',\'A5 Arquitetura\',NULL,\'06/08/2024 14:59\',\'#ff6961\'), \'Novoi071nai072n Documento de Texto\', \'13\', \'06i061n08i061n2024 15i083n23i083n48\', \'renomeado\')')
 3 SYSTEMPATH\Database\BaseConnection.php(606): CodeIgniter\Database\BaseConnection->simpleQuery('INSERT INTO `Historico_desenhos` (`id_desenhos`, `nome`, `individuo`, `data_hora_mod`, `status`) VALUES ((0,\'Novo(a) Documento de Texto_457_.dxf\',\'ci083ni061nwli061nwli074ndesenhosi061nA5Arquiteturai061nLotChacarasi061n123123i061nABASEPISOSi061n12777i061nNovoi071nai072n Documento de Textoi074n457i074ni062ndxf\',\'13\',\'corte\',\'1\',\'123123\',\'Lot Chacaras\',\'A5 Arquitetura\',NULL,\'06/08/2024 14:59\',\'#ff6961\'), \'Novoi071nai072n Documento de Texto\', \'13\', \'06i061n08i061n2024 15i083n23i083n48\', \'renomeado\')')
 4 SYSTEMPATH\Database\BaseBuilder.php(2309): CodeIgniter\Database\BaseConnection->query('INSERT INTO `Historico_desenhos` (`id_desenhos`, `nome`, `individuo`, `data_hora_mod`, `status`) VALUES (:id_desenhos:, :nome:, :individuo:, :data_hora_mod:, :status:)', [...], false)
 5 SYSTEMPATH\Model.php(330): CodeIgniter\Database\BaseBuilder->insert()
 6 SYSTEMPATH\BaseModel.php(782): CodeIgniter\Model->doInsert([...])
 7 SYSTEMPATH\Model.php(730): CodeIgniter\BaseModel->insert([...], true)
 8 APPPATH\Controllers\MeusDesenhosPost.php(349): CodeIgniter\Model->insert([...])
 9 SYSTEMPATH\CodeIgniter.php(934): App\Controllers\MeusDesenhosPost->subistituir_desenho()
10 SYSTEMPATH\CodeIgniter.php(499): CodeIgniter\CodeIgniter->runController(Object(App\Controllers\MeusDesenhosPost))
11 SYSTEMPATH\CodeIgniter.php(368): CodeIgniter\CodeIgniter->handleRequest(null, Object(Config\Cache), false)
12 FCPATH\index.php(67): CodeIgniter\CodeIgniter->run()
CRITICAL - 2024-08-06 15:34:08 --> Undefined array key "novo_nome_arquivo"
in APPPATH\Controllers\MeusDesenhosPost.php on line 264.
 1 APPPATH\Controllers\MeusDesenhosPost.php(264): CodeIgniter\Debug\Exceptions->errorHandler(2, 'Undefined array key "novo_nome_arquivo"', 'C:\\xampp\\htdocs\\codi\\app\\Controllers\\MeusDesenhosPost.php', 264)
 2 SYSTEMPATH\CodeIgniter.php(934): App\Controllers\MeusDesenhosPost->subistituir_desenho()
 3 SYSTEMPATH\CodeIgniter.php(499): CodeIgniter\CodeIgniter->runController(Object(App\Controllers\MeusDesenhosPost))
 4 SYSTEMPATH\CodeIgniter.php(368): CodeIgniter\CodeIgniter->handleRequest(null, Object(Config\Cache), false)
 5 FCPATH\index.php(67): CodeIgniter\CodeIgniter->run()
ERROR - 2024-08-06 15:34:08 --> mysqli_sql_exception: Operand should contain 1 column(s) in C:\xampp\htdocs\codi\system\Database\MySQLi\Connection.php:295
Stack trace:
#0 C:\xampp\htdocs\codi\system\Database\MySQLi\Connection.php(295): mysqli->query('INSERT INTO `Hi...', 0)
#1 C:\xampp\htdocs\codi\system\Database\BaseConnection.php(692): CodeIgniter\Database\MySQLi\Connection->execute('INSERT INTO `Hi...')
#2 C:\xampp\htdocs\codi\system\Database\BaseConnection.php(606): CodeIgniter\Database\BaseConnection->simpleQuery('INSERT INTO `Hi...')
#3 C:\xampp\htdocs\codi\system\Database\BaseBuilder.php(2309): CodeIgniter\Database\BaseConnection->query('INSERT INTO `Hi...', Array, false)
#4 C:\xampp\htdocs\codi\system\Model.php(330): CodeIgniter\Database\BaseBuilder->insert()
#5 C:\xampp\htdocs\codi\system\BaseModel.php(782): CodeIgniter\Model->doInsert(Array)
#6 C:\xampp\htdocs\codi\system\Model.php(730): CodeIgniter\BaseModel->insert(Array, true)
#7 C:\xampp\htdocs\codi\app\Controllers\MeusDesenhosPost.php(348): CodeIgniter\Model->insert(Array)
#8 C:\xampp\htdocs\codi\system\CodeIgniter.php(934): App\Controllers\MeusDesenhosPost->subistituir_desenho()
#9 C:\xampp\htdocs\codi\system\CodeIgniter.php(499): CodeIgniter\CodeIgniter->runController(Object(App\Controllers\MeusDesenhosPost))
#10 C:\xampp\htdocs\codi\system\CodeIgniter.php(368): CodeIgniter\CodeIgniter->handleRequest(NULL, Object(Config\Cache), false)
#11 C:\xampp\htdocs\codi\public\index.php(67): CodeIgniter\CodeIgniter->run()
#12 {main}
CRITICAL - 2024-08-06 15:34:08 --> Operand should contain 1 column(s)
in SYSTEMPATH\Database\MySQLi\Connection.php on line 295.
 1 SYSTEMPATH\Database\MySQLi\Connection.php(295): mysqli->query('INSERT INTO `Historico_desenhos` (`id_desenhos`, `nome`, `individuo`, `data_hora_mod`, `status`) VALUES ((0,\'Novo(a) Documento de Texto_457_.dxf\',\'ci083ni061nwli061nwli074ndesenhosi061nA5Arquiteturai061nLotChacarasi061n123123i061nABASEPISOSi061n12777i061nNovoi071nai072n Documento de Textoi074n457i074ni062ndxf\',\'13\',\'corte\',\'1\',\'123123\',\'Lot Chacaras\',\'A5 Arquitetura\',NULL,\'06/08/2024 14:59\',\'#ff6961\'), \'Novoi071nai072n Documento de Texto\', \'13\', \'06i061n08i061n2024 15i083n34i083n08\', \'renomeado\')', 0)
 2 SYSTEMPATH\Database\BaseConnection.php(692): CodeIgniter\Database\MySQLi\Connection->execute('INSERT INTO `Historico_desenhos` (`id_desenhos`, `nome`, `individuo`, `data_hora_mod`, `status`) VALUES ((0,\'Novo(a) Documento de Texto_457_.dxf\',\'ci083ni061nwli061nwli074ndesenhosi061nA5Arquiteturai061nLotChacarasi061n123123i061nABASEPISOSi061n12777i061nNovoi071nai072n Documento de Textoi074n457i074ni062ndxf\',\'13\',\'corte\',\'1\',\'123123\',\'Lot Chacaras\',\'A5 Arquitetura\',NULL,\'06/08/2024 14:59\',\'#ff6961\'), \'Novoi071nai072n Documento de Texto\', \'13\', \'06i061n08i061n2024 15i083n34i083n08\', \'renomeado\')')
 3 SYSTEMPATH\Database\BaseConnection.php(606): CodeIgniter\Database\BaseConnection->simpleQuery('INSERT INTO `Historico_desenhos` (`id_desenhos`, `nome`, `individuo`, `data_hora_mod`, `status`) VALUES ((0,\'Novo(a) Documento de Texto_457_.dxf\',\'ci083ni061nwli061nwli074ndesenhosi061nA5Arquiteturai061nLotChacarasi061n123123i061nABASEPISOSi061n12777i061nNovoi071nai072n Documento de Textoi074n457i074ni062ndxf\',\'13\',\'corte\',\'1\',\'123123\',\'Lot Chacaras\',\'A5 Arquitetura\',NULL,\'06/08/2024 14:59\',\'#ff6961\'), \'Novoi071nai072n Documento de Texto\', \'13\', \'06i061n08i061n2024 15i083n34i083n08\', \'renomeado\')')
 4 SYSTEMPATH\Database\BaseBuilder.php(2309): CodeIgniter\Database\BaseConnection->query('INSERT INTO `Historico_desenhos` (`id_desenhos`, `nome`, `individuo`, `data_hora_mod`, `status`) VALUES (:id_desenhos:, :nome:, :individuo:, :data_hora_mod:, :status:)', [...], false)
 5 SYSTEMPATH\Model.php(330): CodeIgniter\Database\BaseBuilder->insert()
 6 SYSTEMPATH\BaseModel.php(782): CodeIgniter\Model->doInsert([...])
 7 SYSTEMPATH\Model.php(730): CodeIgniter\BaseModel->insert([...], true)
 8 APPPATH\Controllers\MeusDesenhosPost.php(348): CodeIgniter\Model->insert([...])
 9 SYSTEMPATH\CodeIgniter.php(934): App\Controllers\MeusDesenhosPost->subistituir_desenho()
10 SYSTEMPATH\CodeIgniter.php(499): CodeIgniter\CodeIgniter->runController(Object(App\Controllers\MeusDesenhosPost))
11 SYSTEMPATH\CodeIgniter.php(368): CodeIgniter\CodeIgniter->handleRequest(null, Object(Config\Cache), false)
12 FCPATH\index.php(67): CodeIgniter\CodeIgniter->run()
ERROR - 2024-08-06 15:36:45 --> mysqli_sql_exception: Operand should contain 1 column(s) in C:\xampp\htdocs\codi\system\Database\MySQLi\Connection.php:295
Stack trace:
#0 C:\xampp\htdocs\codi\system\Database\MySQLi\Connection.php(295): mysqli->query('INSERT INTO `Hi...', 0)
#1 C:\xampp\htdocs\codi\system\Database\BaseConnection.php(692): CodeIgniter\Database\MySQLi\Connection->execute('INSERT INTO `Hi...')
#2 C:\xampp\htdocs\codi\system\Database\BaseConnection.php(606): CodeIgniter\Database\BaseConnection->simpleQuery('INSERT INTO `Hi...')
#3 C:\xampp\htdocs\codi\system\Database\BaseBuilder.php(2309): CodeIgniter\Database\BaseConnection->query('INSERT INTO `Hi...', Array, false)
#4 C:\xampp\htdocs\codi\system\Model.php(330): CodeIgniter\Database\BaseBuilder->insert()
#5 C:\xampp\htdocs\codi\system\BaseModel.php(782): CodeIgniter\Model->doInsert(Array)
#6 C:\xampp\htdocs\codi\system\Model.php(730): CodeIgniter\BaseModel->insert(Array, true)
#7 C:\xampp\htdocs\codi\app\Controllers\MeusDesenhosPost.php(348): CodeIgniter\Model->insert(Array)
#8 C:\xampp\htdocs\codi\system\CodeIgniter.php(934): App\Controllers\MeusDesenhosPost->subistituir_desenho()
#9 C:\xampp\htdocs\codi\system\CodeIgniter.php(499): CodeIgniter\CodeIgniter->runController(Object(App\Controllers\MeusDesenhosPost))
#10 C:\xampp\htdocs\codi\system\CodeIgniter.php(368): CodeIgniter\CodeIgniter->handleRequest(NULL, Object(Config\Cache), false)
#11 C:\xampp\htdocs\codi\public\index.php(67): CodeIgniter\CodeIgniter->run()
#12 {main}
CRITICAL - 2024-08-06 15:36:45 --> Operand should contain 1 column(s)
in SYSTEMPATH\Database\MySQLi\Connection.php on line 295.
 1 SYSTEMPATH\Database\MySQLi\Connection.php(295): mysqli->query('INSERT INTO `Historico_desenhos` (`id_desenhos`, `nome`, `individuo`, `data_hora_mod`, `status`) VALUES ((0,\'Novo(a) Documento de Texto_457_.dxf\',\'ci083ni061nwli061nwli074ndesenhosi061nA5Arquiteturai061nLotChacarasi061n123123i061nABASEPISOSi061n12777i061nNovoi071nai072n Documento de Textoi074n457i074ni062ndxf\',\'13\',\'corte\',\'1\',\'123123\',\'Lot Chacaras\',\'A5 Arquitetura\',NULL,\'06/08/2024 14:59\',\'#ff6961\'), \'Novoi071nai072n Documento de Texto\', \'13\', \'06i061n08i061n2024 15i083n36i083n45\', \'renomeado\')', 0)
 2 SYSTEMPATH\Database\BaseConnection.php(692): CodeIgniter\Database\MySQLi\Connection->execute('INSERT INTO `Historico_desenhos` (`id_desenhos`, `nome`, `individuo`, `data_hora_mod`, `status`) VALUES ((0,\'Novo(a) Documento de Texto_457_.dxf\',\'ci083ni061nwli061nwli074ndesenhosi061nA5Arquiteturai061nLotChacarasi061n123123i061nABASEPISOSi061n12777i061nNovoi071nai072n Documento de Textoi074n457i074ni062ndxf\',\'13\',\'corte\',\'1\',\'123123\',\'Lot Chacaras\',\'A5 Arquitetura\',NULL,\'06/08/2024 14:59\',\'#ff6961\'), \'Novoi071nai072n Documento de Texto\', \'13\', \'06i061n08i061n2024 15i083n36i083n45\', \'renomeado\')')
 3 SYSTEMPATH\Database\BaseConnection.php(606): CodeIgniter\Database\BaseConnection->simpleQuery('INSERT INTO `Historico_desenhos` (`id_desenhos`, `nome`, `individuo`, `data_hora_mod`, `status`) VALUES ((0,\'Novo(a) Documento de Texto_457_.dxf\',\'ci083ni061nwli061nwli074ndesenhosi061nA5Arquiteturai061nLotChacarasi061n123123i061nABASEPISOSi061n12777i061nNovoi071nai072n Documento de Textoi074n457i074ni062ndxf\',\'13\',\'corte\',\'1\',\'123123\',\'Lot Chacaras\',\'A5 Arquitetura\',NULL,\'06/08/2024 14:59\',\'#ff6961\'), \'Novoi071nai072n Documento de Texto\', \'13\', \'06i061n08i061n2024 15i083n36i083n45\', \'renomeado\')')
 4 SYSTEMPATH\Database\BaseBuilder.php(2309): CodeIgniter\Database\BaseConnection->query('INSERT INTO `Historico_desenhos` (`id_desenhos`, `nome`, `individuo`, `data_hora_mod`, `status`) VALUES (:id_desenhos:, :nome:, :individuo:, :data_hora_mod:, :status:)', [...], false)
 5 SYSTEMPATH\Model.php(330): CodeIgniter\Database\BaseBuilder->insert()
 6 SYSTEMPATH\BaseModel.php(782): CodeIgniter\Model->doInsert([...])
 7 SYSTEMPATH\Model.php(730): CodeIgniter\BaseModel->insert([...], true)
 8 APPPATH\Controllers\MeusDesenhosPost.php(348): CodeIgniter\Model->insert([...])
 9 SYSTEMPATH\CodeIgniter.php(934): App\Controllers\MeusDesenhosPost->subistituir_desenho()
10 SYSTEMPATH\CodeIgniter.php(499): CodeIgniter\CodeIgniter->runController(Object(App\Controllers\MeusDesenhosPost))
11 SYSTEMPATH\CodeIgniter.php(368): CodeIgniter\CodeIgniter->handleRequest(null, Object(Config\Cache), false)
12 FCPATH\index.php(67): CodeIgniter\CodeIgniter->run()
CRITICAL - 2024-08-06 15:36:49 --> Undefined array key "permissao"
in APPPATH\Controllers\Pagina.php on line 874.
 1 APPPATH\Controllers\Pagina.php(874): CodeIgniter\Debug\Exceptions->errorHandler(2, 'Undefined array key "permissao"', 'C:\\xampp\\htdocs\\codi\\app\\Controllers\\Pagina.php', 874)
 2 APPPATH\Controllers\Pagina.php(159): App\Controllers\Pagina->menu('desenhos', 'desenhos')
 3 SYSTEMPATH\CodeIgniter.php(934): App\Controllers\Pagina->desenho_meus()
 4 SYSTEMPATH\CodeIgniter.php(499): CodeIgniter\CodeIgniter->runController(Object(App\Controllers\Pagina))
 5 SYSTEMPATH\CodeIgniter.php(368): CodeIgniter\CodeIgniter->handleRequest(null, Object(Config\Cache), false)
 6 FCPATH\index.php(67): CodeIgniter\CodeIgniter->run()
CRITICAL - 2024-08-06 15:38:04 --> Undefined array key "permissao"
in APPPATH\Controllers\Pagina.php on line 874.
 1 APPPATH\Controllers\Pagina.php(874): CodeIgniter\Debug\Exceptions->errorHandler(2, 'Undefined array key "permissao"', 'C:\\xampp\\htdocs\\codi\\app\\Controllers\\Pagina.php', 874)
 2 APPPATH\Controllers\Pagina.php(107): App\Controllers\Pagina->menu('desenhos', 'adicionar')
 3 SYSTEMPATH\CodeIgniter.php(934): App\Controllers\Pagina->desenho_adicionar()
 4 SYSTEMPATH\CodeIgniter.php(499): CodeIgniter\CodeIgniter->runController(Object(App\Controllers\Pagina))
 5 SYSTEMPATH\CodeIgniter.php(368): CodeIgniter\CodeIgniter->handleRequest(null, Object(Config\Cache), false)
 6 FCPATH\index.php(67): CodeIgniter\CodeIgniter->run()
CRITICAL - 2024-08-06 15:39:41 --> Undefined array key "permissao"
in APPPATH\Controllers\Pagina.php on line 874.
 1 APPPATH\Controllers\Pagina.php(874): CodeIgniter\Debug\Exceptions->errorHandler(2, 'Undefined array key "permissao"', 'C:\\xampp\\htdocs\\codi\\app\\Controllers\\Pagina.php', 874)
 2 APPPATH\Controllers\Pagina.php(159): App\Controllers\Pagina->menu('desenhos', 'desenhos')
 3 SYSTEMPATH\CodeIgniter.php(934): App\Controllers\Pagina->desenho_meus()
 4 SYSTEMPATH\CodeIgniter.php(499): CodeIgniter\CodeIgniter->runController(Object(App\Controllers\Pagina))
 5 SYSTEMPATH\CodeIgniter.php(368): CodeIgniter\CodeIgniter->handleRequest(null, Object(Config\Cache), false)
 6 FCPATH\index.php(67): CodeIgniter\CodeIgniter->run()
CRITICAL - 2024-08-06 15:44:19 --> Undefined array key "lista_ids"
in APPPATH\Controllers\MeusDesenhosPost.php on line 273.
 1 APPPATH\Controllers\MeusDesenhosPost.php(273): CodeIgniter\Debug\Exceptions->errorHandler(2, 'Undefined array key "lista_ids"', 'C:\\xampp\\htdocs\\codi\\app\\Controllers\\MeusDesenhosPost.php', 273)
 2 SYSTEMPATH\CodeIgniter.php(934): App\Controllers\MeusDesenhosPost->subistituir_desenho()
 3 SYSTEMPATH\CodeIgniter.php(499): CodeIgniter\CodeIgniter->runController(Object(App\Controllers\MeusDesenhosPost))
 4 SYSTEMPATH\CodeIgniter.php(368): CodeIgniter\CodeIgniter->handleRequest(null, Object(Config\Cache), false)
 5 FCPATH\index.php(67): CodeIgniter\CodeIgniter->run()
CRITICAL - 2024-08-06 15:44:19 --> Undefined array key "lista_ids"
in APPPATH\Controllers\MeusDesenhosPost.php on line 273.
 1 APPPATH\Controllers\MeusDesenhosPost.php(273): CodeIgniter\Debug\Exceptions->errorHandler(2, 'Undefined array key "lista_ids"', 'C:\\xampp\\htdocs\\codi\\app\\Controllers\\MeusDesenhosPost.php', 273)
 2 SYSTEMPATH\CodeIgniter.php(934): App\Controllers\MeusDesenhosPost->subistituir_desenho()
 3 SYSTEMPATH\CodeIgniter.php(499): CodeIgniter\CodeIgniter->runController(Object(App\Controllers\MeusDesenhosPost))
 4 SYSTEMPATH\CodeIgniter.php(368): CodeIgniter\CodeIgniter->handleRequest(null, Object(Config\Cache), false)
 5 FCPATH\index.php(67): CodeIgniter\CodeIgniter->run()
CRITICAL - 2024-08-06 15:59:31 --> Undefined array key "permissao"
in APPPATH\Controllers\Pagina.php on line 874.
 1 APPPATH\Controllers\Pagina.php(874): CodeIgniter\Debug\Exceptions->errorHandler(2, 'Undefined array key "permissao"', 'C:\\xampp\\htdocs\\codi\\app\\Controllers\\Pagina.php', 874)
 2 APPPATH\Controllers\Pagina.php(159): App\Controllers\Pagina->menu('desenhos', 'desenhos')
 3 SYSTEMPATH\CodeIgniter.php(934): App\Controllers\Pagina->desenho_meus()
 4 SYSTEMPATH\CodeIgniter.php(499): CodeIgniter\CodeIgniter->runController(Object(App\Controllers\Pagina))
 5 SYSTEMPATH\CodeIgniter.php(368): CodeIgniter\CodeIgniter->handleRequest(null, Object(Config\Cache), false)
 6 FCPATH\index.php(67): CodeIgniter\CodeIgniter->run()
CRITICAL - 2024-08-06 16:00:04 --> Undefined array key "permissao"
in APPPATH\Controllers\Pagina.php on line 874.
 1 APPPATH\Controllers\Pagina.php(874): CodeIgniter\Debug\Exceptions->errorHandler(2, 'Undefined array key "permissao"', 'C:\\xampp\\htdocs\\codi\\app\\Controllers\\Pagina.php', 874)
 2 APPPATH\Controllers\Pagina.php(107): App\Controllers\Pagina->menu('desenhos', 'adicionar')
 3 SYSTEMPATH\CodeIgniter.php(934): App\Controllers\Pagina->desenho_adicionar()
 4 SYSTEMPATH\CodeIgniter.php(499): CodeIgniter\CodeIgniter->runController(Object(App\Controllers\Pagina))
 5 SYSTEMPATH\CodeIgniter.php(368): CodeIgniter\CodeIgniter->handleRequest(null, Object(Config\Cache), false)
 6 FCPATH\index.php(67): CodeIgniter\CodeIgniter->run()
CRITICAL - 2024-08-06 16:00:51 --> Undefined array key "permissao"
in APPPATH\Controllers\Pagina.php on line 874.
 1 APPPATH\Controllers\Pagina.php(874): CodeIgniter\Debug\Exceptions->errorHandler(2, 'Undefined array key "permissao"', 'C:\\xampp\\htdocs\\codi\\app\\Controllers\\Pagina.php', 874)
 2 APPPATH\Controllers\Pagina.php(107): App\Controllers\Pagina->menu('desenhos', 'adicionar')
 3 SYSTEMPATH\CodeIgniter.php(934): App\Controllers\Pagina->desenho_adicionar()
 4 SYSTEMPATH\CodeIgniter.php(499): CodeIgniter\CodeIgniter->runController(Object(App\Controllers\Pagina))
 5 SYSTEMPATH\CodeIgniter.php(368): CodeIgniter\CodeIgniter->handleRequest(null, Object(Config\Cache), false)
 6 FCPATH\index.php(67): CodeIgniter\CodeIgniter->run()
CRITICAL - 2024-08-06 16:04:47 --> Undefined array key "permissao"
in APPPATH\Controllers\Pagina.php on line 874.
 1 APPPATH\Controllers\Pagina.php(874): CodeIgniter\Debug\Exceptions->errorHandler(2, 'Undefined array key "permissao"', 'C:\\xampp\\htdocs\\codi\\app\\Controllers\\Pagina.php', 874)
 2 APPPATH\Controllers\Pagina.php(107): App\Controllers\Pagina->menu('desenhos', 'adicionar')
 3 SYSTEMPATH\CodeIgniter.php(934): App\Controllers\Pagina->desenho_adicionar()
 4 SYSTEMPATH\CodeIgniter.php(499): CodeIgniter\CodeIgniter->runController(Object(App\Controllers\Pagina))
 5 SYSTEMPATH\CodeIgniter.php(368): CodeIgniter\CodeIgniter->handleRequest(null, Object(Config\Cache), false)
 6 FCPATH\index.php(67): CodeIgniter\CodeIgniter->run()
CRITICAL - 2024-08-06 16:07:29 --> Undefined array key "permissao"
in APPPATH\Controllers\Pagina.php on line 874.
 1 APPPATH\Controllers\Pagina.php(874): CodeIgniter\Debug\Exceptions->errorHandler(2, 'Undefined array key "permissao"', 'C:\\xampp\\htdocs\\codi\\app\\Controllers\\Pagina.php', 874)
 2 APPPATH\Controllers\Pagina.php(159): App\Controllers\Pagina->menu('desenhos', 'desenhos')
 3 SYSTEMPATH\CodeIgniter.php(934): App\Controllers\Pagina->desenho_meus()
 4 SYSTEMPATH\CodeIgniter.php(499): CodeIgniter\CodeIgniter->runController(Object(App\Controllers\Pagina))
 5 SYSTEMPATH\CodeIgniter.php(368): CodeIgniter\CodeIgniter->handleRequest(null, Object(Config\Cache), false)
 6 FCPATH\index.php(67): CodeIgniter\CodeIgniter->run()
CRITICAL - 2024-08-06 16:07:52 --> Undefined array key "novo_nome_arquivo"
in APPPATH\Controllers\MeusDesenhosPost.php on line 264.
 1 APPPATH\Controllers\MeusDesenhosPost.php(264): CodeIgniter\Debug\Exceptions->errorHandler(2, 'Undefined array key "novo_nome_arquivo"', 'C:\\xampp\\htdocs\\codi\\app\\Controllers\\MeusDesenhosPost.php', 264)
 2 SYSTEMPATH\CodeIgniter.php(934): App\Controllers\MeusDesenhosPost->subistituir_desenho()
 3 SYSTEMPATH\CodeIgniter.php(499): CodeIgniter\CodeIgniter->runController(Object(App\Controllers\MeusDesenhosPost))
 4 SYSTEMPATH\CodeIgniter.php(368): CodeIgniter\CodeIgniter->handleRequest(null, Object(Config\Cache), false)
 5 FCPATH\index.php(67): CodeIgniter\CodeIgniter->run()
CRITICAL - 2024-08-06 16:08:33 --> Undefined array key "lista"
in APPPATH\Controllers\DesenhoPost.php on line 43.
 1 APPPATH\Controllers\DesenhoPost.php(43): CodeIgniter\Debug\Exceptions->errorHandler(2, 'Undefined array key "lista"', 'C:\\xampp\\htdocs\\codi\\app\\Controllers\\DesenhoPost.php', 43)
 2 SYSTEMPATH\CodeIgniter.php(934): App\Controllers\DesenhoPost->desenho_update()
 3 SYSTEMPATH\CodeIgniter.php(499): CodeIgniter\CodeIgniter->runController(Object(App\Controllers\DesenhoPost))
 4 SYSTEMPATH\CodeIgniter.php(368): CodeIgniter\CodeIgniter->handleRequest(null, Object(Config\Cache), false)
 5 FCPATH\index.php(67): CodeIgniter\CodeIgniter->run()
CRITICAL - 2024-08-06 16:08:42 --> Undefined array key "lista"
in APPPATH\Controllers\DesenhoPost.php on line 43.
 1 APPPATH\Controllers\DesenhoPost.php(43): CodeIgniter\Debug\Exceptions->errorHandler(2, 'Undefined array key "lista"', 'C:\\xampp\\htdocs\\codi\\app\\Controllers\\DesenhoPost.php', 43)
 2 SYSTEMPATH\CodeIgniter.php(934): App\Controllers\DesenhoPost->desenho_update()
 3 SYSTEMPATH\CodeIgniter.php(499): CodeIgniter\CodeIgniter->runController(Object(App\Controllers\DesenhoPost))
 4 SYSTEMPATH\CodeIgniter.php(368): CodeIgniter\CodeIgniter->handleRequest(null, Object(Config\Cache), false)
 5 FCPATH\index.php(67): CodeIgniter\CodeIgniter->run()
CRITICAL - 2024-08-06 17:43:08 --> unlink(c:/wl/wl_desenhos/A5Arquitetura/LotChacaras/123123/ABASEPISOS/12777/): Is a directory
in APPPATH\Controllers\MeusDesenhosPost.php on line 303.
 1 [internal function]: CodeIgniter\Debug\Exceptions->errorHandler(2, 'unlink(c:/wl/wl_desenhos/A5Arquitetura/LotChacaras/123123/ABASEPISOS/12777/): Is a directory', 'C:\\xampp\\htdocs\\codi\\app\\Controllers\\MeusDesenhosPost.php', 303)
 2 APPPATH\Controllers\MeusDesenhosPost.php(303): unlink('c:/wl/wl_desenhos/A5Arquitetura/LotChacaras/123123/ABASEPISOS/12777/')
 3 SYSTEMPATH\CodeIgniter.php(934): App\Controllers\MeusDesenhosPost->subistituir_desenho()
 4 SYSTEMPATH\CodeIgniter.php(499): CodeIgniter\CodeIgniter->runController(Object(App\Controllers\MeusDesenhosPost))
 5 SYSTEMPATH\CodeIgniter.php(368): CodeIgniter\CodeIgniter->handleRequest(null, Object(Config\Cache), false)
 6 FCPATH\index.php(67): CodeIgniter\CodeIgniter->run()
CRITICAL - 2024-08-06 17:43:08 --> unlink(c:/wl/wl_desenhos/A5Arquitetura/LotChacaras/123123/ABASEPISOS/12777/): Is a directory
in APPPATH\Controllers\MeusDesenhosPost.php on line 303.
 1 [internal function]: CodeIgniter\Debug\Exceptions->errorHandler(2, 'unlink(c:/wl/wl_desenhos/A5Arquitetura/LotChacaras/123123/ABASEPISOS/12777/): Is a directory', 'C:\\xampp\\htdocs\\codi\\app\\Controllers\\MeusDesenhosPost.php', 303)
 2 APPPATH\Controllers\MeusDesenhosPost.php(303): unlink('c:/wl/wl_desenhos/A5Arquitetura/LotChacaras/123123/ABASEPISOS/12777/')
 3 SYSTEMPATH\CodeIgniter.php(934): App\Controllers\MeusDesenhosPost->subistituir_desenho()
 4 SYSTEMPATH\CodeIgniter.php(499): CodeIgniter\CodeIgniter->runController(Object(App\Controllers\MeusDesenhosPost))
 5 SYSTEMPATH\CodeIgniter.php(368): CodeIgniter\CodeIgniter->handleRequest(null, Object(Config\Cache), false)
 6 FCPATH\index.php(67): CodeIgniter\CodeIgniter->run()
CRITICAL - 2024-08-06 17:43:09 --> unlink(c:/wl/wl_desenhos/A5Arquitetura/LotChacaras/123123/ABASEPISOS/12777/): Is a directory
in APPPATH\Controllers\MeusDesenhosPost.php on line 303.
 1 [internal function]: CodeIgniter\Debug\Exceptions->errorHandler(2, 'unlink(c:/wl/wl_desenhos/A5Arquitetura/LotChacaras/123123/ABASEPISOS/12777/): Is a directory', 'C:\\xampp\\htdocs\\codi\\app\\Controllers\\MeusDesenhosPost.php', 303)
 2 APPPATH\Controllers\MeusDesenhosPost.php(303): unlink('c:/wl/wl_desenhos/A5Arquitetura/LotChacaras/123123/ABASEPISOS/12777/')
 3 SYSTEMPATH\CodeIgniter.php(934): App\Controllers\MeusDesenhosPost->subistituir_desenho()
 4 SYSTEMPATH\CodeIgniter.php(499): CodeIgniter\CodeIgniter->runController(Object(App\Controllers\MeusDesenhosPost))
 5 SYSTEMPATH\CodeIgniter.php(368): CodeIgniter\CodeIgniter->handleRequest(null, Object(Config\Cache), false)
 6 FCPATH\index.php(67): CodeIgniter\CodeIgniter->run()
CRITICAL - 2024-08-06 17:43:09 --> unlink(c:/wl/wl_desenhos/A5Arquitetura/LotChacaras/123123/ABASEPISOS/12777/): Is a directory
in APPPATH\Controllers\MeusDesenhosPost.php on line 303.
 1 [internal function]: CodeIgniter\Debug\Exceptions->errorHandler(2, 'unlink(c:/wl/wl_desenhos/A5Arquitetura/LotChacaras/123123/ABASEPISOS/12777/): Is a directory', 'C:\\xampp\\htdocs\\codi\\app\\Controllers\\MeusDesenhosPost.php', 303)
 2 APPPATH\Controllers\MeusDesenhosPost.php(303): unlink('c:/wl/wl_desenhos/A5Arquitetura/LotChacaras/123123/ABASEPISOS/12777/')
 3 SYSTEMPATH\CodeIgniter.php(934): App\Controllers\MeusDesenhosPost->subistituir_desenho()
 4 SYSTEMPATH\CodeIgniter.php(499): CodeIgniter\CodeIgniter->runController(Object(App\Controllers\MeusDesenhosPost))
 5 SYSTEMPATH\CodeIgniter.php(368): CodeIgniter\CodeIgniter->handleRequest(null, Object(Config\Cache), false)
 6 FCPATH\index.php(67): CodeIgniter\CodeIgniter->run()
CRITICAL - 2024-08-06 17:43:10 --> unlink(c:/wl/wl_desenhos/A5Arquitetura/LotChacaras/123123/ABASEPISOS/12777/): Is a directory
in APPPATH\Controllers\MeusDesenhosPost.php on line 303.
 1 [internal function]: CodeIgniter\Debug\Exceptions->errorHandler(2, 'unlink(c:/wl/wl_desenhos/A5Arquitetura/LotChacaras/123123/ABASEPISOS/12777/): Is a directory', 'C:\\xampp\\htdocs\\codi\\app\\Controllers\\MeusDesenhosPost.php', 303)
 2 APPPATH\Controllers\MeusDesenhosPost.php(303): unlink('c:/wl/wl_desenhos/A5Arquitetura/LotChacaras/123123/ABASEPISOS/12777/')
 3 SYSTEMPATH\CodeIgniter.php(934): App\Controllers\MeusDesenhosPost->subistituir_desenho()
 4 SYSTEMPATH\CodeIgniter.php(499): CodeIgniter\CodeIgniter->runController(Object(App\Controllers\MeusDesenhosPost))
 5 SYSTEMPATH\CodeIgniter.php(368): CodeIgniter\CodeIgniter->handleRequest(null, Object(Config\Cache), false)
 6 FCPATH\index.php(67): CodeIgniter\CodeIgniter->run()
CRITICAL - 2024-08-06 17:43:10 --> unlink(c:/wl/wl_desenhos/A5Arquitetura/LotChacaras/123123/ABASEPISOS/12777/): Is a directory
in APPPATH\Controllers\MeusDesenhosPost.php on line 303.
 1 [internal function]: CodeIgniter\Debug\Exceptions->errorHandler(2, 'unlink(c:/wl/wl_desenhos/A5Arquitetura/LotChacaras/123123/ABASEPISOS/12777/): Is a directory', 'C:\\xampp\\htdocs\\codi\\app\\Controllers\\MeusDesenhosPost.php', 303)
 2 APPPATH\Controllers\MeusDesenhosPost.php(303): unlink('c:/wl/wl_desenhos/A5Arquitetura/LotChacaras/123123/ABASEPISOS/12777/')
 3 SYSTEMPATH\CodeIgniter.php(934): App\Controllers\MeusDesenhosPost->subistituir_desenho()
 4 SYSTEMPATH\CodeIgniter.php(499): CodeIgniter\CodeIgniter->runController(Object(App\Controllers\MeusDesenhosPost))
 5 SYSTEMPATH\CodeIgniter.php(368): CodeIgniter\CodeIgniter->handleRequest(null, Object(Config\Cache), false)
 6 FCPATH\index.php(67): CodeIgniter\CodeIgniter->run()
CRITICAL - 2024-08-06 17:43:12 --> unlink(c:/wl/wl_desenhos/A5Arquitetura/LotChacaras/123123/ABASEPISOS/12777/): Is a directory
in APPPATH\Controllers\MeusDesenhosPost.php on line 303.
 1 [internal function]: CodeIgniter\Debug\Exceptions->errorHandler(2, 'unlink(c:/wl/wl_desenhos/A5Arquitetura/LotChacaras/123123/ABASEPISOS/12777/): Is a directory', 'C:\\xampp\\htdocs\\codi\\app\\Controllers\\MeusDesenhosPost.php', 303)
 2 APPPATH\Controllers\MeusDesenhosPost.php(303): unlink('c:/wl/wl_desenhos/A5Arquitetura/LotChacaras/123123/ABASEPISOS/12777/')
 3 SYSTEMPATH\CodeIgniter.php(934): App\Controllers\MeusDesenhosPost->subistituir_desenho()
 4 SYSTEMPATH\CodeIgniter.php(499): CodeIgniter\CodeIgniter->runController(Object(App\Controllers\MeusDesenhosPost))
 5 SYSTEMPATH\CodeIgniter.php(368): CodeIgniter\CodeIgniter->handleRequest(null, Object(Config\Cache), false)
 6 FCPATH\index.php(67): CodeIgniter\CodeIgniter->run()
CRITICAL - 2024-08-06 17:43:12 --> unlink(c:/wl/wl_desenhos/A5Arquitetura/LotChacaras/123123/ABASEPISOS/12777/): Is a directory
in APPPATH\Controllers\MeusDesenhosPost.php on line 303.
 1 [internal function]: CodeIgniter\Debug\Exceptions->errorHandler(2, 'unlink(c:/wl/wl_desenhos/A5Arquitetura/LotChacaras/123123/ABASEPISOS/12777/): Is a directory', 'C:\\xampp\\htdocs\\codi\\app\\Controllers\\MeusDesenhosPost.php', 303)
 2 APPPATH\Controllers\MeusDesenhosPost.php(303): unlink('c:/wl/wl_desenhos/A5Arquitetura/LotChacaras/123123/ABASEPISOS/12777/')
 3 SYSTEMPATH\CodeIgniter.php(934): App\Controllers\MeusDesenhosPost->subistituir_desenho()
 4 SYSTEMPATH\CodeIgniter.php(499): CodeIgniter\CodeIgniter->runController(Object(App\Controllers\MeusDesenhosPost))
 5 SYSTEMPATH\CodeIgniter.php(368): CodeIgniter\CodeIgniter->handleRequest(null, Object(Config\Cache), false)
 6 FCPATH\index.php(67): CodeIgniter\CodeIgniter->run()
CRITICAL - 2024-08-06 17:46:56 --> unlink(c:/wl/wl_desenhos/A5Arquitetura/LotChacaras/123123/ABASEPISOS/12777/): Is a directory
in APPPATH\Controllers\MeusDesenhosPost.php on line 303.
 1 [internal function]: CodeIgniter\Debug\Exceptions->errorHandler(2, 'unlink(c:/wl/wl_desenhos/A5Arquitetura/LotChacaras/123123/ABASEPISOS/12777/): Is a directory', 'C:\\xampp\\htdocs\\codi\\app\\Controllers\\MeusDesenhosPost.php', 303)
 2 APPPATH\Controllers\MeusDesenhosPost.php(303): unlink('c:/wl/wl_desenhos/A5Arquitetura/LotChacaras/123123/ABASEPISOS/12777/')
 3 SYSTEMPATH\CodeIgniter.php(934): App\Controllers\MeusDesenhosPost->subistituir_desenho()
 4 SYSTEMPATH\CodeIgniter.php(499): CodeIgniter\CodeIgniter->runController(Object(App\Controllers\MeusDesenhosPost))
 5 SYSTEMPATH\CodeIgniter.php(368): CodeIgniter\CodeIgniter->handleRequest(null, Object(Config\Cache), false)
 6 FCPATH\index.php(67): CodeIgniter\CodeIgniter->run()
CRITICAL - 2024-08-06 17:46:56 --> unlink(c:/wl/wl_desenhos/A5Arquitetura/LotChacaras/123123/ABASEPISOS/12777/): Is a directory
in APPPATH\Controllers\MeusDesenhosPost.php on line 303.
 1 [internal function]: CodeIgniter\Debug\Exceptions->errorHandler(2, 'unlink(c:/wl/wl_desenhos/A5Arquitetura/LotChacaras/123123/ABASEPISOS/12777/): Is a directory', 'C:\\xampp\\htdocs\\codi\\app\\Controllers\\MeusDesenhosPost.php', 303)
 2 APPPATH\Controllers\MeusDesenhosPost.php(303): unlink('c:/wl/wl_desenhos/A5Arquitetura/LotChacaras/123123/ABASEPISOS/12777/')
 3 SYSTEMPATH\CodeIgniter.php(934): App\Controllers\MeusDesenhosPost->subistituir_desenho()
 4 SYSTEMPATH\CodeIgniter.php(499): CodeIgniter\CodeIgniter->runController(Object(App\Controllers\MeusDesenhosPost))
 5 SYSTEMPATH\CodeIgniter.php(368): CodeIgniter\CodeIgniter->handleRequest(null, Object(Config\Cache), false)
 6 FCPATH\index.php(67): CodeIgniter\CodeIgniter->run()
CRITICAL - 2024-08-06 17:49:00 --> Cannot access offset of type string on string
in APPPATH\Controllers\MeusDesenhosPost.php on line 258.
 1 SYSTEMPATH\CodeIgniter.php(934): App\Controllers\MeusDesenhosPost->subistituir_desenho()
 2 SYSTEMPATH\CodeIgniter.php(499): CodeIgniter\CodeIgniter->runController(Object(App\Controllers\MeusDesenhosPost))
 3 SYSTEMPATH\CodeIgniter.php(368): CodeIgniter\CodeIgniter->handleRequest(null, Object(Config\Cache), false)
 4 FCPATH\index.php(67): CodeIgniter\CodeIgniter->run()
CRITICAL - 2024-08-06 17:49:00 --> Cannot access offset of type string on string
in APPPATH\Controllers\MeusDesenhosPost.php on line 258.
 1 SYSTEMPATH\CodeIgniter.php(934): App\Controllers\MeusDesenhosPost->subistituir_desenho()
 2 SYSTEMPATH\CodeIgniter.php(499): CodeIgniter\CodeIgniter->runController(Object(App\Controllers\MeusDesenhosPost))
 3 SYSTEMPATH\CodeIgniter.php(368): CodeIgniter\CodeIgniter->handleRequest(null, Object(Config\Cache), false)
 4 FCPATH\index.php(67): CodeIgniter\CodeIgniter->run()
