CRITICAL - 2024-12-16 21:23:05 --> mkdir(): No such file or directory
in APPPATH\Controllers\Ferramentas.php on line 694.
 1 [internal function]: CodeIgniter\Debug\Exceptions->errorHandler(2, 'mkdir(): No such file or directory', 'C:\\xampp\\htdocs\\codi\\app\\Controllers\\Ferramentas.php', 694)
 2 APPPATH\Controllers\Ferramentas.php(694): mkdir('C:/wl/lixo/wl/wl_desenhos/c:/', 511)
 3 APPPATH\Controllers\DesenhoPost.php(208): App\Controllers\Ferramentas::criet_diretorio('C:/wl/lixo/wl/wl_desenhos/c:/wl/TESTE/A5_ARQUITETURA/LOT_CHACARAS/ACABAMENTO/TESTE1/')
 4 SYSTEMPATH\CodeIgniter.php(934): App\Controllers\DesenhoPost->apagar_desenho()
 5 SYSTEMPATH\CodeIgniter.php(499): CodeIgniter\CodeIgniter->runController(Object(App\Controllers\DesenhoPost))
 6 SYSTEMPATH\CodeIgniter.php(368): CodeIgniter\CodeIgniter->handleRequest(null, Object(Config\Cache), false)
 7 FCPATH\index.php(67): CodeIgniter\CodeIgniter->run()
CRITICAL - 2024-12-16 21:23:37 --> mkdir(): No such file or directory
in APPPATH\Controllers\Ferramentas.php on line 694.
 1 [internal function]: CodeIgniter\Debug\Exceptions->errorHandler(2, 'mkdir(): No such file or directory', 'C:\\xampp\\htdocs\\codi\\app\\Controllers\\Ferramentas.php', 694)
 2 APPPATH\Controllers\Ferramentas.php(694): mkdir('C:/wl/lixo/wl/wl_desenhos/c:/', 511)
 3 APPPATH\Controllers\DesenhoPost.php(208): App\Controllers\Ferramentas::criet_diretorio('C:/wl/lixo/wl/wl_desenhos/c:/wl/TESTE/A5_ARQUITETURA/LOT_CHACARAS/ACABAMENTO/TESTE1/')
 4 SYSTEMPATH\CodeIgniter.php(934): App\Controllers\DesenhoPost->apagar_desenho()
 5 SYSTEMPATH\CodeIgniter.php(499): CodeIgniter\CodeIgniter->runController(Object(App\Controllers\DesenhoPost))
 6 SYSTEMPATH\CodeIgniter.php(368): CodeIgniter\CodeIgniter->handleRequest(null, Object(Config\Cache), false)
 7 FCPATH\index.php(67): CodeIgniter\CodeIgniter->run()
CRITICAL - 2024-12-16 21:25:26 --> mkdir(): No such file or directory
in APPPATH\Controllers\Ferramentas.php on line 694.
 1 [internal function]: CodeIgniter\Debug\Exceptions->errorHandler(2, 'mkdir(): No such file or directory', 'C:\\xampp\\htdocs\\codi\\app\\Controllers\\Ferramentas.php', 694)
 2 APPPATH\Controllers\Ferramentas.php(694): mkdir('C:/wl/lixo/wl/wl_desenhos/c:/', 511)
 3 APPPATH\Controllers\DesenhoPost.php(208): App\Controllers\Ferramentas::criet_diretorio('C:/wl/lixo/wl/wl_desenhos/c:/wl/TESTE/A5_ARQUITETURA/LOT_CHACARAS/ACABAMENTO/TESTE1/')
 4 SYSTEMPATH\CodeIgniter.php(934): App\Controllers\DesenhoPost->apagar_desenho()
 5 SYSTEMPATH\CodeIgniter.php(499): CodeIgniter\CodeIgniter->runController(Object(App\Controllers\DesenhoPost))
 6 SYSTEMPATH\CodeIgniter.php(368): CodeIgniter\CodeIgniter->handleRequest(null, Object(Config\Cache), false)
 7 FCPATH\index.php(67): CodeIgniter\CodeIgniter->run()
CRITICAL - 2024-12-16 21:25:56 --> mkdir(): No such file or directory
in APPPATH\Controllers\Ferramentas.php on line 694.
 1 [internal function]: CodeIgniter\Debug\Exceptions->errorHandler(2, 'mkdir(): No such file or directory', 'C:\\xampp\\htdocs\\codi\\app\\Controllers\\Ferramentas.php', 694)
 2 APPPATH\Controllers\Ferramentas.php(694): mkdir('C:/wl/lixo/wl/wl_desenhos/c:/', 511)
 3 APPPATH\Controllers\DesenhoPost.php(208): App\Controllers\Ferramentas::criet_diretorio('C:/wl/lixo/wl/wl_desenhos/c:/wl/TESTE/A5_ARQUITETURA/LOT_CHACARAS/ACABAMENTO/TESTE1/')
 4 SYSTEMPATH\CodeIgniter.php(934): App\Controllers\DesenhoPost->apagar_desenho()
 5 SYSTEMPATH\CodeIgniter.php(499): CodeIgniter\CodeIgniter->runController(Object(App\Controllers\DesenhoPost))
 6 SYSTEMPATH\CodeIgniter.php(368): CodeIgniter\CodeIgniter->handleRequest(null, Object(Config\Cache), false)
 7 FCPATH\index.php(67): CodeIgniter\CodeIgniter->run()
