CRITICAL - 2024-01-10 09:49:27 --> Undefined array key "usuario"
in APPPATH\Controllers\CortadorPost.php on line 354.
 1 APPPATH\Controllers\CortadorPost.php(354): CodeIgniter\Debug\Exceptions->errorHandler(2, 'Undefined array key "usuario"', 'C:\\xampp\\htdocs\\codi\\app\\Controllers\\CortadorPost.php', 354)
 2 SYSTEMPATH\CodeIgniter.php(934): App\Controllers\CortadorPost->caminho_desenho()
 3 SYSTEMPATH\CodeIgniter.php(499): CodeIgniter\CodeIgniter->runController(Object(App\Controllers\CortadorPost))
 4 SYSTEMPATH\CodeIgniter.php(368): CodeIgniter\CodeIgniter->handleRequest(null, Object(Config\Cache), false)
 5 FCPATH\index.php(67): CodeIgniter\CodeIgniter->run()
CRITICAL - 2024-01-10 09:49:29 --> Undefined array key "usuario"
in APPPATH\Controllers\CortadorPost.php on line 354.
 1 APPPATH\Controllers\CortadorPost.php(354): CodeIgniter\Debug\Exceptions->errorHandler(2, 'Undefined array key "usuario"', 'C:\\xampp\\htdocs\\codi\\app\\Controllers\\CortadorPost.php', 354)
 2 SYSTEMPATH\CodeIgniter.php(934): App\Controllers\CortadorPost->caminho_desenho()
 3 SYSTEMPATH\CodeIgniter.php(499): CodeIgniter\CodeIgniter->runController(Object(App\Controllers\CortadorPost))
 4 SYSTEMPATH\CodeIgniter.php(368): CodeIgniter\CodeIgniter->handleRequest(null, Object(Config\Cache), false)
 5 FCPATH\index.php(67): CodeIgniter\CodeIgniter->run()
CRITICAL - 2024-01-10 11:04:57 --> Undefined array key "usuario"
in APPPATH\Controllers\CortadorPost.php on line 454.
 1 APPPATH\Controllers\CortadorPost.php(454): CodeIgniter\Debug\Exceptions->errorHandler(2, 'Undefined array key "usuario"', 'C:\\xampp\\htdocs\\codi\\app\\Controllers\\CortadorPost.php', 454)
 2 SYSTEMPATH\CodeIgniter.php(934): App\Controllers\CortadorPost->confirmar_corte()
 3 SYSTEMPATH\CodeIgniter.php(499): CodeIgniter\CodeIgniter->runController(Object(App\Controllers\CortadorPost))
 4 SYSTEMPATH\CodeIgniter.php(368): CodeIgniter\CodeIgniter->handleRequest(null, Object(Config\Cache), false)
 5 FCPATH\index.php(67): CodeIgniter\CodeIgniter->run()
CRITICAL - 2024-01-10 11:49:12 --> Undefined array key "usuario"
in APPPATH\Controllers\DesenhistaPost.php on line 42.
 1 APPPATH\Controllers\DesenhistaPost.php(42): CodeIgniter\Debug\Exceptions->errorHandler(2, 'Undefined array key "usuario"', 'C:\\xampp\\htdocs\\codi\\app\\Controllers\\DesenhistaPost.php', 42)
 2 SYSTEMPATH\CodeIgniter.php(934): App\Controllers\DesenhistaPost->criar_temp()
 3 SYSTEMPATH\CodeIgniter.php(499): CodeIgniter\CodeIgniter->runController(Object(App\Controllers\DesenhistaPost))
 4 SYSTEMPATH\CodeIgniter.php(368): CodeIgniter\CodeIgniter->handleRequest(null, Object(Config\Cache), false)
 5 FCPATH\index.php(67): CodeIgniter\CodeIgniter->run()
CRITICAL - 2024-01-10 11:49:25 --> Undefined array key "usuario"
in APPPATH\Controllers\DesenhistaPost.php on line 42.
 1 APPPATH\Controllers\DesenhistaPost.php(42): CodeIgniter\Debug\Exceptions->errorHandler(2, 'Undefined array key "usuario"', 'C:\\xampp\\htdocs\\codi\\app\\Controllers\\DesenhistaPost.php', 42)
 2 SYSTEMPATH\CodeIgniter.php(934): App\Controllers\DesenhistaPost->criar_temp()
 3 SYSTEMPATH\CodeIgniter.php(499): CodeIgniter\CodeIgniter->runController(Object(App\Controllers\DesenhistaPost))
 4 SYSTEMPATH\CodeIgniter.php(368): CodeIgniter\CodeIgniter->handleRequest(null, Object(Config\Cache), false)
 5 FCPATH\index.php(67): CodeIgniter\CodeIgniter->run()
CRITICAL - 2024-01-10 11:49:27 --> Undefined array key "usuario"
in APPPATH\Controllers\DesenhistaPost.php on line 42.
 1 APPPATH\Controllers\DesenhistaPost.php(42): CodeIgniter\Debug\Exceptions->errorHandler(2, 'Undefined array key "usuario"', 'C:\\xampp\\htdocs\\codi\\app\\Controllers\\DesenhistaPost.php', 42)
 2 SYSTEMPATH\CodeIgniter.php(934): App\Controllers\DesenhistaPost->criar_temp()
 3 SYSTEMPATH\CodeIgniter.php(499): CodeIgniter\CodeIgniter->runController(Object(App\Controllers\DesenhistaPost))
 4 SYSTEMPATH\CodeIgniter.php(368): CodeIgniter\CodeIgniter->handleRequest(null, Object(Config\Cache), false)
 5 FCPATH\index.php(67): CodeIgniter\CodeIgniter->run()
CRITICAL - 2024-01-10 11:49:45 --> Undefined array key "usuario"
in APPPATH\Controllers\DesenhistaPost.php on line 42.
 1 APPPATH\Controllers\DesenhistaPost.php(42): CodeIgniter\Debug\Exceptions->errorHandler(2, 'Undefined array key "usuario"', 'C:\\xampp\\htdocs\\codi\\app\\Controllers\\DesenhistaPost.php', 42)
 2 SYSTEMPATH\CodeIgniter.php(934): App\Controllers\DesenhistaPost->criar_temp()
 3 SYSTEMPATH\CodeIgniter.php(499): CodeIgniter\CodeIgniter->runController(Object(App\Controllers\DesenhistaPost))
 4 SYSTEMPATH\CodeIgniter.php(368): CodeIgniter\CodeIgniter->handleRequest(null, Object(Config\Cache), false)
 5 FCPATH\index.php(67): CodeIgniter\CodeIgniter->run()
CRITICAL - 2024-01-10 11:49:46 --> Undefined array key "usuario"
in APPPATH\Controllers\DesenhistaPost.php on line 42.
 1 APPPATH\Controllers\DesenhistaPost.php(42): CodeIgniter\Debug\Exceptions->errorHandler(2, 'Undefined array key "usuario"', 'C:\\xampp\\htdocs\\codi\\app\\Controllers\\DesenhistaPost.php', 42)
 2 SYSTEMPATH\CodeIgniter.php(934): App\Controllers\DesenhistaPost->criar_temp()
 3 SYSTEMPATH\CodeIgniter.php(499): CodeIgniter\CodeIgniter->runController(Object(App\Controllers\DesenhistaPost))
 4 SYSTEMPATH\CodeIgniter.php(368): CodeIgniter\CodeIgniter->handleRequest(null, Object(Config\Cache), false)
 5 FCPATH\index.php(67): CodeIgniter\CodeIgniter->run()
CRITICAL - 2024-01-10 13:11:11 --> Undefined array key "usuario"
in APPPATH\Controllers\CortadorPost.php on line 454.
 1 APPPATH\Controllers\CortadorPost.php(454): CodeIgniter\Debug\Exceptions->errorHandler(2, 'Undefined array key "usuario"', 'C:\\xampp\\htdocs\\codi\\app\\Controllers\\CortadorPost.php', 454)
 2 SYSTEMPATH\CodeIgniter.php(934): App\Controllers\CortadorPost->confirmar_corte()
 3 SYSTEMPATH\CodeIgniter.php(499): CodeIgniter\CodeIgniter->runController(Object(App\Controllers\CortadorPost))
 4 SYSTEMPATH\CodeIgniter.php(368): CodeIgniter\CodeIgniter->handleRequest(null, Object(Config\Cache), false)
 5 FCPATH\index.php(67): CodeIgniter\CodeIgniter->run()
CRITICAL - 2024-01-10 13:50:16 --> Undefined array key "usuario"
in APPPATH\Controllers\DesenhistaPost.php on line 42.
 1 APPPATH\Controllers\DesenhistaPost.php(42): CodeIgniter\Debug\Exceptions->errorHandler(2, 'Undefined array key "usuario"', 'C:\\xampp\\htdocs\\codi\\app\\Controllers\\DesenhistaPost.php', 42)
 2 SYSTEMPATH\CodeIgniter.php(934): App\Controllers\DesenhistaPost->criar_temp()
 3 SYSTEMPATH\CodeIgniter.php(499): CodeIgniter\CodeIgniter->runController(Object(App\Controllers\DesenhistaPost))
 4 SYSTEMPATH\CodeIgniter.php(368): CodeIgniter\CodeIgniter->handleRequest(null, Object(Config\Cache), false)
 5 FCPATH\index.php(67): CodeIgniter\CodeIgniter->run()
CRITICAL - 2024-01-10 13:50:20 --> Undefined array key "usuario"
in APPPATH\Controllers\DesenhistaPost.php on line 42.
 1 APPPATH\Controllers\DesenhistaPost.php(42): CodeIgniter\Debug\Exceptions->errorHandler(2, 'Undefined array key "usuario"', 'C:\\xampp\\htdocs\\codi\\app\\Controllers\\DesenhistaPost.php', 42)
 2 SYSTEMPATH\CodeIgniter.php(934): App\Controllers\DesenhistaPost->criar_temp()
 3 SYSTEMPATH\CodeIgniter.php(499): CodeIgniter\CodeIgniter->runController(Object(App\Controllers\DesenhistaPost))
 4 SYSTEMPATH\CodeIgniter.php(368): CodeIgniter\CodeIgniter->handleRequest(null, Object(Config\Cache), false)
 5 FCPATH\index.php(67): CodeIgniter\CodeIgniter->run()
CRITICAL - 2024-01-10 13:51:27 --> Undefined array key "usuario"
in APPPATH\Controllers\DesenhistaPost.php on line 42.
 1 APPPATH\Controllers\DesenhistaPost.php(42): CodeIgniter\Debug\Exceptions->errorHandler(2, 'Undefined array key "usuario"', 'C:\\xampp\\htdocs\\codi\\app\\Controllers\\DesenhistaPost.php', 42)
 2 SYSTEMPATH\CodeIgniter.php(934): App\Controllers\DesenhistaPost->criar_temp()
 3 SYSTEMPATH\CodeIgniter.php(499): CodeIgniter\CodeIgniter->runController(Object(App\Controllers\DesenhistaPost))
 4 SYSTEMPATH\CodeIgniter.php(368): CodeIgniter\CodeIgniter->handleRequest(null, Object(Config\Cache), false)
 5 FCPATH\index.php(67): CodeIgniter\CodeIgniter->run()
CRITICAL - 2024-01-10 13:51:28 --> Undefined array key "usuario"
in APPPATH\Controllers\DesenhistaPost.php on line 42.
 1 APPPATH\Controllers\DesenhistaPost.php(42): CodeIgniter\Debug\Exceptions->errorHandler(2, 'Undefined array key "usuario"', 'C:\\xampp\\htdocs\\codi\\app\\Controllers\\DesenhistaPost.php', 42)
 2 SYSTEMPATH\CodeIgniter.php(934): App\Controllers\DesenhistaPost->criar_temp()
 3 SYSTEMPATH\CodeIgniter.php(499): CodeIgniter\CodeIgniter->runController(Object(App\Controllers\DesenhistaPost))
 4 SYSTEMPATH\CodeIgniter.php(368): CodeIgniter\CodeIgniter->handleRequest(null, Object(Config\Cache), false)
 5 FCPATH\index.php(67): CodeIgniter\CodeIgniter->run()
CRITICAL - 2024-01-10 13:51:28 --> Undefined array key "usuario"
in APPPATH\Controllers\DesenhistaPost.php on line 42.
 1 APPPATH\Controllers\DesenhistaPost.php(42): CodeIgniter\Debug\Exceptions->errorHandler(2, 'Undefined array key "usuario"', 'C:\\xampp\\htdocs\\codi\\app\\Controllers\\DesenhistaPost.php', 42)
 2 SYSTEMPATH\CodeIgniter.php(934): App\Controllers\DesenhistaPost->criar_temp()
 3 SYSTEMPATH\CodeIgniter.php(499): CodeIgniter\CodeIgniter->runController(Object(App\Controllers\DesenhistaPost))
 4 SYSTEMPATH\CodeIgniter.php(368): CodeIgniter\CodeIgniter->handleRequest(null, Object(Config\Cache), false)
 5 FCPATH\index.php(67): CodeIgniter\CodeIgniter->run()
CRITICAL - 2024-01-10 17:33:30 --> Undefined array key "usuario"
in APPPATH\Controllers\DesenhistaPost.php on line 42.
 1 APPPATH\Controllers\DesenhistaPost.php(42): CodeIgniter\Debug\Exceptions->errorHandler(2, 'Undefined array key "usuario"', 'C:\\xampp\\htdocs\\codi\\app\\Controllers\\DesenhistaPost.php', 42)
 2 SYSTEMPATH\CodeIgniter.php(934): App\Controllers\DesenhistaPost->criar_temp()
 3 SYSTEMPATH\CodeIgniter.php(499): CodeIgniter\CodeIgniter->runController(Object(App\Controllers\DesenhistaPost))
 4 SYSTEMPATH\CodeIgniter.php(368): CodeIgniter\CodeIgniter->handleRequest(null, Object(Config\Cache), false)
 5 FCPATH\index.php(67): CodeIgniter\CodeIgniter->run()
CRITICAL - 2024-01-10 17:52:51 --> Undefined array key "usuario"
in APPPATH\Controllers\DesenhistaPost.php on line 42.
 1 APPPATH\Controllers\DesenhistaPost.php(42): CodeIgniter\Debug\Exceptions->errorHandler(2, 'Undefined array key "usuario"', 'C:\\xampp\\htdocs\\codi\\app\\Controllers\\DesenhistaPost.php', 42)
 2 SYSTEMPATH\CodeIgniter.php(934): App\Controllers\DesenhistaPost->criar_temp()
 3 SYSTEMPATH\CodeIgniter.php(499): CodeIgniter\CodeIgniter->runController(Object(App\Controllers\DesenhistaPost))
 4 SYSTEMPATH\CodeIgniter.php(368): CodeIgniter\CodeIgniter->handleRequest(null, Object(Config\Cache), false)
 5 FCPATH\index.php(67): CodeIgniter\CodeIgniter->run()
CRITICAL - 2024-01-10 17:52:55 --> Undefined array key "usuario"
in APPPATH\Controllers\DesenhistaPost.php on line 42.
 1 APPPATH\Controllers\DesenhistaPost.php(42): CodeIgniter\Debug\Exceptions->errorHandler(2, 'Undefined array key "usuario"', 'C:\\xampp\\htdocs\\codi\\app\\Controllers\\DesenhistaPost.php', 42)
 2 SYSTEMPATH\CodeIgniter.php(934): App\Controllers\DesenhistaPost->criar_temp()
 3 SYSTEMPATH\CodeIgniter.php(499): CodeIgniter\CodeIgniter->runController(Object(App\Controllers\DesenhistaPost))
 4 SYSTEMPATH\CodeIgniter.php(368): CodeIgniter\CodeIgniter->handleRequest(null, Object(Config\Cache), false)
 5 FCPATH\index.php(67): CodeIgniter\CodeIgniter->run()
CRITICAL - 2024-01-10 17:52:56 --> Undefined array key "usuario"
in APPPATH\Controllers\DesenhistaPost.php on line 42.
 1 APPPATH\Controllers\DesenhistaPost.php(42): CodeIgniter\Debug\Exceptions->errorHandler(2, 'Undefined array key "usuario"', 'C:\\xampp\\htdocs\\codi\\app\\Controllers\\DesenhistaPost.php', 42)
 2 SYSTEMPATH\CodeIgniter.php(934): App\Controllers\DesenhistaPost->criar_temp()
 3 SYSTEMPATH\CodeIgniter.php(499): CodeIgniter\CodeIgniter->runController(Object(App\Controllers\DesenhistaPost))
 4 SYSTEMPATH\CodeIgniter.php(368): CodeIgniter\CodeIgniter->handleRequest(null, Object(Config\Cache), false)
 5 FCPATH\index.php(67): CodeIgniter\CodeIgniter->run()
CRITICAL - 2024-01-10 17:52:57 --> Undefined array key "usuario"
in APPPATH\Controllers\DesenhistaPost.php on line 42.
 1 APPPATH\Controllers\DesenhistaPost.php(42): CodeIgniter\Debug\Exceptions->errorHandler(2, 'Undefined array key "usuario"', 'C:\\xampp\\htdocs\\codi\\app\\Controllers\\DesenhistaPost.php', 42)
 2 SYSTEMPATH\CodeIgniter.php(934): App\Controllers\DesenhistaPost->criar_temp()
 3 SYSTEMPATH\CodeIgniter.php(499): CodeIgniter\CodeIgniter->runController(Object(App\Controllers\DesenhistaPost))
 4 SYSTEMPATH\CodeIgniter.php(368): CodeIgniter\CodeIgniter->handleRequest(null, Object(Config\Cache), false)
 5 FCPATH\index.php(67): CodeIgniter\CodeIgniter->run()
CRITICAL - 2024-01-10 17:52:58 --> Undefined array key "usuario"
in APPPATH\Controllers\DesenhistaPost.php on line 42.
 1 APPPATH\Controllers\DesenhistaPost.php(42): CodeIgniter\Debug\Exceptions->errorHandler(2, 'Undefined array key "usuario"', 'C:\\xampp\\htdocs\\codi\\app\\Controllers\\DesenhistaPost.php', 42)
 2 SYSTEMPATH\CodeIgniter.php(934): App\Controllers\DesenhistaPost->criar_temp()
 3 SYSTEMPATH\CodeIgniter.php(499): CodeIgniter\CodeIgniter->runController(Object(App\Controllers\DesenhistaPost))
 4 SYSTEMPATH\CodeIgniter.php(368): CodeIgniter\CodeIgniter->handleRequest(null, Object(Config\Cache), false)
 5 FCPATH\index.php(67): CodeIgniter\CodeIgniter->run()
