CRITICAL - 2023-07-03 00:05:15 --> Undefined variable $template
in APPPATH\Controllers\Adm.php on line 64.
 1 APPPATH\Controllers\Adm.php(64): CodeIgniter\Debug\Exceptions->errorHandler(2, 'Undefined variable $template', 'C:\\xampp\\htdocs\\codi\\app\\Controllers\\Adm.php', 64)
 2 SYSTEMPATH\CodeIgniter.php(934): App\Controllers\Adm->redirecionarPagina('user_modificar')
 3 SYSTEMPATH\CodeIgniter.php(499): CodeIgniter\CodeIgniter->runController(Object(App\Controllers\Adm))
 4 SYSTEMPATH\CodeIgniter.php(368): CodeIgniter\CodeIgniter->handleRequest(null, Object(Config\Cache), false)
 5 FCPATH\index.php(67): CodeIgniter\CodeIgniter->run()
CRITICAL - 2023-07-03 00:15:34 --> Undefined variable $titulo
in APPPATH\Views\lista.php on line 170.
 1 APPPATH\Views\lista.php(170): CodeIgniter\Debug\Exceptions->errorHandler(2, 'Undefined variable $titulo', 'C:\\xampp\\htdocs\\codi\\app\\Views\\lista.php', 170)
 2 SYSTEMPATH\View\View.php(213): include('C:\\xampp\\htdocs\\codi\\app\\Views\\lista.php')
 3 SYSTEMPATH\View\View.php(216): CodeIgniter\View\View->CodeIgniter\View\{closure}()
 4 SYSTEMPATH\Common.php(1184): CodeIgniter\View\View->render('lista', [], true)
 5 APPPATH\Controllers\Adm.php(73): view('lista', [...])
 6 SYSTEMPATH\CodeIgniter.php(934): App\Controllers\Adm->redirecionarPagina('user_modificar')
 7 SYSTEMPATH\CodeIgniter.php(499): CodeIgniter\CodeIgniter->runController(Object(App\Controllers\Adm))
 8 SYSTEMPATH\CodeIgniter.php(368): CodeIgniter\CodeIgniter->handleRequest(null, Object(Config\Cache), false)
 9 FCPATH\index.php(67): CodeIgniter\CodeIgniter->run()
CRITICAL - 2023-07-03 00:30:33 --> Undefined variable $titulo_cadastro
in APPPATH\Views\lista_cadastro.php on line 178.
 1 APPPATH\Views\lista_cadastro.php(178): CodeIgniter\Debug\Exceptions->errorHandler(2, 'Undefined variable $titulo_cadastro', 'C:\\xampp\\htdocs\\codi\\app\\Views\\lista_cadastro.php', 178)
 2 SYSTEMPATH\View\View.php(213): include('C:\\xampp\\htdocs\\codi\\app\\Views\\lista_cadastro.php')
 3 SYSTEMPATH\View\View.php(216): CodeIgniter\View\View->CodeIgniter\View\{closure}()
 4 SYSTEMPATH\Common.php(1184): CodeIgniter\View\View->render('lista_cadastro', [], true)
 5 APPPATH\Controllers\Adm.php(88): view('lista_cadastro', [...])
 6 SYSTEMPATH\CodeIgniter.php(934): App\Controllers\Adm->redirecionarPagina('config_tipo_de_arquivo')
 7 SYSTEMPATH\CodeIgniter.php(499): CodeIgniter\CodeIgniter->runController(Object(App\Controllers\Adm))
 8 SYSTEMPATH\CodeIgniter.php(368): CodeIgniter\CodeIgniter->handleRequest(null, Object(Config\Cache), false)
 9 FCPATH\index.php(67): CodeIgniter\CodeIgniter->run()
CRITICAL - 2023-07-03 00:44:00 --> Undefined variable $titulo
in APPPATH\Views\lista.php on line 170.
 1 APPPATH\Views\lista.php(170): CodeIgniter\Debug\Exceptions->errorHandler(2, 'Undefined variable $titulo', 'C:\\xampp\\htdocs\\codi\\app\\Views\\lista.php', 170)
 2 SYSTEMPATH\View\View.php(213): include('C:\\xampp\\htdocs\\codi\\app\\Views\\lista.php')
 3 SYSTEMPATH\View\View.php(216): CodeIgniter\View\View->CodeIgniter\View\{closure}()
 4 SYSTEMPATH\Common.php(1184): CodeIgniter\View\View->render('lista', [], true)
 5 APPPATH\Controllers\Adm.php(90): view('lista', [...])
 6 SYSTEMPATH\CodeIgniter.php(934): App\Controllers\Adm->redirecionarPagina('cadastrar')
 7 SYSTEMPATH\CodeIgniter.php(499): CodeIgniter\CodeIgniter->runController(Object(App\Controllers\Adm))
 8 SYSTEMPATH\CodeIgniter.php(368): CodeIgniter\CodeIgniter->handleRequest(null, Object(Config\Cache), false)
 9 FCPATH\index.php(67): CodeIgniter\CodeIgniter->run()
CRITICAL - 2023-07-03 15:02:54 --> Undefined variable $titulo
in APPPATH\Views\lista.php on line 170.
 1 APPPATH\Views\lista.php(170): CodeIgniter\Debug\Exceptions->errorHandler(2, 'Undefined variable $titulo', 'C:\\xampp\\htdocs\\codi\\app\\Views\\lista.php', 170)
 2 SYSTEMPATH\View\View.php(213): include('C:\\xampp\\htdocs\\codi\\app\\Views\\lista.php')
 3 SYSTEMPATH\View\View.php(216): CodeIgniter\View\View->CodeIgniter\View\{closure}()
 4 SYSTEMPATH\Common.php(1184): CodeIgniter\View\View->render('lista', [], true)
 5 APPPATH\Controllers\Adm.php(90): view('lista', [...])
 6 SYSTEMPATH\CodeIgniter.php(934): App\Controllers\Adm->redirecionarPagina('cadastrar')
 7 SYSTEMPATH\CodeIgniter.php(499): CodeIgniter\CodeIgniter->runController(Object(App\Controllers\Adm))
 8 SYSTEMPATH\CodeIgniter.php(368): CodeIgniter\CodeIgniter->handleRequest(null, Object(Config\Cache), false)
 9 FCPATH\index.php(67): CodeIgniter\CodeIgniter->run()
CRITICAL - 2023-07-03 16:55:22 --> Undefined variable $titulo
in APPPATH\Views\lista.php on line 170.
 1 APPPATH\Views\lista.php(170): CodeIgniter\Debug\Exceptions->errorHandler(2, 'Undefined variable $titulo', 'C:\\xampp\\htdocs\\codi\\app\\Views\\lista.php', 170)
 2 SYSTEMPATH\View\View.php(213): include('C:\\xampp\\htdocs\\codi\\app\\Views\\lista.php')
 3 SYSTEMPATH\View\View.php(216): CodeIgniter\View\View->CodeIgniter\View\{closure}()
 4 SYSTEMPATH\Common.php(1184): CodeIgniter\View\View->render('lista', [], true)
 5 APPPATH\Controllers\Adm.php(88): view('lista', [...])
 6 SYSTEMPATH\CodeIgniter.php(934): App\Controllers\Adm->redirecionarPagina('cadastrar')
 7 SYSTEMPATH\CodeIgniter.php(499): CodeIgniter\CodeIgniter->runController(Object(App\Controllers\Adm))
 8 SYSTEMPATH\CodeIgniter.php(368): CodeIgniter\CodeIgniter->handleRequest(null, Object(Config\Cache), false)
 9 FCPATH\index.php(67): CodeIgniter\CodeIgniter->run()
CRITICAL - 2023-07-03 18:20:42 --> Undefined variable $array_titulo_lista
in APPPATH\Views\lista.php on line 203.
 1 APPPATH\Views\lista.php(203): CodeIgniter\Debug\Exceptions->errorHandler(2, 'Undefined variable $array_titulo_lista', 'C:\\xampp\\htdocs\\codi\\app\\Views\\lista.php', 203)
 2 SYSTEMPATH\View\View.php(213): include('C:\\xampp\\htdocs\\codi\\app\\Views\\lista.php')
 3 SYSTEMPATH\View\View.php(216): CodeIgniter\View\View->CodeIgniter\View\{closure}()
 4 SYSTEMPATH\Common.php(1184): CodeIgniter\View\View->render('lista', [], true)
 5 APPPATH\Controllers\Adm.php(173): view('lista', [...])
 6 SYSTEMPATH\CodeIgniter.php(934): App\Controllers\Adm->redirecionarPagina('desenho_adicionar')
 7 SYSTEMPATH\CodeIgniter.php(499): CodeIgniter\CodeIgniter->runController(Object(App\Controllers\Adm))
 8 SYSTEMPATH\CodeIgniter.php(368): CodeIgniter\CodeIgniter->handleRequest(null, Object(Config\Cache), false)
 9 FCPATH\index.php(67): CodeIgniter\CodeIgniter->run()
