CRITICAL - 2024-06-27 13:30:00 --> Division by zero
in APPPATH\Controllers\AdmPost.php on line 3320.
 1 SYSTEMPATH\CodeIgniter.php(934): App\Controllers\AdmPost->relatorio_analitico()
 2 SYSTEMPATH\CodeIgniter.php(499): CodeIgniter\CodeIgniter->runController(Object(App\Controllers\AdmPost))
 3 SYSTEMPATH\CodeIgniter.php(368): CodeIgniter\CodeIgniter->handleRequest(null, Object(Config\Cache), false)
 4 FCPATH\index.php(67): CodeIgniter\CodeIgniter->run()
CRITICAL - 2024-06-27 16:39:44 --> Unparenthesized `a ? b : c ? d : e` is not supported. Use either `(a ? b : c) ? d : e` or `a ? b : (c ? d : e)`
in APPPATH\Controllers\AdmPost.php on line 3313.
 1 [internal function]: CodeIgniter\Debug\Exceptions->shutdownHandler()
WARNING - 2024-06-27 13:51:30 --> [DEPRECATED] Implicit conversion from float 1032.625 to int loses precision in APPPATH\Controllers\AdmPost.php on line 3057.
 1 APPPATH\Controllers\AdmPost.php(3228): App\Controllers\AdmPost->secondsToTime(1032.625)
 2 SYSTEMPATH\CodeIgniter.php(934): App\Controllers\AdmPost->relatorio_analitico()
 3 SYSTEMPATH\CodeIgniter.php(499): CodeIgniter\CodeIgniter->runController(Object(App\Controllers\AdmPost))
 4 SYSTEMPATH\CodeIgniter.php(368): CodeIgniter\CodeIgniter->handleRequest(null, Object(Config\Cache), false)
 5 FCPATH\index.php(67): CodeIgniter\CodeIgniter->run()
WARNING - 2024-06-27 13:51:30 --> [DEPRECATED] Implicit conversion from float 1032.625 to int loses precision in APPPATH\Controllers\AdmPost.php on line 3058.
 1 APPPATH\Controllers\AdmPost.php(3228): App\Controllers\AdmPost->secondsToTime(1032.625)
 2 SYSTEMPATH\CodeIgniter.php(934): App\Controllers\AdmPost->relatorio_analitico()
 3 SYSTEMPATH\CodeIgniter.php(499): CodeIgniter\CodeIgniter->runController(Object(App\Controllers\AdmPost))
 4 SYSTEMPATH\CodeIgniter.php(368): CodeIgniter\CodeIgniter->handleRequest(null, Object(Config\Cache), false)
 5 FCPATH\index.php(67): CodeIgniter\CodeIgniter->run()
WARNING - 2024-06-27 13:51:30 --> [DEPRECATED] Implicit conversion from float 42.333333333333336 to int loses precision in APPPATH\Controllers\AdmPost.php on line 3057.
 1 APPPATH\Controllers\AdmPost.php(3228): App\Controllers\AdmPost->secondsToTime(42.333333333333336)
 2 SYSTEMPATH\CodeIgniter.php(934): App\Controllers\AdmPost->relatorio_analitico()
 3 SYSTEMPATH\CodeIgniter.php(499): CodeIgniter\CodeIgniter->runController(Object(App\Controllers\AdmPost))
 4 SYSTEMPATH\CodeIgniter.php(368): CodeIgniter\CodeIgniter->handleRequest(null, Object(Config\Cache), false)
 5 FCPATH\index.php(67): CodeIgniter\CodeIgniter->run()
WARNING - 2024-06-27 13:51:30 --> [DEPRECATED] Implicit conversion from float 42.333333333333336 to int loses precision in APPPATH\Controllers\AdmPost.php on line 3058.
 1 APPPATH\Controllers\AdmPost.php(3228): App\Controllers\AdmPost->secondsToTime(42.333333333333336)
 2 SYSTEMPATH\CodeIgniter.php(934): App\Controllers\AdmPost->relatorio_analitico()
 3 SYSTEMPATH\CodeIgniter.php(499): CodeIgniter\CodeIgniter->runController(Object(App\Controllers\AdmPost))
 4 SYSTEMPATH\CodeIgniter.php(368): CodeIgniter\CodeIgniter->handleRequest(null, Object(Config\Cache), false)
 5 FCPATH\index.php(67): CodeIgniter\CodeIgniter->run()
WARNING - 2024-06-27 13:59:01 --> [DEPRECATED] Implicit conversion from float 1032.625 to int loses precision in APPPATH\Controllers\AdmPost.php on line 3057.
 1 APPPATH\Controllers\AdmPost.php(3231): App\Controllers\AdmPost->secondsToTime(1032.625)
 2 SYSTEMPATH\CodeIgniter.php(934): App\Controllers\AdmPost->relatorio_analitico()
 3 SYSTEMPATH\CodeIgniter.php(499): CodeIgniter\CodeIgniter->runController(Object(App\Controllers\AdmPost))
 4 SYSTEMPATH\CodeIgniter.php(368): CodeIgniter\CodeIgniter->handleRequest(null, Object(Config\Cache), false)
 5 FCPATH\index.php(67): CodeIgniter\CodeIgniter->run()
WARNING - 2024-06-27 13:59:01 --> [DEPRECATED] Implicit conversion from float 1032.625 to int loses precision in APPPATH\Controllers\AdmPost.php on line 3058.
 1 APPPATH\Controllers\AdmPost.php(3231): App\Controllers\AdmPost->secondsToTime(1032.625)
 2 SYSTEMPATH\CodeIgniter.php(934): App\Controllers\AdmPost->relatorio_analitico()
 3 SYSTEMPATH\CodeIgniter.php(499): CodeIgniter\CodeIgniter->runController(Object(App\Controllers\AdmPost))
 4 SYSTEMPATH\CodeIgniter.php(368): CodeIgniter\CodeIgniter->handleRequest(null, Object(Config\Cache), false)
 5 FCPATH\index.php(67): CodeIgniter\CodeIgniter->run()
WARNING - 2024-06-27 13:59:01 --> [DEPRECATED] Implicit conversion from float 42.333333333333336 to int loses precision in APPPATH\Controllers\AdmPost.php on line 3057.
 1 APPPATH\Controllers\AdmPost.php(3231): App\Controllers\AdmPost->secondsToTime(42.333333333333336)
 2 SYSTEMPATH\CodeIgniter.php(934): App\Controllers\AdmPost->relatorio_analitico()
 3 SYSTEMPATH\CodeIgniter.php(499): CodeIgniter\CodeIgniter->runController(Object(App\Controllers\AdmPost))
 4 SYSTEMPATH\CodeIgniter.php(368): CodeIgniter\CodeIgniter->handleRequest(null, Object(Config\Cache), false)
 5 FCPATH\index.php(67): CodeIgniter\CodeIgniter->run()
WARNING - 2024-06-27 13:59:01 --> [DEPRECATED] Implicit conversion from float 42.333333333333336 to int loses precision in APPPATH\Controllers\AdmPost.php on line 3058.
 1 APPPATH\Controllers\AdmPost.php(3231): App\Controllers\AdmPost->secondsToTime(42.333333333333336)
 2 SYSTEMPATH\CodeIgniter.php(934): App\Controllers\AdmPost->relatorio_analitico()
 3 SYSTEMPATH\CodeIgniter.php(499): CodeIgniter\CodeIgniter->runController(Object(App\Controllers\AdmPost))
 4 SYSTEMPATH\CodeIgniter.php(368): CodeIgniter\CodeIgniter->handleRequest(null, Object(Config\Cache), false)
 5 FCPATH\index.php(67): CodeIgniter\CodeIgniter->run()
WARNING - 2024-06-27 13:59:48 --> [DEPRECATED] Implicit conversion from float 1032.625 to int loses precision in APPPATH\Controllers\AdmPost.php on line 3057.
 1 APPPATH\Controllers\AdmPost.php(3231): App\Controllers\AdmPost->secondsToTime(1032.625)
 2 SYSTEMPATH\CodeIgniter.php(934): App\Controllers\AdmPost->relatorio_analitico()
 3 SYSTEMPATH\CodeIgniter.php(499): CodeIgniter\CodeIgniter->runController(Object(App\Controllers\AdmPost))
 4 SYSTEMPATH\CodeIgniter.php(368): CodeIgniter\CodeIgniter->handleRequest(null, Object(Config\Cache), false)
 5 FCPATH\index.php(67): CodeIgniter\CodeIgniter->run()
WARNING - 2024-06-27 13:59:48 --> [DEPRECATED] Implicit conversion from float 1032.625 to int loses precision in APPPATH\Controllers\AdmPost.php on line 3058.
 1 APPPATH\Controllers\AdmPost.php(3231): App\Controllers\AdmPost->secondsToTime(1032.625)
 2 SYSTEMPATH\CodeIgniter.php(934): App\Controllers\AdmPost->relatorio_analitico()
 3 SYSTEMPATH\CodeIgniter.php(499): CodeIgniter\CodeIgniter->runController(Object(App\Controllers\AdmPost))
 4 SYSTEMPATH\CodeIgniter.php(368): CodeIgniter\CodeIgniter->handleRequest(null, Object(Config\Cache), false)
 5 FCPATH\index.php(67): CodeIgniter\CodeIgniter->run()
WARNING - 2024-06-27 13:59:48 --> [DEPRECATED] Implicit conversion from float 42.333333333333336 to int loses precision in APPPATH\Controllers\AdmPost.php on line 3057.
 1 APPPATH\Controllers\AdmPost.php(3231): App\Controllers\AdmPost->secondsToTime(42.333333333333336)
 2 SYSTEMPATH\CodeIgniter.php(934): App\Controllers\AdmPost->relatorio_analitico()
 3 SYSTEMPATH\CodeIgniter.php(499): CodeIgniter\CodeIgniter->runController(Object(App\Controllers\AdmPost))
 4 SYSTEMPATH\CodeIgniter.php(368): CodeIgniter\CodeIgniter->handleRequest(null, Object(Config\Cache), false)
 5 FCPATH\index.php(67): CodeIgniter\CodeIgniter->run()
WARNING - 2024-06-27 13:59:48 --> [DEPRECATED] Implicit conversion from float 42.333333333333336 to int loses precision in APPPATH\Controllers\AdmPost.php on line 3058.
 1 APPPATH\Controllers\AdmPost.php(3231): App\Controllers\AdmPost->secondsToTime(42.333333333333336)
 2 SYSTEMPATH\CodeIgniter.php(934): App\Controllers\AdmPost->relatorio_analitico()
 3 SYSTEMPATH\CodeIgniter.php(499): CodeIgniter\CodeIgniter->runController(Object(App\Controllers\AdmPost))
 4 SYSTEMPATH\CodeIgniter.php(368): CodeIgniter\CodeIgniter->handleRequest(null, Object(Config\Cache), false)
 5 FCPATH\index.php(67): CodeIgniter\CodeIgniter->run()
CRITICAL - 2024-06-27 21:40:17 --> require(../../vendor/autoload.php): Failed to open stream: No such file or directory
in APPPATH\Controllers\AdmPost.php on line 4.
 1 APPPATH\Controllers\AdmPost.php(4): CodeIgniter\Debug\Exceptions->errorHandler(2, 'require(../../vendor/autoload.php): Failed to open stream: No such file or directory', 'C:\\xampp\\htdocs\\codi\\app\\Controllers\\AdmPost.php', 4)
 2 APPPATH\Controllers\AdmPost.php(4): require()
 3 SYSTEMPATH\Autoloader\Autoloader.php(312): include_once('C:\\xampp\\htdocs\\codi\\app\\Controllers\\AdmPost.php')
 4 SYSTEMPATH\Autoloader\Autoloader.php(289): CodeIgniter\Autoloader\Autoloader->includeFile('C:\\xampp\\htdocs\\codi\\app\\Controllers\\AdmPost.php')
 5 SYSTEMPATH\Autoloader\Autoloader.php(267): CodeIgniter\Autoloader\Autoloader->loadInNamespace('App\\Controllers\\AdmPost')
 6 [internal function]: CodeIgniter\Autoloader\Autoloader->loadClass('App\\Controllers\\AdmPost')
 7 SYSTEMPATH\CodeIgniter.php(892): class_exists('\\App\\Controllers\\AdmPost', true)
 8 SYSTEMPATH\CodeIgniter.php(486): CodeIgniter\CodeIgniter->startController()
 9 SYSTEMPATH\CodeIgniter.php(368): CodeIgniter\CodeIgniter->handleRequest(null, Object(Config\Cache), false)
10 FCPATH\index.php(67): CodeIgniter\CodeIgniter->run()
CRITICAL - 2024-06-27 21:41:31 --> require(../Libraries/dompdf/vendor/autoload.php): Failed to open stream: No such file or directory
in APPPATH\Controllers\AdmPost.php on line 4.
 1 APPPATH\Controllers\AdmPost.php(4): CodeIgniter\Debug\Exceptions->errorHandler(2, 'require(../Libraries/dompdf/vendor/autoload.php): Failed to open stream: No such file or directory', 'C:\\xampp\\htdocs\\codi\\app\\Controllers\\AdmPost.php', 4)
 2 APPPATH\Controllers\AdmPost.php(4): require()
 3 SYSTEMPATH\Autoloader\Autoloader.php(312): include_once('C:\\xampp\\htdocs\\codi\\app\\Controllers\\AdmPost.php')
 4 SYSTEMPATH\Autoloader\Autoloader.php(289): CodeIgniter\Autoloader\Autoloader->includeFile('C:\\xampp\\htdocs\\codi\\app\\Controllers\\AdmPost.php')
 5 SYSTEMPATH\Autoloader\Autoloader.php(267): CodeIgniter\Autoloader\Autoloader->loadInNamespace('App\\Controllers\\AdmPost')
 6 [internal function]: CodeIgniter\Autoloader\Autoloader->loadClass('App\\Controllers\\AdmPost')
 7 SYSTEMPATH\CodeIgniter.php(892): class_exists('\\App\\Controllers\\AdmPost', true)
 8 SYSTEMPATH\CodeIgniter.php(486): CodeIgniter\CodeIgniter->startController()
 9 SYSTEMPATH\CodeIgniter.php(368): CodeIgniter\CodeIgniter->handleRequest(null, Object(Config\Cache), false)
10 FCPATH\index.php(67): CodeIgniter\CodeIgniter->run()
WARNING - 2024-06-27 18:41:51 --> [DEPRECATED] Implicit conversion from float 1032.625 to int loses precision in APPPATH\Controllers\AdmPost.php on line 3059.
 1 APPPATH\Controllers\AdmPost.php(3234): App\Controllers\AdmPost->secondsToTime(1032.625)
 2 SYSTEMPATH\CodeIgniter.php(934): App\Controllers\AdmPost->relatorio_analitico()
 3 SYSTEMPATH\CodeIgniter.php(499): CodeIgniter\CodeIgniter->runController(Object(App\Controllers\AdmPost))
 4 SYSTEMPATH\CodeIgniter.php(368): CodeIgniter\CodeIgniter->handleRequest(null, Object(Config\Cache), false)
 5 FCPATH\index.php(67): CodeIgniter\CodeIgniter->run()
WARNING - 2024-06-27 18:41:51 --> [DEPRECATED] Implicit conversion from float 1032.625 to int loses precision in APPPATH\Controllers\AdmPost.php on line 3060.
 1 APPPATH\Controllers\AdmPost.php(3234): App\Controllers\AdmPost->secondsToTime(1032.625)
 2 SYSTEMPATH\CodeIgniter.php(934): App\Controllers\AdmPost->relatorio_analitico()
 3 SYSTEMPATH\CodeIgniter.php(499): CodeIgniter\CodeIgniter->runController(Object(App\Controllers\AdmPost))
 4 SYSTEMPATH\CodeIgniter.php(368): CodeIgniter\CodeIgniter->handleRequest(null, Object(Config\Cache), false)
 5 FCPATH\index.php(67): CodeIgniter\CodeIgniter->run()
WARNING - 2024-06-27 18:41:51 --> [DEPRECATED] Implicit conversion from float 42.333333333333336 to int loses precision in APPPATH\Controllers\AdmPost.php on line 3059.
 1 APPPATH\Controllers\AdmPost.php(3234): App\Controllers\AdmPost->secondsToTime(42.333333333333336)
 2 SYSTEMPATH\CodeIgniter.php(934): App\Controllers\AdmPost->relatorio_analitico()
 3 SYSTEMPATH\CodeIgniter.php(499): CodeIgniter\CodeIgniter->runController(Object(App\Controllers\AdmPost))
 4 SYSTEMPATH\CodeIgniter.php(368): CodeIgniter\CodeIgniter->handleRequest(null, Object(Config\Cache), false)
 5 FCPATH\index.php(67): CodeIgniter\CodeIgniter->run()
WARNING - 2024-06-27 18:41:51 --> [DEPRECATED] Implicit conversion from float 42.333333333333336 to int loses precision in APPPATH\Controllers\AdmPost.php on line 3060.
 1 APPPATH\Controllers\AdmPost.php(3234): App\Controllers\AdmPost->secondsToTime(42.333333333333336)
 2 SYSTEMPATH\CodeIgniter.php(934): App\Controllers\AdmPost->relatorio_analitico()
 3 SYSTEMPATH\CodeIgniter.php(499): CodeIgniter\CodeIgniter->runController(Object(App\Controllers\AdmPost))
 4 SYSTEMPATH\CodeIgniter.php(368): CodeIgniter\CodeIgniter->handleRequest(null, Object(Config\Cache), false)
 5 FCPATH\index.php(67): CodeIgniter\CodeIgniter->run()
WARNING - 2024-06-27 18:42:12 --> [DEPRECATED] Implicit conversion from float 1032.625 to int loses precision in APPPATH\Controllers\AdmPost.php on line 3059.
 1 APPPATH\Controllers\AdmPost.php(3234): App\Controllers\AdmPost->secondsToTime(1032.625)
 2 SYSTEMPATH\CodeIgniter.php(934): App\Controllers\AdmPost->relatorio_analitico()
 3 SYSTEMPATH\CodeIgniter.php(499): CodeIgniter\CodeIgniter->runController(Object(App\Controllers\AdmPost))
 4 SYSTEMPATH\CodeIgniter.php(368): CodeIgniter\CodeIgniter->handleRequest(null, Object(Config\Cache), false)
 5 FCPATH\index.php(67): CodeIgniter\CodeIgniter->run()
WARNING - 2024-06-27 18:42:12 --> [DEPRECATED] Implicit conversion from float 1032.625 to int loses precision in APPPATH\Controllers\AdmPost.php on line 3060.
 1 APPPATH\Controllers\AdmPost.php(3234): App\Controllers\AdmPost->secondsToTime(1032.625)
 2 SYSTEMPATH\CodeIgniter.php(934): App\Controllers\AdmPost->relatorio_analitico()
 3 SYSTEMPATH\CodeIgniter.php(499): CodeIgniter\CodeIgniter->runController(Object(App\Controllers\AdmPost))
 4 SYSTEMPATH\CodeIgniter.php(368): CodeIgniter\CodeIgniter->handleRequest(null, Object(Config\Cache), false)
 5 FCPATH\index.php(67): CodeIgniter\CodeIgniter->run()
WARNING - 2024-06-27 18:42:12 --> [DEPRECATED] Implicit conversion from float 42.333333333333336 to int loses precision in APPPATH\Controllers\AdmPost.php on line 3059.
 1 APPPATH\Controllers\AdmPost.php(3234): App\Controllers\AdmPost->secondsToTime(42.333333333333336)
 2 SYSTEMPATH\CodeIgniter.php(934): App\Controllers\AdmPost->relatorio_analitico()
 3 SYSTEMPATH\CodeIgniter.php(499): CodeIgniter\CodeIgniter->runController(Object(App\Controllers\AdmPost))
 4 SYSTEMPATH\CodeIgniter.php(368): CodeIgniter\CodeIgniter->handleRequest(null, Object(Config\Cache), false)
 5 FCPATH\index.php(67): CodeIgniter\CodeIgniter->run()
WARNING - 2024-06-27 18:42:12 --> [DEPRECATED] Implicit conversion from float 42.333333333333336 to int loses precision in APPPATH\Controllers\AdmPost.php on line 3060.
 1 APPPATH\Controllers\AdmPost.php(3234): App\Controllers\AdmPost->secondsToTime(42.333333333333336)
 2 SYSTEMPATH\CodeIgniter.php(934): App\Controllers\AdmPost->relatorio_analitico()
 3 SYSTEMPATH\CodeIgniter.php(499): CodeIgniter\CodeIgniter->runController(Object(App\Controllers\AdmPost))
 4 SYSTEMPATH\CodeIgniter.php(368): CodeIgniter\CodeIgniter->handleRequest(null, Object(Config\Cache), false)
 5 FCPATH\index.php(67): CodeIgniter\CodeIgniter->run()
WARNING - 2024-06-27 18:47:33 --> [DEPRECATED] Implicit conversion from float 1032.625 to int loses precision in APPPATH\Controllers\AdmPost.php on line 3059.
 1 APPPATH\Controllers\AdmPost.php(3234): App\Controllers\AdmPost->secondsToTime(1032.625)
 2 SYSTEMPATH\CodeIgniter.php(934): App\Controllers\AdmPost->relatorio_analitico()
 3 SYSTEMPATH\CodeIgniter.php(499): CodeIgniter\CodeIgniter->runController(Object(App\Controllers\AdmPost))
 4 SYSTEMPATH\CodeIgniter.php(368): CodeIgniter\CodeIgniter->handleRequest(null, Object(Config\Cache), false)
 5 FCPATH\index.php(67): CodeIgniter\CodeIgniter->run()
WARNING - 2024-06-27 18:47:33 --> [DEPRECATED] Implicit conversion from float 1032.625 to int loses precision in APPPATH\Controllers\AdmPost.php on line 3060.
 1 APPPATH\Controllers\AdmPost.php(3234): App\Controllers\AdmPost->secondsToTime(1032.625)
 2 SYSTEMPATH\CodeIgniter.php(934): App\Controllers\AdmPost->relatorio_analitico()
 3 SYSTEMPATH\CodeIgniter.php(499): CodeIgniter\CodeIgniter->runController(Object(App\Controllers\AdmPost))
 4 SYSTEMPATH\CodeIgniter.php(368): CodeIgniter\CodeIgniter->handleRequest(null, Object(Config\Cache), false)
 5 FCPATH\index.php(67): CodeIgniter\CodeIgniter->run()
WARNING - 2024-06-27 18:47:33 --> [DEPRECATED] Implicit conversion from float 42.333333333333336 to int loses precision in APPPATH\Controllers\AdmPost.php on line 3059.
 1 APPPATH\Controllers\AdmPost.php(3234): App\Controllers\AdmPost->secondsToTime(42.333333333333336)
 2 SYSTEMPATH\CodeIgniter.php(934): App\Controllers\AdmPost->relatorio_analitico()
 3 SYSTEMPATH\CodeIgniter.php(499): CodeIgniter\CodeIgniter->runController(Object(App\Controllers\AdmPost))
 4 SYSTEMPATH\CodeIgniter.php(368): CodeIgniter\CodeIgniter->handleRequest(null, Object(Config\Cache), false)
 5 FCPATH\index.php(67): CodeIgniter\CodeIgniter->run()
WARNING - 2024-06-27 18:47:33 --> [DEPRECATED] Implicit conversion from float 42.333333333333336 to int loses precision in APPPATH\Controllers\AdmPost.php on line 3060.
 1 APPPATH\Controllers\AdmPost.php(3234): App\Controllers\AdmPost->secondsToTime(42.333333333333336)
 2 SYSTEMPATH\CodeIgniter.php(934): App\Controllers\AdmPost->relatorio_analitico()
 3 SYSTEMPATH\CodeIgniter.php(499): CodeIgniter\CodeIgniter->runController(Object(App\Controllers\AdmPost))
 4 SYSTEMPATH\CodeIgniter.php(368): CodeIgniter\CodeIgniter->handleRequest(null, Object(Config\Cache), false)
 5 FCPATH\index.php(67): CodeIgniter\CodeIgniter->run()
CRITICAL - 2024-06-27 18:47:33 --> Class "Dompdf\Dompdf" not found
in APPPATH\Controllers\AdmPost.php on line 3380.
 1 SYSTEMPATH\CodeIgniter.php(934): App\Controllers\AdmPost->relatorio_analitico()
 2 SYSTEMPATH\CodeIgniter.php(499): CodeIgniter\CodeIgniter->runController(Object(App\Controllers\AdmPost))
 3 SYSTEMPATH\CodeIgniter.php(368): CodeIgniter\CodeIgniter->handleRequest(null, Object(Config\Cache), false)
 4 FCPATH\index.php(67): CodeIgniter\CodeIgniter->run()
WARNING - 2024-06-27 18:52:12 --> [DEPRECATED] Implicit conversion from float 1032.625 to int loses precision in APPPATH\Controllers\AdmPost.php on line 3059.
 1 APPPATH\Controllers\AdmPost.php(3234): App\Controllers\AdmPost->secondsToTime(1032.625)
 2 SYSTEMPATH\CodeIgniter.php(934): App\Controllers\AdmPost->relatorio_analitico()
 3 SYSTEMPATH\CodeIgniter.php(499): CodeIgniter\CodeIgniter->runController(Object(App\Controllers\AdmPost))
 4 SYSTEMPATH\CodeIgniter.php(368): CodeIgniter\CodeIgniter->handleRequest(null, Object(Config\Cache), false)
 5 FCPATH\index.php(67): CodeIgniter\CodeIgniter->run()
WARNING - 2024-06-27 18:52:12 --> [DEPRECATED] Implicit conversion from float 1032.625 to int loses precision in APPPATH\Controllers\AdmPost.php on line 3060.
 1 APPPATH\Controllers\AdmPost.php(3234): App\Controllers\AdmPost->secondsToTime(1032.625)
 2 SYSTEMPATH\CodeIgniter.php(934): App\Controllers\AdmPost->relatorio_analitico()
 3 SYSTEMPATH\CodeIgniter.php(499): CodeIgniter\CodeIgniter->runController(Object(App\Controllers\AdmPost))
 4 SYSTEMPATH\CodeIgniter.php(368): CodeIgniter\CodeIgniter->handleRequest(null, Object(Config\Cache), false)
 5 FCPATH\index.php(67): CodeIgniter\CodeIgniter->run()
WARNING - 2024-06-27 18:52:12 --> [DEPRECATED] Implicit conversion from float 42.333333333333336 to int loses precision in APPPATH\Controllers\AdmPost.php on line 3059.
 1 APPPATH\Controllers\AdmPost.php(3234): App\Controllers\AdmPost->secondsToTime(42.333333333333336)
 2 SYSTEMPATH\CodeIgniter.php(934): App\Controllers\AdmPost->relatorio_analitico()
 3 SYSTEMPATH\CodeIgniter.php(499): CodeIgniter\CodeIgniter->runController(Object(App\Controllers\AdmPost))
 4 SYSTEMPATH\CodeIgniter.php(368): CodeIgniter\CodeIgniter->handleRequest(null, Object(Config\Cache), false)
 5 FCPATH\index.php(67): CodeIgniter\CodeIgniter->run()
WARNING - 2024-06-27 18:52:12 --> [DEPRECATED] Implicit conversion from float 42.333333333333336 to int loses precision in APPPATH\Controllers\AdmPost.php on line 3060.
 1 APPPATH\Controllers\AdmPost.php(3234): App\Controllers\AdmPost->secondsToTime(42.333333333333336)
 2 SYSTEMPATH\CodeIgniter.php(934): App\Controllers\AdmPost->relatorio_analitico()
 3 SYSTEMPATH\CodeIgniter.php(499): CodeIgniter\CodeIgniter->runController(Object(App\Controllers\AdmPost))
 4 SYSTEMPATH\CodeIgniter.php(368): CodeIgniter\CodeIgniter->handleRequest(null, Object(Config\Cache), false)
 5 FCPATH\index.php(67): CodeIgniter\CodeIgniter->run()
CRITICAL - 2024-06-27 18:52:12 --> Class "Dompdf\Dompdf" not found
in APPPATH\Controllers\AdmPost.php on line 3380.
 1 SYSTEMPATH\CodeIgniter.php(934): App\Controllers\AdmPost->relatorio_analitico()
 2 SYSTEMPATH\CodeIgniter.php(499): CodeIgniter\CodeIgniter->runController(Object(App\Controllers\AdmPost))
 3 SYSTEMPATH\CodeIgniter.php(368): CodeIgniter\CodeIgniter->handleRequest(null, Object(Config\Cache), false)
 4 FCPATH\index.php(67): CodeIgniter\CodeIgniter->run()
