CRITICAL - 2025-02-17 07:47:13 --> Undefined array key "lista_empreendimento"
in APPPATH\Controllers\SubpastaPost.php on line 406.
 1 APPPATH\Controllers\SubpastaPost.php(406): CodeIgniter\Debug\Exceptions->errorHandler(2, 'Undefined array key "lista_empreendimento"', 'C:\\xampp\\htdocs\\codi\\app\\Controllers\\SubpastaPost.php', 406)
 2 SYSTEMPATH\CodeIgniter.php(934): App\Controllers\SubpastaPost->desenho_tag_lista()
 3 SYSTEMPATH\CodeIgniter.php(499): CodeIgniter\CodeIgniter->runController(Object(App\Controllers\SubpastaPost))
 4 SYSTEMPATH\CodeIgniter.php(368): CodeIgniter\CodeIgniter->handleRequest(null, Object(Config\Cache), false)
 5 FCPATH\index.php(67): CodeIgniter\CodeIgniter->run()
CRITICAL - 2025-02-17 07:47:13 --> Undefined array key "lista_empreendimento"
in APPPATH\Controllers\SubpastaPost.php on line 406.
 1 APPPATH\Controllers\SubpastaPost.php(406): CodeIgniter\Debug\Exceptions->errorHandler(2, 'Undefined array key "lista_empreendimento"', 'C:\\xampp\\htdocs\\codi\\app\\Controllers\\SubpastaPost.php', 406)
 2 SYSTEMPATH\CodeIgniter.php(934): App\Controllers\SubpastaPost->desenho_tag_lista()
 3 SYSTEMPATH\CodeIgniter.php(499): CodeIgniter\CodeIgniter->runController(Object(App\Controllers\SubpastaPost))
 4 SYSTEMPATH\CodeIgniter.php(368): CodeIgniter\CodeIgniter->handleRequest(null, Object(Config\Cache), false)
 5 FCPATH\index.php(67): CodeIgniter\CodeIgniter->run()
WARNING - 2025-02-17 07:47:14 --> [DEPRECATED] str_replace(): Passing null to parameter #3 ($subject) of type array|string is deprecated in APPPATH\Controllers\Ferramentas.php on line 463.
 1 APPPATH\Controllers\Ferramentas.php(463): str_replace([...], [...], null)
 2 APPPATH\Controllers\EmpreendimentoPost.php(357): App\Controllers\Ferramentas::codificador(null)
 3 SYSTEMPATH\CodeIgniter.php(934): App\Controllers\EmpreendimentoPost->empreendimento_lista()
 4 SYSTEMPATH\CodeIgniter.php(499): CodeIgniter\CodeIgniter->runController(Object(App\Controllers\EmpreendimentoPost))
 5 SYSTEMPATH\CodeIgniter.php(368): CodeIgniter\CodeIgniter->handleRequest(null, Object(Config\Cache), false)
 6 FCPATH\index.php(67): CodeIgniter\CodeIgniter->run()
WARNING - 2025-02-17 07:47:38 --> [DEPRECATED] str_replace(): Passing null to parameter #3 ($subject) of type array|string is deprecated in APPPATH\Controllers\Ferramentas.php on line 463.
 1 APPPATH\Controllers\Ferramentas.php(463): str_replace([...], [...], null)
 2 APPPATH\Controllers\EmpreendimentoPost.php(357): App\Controllers\Ferramentas::codificador(null)
 3 SYSTEMPATH\CodeIgniter.php(934): App\Controllers\EmpreendimentoPost->empreendimento_lista()
 4 SYSTEMPATH\CodeIgniter.php(499): CodeIgniter\CodeIgniter->runController(Object(App\Controllers\EmpreendimentoPost))
 5 SYSTEMPATH\CodeIgniter.php(368): CodeIgniter\CodeIgniter->handleRequest(null, Object(Config\Cache), false)
 6 FCPATH\index.php(67): CodeIgniter\CodeIgniter->run()
WARNING - 2025-02-17 07:58:48 --> [DEPRECATED] str_replace(): Passing null to parameter #3 ($subject) of type array|string is deprecated in APPPATH\Controllers\Ferramentas.php on line 463.
 1 APPPATH\Controllers\Ferramentas.php(463): str_replace([...], [...], null)
 2 APPPATH\Controllers\EmpreendimentoPost.php(357): App\Controllers\Ferramentas::codificador(null)
 3 SYSTEMPATH\CodeIgniter.php(934): App\Controllers\EmpreendimentoPost->empreendimento_lista()
 4 SYSTEMPATH\CodeIgniter.php(499): CodeIgniter\CodeIgniter->runController(Object(App\Controllers\EmpreendimentoPost))
 5 SYSTEMPATH\CodeIgniter.php(368): CodeIgniter\CodeIgniter->handleRequest(null, Object(Config\Cache), false)
 6 FCPATH\index.php(67): CodeIgniter\CodeIgniter->run()
CRITICAL - 2025-02-17 07:58:48 --> Undefined array key "lista_finalidade"
in APPPATH\Controllers\SubpastaPost.php on line 406.
 1 APPPATH\Controllers\SubpastaPost.php(406): CodeIgniter\Debug\Exceptions->errorHandler(2, 'Undefined array key "lista_finalidade"', 'C:\\xampp\\htdocs\\codi\\app\\Controllers\\SubpastaPost.php', 406)
 2 SYSTEMPATH\CodeIgniter.php(934): App\Controllers\SubpastaPost->desenho_tag_lista()
 3 SYSTEMPATH\CodeIgniter.php(499): CodeIgniter\CodeIgniter->runController(Object(App\Controllers\SubpastaPost))
 4 SYSTEMPATH\CodeIgniter.php(368): CodeIgniter\CodeIgniter->handleRequest(null, Object(Config\Cache), false)
 5 FCPATH\index.php(67): CodeIgniter\CodeIgniter->run()
CRITICAL - 2025-02-17 07:58:48 --> Undefined array key "lista_finalidade"
in APPPATH\Controllers\SubpastaPost.php on line 406.
 1 APPPATH\Controllers\SubpastaPost.php(406): CodeIgniter\Debug\Exceptions->errorHandler(2, 'Undefined array key "lista_finalidade"', 'C:\\xampp\\htdocs\\codi\\app\\Controllers\\SubpastaPost.php', 406)
 2 SYSTEMPATH\CodeIgniter.php(934): App\Controllers\SubpastaPost->desenho_tag_lista()
 3 SYSTEMPATH\CodeIgniter.php(499): CodeIgniter\CodeIgniter->runController(Object(App\Controllers\SubpastaPost))
 4 SYSTEMPATH\CodeIgniter.php(368): CodeIgniter\CodeIgniter->handleRequest(null, Object(Config\Cache), false)
 5 FCPATH\index.php(67): CodeIgniter\CodeIgniter->run()
WARNING - 2025-02-17 07:59:08 --> [DEPRECATED] str_replace(): Passing null to parameter #3 ($subject) of type array|string is deprecated in APPPATH\Controllers\Ferramentas.php on line 463.
 1 APPPATH\Controllers\Ferramentas.php(463): str_replace([...], [...], null)
 2 APPPATH\Controllers\EmpreendimentoPost.php(357): App\Controllers\Ferramentas::codificador(null)
 3 SYSTEMPATH\CodeIgniter.php(934): App\Controllers\EmpreendimentoPost->empreendimento_lista()
 4 SYSTEMPATH\CodeIgniter.php(499): CodeIgniter\CodeIgniter->runController(Object(App\Controllers\EmpreendimentoPost))
 5 SYSTEMPATH\CodeIgniter.php(368): CodeIgniter\CodeIgniter->handleRequest(null, Object(Config\Cache), false)
 6 FCPATH\index.php(67): CodeIgniter\CodeIgniter->run()
WARNING - 2025-02-17 07:59:22 --> [DEPRECATED] str_replace(): Passing null to parameter #3 ($subject) of type array|string is deprecated in APPPATH\Controllers\Ferramentas.php on line 463.
 1 APPPATH\Controllers\Ferramentas.php(463): str_replace([...], [...], null)
 2 APPPATH\Controllers\EmpreendimentoPost.php(357): App\Controllers\Ferramentas::codificador(null)
 3 SYSTEMPATH\CodeIgniter.php(934): App\Controllers\EmpreendimentoPost->empreendimento_lista()
 4 SYSTEMPATH\CodeIgniter.php(499): CodeIgniter\CodeIgniter->runController(Object(App\Controllers\EmpreendimentoPost))
 5 SYSTEMPATH\CodeIgniter.php(368): CodeIgniter\CodeIgniter->handleRequest(null, Object(Config\Cache), false)
 6 FCPATH\index.php(67): CodeIgniter\CodeIgniter->run()
CRITICAL - 2025-02-17 08:49:40 --> Undefined array key "lista_completa"
in APPPATH\Controllers\ListaCortePost.php on line 912.
 1 APPPATH\Controllers\ListaCortePost.php(912): CodeIgniter\Debug\Exceptions->errorHandler(2, 'Undefined array key "lista_completa"', 'C:\\xampp\\htdocs\\codi\\app\\Controllers\\ListaCortePost.php', 912)
 2 SYSTEMPATH\CodeIgniter.php(934): App\Controllers\ListaCortePost->caminho_desenho()
 3 SYSTEMPATH\CodeIgniter.php(499): CodeIgniter\CodeIgniter->runController(Object(App\Controllers\ListaCortePost))
 4 SYSTEMPATH\CodeIgniter.php(368): CodeIgniter\CodeIgniter->handleRequest(null, Object(Config\Cache), false)
 5 FCPATH\index.php(67): CodeIgniter\CodeIgniter->run()
WARNING - 2025-02-17 09:14:08 --> [DEPRECATED] str_replace(): Passing null to parameter #3 ($subject) of type array|string is deprecated in APPPATH\Controllers\Ferramentas.php on line 463.
 1 APPPATH\Controllers\Ferramentas.php(463): str_replace([...], [...], null)
 2 APPPATH\Controllers\EmpreendimentoPost.php(357): App\Controllers\Ferramentas::codificador(null)
 3 SYSTEMPATH\CodeIgniter.php(934): App\Controllers\EmpreendimentoPost->empreendimento_lista()
 4 SYSTEMPATH\CodeIgniter.php(499): CodeIgniter\CodeIgniter->runController(Object(App\Controllers\EmpreendimentoPost))
 5 SYSTEMPATH\CodeIgniter.php(368): CodeIgniter\CodeIgniter->handleRequest(null, Object(Config\Cache), false)
 6 FCPATH\index.php(67): CodeIgniter\CodeIgniter->run()
WARNING - 2025-02-17 09:37:18 --> [DEPRECATED] str_replace(): Passing null to parameter #3 ($subject) of type array|string is deprecated in APPPATH\Controllers\Ferramentas.php on line 463.
 1 APPPATH\Controllers\Ferramentas.php(463): str_replace([...], [...], null)
 2 APPPATH\Controllers\EmpreendimentoPost.php(357): App\Controllers\Ferramentas::codificador(null)
 3 SYSTEMPATH\CodeIgniter.php(934): App\Controllers\EmpreendimentoPost->empreendimento_lista()
 4 SYSTEMPATH\CodeIgniter.php(499): CodeIgniter\CodeIgniter->runController(Object(App\Controllers\EmpreendimentoPost))
 5 SYSTEMPATH\CodeIgniter.php(368): CodeIgniter\CodeIgniter->handleRequest(null, Object(Config\Cache), false)
 6 FCPATH\index.php(67): CodeIgniter\CodeIgniter->run()
CRITICAL - 2025-02-17 09:37:18 --> Undefined array key "lista_finalidade"
in APPPATH\Controllers\SubpastaPost.php on line 406.
 1 APPPATH\Controllers\SubpastaPost.php(406): CodeIgniter\Debug\Exceptions->errorHandler(2, 'Undefined array key "lista_finalidade"', 'C:\\xampp\\htdocs\\codi\\app\\Controllers\\SubpastaPost.php', 406)
 2 SYSTEMPATH\CodeIgniter.php(934): App\Controllers\SubpastaPost->desenho_tag_lista()
 3 SYSTEMPATH\CodeIgniter.php(499): CodeIgniter\CodeIgniter->runController(Object(App\Controllers\SubpastaPost))
 4 SYSTEMPATH\CodeIgniter.php(368): CodeIgniter\CodeIgniter->handleRequest(null, Object(Config\Cache), false)
 5 FCPATH\index.php(67): CodeIgniter\CodeIgniter->run()
WARNING - 2025-02-17 09:37:31 --> [DEPRECATED] str_replace(): Passing null to parameter #3 ($subject) of type array|string is deprecated in APPPATH\Controllers\Ferramentas.php on line 463.
 1 APPPATH\Controllers\Ferramentas.php(463): str_replace([...], [...], null)
 2 APPPATH\Controllers\EmpreendimentoPost.php(357): App\Controllers\Ferramentas::codificador(null)
 3 SYSTEMPATH\CodeIgniter.php(934): App\Controllers\EmpreendimentoPost->empreendimento_lista()
 4 SYSTEMPATH\CodeIgniter.php(499): CodeIgniter\CodeIgniter->runController(Object(App\Controllers\EmpreendimentoPost))
 5 SYSTEMPATH\CodeIgniter.php(368): CodeIgniter\CodeIgniter->handleRequest(null, Object(Config\Cache), false)
 6 FCPATH\index.php(67): CodeIgniter\CodeIgniter->run()
WARNING - 2025-02-17 09:37:56 --> [DEPRECATED] str_replace(): Passing null to parameter #3 ($subject) of type array|string is deprecated in APPPATH\Controllers\Ferramentas.php on line 463.
 1 APPPATH\Controllers\Ferramentas.php(463): str_replace([...], [...], null)
 2 APPPATH\Controllers\EmpreendimentoPost.php(357): App\Controllers\Ferramentas::codificador(null)
 3 SYSTEMPATH\CodeIgniter.php(934): App\Controllers\EmpreendimentoPost->empreendimento_lista()
 4 SYSTEMPATH\CodeIgniter.php(499): CodeIgniter\CodeIgniter->runController(Object(App\Controllers\EmpreendimentoPost))
 5 SYSTEMPATH\CodeIgniter.php(368): CodeIgniter\CodeIgniter->handleRequest(null, Object(Config\Cache), false)
 6 FCPATH\index.php(67): CodeIgniter\CodeIgniter->run()
WARNING - 2025-02-17 09:38:07 --> [DEPRECATED] str_replace(): Passing null to parameter #3 ($subject) of type array|string is deprecated in APPPATH\Controllers\Ferramentas.php on line 463.
 1 APPPATH\Controllers\Ferramentas.php(463): str_replace([...], [...], null)
 2 APPPATH\Controllers\EmpreendimentoPost.php(357): App\Controllers\Ferramentas::codificador(null)
 3 SYSTEMPATH\CodeIgniter.php(934): App\Controllers\EmpreendimentoPost->empreendimento_lista()
 4 SYSTEMPATH\CodeIgniter.php(499): CodeIgniter\CodeIgniter->runController(Object(App\Controllers\EmpreendimentoPost))
 5 SYSTEMPATH\CodeIgniter.php(368): CodeIgniter\CodeIgniter->handleRequest(null, Object(Config\Cache), false)
 6 FCPATH\index.php(67): CodeIgniter\CodeIgniter->run()
WARNING - 2025-02-17 10:06:09 --> [DEPRECATED] str_replace(): Passing null to parameter #3 ($subject) of type array|string is deprecated in APPPATH\Controllers\Ferramentas.php on line 463.
 1 APPPATH\Controllers\Ferramentas.php(463): str_replace([...], [...], null)
 2 APPPATH\Controllers\EmpreendimentoPost.php(357): App\Controllers\Ferramentas::codificador(null)
 3 SYSTEMPATH\CodeIgniter.php(934): App\Controllers\EmpreendimentoPost->empreendimento_lista()
 4 SYSTEMPATH\CodeIgniter.php(499): CodeIgniter\CodeIgniter->runController(Object(App\Controllers\EmpreendimentoPost))
 5 SYSTEMPATH\CodeIgniter.php(368): CodeIgniter\CodeIgniter->handleRequest(null, Object(Config\Cache), false)
 6 FCPATH\index.php(67): CodeIgniter\CodeIgniter->run()
CRITICAL - 2025-02-17 10:06:09 --> Undefined array key "lista_finalidade"
in APPPATH\Controllers\SubpastaPost.php on line 406.
 1 APPPATH\Controllers\SubpastaPost.php(406): CodeIgniter\Debug\Exceptions->errorHandler(2, 'Undefined array key "lista_finalidade"', 'C:\\xampp\\htdocs\\codi\\app\\Controllers\\SubpastaPost.php', 406)
 2 SYSTEMPATH\CodeIgniter.php(934): App\Controllers\SubpastaPost->desenho_tag_lista()
 3 SYSTEMPATH\CodeIgniter.php(499): CodeIgniter\CodeIgniter->runController(Object(App\Controllers\SubpastaPost))
 4 SYSTEMPATH\CodeIgniter.php(368): CodeIgniter\CodeIgniter->handleRequest(null, Object(Config\Cache), false)
 5 FCPATH\index.php(67): CodeIgniter\CodeIgniter->run()
WARNING - 2025-02-17 10:28:49 --> [DEPRECATED] str_replace(): Passing null to parameter #3 ($subject) of type array|string is deprecated in APPPATH\Controllers\Ferramentas.php on line 463.
 1 APPPATH\Controllers\Ferramentas.php(463): str_replace([...], [...], null)
 2 APPPATH\Controllers\EmpreendimentoPost.php(357): App\Controllers\Ferramentas::codificador(null)
 3 SYSTEMPATH\CodeIgniter.php(934): App\Controllers\EmpreendimentoPost->empreendimento_lista()
 4 SYSTEMPATH\CodeIgniter.php(499): CodeIgniter\CodeIgniter->runController(Object(App\Controllers\EmpreendimentoPost))
 5 SYSTEMPATH\CodeIgniter.php(368): CodeIgniter\CodeIgniter->handleRequest(null, Object(Config\Cache), false)
 6 FCPATH\index.php(67): CodeIgniter\CodeIgniter->run()
CRITICAL - 2025-02-17 10:40:39 --> rename(c:/wl/wl_desenhos/MELNICK/PEDRO_BITTENCOURT/ESTRUTURA/EMBASAMENTO/ASFALTOI074NEI074NCALCADA/CALCADA_RUA_DA_PRACA_3_PECAS_MDF_3MM_COM_FUNDO_995_.dxf,c:/wl/wl_desenhos/MELNICK/PEDRO_BITTENCOURT/ESTRUTURA/EMBASAMENTO/ASFALTOI074NEI074NCALCADA/cortado_17_02_2025_CALCADA_RUA_DA_PRACA_3_PECAS_MDF_3MM_COM_FUNDO_6601_.dxf): O arquivo já está sendo usado por outro processo (code: 32)
in APPPATH\Controllers\ListaCortePost.php on line 313.
 1 [internal function]: CodeIgniter\Debug\Exceptions->errorHandler(2, 'rename(c:/wl/wl_desenhos/MELNICK/PEDRO_BITTENCOURT/ESTRUTURA/EMBASAMENTO/ASFALTOI074NEI074NCALCADA/CALCADA_RUA_DA_PRACA_3_PECAS_MDF_3MM_COM_FUNDO_995_.dxf,c:/wl/wl_desenhos/MELNICK/PEDRO_BITTENCOURT/ESTRUTURA/EMBASAMENTO/ASFALTOI074NEI074NCALCADA/cortado_17_02_2025_CALCADA_RUA_DA_PRACA_3_PECAS_MDF_3MM_COM_FUNDO_6601_.dxf): O arquivo já está sendo usado por outro processo (code: 32)', 'C:\\xampp\\htdocs\\codi\\app\\Controllers\\ListaCortePost.php', 313)
 2 APPPATH\Controllers\ListaCortePost.php(313): rename('c:/wl/wl_desenhos/MELNICK/PEDRO_BITTENCOURT/ESTRUTURA/EMBASAMENTO/ASFALTOI074NEI074NCALCADA/CALCADA_RUA_DA_PRACA_3_PECAS_MDF_3MM_COM_FUNDO_995_.dxf', 'c:/wl/wl_desenhos/MELNICK/PEDRO_BITTENCOURT/ESTRUTURA/EMBASAMENTO/ASFALTOI074NEI074NCALCADA/cortado_17_02_2025_CALCADA_RUA_DA_PRACA_3_PECAS_MDF_3MM_COM_FUNDO_6601_.dxf')
 3 SYSTEMPATH\CodeIgniter.php(934): App\Controllers\ListaCortePost->confirmar_corte()
 4 SYSTEMPATH\CodeIgniter.php(499): CodeIgniter\CodeIgniter->runController(Object(App\Controllers\ListaCortePost))
 5 SYSTEMPATH\CodeIgniter.php(368): CodeIgniter\CodeIgniter->handleRequest(null, Object(Config\Cache), false)
 6 FCPATH\index.php(67): CodeIgniter\CodeIgniter->run()
CRITICAL - 2025-02-17 10:40:54 --> rename(c:/wl/wl_desenhos/MELNICK/PEDRO_BITTENCOURT/ESTRUTURA/EMBASAMENTO/ASFALTOI074NEI074NCALCADA/CALCADA_RUA_DA_PRACA_3_PECAS_MDF_3MM_COM_FUNDO_995_.dxf,c:/wl/wl_desenhos/MELNICK/PEDRO_BITTENCOURT/ESTRUTURA/EMBASAMENTO/ASFALTOI074NEI074NCALCADA/cortado_17_02_2025_CALCADA_RUA_DA_PRACA_3_PECAS_MDF_3MM_COM_FUNDO_1424_.dxf): O arquivo já está sendo usado por outro processo (code: 32)
in APPPATH\Controllers\ListaCortePost.php on line 313.
 1 [internal function]: CodeIgniter\Debug\Exceptions->errorHandler(2, 'rename(c:/wl/wl_desenhos/MELNICK/PEDRO_BITTENCOURT/ESTRUTURA/EMBASAMENTO/ASFALTOI074NEI074NCALCADA/CALCADA_RUA_DA_PRACA_3_PECAS_MDF_3MM_COM_FUNDO_995_.dxf,c:/wl/wl_desenhos/MELNICK/PEDRO_BITTENCOURT/ESTRUTURA/EMBASAMENTO/ASFALTOI074NEI074NCALCADA/cortado_17_02_2025_CALCADA_RUA_DA_PRACA_3_PECAS_MDF_3MM_COM_FUNDO_1424_.dxf): O arquivo já está sendo usado por outro processo (code: 32)', 'C:\\xampp\\htdocs\\codi\\app\\Controllers\\ListaCortePost.php', 313)
 2 APPPATH\Controllers\ListaCortePost.php(313): rename('c:/wl/wl_desenhos/MELNICK/PEDRO_BITTENCOURT/ESTRUTURA/EMBASAMENTO/ASFALTOI074NEI074NCALCADA/CALCADA_RUA_DA_PRACA_3_PECAS_MDF_3MM_COM_FUNDO_995_.dxf', 'c:/wl/wl_desenhos/MELNICK/PEDRO_BITTENCOURT/ESTRUTURA/EMBASAMENTO/ASFALTOI074NEI074NCALCADA/cortado_17_02_2025_CALCADA_RUA_DA_PRACA_3_PECAS_MDF_3MM_COM_FUNDO_1424_.dxf')
 3 SYSTEMPATH\CodeIgniter.php(934): App\Controllers\ListaCortePost->confirmar_corte()
 4 SYSTEMPATH\CodeIgniter.php(499): CodeIgniter\CodeIgniter->runController(Object(App\Controllers\ListaCortePost))
 5 SYSTEMPATH\CodeIgniter.php(368): CodeIgniter\CodeIgniter->handleRequest(null, Object(Config\Cache), false)
 6 FCPATH\index.php(67): CodeIgniter\CodeIgniter->run()
CRITICAL - 2025-02-17 10:41:24 --> rename(c:/wl/wl_desenhos/MELNICK/PEDRO_BITTENCOURT/ESTRUTURA/EMBASAMENTO/ASFALTOI074NEI074NCALCADA/CALCADA_RUA_DA_PRACA_3_PECAS_MDF_3MM_COM_FUNDO_995_.dxf,c:/wl/wl_desenhos/MELNICK/PEDRO_BITTENCOURT/ESTRUTURA/EMBASAMENTO/ASFALTOI074NEI074NCALCADA/cortado_17_02_2025_CALCADA_RUA_DA_PRACA_3_PECAS_MDF_3MM_COM_FUNDO_3179_.dxf): O arquivo já está sendo usado por outro processo (code: 32)
in APPPATH\Controllers\ListaCortePost.php on line 313.
 1 [internal function]: CodeIgniter\Debug\Exceptions->errorHandler(2, 'rename(c:/wl/wl_desenhos/MELNICK/PEDRO_BITTENCOURT/ESTRUTURA/EMBASAMENTO/ASFALTOI074NEI074NCALCADA/CALCADA_RUA_DA_PRACA_3_PECAS_MDF_3MM_COM_FUNDO_995_.dxf,c:/wl/wl_desenhos/MELNICK/PEDRO_BITTENCOURT/ESTRUTURA/EMBASAMENTO/ASFALTOI074NEI074NCALCADA/cortado_17_02_2025_CALCADA_RUA_DA_PRACA_3_PECAS_MDF_3MM_COM_FUNDO_3179_.dxf): O arquivo já está sendo usado por outro processo (code: 32)', 'C:\\xampp\\htdocs\\codi\\app\\Controllers\\ListaCortePost.php', 313)
 2 APPPATH\Controllers\ListaCortePost.php(313): rename('c:/wl/wl_desenhos/MELNICK/PEDRO_BITTENCOURT/ESTRUTURA/EMBASAMENTO/ASFALTOI074NEI074NCALCADA/CALCADA_RUA_DA_PRACA_3_PECAS_MDF_3MM_COM_FUNDO_995_.dxf', 'c:/wl/wl_desenhos/MELNICK/PEDRO_BITTENCOURT/ESTRUTURA/EMBASAMENTO/ASFALTOI074NEI074NCALCADA/cortado_17_02_2025_CALCADA_RUA_DA_PRACA_3_PECAS_MDF_3MM_COM_FUNDO_3179_.dxf')
 3 SYSTEMPATH\CodeIgniter.php(934): App\Controllers\ListaCortePost->confirmar_corte()
 4 SYSTEMPATH\CodeIgniter.php(499): CodeIgniter\CodeIgniter->runController(Object(App\Controllers\ListaCortePost))
 5 SYSTEMPATH\CodeIgniter.php(368): CodeIgniter\CodeIgniter->handleRequest(null, Object(Config\Cache), false)
 6 FCPATH\index.php(67): CodeIgniter\CodeIgniter->run()
CRITICAL - 2025-02-17 10:45:59 --> rename(c:/wl/wl_desenhos/MELNICK/PEDRO_BITTENCOURT/ESTRUTURA/EMBASAMENTO/ASFALTOI074NEI074NCALCADA/CALCADA_RUA_DA_PRACA_3_PECAS_MDF_3MM_COM_FUNDO_995_.dxf,c:/wl/wl_desenhos/MELNICK/PEDRO_BITTENCOURT/ESTRUTURA/EMBASAMENTO/ASFALTOI074NEI074NCALCADA/cortado_17_02_2025_CALCADA_RUA_DA_PRACA_3_PECAS_MDF_3MM_COM_FUNDO_5337_.dxf): O arquivo já está sendo usado por outro processo (code: 32)
in APPPATH\Controllers\ListaCortePost.php on line 313.
 1 [internal function]: CodeIgniter\Debug\Exceptions->errorHandler(2, 'rename(c:/wl/wl_desenhos/MELNICK/PEDRO_BITTENCOURT/ESTRUTURA/EMBASAMENTO/ASFALTOI074NEI074NCALCADA/CALCADA_RUA_DA_PRACA_3_PECAS_MDF_3MM_COM_FUNDO_995_.dxf,c:/wl/wl_desenhos/MELNICK/PEDRO_BITTENCOURT/ESTRUTURA/EMBASAMENTO/ASFALTOI074NEI074NCALCADA/cortado_17_02_2025_CALCADA_RUA_DA_PRACA_3_PECAS_MDF_3MM_COM_FUNDO_5337_.dxf): O arquivo já está sendo usado por outro processo (code: 32)', 'C:\\xampp\\htdocs\\codi\\app\\Controllers\\ListaCortePost.php', 313)
 2 APPPATH\Controllers\ListaCortePost.php(313): rename('c:/wl/wl_desenhos/MELNICK/PEDRO_BITTENCOURT/ESTRUTURA/EMBASAMENTO/ASFALTOI074NEI074NCALCADA/CALCADA_RUA_DA_PRACA_3_PECAS_MDF_3MM_COM_FUNDO_995_.dxf', 'c:/wl/wl_desenhos/MELNICK/PEDRO_BITTENCOURT/ESTRUTURA/EMBASAMENTO/ASFALTOI074NEI074NCALCADA/cortado_17_02_2025_CALCADA_RUA_DA_PRACA_3_PECAS_MDF_3MM_COM_FUNDO_5337_.dxf')
 3 SYSTEMPATH\CodeIgniter.php(934): App\Controllers\ListaCortePost->confirmar_corte()
 4 SYSTEMPATH\CodeIgniter.php(499): CodeIgniter\CodeIgniter->runController(Object(App\Controllers\ListaCortePost))
 5 SYSTEMPATH\CodeIgniter.php(368): CodeIgniter\CodeIgniter->handleRequest(null, Object(Config\Cache), false)
 6 FCPATH\index.php(67): CodeIgniter\CodeIgniter->run()
CRITICAL - 2025-02-17 10:46:15 --> rename(c:/wl/wl_desenhos/MELNICK/PEDRO_BITTENCOURT/ESTRUTURA/EMBASAMENTO/ASFALTOI074NEI074NCALCADA/CALCADA_RUA_DA_PRACA_3_PECAS_MDF_3MM_COM_FUNDO_995_.dxf,c:/wl/wl_desenhos/MELNICK/PEDRO_BITTENCOURT/ESTRUTURA/EMBASAMENTO/ASFALTOI074NEI074NCALCADA/cortado_17_02_2025_CALCADA_RUA_DA_PRACA_3_PECAS_MDF_3MM_COM_FUNDO_2551_.dxf): O arquivo já está sendo usado por outro processo (code: 32)
in APPPATH\Controllers\ListaCortePost.php on line 313.
 1 [internal function]: CodeIgniter\Debug\Exceptions->errorHandler(2, 'rename(c:/wl/wl_desenhos/MELNICK/PEDRO_BITTENCOURT/ESTRUTURA/EMBASAMENTO/ASFALTOI074NEI074NCALCADA/CALCADA_RUA_DA_PRACA_3_PECAS_MDF_3MM_COM_FUNDO_995_.dxf,c:/wl/wl_desenhos/MELNICK/PEDRO_BITTENCOURT/ESTRUTURA/EMBASAMENTO/ASFALTOI074NEI074NCALCADA/cortado_17_02_2025_CALCADA_RUA_DA_PRACA_3_PECAS_MDF_3MM_COM_FUNDO_2551_.dxf): O arquivo já está sendo usado por outro processo (code: 32)', 'C:\\xampp\\htdocs\\codi\\app\\Controllers\\ListaCortePost.php', 313)
 2 APPPATH\Controllers\ListaCortePost.php(313): rename('c:/wl/wl_desenhos/MELNICK/PEDRO_BITTENCOURT/ESTRUTURA/EMBASAMENTO/ASFALTOI074NEI074NCALCADA/CALCADA_RUA_DA_PRACA_3_PECAS_MDF_3MM_COM_FUNDO_995_.dxf', 'c:/wl/wl_desenhos/MELNICK/PEDRO_BITTENCOURT/ESTRUTURA/EMBASAMENTO/ASFALTOI074NEI074NCALCADA/cortado_17_02_2025_CALCADA_RUA_DA_PRACA_3_PECAS_MDF_3MM_COM_FUNDO_2551_.dxf')
 3 SYSTEMPATH\CodeIgniter.php(934): App\Controllers\ListaCortePost->confirmar_corte()
 4 SYSTEMPATH\CodeIgniter.php(499): CodeIgniter\CodeIgniter->runController(Object(App\Controllers\ListaCortePost))
 5 SYSTEMPATH\CodeIgniter.php(368): CodeIgniter\CodeIgniter->handleRequest(null, Object(Config\Cache), false)
 6 FCPATH\index.php(67): CodeIgniter\CodeIgniter->run()
CRITICAL - 2025-02-17 10:46:23 --> rename(c:/wl/wl_desenhos/MELNICK/PEDRO_BITTENCOURT/ESTRUTURA/EMBASAMENTO/ASFALTOI074NEI074NCALCADA/CALCADA_RUA_DA_PRACA_3_PECAS_MDF_3MM_COM_FUNDO_995_.dxf,c:/wl/wl_desenhos/MELNICK/PEDRO_BITTENCOURT/ESTRUTURA/EMBASAMENTO/ASFALTOI074NEI074NCALCADA/cortado_17_02_2025_CALCADA_RUA_DA_PRACA_3_PECAS_MDF_3MM_COM_FUNDO_4850_.dxf): O arquivo já está sendo usado por outro processo (code: 32)
in APPPATH\Controllers\ListaCortePost.php on line 313.
 1 [internal function]: CodeIgniter\Debug\Exceptions->errorHandler(2, 'rename(c:/wl/wl_desenhos/MELNICK/PEDRO_BITTENCOURT/ESTRUTURA/EMBASAMENTO/ASFALTOI074NEI074NCALCADA/CALCADA_RUA_DA_PRACA_3_PECAS_MDF_3MM_COM_FUNDO_995_.dxf,c:/wl/wl_desenhos/MELNICK/PEDRO_BITTENCOURT/ESTRUTURA/EMBASAMENTO/ASFALTOI074NEI074NCALCADA/cortado_17_02_2025_CALCADA_RUA_DA_PRACA_3_PECAS_MDF_3MM_COM_FUNDO_4850_.dxf): O arquivo já está sendo usado por outro processo (code: 32)', 'C:\\xampp\\htdocs\\codi\\app\\Controllers\\ListaCortePost.php', 313)
 2 APPPATH\Controllers\ListaCortePost.php(313): rename('c:/wl/wl_desenhos/MELNICK/PEDRO_BITTENCOURT/ESTRUTURA/EMBASAMENTO/ASFALTOI074NEI074NCALCADA/CALCADA_RUA_DA_PRACA_3_PECAS_MDF_3MM_COM_FUNDO_995_.dxf', 'c:/wl/wl_desenhos/MELNICK/PEDRO_BITTENCOURT/ESTRUTURA/EMBASAMENTO/ASFALTOI074NEI074NCALCADA/cortado_17_02_2025_CALCADA_RUA_DA_PRACA_3_PECAS_MDF_3MM_COM_FUNDO_4850_.dxf')
 3 SYSTEMPATH\CodeIgniter.php(934): App\Controllers\ListaCortePost->confirmar_corte()
 4 SYSTEMPATH\CodeIgniter.php(499): CodeIgniter\CodeIgniter->runController(Object(App\Controllers\ListaCortePost))
 5 SYSTEMPATH\CodeIgniter.php(368): CodeIgniter\CodeIgniter->handleRequest(null, Object(Config\Cache), false)
 6 FCPATH\index.php(67): CodeIgniter\CodeIgniter->run()
CRITICAL - 2025-02-17 10:46:47 --> rename(c:/wl/wl_desenhos/MELNICK/PEDRO_BITTENCOURT/ESTRUTURA/EMBASAMENTO/ASFALTOI074NEI074NCALCADA/CALCADA_RUA_DA_PRACA_3_PECAS_MDF_3MM_COM_FUNDO_995_.dxf,c:/wl/wl_desenhos/MELNICK/PEDRO_BITTENCOURT/ESTRUTURA/EMBASAMENTO/ASFALTOI074NEI074NCALCADA/cortado_17_02_2025_CALCADA_RUA_DA_PRACA_3_PECAS_MDF_3MM_COM_FUNDO_5162_.dxf): O arquivo já está sendo usado por outro processo (code: 32)
in APPPATH\Controllers\ListaCortePost.php on line 313.
 1 [internal function]: CodeIgniter\Debug\Exceptions->errorHandler(2, 'rename(c:/wl/wl_desenhos/MELNICK/PEDRO_BITTENCOURT/ESTRUTURA/EMBASAMENTO/ASFALTOI074NEI074NCALCADA/CALCADA_RUA_DA_PRACA_3_PECAS_MDF_3MM_COM_FUNDO_995_.dxf,c:/wl/wl_desenhos/MELNICK/PEDRO_BITTENCOURT/ESTRUTURA/EMBASAMENTO/ASFALTOI074NEI074NCALCADA/cortado_17_02_2025_CALCADA_RUA_DA_PRACA_3_PECAS_MDF_3MM_COM_FUNDO_5162_.dxf): O arquivo já está sendo usado por outro processo (code: 32)', 'C:\\xampp\\htdocs\\codi\\app\\Controllers\\ListaCortePost.php', 313)
 2 APPPATH\Controllers\ListaCortePost.php(313): rename('c:/wl/wl_desenhos/MELNICK/PEDRO_BITTENCOURT/ESTRUTURA/EMBASAMENTO/ASFALTOI074NEI074NCALCADA/CALCADA_RUA_DA_PRACA_3_PECAS_MDF_3MM_COM_FUNDO_995_.dxf', 'c:/wl/wl_desenhos/MELNICK/PEDRO_BITTENCOURT/ESTRUTURA/EMBASAMENTO/ASFALTOI074NEI074NCALCADA/cortado_17_02_2025_CALCADA_RUA_DA_PRACA_3_PECAS_MDF_3MM_COM_FUNDO_5162_.dxf')
 3 SYSTEMPATH\CodeIgniter.php(934): App\Controllers\ListaCortePost->confirmar_corte()
 4 SYSTEMPATH\CodeIgniter.php(499): CodeIgniter\CodeIgniter->runController(Object(App\Controllers\ListaCortePost))
 5 SYSTEMPATH\CodeIgniter.php(368): CodeIgniter\CodeIgniter->handleRequest(null, Object(Config\Cache), false)
 6 FCPATH\index.php(67): CodeIgniter\CodeIgniter->run()
CRITICAL - 2025-02-17 10:46:58 --> rename(c:/wl/wl_desenhos/MELNICK/PEDRO_BITTENCOURT/ESTRUTURA/EMBASAMENTO/ASFALTOI074NEI074NCALCADA/CALCADA_RUA_DA_PRACA_3_PECAS_MDF_3MM_COM_FUNDO_995_.dxf,c:/wl/wl_desenhos/MELNICK/PEDRO_BITTENCOURT/ESTRUTURA/EMBASAMENTO/ASFALTOI074NEI074NCALCADA/cortado_17_02_2025_CALCADA_RUA_DA_PRACA_3_PECAS_MDF_3MM_COM_FUNDO_9522_.dxf): O arquivo já está sendo usado por outro processo (code: 32)
in APPPATH\Controllers\ListaCortePost.php on line 313.
 1 [internal function]: CodeIgniter\Debug\Exceptions->errorHandler(2, 'rename(c:/wl/wl_desenhos/MELNICK/PEDRO_BITTENCOURT/ESTRUTURA/EMBASAMENTO/ASFALTOI074NEI074NCALCADA/CALCADA_RUA_DA_PRACA_3_PECAS_MDF_3MM_COM_FUNDO_995_.dxf,c:/wl/wl_desenhos/MELNICK/PEDRO_BITTENCOURT/ESTRUTURA/EMBASAMENTO/ASFALTOI074NEI074NCALCADA/cortado_17_02_2025_CALCADA_RUA_DA_PRACA_3_PECAS_MDF_3MM_COM_FUNDO_9522_.dxf): O arquivo já está sendo usado por outro processo (code: 32)', 'C:\\xampp\\htdocs\\codi\\app\\Controllers\\ListaCortePost.php', 313)
 2 APPPATH\Controllers\ListaCortePost.php(313): rename('c:/wl/wl_desenhos/MELNICK/PEDRO_BITTENCOURT/ESTRUTURA/EMBASAMENTO/ASFALTOI074NEI074NCALCADA/CALCADA_RUA_DA_PRACA_3_PECAS_MDF_3MM_COM_FUNDO_995_.dxf', 'c:/wl/wl_desenhos/MELNICK/PEDRO_BITTENCOURT/ESTRUTURA/EMBASAMENTO/ASFALTOI074NEI074NCALCADA/cortado_17_02_2025_CALCADA_RUA_DA_PRACA_3_PECAS_MDF_3MM_COM_FUNDO_9522_.dxf')
 3 SYSTEMPATH\CodeIgniter.php(934): App\Controllers\ListaCortePost->confirmar_corte()
 4 SYSTEMPATH\CodeIgniter.php(499): CodeIgniter\CodeIgniter->runController(Object(App\Controllers\ListaCortePost))
 5 SYSTEMPATH\CodeIgniter.php(368): CodeIgniter\CodeIgniter->handleRequest(null, Object(Config\Cache), false)
 6 FCPATH\index.php(67): CodeIgniter\CodeIgniter->run()
CRITICAL - 2025-02-17 10:47:21 --> rename(c:/wl/wl_desenhos/MELNICK/PEDRO_BITTENCOURT/ESTRUTURA/EMBASAMENTO/ASFALTOI074NEI074NCALCADA/CALCADA_RUA_DA_PRACA_3_PECAS_MDF_3MM_COM_FUNDO_995_.dxf,c:/wl/wl_desenhos/MELNICK/PEDRO_BITTENCOURT/ESTRUTURA/EMBASAMENTO/ASFALTOI074NEI074NCALCADA/cortado_17_02_2025_CALCADA_RUA_DA_PRACA_3_PECAS_MDF_3MM_COM_FUNDO_7074_.dxf): O arquivo já está sendo usado por outro processo (code: 32)
in APPPATH\Controllers\ListaCortePost.php on line 313.
 1 [internal function]: CodeIgniter\Debug\Exceptions->errorHandler(2, 'rename(c:/wl/wl_desenhos/MELNICK/PEDRO_BITTENCOURT/ESTRUTURA/EMBASAMENTO/ASFALTOI074NEI074NCALCADA/CALCADA_RUA_DA_PRACA_3_PECAS_MDF_3MM_COM_FUNDO_995_.dxf,c:/wl/wl_desenhos/MELNICK/PEDRO_BITTENCOURT/ESTRUTURA/EMBASAMENTO/ASFALTOI074NEI074NCALCADA/cortado_17_02_2025_CALCADA_RUA_DA_PRACA_3_PECAS_MDF_3MM_COM_FUNDO_7074_.dxf): O arquivo já está sendo usado por outro processo (code: 32)', 'C:\\xampp\\htdocs\\codi\\app\\Controllers\\ListaCortePost.php', 313)
 2 APPPATH\Controllers\ListaCortePost.php(313): rename('c:/wl/wl_desenhos/MELNICK/PEDRO_BITTENCOURT/ESTRUTURA/EMBASAMENTO/ASFALTOI074NEI074NCALCADA/CALCADA_RUA_DA_PRACA_3_PECAS_MDF_3MM_COM_FUNDO_995_.dxf', 'c:/wl/wl_desenhos/MELNICK/PEDRO_BITTENCOURT/ESTRUTURA/EMBASAMENTO/ASFALTOI074NEI074NCALCADA/cortado_17_02_2025_CALCADA_RUA_DA_PRACA_3_PECAS_MDF_3MM_COM_FUNDO_7074_.dxf')
 3 SYSTEMPATH\CodeIgniter.php(934): App\Controllers\ListaCortePost->confirmar_corte()
 4 SYSTEMPATH\CodeIgniter.php(499): CodeIgniter\CodeIgniter->runController(Object(App\Controllers\ListaCortePost))
 5 SYSTEMPATH\CodeIgniter.php(368): CodeIgniter\CodeIgniter->handleRequest(null, Object(Config\Cache), false)
 6 FCPATH\index.php(67): CodeIgniter\CodeIgniter->run()
CRITICAL - 2025-02-17 10:47:32 --> rename(c:/wl/wl_desenhos/MELNICK/PEDRO_BITTENCOURT/ESTRUTURA/EMBASAMENTO/ASFALTOI074NEI074NCALCADA/CALCADA_RUA_DA_PRACA_3_PECAS_MDF_3MM_COM_FUNDO_995_.dxf,c:/wl/wl_desenhos/MELNICK/PEDRO_BITTENCOURT/ESTRUTURA/EMBASAMENTO/ASFALTOI074NEI074NCALCADA/cortado_17_02_2025_CALCADA_RUA_DA_PRACA_3_PECAS_MDF_3MM_COM_FUNDO_6351_.dxf): O arquivo já está sendo usado por outro processo (code: 32)
in APPPATH\Controllers\ListaCortePost.php on line 313.
 1 [internal function]: CodeIgniter\Debug\Exceptions->errorHandler(2, 'rename(c:/wl/wl_desenhos/MELNICK/PEDRO_BITTENCOURT/ESTRUTURA/EMBASAMENTO/ASFALTOI074NEI074NCALCADA/CALCADA_RUA_DA_PRACA_3_PECAS_MDF_3MM_COM_FUNDO_995_.dxf,c:/wl/wl_desenhos/MELNICK/PEDRO_BITTENCOURT/ESTRUTURA/EMBASAMENTO/ASFALTOI074NEI074NCALCADA/cortado_17_02_2025_CALCADA_RUA_DA_PRACA_3_PECAS_MDF_3MM_COM_FUNDO_6351_.dxf): O arquivo já está sendo usado por outro processo (code: 32)', 'C:\\xampp\\htdocs\\codi\\app\\Controllers\\ListaCortePost.php', 313)
 2 APPPATH\Controllers\ListaCortePost.php(313): rename('c:/wl/wl_desenhos/MELNICK/PEDRO_BITTENCOURT/ESTRUTURA/EMBASAMENTO/ASFALTOI074NEI074NCALCADA/CALCADA_RUA_DA_PRACA_3_PECAS_MDF_3MM_COM_FUNDO_995_.dxf', 'c:/wl/wl_desenhos/MELNICK/PEDRO_BITTENCOURT/ESTRUTURA/EMBASAMENTO/ASFALTOI074NEI074NCALCADA/cortado_17_02_2025_CALCADA_RUA_DA_PRACA_3_PECAS_MDF_3MM_COM_FUNDO_6351_.dxf')
 3 SYSTEMPATH\CodeIgniter.php(934): App\Controllers\ListaCortePost->confirmar_corte()
 4 SYSTEMPATH\CodeIgniter.php(499): CodeIgniter\CodeIgniter->runController(Object(App\Controllers\ListaCortePost))
 5 SYSTEMPATH\CodeIgniter.php(368): CodeIgniter\CodeIgniter->handleRequest(null, Object(Config\Cache), false)
 6 FCPATH\index.php(67): CodeIgniter\CodeIgniter->run()
CRITICAL - 2025-02-17 10:47:48 --> rename(c:/wl/wl_desenhos/MELNICK/PEDRO_BITTENCOURT/ESTRUTURA/EMBASAMENTO/ASFALTOI074NEI074NCALCADA/CALCADA_RUA_DA_PRACA_3_PECAS_MDF_3MM_COM_FUNDO_995_.dxf,c:/wl/wl_desenhos/MELNICK/PEDRO_BITTENCOURT/ESTRUTURA/EMBASAMENTO/ASFALTOI074NEI074NCALCADA/cortado_17_02_2025_CALCADA_RUA_DA_PRACA_3_PECAS_MDF_3MM_COM_FUNDO_9399_.dxf): O arquivo já está sendo usado por outro processo (code: 32)
in APPPATH\Controllers\ListaCortePost.php on line 313.
 1 [internal function]: CodeIgniter\Debug\Exceptions->errorHandler(2, 'rename(c:/wl/wl_desenhos/MELNICK/PEDRO_BITTENCOURT/ESTRUTURA/EMBASAMENTO/ASFALTOI074NEI074NCALCADA/CALCADA_RUA_DA_PRACA_3_PECAS_MDF_3MM_COM_FUNDO_995_.dxf,c:/wl/wl_desenhos/MELNICK/PEDRO_BITTENCOURT/ESTRUTURA/EMBASAMENTO/ASFALTOI074NEI074NCALCADA/cortado_17_02_2025_CALCADA_RUA_DA_PRACA_3_PECAS_MDF_3MM_COM_FUNDO_9399_.dxf): O arquivo já está sendo usado por outro processo (code: 32)', 'C:\\xampp\\htdocs\\codi\\app\\Controllers\\ListaCortePost.php', 313)
 2 APPPATH\Controllers\ListaCortePost.php(313): rename('c:/wl/wl_desenhos/MELNICK/PEDRO_BITTENCOURT/ESTRUTURA/EMBASAMENTO/ASFALTOI074NEI074NCALCADA/CALCADA_RUA_DA_PRACA_3_PECAS_MDF_3MM_COM_FUNDO_995_.dxf', 'c:/wl/wl_desenhos/MELNICK/PEDRO_BITTENCOURT/ESTRUTURA/EMBASAMENTO/ASFALTOI074NEI074NCALCADA/cortado_17_02_2025_CALCADA_RUA_DA_PRACA_3_PECAS_MDF_3MM_COM_FUNDO_9399_.dxf')
 3 SYSTEMPATH\CodeIgniter.php(934): App\Controllers\ListaCortePost->confirmar_corte()
 4 SYSTEMPATH\CodeIgniter.php(499): CodeIgniter\CodeIgniter->runController(Object(App\Controllers\ListaCortePost))
 5 SYSTEMPATH\CodeIgniter.php(368): CodeIgniter\CodeIgniter->handleRequest(null, Object(Config\Cache), false)
 6 FCPATH\index.php(67): CodeIgniter\CodeIgniter->run()
CRITICAL - 2025-02-17 10:47:54 --> rename(c:/wl/wl_desenhos/MELNICK/PEDRO_BITTENCOURT/ESTRUTURA/EMBASAMENTO/ASFALTOI074NEI074NCALCADA/CALCADA_RUA_DA_PRACA_3_PECAS_MDF_3MM_COM_FUNDO_995_.dxf,c:/wl/wl_desenhos/MELNICK/PEDRO_BITTENCOURT/ESTRUTURA/EMBASAMENTO/ASFALTOI074NEI074NCALCADA/cortado_17_02_2025_CALCADA_RUA_DA_PRACA_3_PECAS_MDF_3MM_COM_FUNDO_9809_.dxf): O arquivo já está sendo usado por outro processo (code: 32)
in APPPATH\Controllers\ListaCortePost.php on line 313.
 1 [internal function]: CodeIgniter\Debug\Exceptions->errorHandler(2, 'rename(c:/wl/wl_desenhos/MELNICK/PEDRO_BITTENCOURT/ESTRUTURA/EMBASAMENTO/ASFALTOI074NEI074NCALCADA/CALCADA_RUA_DA_PRACA_3_PECAS_MDF_3MM_COM_FUNDO_995_.dxf,c:/wl/wl_desenhos/MELNICK/PEDRO_BITTENCOURT/ESTRUTURA/EMBASAMENTO/ASFALTOI074NEI074NCALCADA/cortado_17_02_2025_CALCADA_RUA_DA_PRACA_3_PECAS_MDF_3MM_COM_FUNDO_9809_.dxf): O arquivo já está sendo usado por outro processo (code: 32)', 'C:\\xampp\\htdocs\\codi\\app\\Controllers\\ListaCortePost.php', 313)
 2 APPPATH\Controllers\ListaCortePost.php(313): rename('c:/wl/wl_desenhos/MELNICK/PEDRO_BITTENCOURT/ESTRUTURA/EMBASAMENTO/ASFALTOI074NEI074NCALCADA/CALCADA_RUA_DA_PRACA_3_PECAS_MDF_3MM_COM_FUNDO_995_.dxf', 'c:/wl/wl_desenhos/MELNICK/PEDRO_BITTENCOURT/ESTRUTURA/EMBASAMENTO/ASFALTOI074NEI074NCALCADA/cortado_17_02_2025_CALCADA_RUA_DA_PRACA_3_PECAS_MDF_3MM_COM_FUNDO_9809_.dxf')
 3 SYSTEMPATH\CodeIgniter.php(934): App\Controllers\ListaCortePost->confirmar_corte()
 4 SYSTEMPATH\CodeIgniter.php(499): CodeIgniter\CodeIgniter->runController(Object(App\Controllers\ListaCortePost))
 5 SYSTEMPATH\CodeIgniter.php(368): CodeIgniter\CodeIgniter->handleRequest(null, Object(Config\Cache), false)
 6 FCPATH\index.php(67): CodeIgniter\CodeIgniter->run()
CRITICAL - 2025-02-17 10:47:58 --> rename(c:/wl/wl_desenhos/MELNICK/PEDRO_BITTENCOURT/ESTRUTURA/EMBASAMENTO/ASFALTOI074NEI074NCALCADA/CALCADA_RUA_DA_PRACA_3_PECAS_MDF_3MM_COM_FUNDO_995_.dxf,c:/wl/wl_desenhos/MELNICK/PEDRO_BITTENCOURT/ESTRUTURA/EMBASAMENTO/ASFALTOI074NEI074NCALCADA/cortado_17_02_2025_CALCADA_RUA_DA_PRACA_3_PECAS_MDF_3MM_COM_FUNDO_9441_.dxf): O arquivo já está sendo usado por outro processo (code: 32)
in APPPATH\Controllers\ListaCortePost.php on line 313.
 1 [internal function]: CodeIgniter\Debug\Exceptions->errorHandler(2, 'rename(c:/wl/wl_desenhos/MELNICK/PEDRO_BITTENCOURT/ESTRUTURA/EMBASAMENTO/ASFALTOI074NEI074NCALCADA/CALCADA_RUA_DA_PRACA_3_PECAS_MDF_3MM_COM_FUNDO_995_.dxf,c:/wl/wl_desenhos/MELNICK/PEDRO_BITTENCOURT/ESTRUTURA/EMBASAMENTO/ASFALTOI074NEI074NCALCADA/cortado_17_02_2025_CALCADA_RUA_DA_PRACA_3_PECAS_MDF_3MM_COM_FUNDO_9441_.dxf): O arquivo já está sendo usado por outro processo (code: 32)', 'C:\\xampp\\htdocs\\codi\\app\\Controllers\\ListaCortePost.php', 313)
 2 APPPATH\Controllers\ListaCortePost.php(313): rename('c:/wl/wl_desenhos/MELNICK/PEDRO_BITTENCOURT/ESTRUTURA/EMBASAMENTO/ASFALTOI074NEI074NCALCADA/CALCADA_RUA_DA_PRACA_3_PECAS_MDF_3MM_COM_FUNDO_995_.dxf', 'c:/wl/wl_desenhos/MELNICK/PEDRO_BITTENCOURT/ESTRUTURA/EMBASAMENTO/ASFALTOI074NEI074NCALCADA/cortado_17_02_2025_CALCADA_RUA_DA_PRACA_3_PECAS_MDF_3MM_COM_FUNDO_9441_.dxf')
 3 SYSTEMPATH\CodeIgniter.php(934): App\Controllers\ListaCortePost->confirmar_corte()
 4 SYSTEMPATH\CodeIgniter.php(499): CodeIgniter\CodeIgniter->runController(Object(App\Controllers\ListaCortePost))
 5 SYSTEMPATH\CodeIgniter.php(368): CodeIgniter\CodeIgniter->handleRequest(null, Object(Config\Cache), false)
 6 FCPATH\index.php(67): CodeIgniter\CodeIgniter->run()
CRITICAL - 2025-02-17 10:48:20 --> rename(c:/wl/wl_desenhos/MELNICK/PEDRO_BITTENCOURT/ESTRUTURA/EMBASAMENTO/ASFALTOI074NEI074NCALCADA/RUA_DE_PEDRA_MDF_3MM_COM_FUNDO_7_.dxf,c:/wl/wl_desenhos/MELNICK/PEDRO_BITTENCOURT/ESTRUTURA/EMBASAMENTO/ASFALTOI074NEI074NCALCADA/cortado_17_02_2025_RUA_DE_PEDRA_MDF_3MM_COM_FUNDO_6856_.dxf): O arquivo já está sendo usado por outro processo (code: 32)
in APPPATH\Controllers\ListaCortePost.php on line 313.
 1 [internal function]: CodeIgniter\Debug\Exceptions->errorHandler(2, 'rename(c:/wl/wl_desenhos/MELNICK/PEDRO_BITTENCOURT/ESTRUTURA/EMBASAMENTO/ASFALTOI074NEI074NCALCADA/RUA_DE_PEDRA_MDF_3MM_COM_FUNDO_7_.dxf,c:/wl/wl_desenhos/MELNICK/PEDRO_BITTENCOURT/ESTRUTURA/EMBASAMENTO/ASFALTOI074NEI074NCALCADA/cortado_17_02_2025_RUA_DE_PEDRA_MDF_3MM_COM_FUNDO_6856_.dxf): O arquivo já está sendo usado por outro processo (code: 32)', 'C:\\xampp\\htdocs\\codi\\app\\Controllers\\ListaCortePost.php', 313)
 2 APPPATH\Controllers\ListaCortePost.php(313): rename('c:/wl/wl_desenhos/MELNICK/PEDRO_BITTENCOURT/ESTRUTURA/EMBASAMENTO/ASFALTOI074NEI074NCALCADA/RUA_DE_PEDRA_MDF_3MM_COM_FUNDO_7_.dxf', 'c:/wl/wl_desenhos/MELNICK/PEDRO_BITTENCOURT/ESTRUTURA/EMBASAMENTO/ASFALTOI074NEI074NCALCADA/cortado_17_02_2025_RUA_DE_PEDRA_MDF_3MM_COM_FUNDO_6856_.dxf')
 3 SYSTEMPATH\CodeIgniter.php(934): App\Controllers\ListaCortePost->confirmar_corte()
 4 SYSTEMPATH\CodeIgniter.php(499): CodeIgniter\CodeIgniter->runController(Object(App\Controllers\ListaCortePost))
 5 SYSTEMPATH\CodeIgniter.php(368): CodeIgniter\CodeIgniter->handleRequest(null, Object(Config\Cache), false)
 6 FCPATH\index.php(67): CodeIgniter\CodeIgniter->run()
CRITICAL - 2025-02-17 10:49:20 --> rename(c:/wl/wl_desenhos/MELNICK/PEDRO_BITTENCOURT/ESTRUTURA/EMBASAMENTO/ASFALTOI074NEI074NCALCADA/CALCADA_RUA_DA_PRACA_3_PECAS_MDF_3MM_COM_FUNDO_995_.dxf,c:/wl/wl_desenhos/MELNICK/PEDRO_BITTENCOURT/ESTRUTURA/EMBASAMENTO/ASFALTOI074NEI074NCALCADA/cortado_17_02_2025_CALCADA_RUA_DA_PRACA_3_PECAS_MDF_3MM_COM_FUNDO_8516_.dxf): O arquivo já está sendo usado por outro processo (code: 32)
in APPPATH\Controllers\ListaCortePost.php on line 313.
 1 [internal function]: CodeIgniter\Debug\Exceptions->errorHandler(2, 'rename(c:/wl/wl_desenhos/MELNICK/PEDRO_BITTENCOURT/ESTRUTURA/EMBASAMENTO/ASFALTOI074NEI074NCALCADA/CALCADA_RUA_DA_PRACA_3_PECAS_MDF_3MM_COM_FUNDO_995_.dxf,c:/wl/wl_desenhos/MELNICK/PEDRO_BITTENCOURT/ESTRUTURA/EMBASAMENTO/ASFALTOI074NEI074NCALCADA/cortado_17_02_2025_CALCADA_RUA_DA_PRACA_3_PECAS_MDF_3MM_COM_FUNDO_8516_.dxf): O arquivo já está sendo usado por outro processo (code: 32)', 'C:\\xampp\\htdocs\\codi\\app\\Controllers\\ListaCortePost.php', 313)
 2 APPPATH\Controllers\ListaCortePost.php(313): rename('c:/wl/wl_desenhos/MELNICK/PEDRO_BITTENCOURT/ESTRUTURA/EMBASAMENTO/ASFALTOI074NEI074NCALCADA/CALCADA_RUA_DA_PRACA_3_PECAS_MDF_3MM_COM_FUNDO_995_.dxf', 'c:/wl/wl_desenhos/MELNICK/PEDRO_BITTENCOURT/ESTRUTURA/EMBASAMENTO/ASFALTOI074NEI074NCALCADA/cortado_17_02_2025_CALCADA_RUA_DA_PRACA_3_PECAS_MDF_3MM_COM_FUNDO_8516_.dxf')
 3 SYSTEMPATH\CodeIgniter.php(934): App\Controllers\ListaCortePost->confirmar_corte()
 4 SYSTEMPATH\CodeIgniter.php(499): CodeIgniter\CodeIgniter->runController(Object(App\Controllers\ListaCortePost))
 5 SYSTEMPATH\CodeIgniter.php(368): CodeIgniter\CodeIgniter->handleRequest(null, Object(Config\Cache), false)
 6 FCPATH\index.php(67): CodeIgniter\CodeIgniter->run()
WARNING - 2025-02-17 10:51:24 --> [DEPRECATED] str_replace(): Passing null to parameter #3 ($subject) of type array|string is deprecated in APPPATH\Controllers\Ferramentas.php on line 463.
 1 APPPATH\Controllers\Ferramentas.php(463): str_replace([...], [...], null)
 2 APPPATH\Controllers\EmpreendimentoPost.php(357): App\Controllers\Ferramentas::codificador(null)
 3 SYSTEMPATH\CodeIgniter.php(934): App\Controllers\EmpreendimentoPost->empreendimento_lista()
 4 SYSTEMPATH\CodeIgniter.php(499): CodeIgniter\CodeIgniter->runController(Object(App\Controllers\EmpreendimentoPost))
 5 SYSTEMPATH\CodeIgniter.php(368): CodeIgniter\CodeIgniter->handleRequest(null, Object(Config\Cache), false)
 6 FCPATH\index.php(67): CodeIgniter\CodeIgniter->run()
CRITICAL - 2025-02-17 10:51:51 --> rename(c:/wl/wl_desenhos/MELNICK/PEDRO_BITTENCOURT/ESTRUTURA/EMBASAMENTO/ASFALTOI074NEI074NCALCADA/RUA_DE_PEDRA_MDF_3MM_COM_FUNDO_7_.dxf,C:/wl/lixo/wl/wl_desenhos/MELNICK/PEDRO_BITTENCOURT/ESTRUTURA/EMBASAMENTO/ASFALTOI074NEI074NCALCADA/RUA_DE_PEDRA_MDF_3MM_COM_FUNDO_7__17_02_2025_10_51_51_89.dxf): O arquivo já está sendo usado por outro processo (code: 32)
in APPPATH\Controllers\DesenhoPost.php on line 256.
 1 [internal function]: CodeIgniter\Debug\Exceptions->errorHandler(2, 'rename(c:/wl/wl_desenhos/MELNICK/PEDRO_BITTENCOURT/ESTRUTURA/EMBASAMENTO/ASFALTOI074NEI074NCALCADA/RUA_DE_PEDRA_MDF_3MM_COM_FUNDO_7_.dxf,C:/wl/lixo/wl/wl_desenhos/MELNICK/PEDRO_BITTENCOURT/ESTRUTURA/EMBASAMENTO/ASFALTOI074NEI074NCALCADA/RUA_DE_PEDRA_MDF_3MM_COM_FUNDO_7__17_02_2025_10_51_51_89.dxf): O arquivo já está sendo usado por outro processo (code: 32)', 'C:\\xampp\\htdocs\\codi\\app\\Controllers\\DesenhoPost.php', 256)
 2 APPPATH\Controllers\DesenhoPost.php(256): rename('c:/wl/wl_desenhos/MELNICK/PEDRO_BITTENCOURT/ESTRUTURA/EMBASAMENTO/ASFALTOI074NEI074NCALCADA/RUA_DE_PEDRA_MDF_3MM_COM_FUNDO_7_.dxf', 'C:/wl/lixo/wl/wl_desenhos/MELNICK/PEDRO_BITTENCOURT/ESTRUTURA/EMBASAMENTO/ASFALTOI074NEI074NCALCADA/RUA_DE_PEDRA_MDF_3MM_COM_FUNDO_7__17_02_2025_10_51_51_89.dxf')
 3 SYSTEMPATH\CodeIgniter.php(934): App\Controllers\DesenhoPost->apagar_desenho()
 4 SYSTEMPATH\CodeIgniter.php(499): CodeIgniter\CodeIgniter->runController(Object(App\Controllers\DesenhoPost))
 5 SYSTEMPATH\CodeIgniter.php(368): CodeIgniter\CodeIgniter->handleRequest(null, Object(Config\Cache), false)
 6 FCPATH\index.php(67): CodeIgniter\CodeIgniter->run()
CRITICAL - 2025-02-17 10:52:06 --> rename(c:/wl/wl_desenhos/MELNICK/PEDRO_BITTENCOURT/ESTRUTURA/EMBASAMENTO/ASFALTOI074NEI074NCALCADA/RUA_DE_PEDRA_MDF_3MM_COM_FUNDO_7_.dxf,C:/wl/lixo/wl/wl_desenhos/MELNICK/PEDRO_BITTENCOURT/ESTRUTURA/EMBASAMENTO/ASFALTOI074NEI074NCALCADA/RUA_DE_PEDRA_MDF_3MM_COM_FUNDO_7__17_02_2025_10_52_06_8.dxf): O arquivo já está sendo usado por outro processo (code: 32)
in APPPATH\Controllers\DesenhoPost.php on line 256.
 1 [internal function]: CodeIgniter\Debug\Exceptions->errorHandler(2, 'rename(c:/wl/wl_desenhos/MELNICK/PEDRO_BITTENCOURT/ESTRUTURA/EMBASAMENTO/ASFALTOI074NEI074NCALCADA/RUA_DE_PEDRA_MDF_3MM_COM_FUNDO_7_.dxf,C:/wl/lixo/wl/wl_desenhos/MELNICK/PEDRO_BITTENCOURT/ESTRUTURA/EMBASAMENTO/ASFALTOI074NEI074NCALCADA/RUA_DE_PEDRA_MDF_3MM_COM_FUNDO_7__17_02_2025_10_52_06_8.dxf): O arquivo já está sendo usado por outro processo (code: 32)', 'C:\\xampp\\htdocs\\codi\\app\\Controllers\\DesenhoPost.php', 256)
 2 APPPATH\Controllers\DesenhoPost.php(256): rename('c:/wl/wl_desenhos/MELNICK/PEDRO_BITTENCOURT/ESTRUTURA/EMBASAMENTO/ASFALTOI074NEI074NCALCADA/RUA_DE_PEDRA_MDF_3MM_COM_FUNDO_7_.dxf', 'C:/wl/lixo/wl/wl_desenhos/MELNICK/PEDRO_BITTENCOURT/ESTRUTURA/EMBASAMENTO/ASFALTOI074NEI074NCALCADA/RUA_DE_PEDRA_MDF_3MM_COM_FUNDO_7__17_02_2025_10_52_06_8.dxf')
 3 SYSTEMPATH\CodeIgniter.php(934): App\Controllers\DesenhoPost->apagar_desenho()
 4 SYSTEMPATH\CodeIgniter.php(499): CodeIgniter\CodeIgniter->runController(Object(App\Controllers\DesenhoPost))
 5 SYSTEMPATH\CodeIgniter.php(368): CodeIgniter\CodeIgniter->handleRequest(null, Object(Config\Cache), false)
 6 FCPATH\index.php(67): CodeIgniter\CodeIgniter->run()
CRITICAL - 2025-02-17 10:53:00 --> rename(c:/wl/wl_desenhos/MELNICK/PEDRO_BITTENCOURT/ESTRUTURA/EMBASAMENTO/ASFALTOI074NEI074NCALCADA/RUA_DE_PEDRA_MDF_3MM_COM_FUNDO_7_.dxf,C:/wl/lixo/wl/wl_desenhos/MELNICK/PEDRO_BITTENCOURT/ESTRUTURA/EMBASAMENTO/ASFALTOI074NEI074NCALCADA/RUA_DE_PEDRA_MDF_3MM_COM_FUNDO_7__17_02_2025_10_53_00_0.dxf): O arquivo já está sendo usado por outro processo (code: 32)
in APPPATH\Controllers\DesenhoPost.php on line 256.
 1 [internal function]: CodeIgniter\Debug\Exceptions->errorHandler(2, 'rename(c:/wl/wl_desenhos/MELNICK/PEDRO_BITTENCOURT/ESTRUTURA/EMBASAMENTO/ASFALTOI074NEI074NCALCADA/RUA_DE_PEDRA_MDF_3MM_COM_FUNDO_7_.dxf,C:/wl/lixo/wl/wl_desenhos/MELNICK/PEDRO_BITTENCOURT/ESTRUTURA/EMBASAMENTO/ASFALTOI074NEI074NCALCADA/RUA_DE_PEDRA_MDF_3MM_COM_FUNDO_7__17_02_2025_10_53_00_0.dxf): O arquivo já está sendo usado por outro processo (code: 32)', 'C:\\xampp\\htdocs\\codi\\app\\Controllers\\DesenhoPost.php', 256)
 2 APPPATH\Controllers\DesenhoPost.php(256): rename('c:/wl/wl_desenhos/MELNICK/PEDRO_BITTENCOURT/ESTRUTURA/EMBASAMENTO/ASFALTOI074NEI074NCALCADA/RUA_DE_PEDRA_MDF_3MM_COM_FUNDO_7_.dxf', 'C:/wl/lixo/wl/wl_desenhos/MELNICK/PEDRO_BITTENCOURT/ESTRUTURA/EMBASAMENTO/ASFALTOI074NEI074NCALCADA/RUA_DE_PEDRA_MDF_3MM_COM_FUNDO_7__17_02_2025_10_53_00_0.dxf')
 3 SYSTEMPATH\CodeIgniter.php(934): App\Controllers\DesenhoPost->apagar_desenho()
 4 SYSTEMPATH\CodeIgniter.php(499): CodeIgniter\CodeIgniter->runController(Object(App\Controllers\DesenhoPost))
 5 SYSTEMPATH\CodeIgniter.php(368): CodeIgniter\CodeIgniter->handleRequest(null, Object(Config\Cache), false)
 6 FCPATH\index.php(67): CodeIgniter\CodeIgniter->run()
CRITICAL - 2025-02-17 10:53:22 --> rename(c:/wl/wl_desenhos/MELNICK/PEDRO_BITTENCOURT/ESTRUTURA/EMBASAMENTO/ASFALTOI074NEI074NCALCADA/RUA_DE_PEDRA_MDF_3MM_COM_FUNDO_7_.dxf,C:/wl/lixo/wl/wl_desenhos/MELNICK/PEDRO_BITTENCOURT/ESTRUTURA/EMBASAMENTO/ASFALTOI074NEI074NCALCADA/RUA_DE_PEDRA_MDF_3MM_COM_FUNDO_7__17_02_2025_10_53_22_49.dxf): O arquivo já está sendo usado por outro processo (code: 32)
in APPPATH\Controllers\DesenhoPost.php on line 256.
 1 [internal function]: CodeIgniter\Debug\Exceptions->errorHandler(2, 'rename(c:/wl/wl_desenhos/MELNICK/PEDRO_BITTENCOURT/ESTRUTURA/EMBASAMENTO/ASFALTOI074NEI074NCALCADA/RUA_DE_PEDRA_MDF_3MM_COM_FUNDO_7_.dxf,C:/wl/lixo/wl/wl_desenhos/MELNICK/PEDRO_BITTENCOURT/ESTRUTURA/EMBASAMENTO/ASFALTOI074NEI074NCALCADA/RUA_DE_PEDRA_MDF_3MM_COM_FUNDO_7__17_02_2025_10_53_22_49.dxf): O arquivo já está sendo usado por outro processo (code: 32)', 'C:\\xampp\\htdocs\\codi\\app\\Controllers\\DesenhoPost.php', 256)
 2 APPPATH\Controllers\DesenhoPost.php(256): rename('c:/wl/wl_desenhos/MELNICK/PEDRO_BITTENCOURT/ESTRUTURA/EMBASAMENTO/ASFALTOI074NEI074NCALCADA/RUA_DE_PEDRA_MDF_3MM_COM_FUNDO_7_.dxf', 'C:/wl/lixo/wl/wl_desenhos/MELNICK/PEDRO_BITTENCOURT/ESTRUTURA/EMBASAMENTO/ASFALTOI074NEI074NCALCADA/RUA_DE_PEDRA_MDF_3MM_COM_FUNDO_7__17_02_2025_10_53_22_49.dxf')
 3 SYSTEMPATH\CodeIgniter.php(934): App\Controllers\DesenhoPost->apagar_desenho()
 4 SYSTEMPATH\CodeIgniter.php(499): CodeIgniter\CodeIgniter->runController(Object(App\Controllers\DesenhoPost))
 5 SYSTEMPATH\CodeIgniter.php(368): CodeIgniter\CodeIgniter->handleRequest(null, Object(Config\Cache), false)
 6 FCPATH\index.php(67): CodeIgniter\CodeIgniter->run()
CRITICAL - 2025-02-17 10:58:58 --> rename(c:/wl/wl_desenhos/MELNICK/PEDRO_BITTENCOURT/ESTRUTURA/EMBASAMENTO/ASFALTOI074NEI074NCALCADA/RUA_DE_PEDRA_MDF_3MM_COM_FUNDO_7_.dxf,c:/wl/wl_desenhos/MELNICK/PEDRO_BITTENCOURT/ESTRUTURA/EMBASAMENTO/ASFALTOI074NEI074NCALCADA/cortado_17_02_2025_RUA_DE_PEDRA_MDF_3MM_COM_FUNDO_4437_.dxf): O arquivo já está sendo usado por outro processo (code: 32)
in APPPATH\Controllers\ListaCortePost.php on line 313.
 1 [internal function]: CodeIgniter\Debug\Exceptions->errorHandler(2, 'rename(c:/wl/wl_desenhos/MELNICK/PEDRO_BITTENCOURT/ESTRUTURA/EMBASAMENTO/ASFALTOI074NEI074NCALCADA/RUA_DE_PEDRA_MDF_3MM_COM_FUNDO_7_.dxf,c:/wl/wl_desenhos/MELNICK/PEDRO_BITTENCOURT/ESTRUTURA/EMBASAMENTO/ASFALTOI074NEI074NCALCADA/cortado_17_02_2025_RUA_DE_PEDRA_MDF_3MM_COM_FUNDO_4437_.dxf): O arquivo já está sendo usado por outro processo (code: 32)', 'C:\\xampp\\htdocs\\codi\\app\\Controllers\\ListaCortePost.php', 313)
 2 APPPATH\Controllers\ListaCortePost.php(313): rename('c:/wl/wl_desenhos/MELNICK/PEDRO_BITTENCOURT/ESTRUTURA/EMBASAMENTO/ASFALTOI074NEI074NCALCADA/RUA_DE_PEDRA_MDF_3MM_COM_FUNDO_7_.dxf', 'c:/wl/wl_desenhos/MELNICK/PEDRO_BITTENCOURT/ESTRUTURA/EMBASAMENTO/ASFALTOI074NEI074NCALCADA/cortado_17_02_2025_RUA_DE_PEDRA_MDF_3MM_COM_FUNDO_4437_.dxf')
 3 SYSTEMPATH\CodeIgniter.php(934): App\Controllers\ListaCortePost->confirmar_corte()
 4 SYSTEMPATH\CodeIgniter.php(499): CodeIgniter\CodeIgniter->runController(Object(App\Controllers\ListaCortePost))
 5 SYSTEMPATH\CodeIgniter.php(368): CodeIgniter\CodeIgniter->handleRequest(null, Object(Config\Cache), false)
 6 FCPATH\index.php(67): CodeIgniter\CodeIgniter->run()
WARNING - 2025-02-17 10:59:05 --> [DEPRECATED] str_replace(): Passing null to parameter #3 ($subject) of type array|string is deprecated in APPPATH\Controllers\Ferramentas.php on line 463.
 1 APPPATH\Controllers\Ferramentas.php(463): str_replace([...], [...], null)
 2 APPPATH\Controllers\EmpreendimentoPost.php(357): App\Controllers\Ferramentas::codificador(null)
 3 SYSTEMPATH\CodeIgniter.php(934): App\Controllers\EmpreendimentoPost->empreendimento_lista()
 4 SYSTEMPATH\CodeIgniter.php(499): CodeIgniter\CodeIgniter->runController(Object(App\Controllers\EmpreendimentoPost))
 5 SYSTEMPATH\CodeIgniter.php(368): CodeIgniter\CodeIgniter->handleRequest(null, Object(Config\Cache), false)
 6 FCPATH\index.php(67): CodeIgniter\CodeIgniter->run()
CRITICAL - 2025-02-17 10:59:06 --> rename(c:/wl/wl_desenhos/MELNICK/PEDRO_BITTENCOURT/ESTRUTURA/EMBASAMENTO/ASFALTOI074NEI074NCALCADA/RUA_DE_PEDRA_MDF_3MM_COM_FUNDO_7_.dxf,c:/wl/wl_desenhos/MELNICK/PEDRO_BITTENCOURT/ESTRUTURA/EMBASAMENTO/ASFALTOI074NEI074NCALCADA/cortado_17_02_2025_RUA_DE_PEDRA_MDF_3MM_COM_FUNDO_7582_.dxf): O arquivo já está sendo usado por outro processo (code: 32)
in APPPATH\Controllers\ListaCortePost.php on line 313.
 1 [internal function]: CodeIgniter\Debug\Exceptions->errorHandler(2, 'rename(c:/wl/wl_desenhos/MELNICK/PEDRO_BITTENCOURT/ESTRUTURA/EMBASAMENTO/ASFALTOI074NEI074NCALCADA/RUA_DE_PEDRA_MDF_3MM_COM_FUNDO_7_.dxf,c:/wl/wl_desenhos/MELNICK/PEDRO_BITTENCOURT/ESTRUTURA/EMBASAMENTO/ASFALTOI074NEI074NCALCADA/cortado_17_02_2025_RUA_DE_PEDRA_MDF_3MM_COM_FUNDO_7582_.dxf): O arquivo já está sendo usado por outro processo (code: 32)', 'C:\\xampp\\htdocs\\codi\\app\\Controllers\\ListaCortePost.php', 313)
 2 APPPATH\Controllers\ListaCortePost.php(313): rename('c:/wl/wl_desenhos/MELNICK/PEDRO_BITTENCOURT/ESTRUTURA/EMBASAMENTO/ASFALTOI074NEI074NCALCADA/RUA_DE_PEDRA_MDF_3MM_COM_FUNDO_7_.dxf', 'c:/wl/wl_desenhos/MELNICK/PEDRO_BITTENCOURT/ESTRUTURA/EMBASAMENTO/ASFALTOI074NEI074NCALCADA/cortado_17_02_2025_RUA_DE_PEDRA_MDF_3MM_COM_FUNDO_7582_.dxf')
 3 SYSTEMPATH\CodeIgniter.php(934): App\Controllers\ListaCortePost->confirmar_corte()
 4 SYSTEMPATH\CodeIgniter.php(499): CodeIgniter\CodeIgniter->runController(Object(App\Controllers\ListaCortePost))
 5 SYSTEMPATH\CodeIgniter.php(368): CodeIgniter\CodeIgniter->handleRequest(null, Object(Config\Cache), false)
 6 FCPATH\index.php(67): CodeIgniter\CodeIgniter->run()
WARNING - 2025-02-17 10:59:28 --> [DEPRECATED] str_replace(): Passing null to parameter #3 ($subject) of type array|string is deprecated in APPPATH\Controllers\Ferramentas.php on line 463.
 1 APPPATH\Controllers\Ferramentas.php(463): str_replace([...], [...], null)
 2 APPPATH\Controllers\EmpreendimentoPost.php(357): App\Controllers\Ferramentas::codificador(null)
 3 SYSTEMPATH\CodeIgniter.php(934): App\Controllers\EmpreendimentoPost->empreendimento_lista()
 4 SYSTEMPATH\CodeIgniter.php(499): CodeIgniter\CodeIgniter->runController(Object(App\Controllers\EmpreendimentoPost))
 5 SYSTEMPATH\CodeIgniter.php(368): CodeIgniter\CodeIgniter->handleRequest(null, Object(Config\Cache), false)
 6 FCPATH\index.php(67): CodeIgniter\CodeIgniter->run()
CRITICAL - 2025-02-17 10:59:42 --> rename(c:/wl/wl_desenhos/MELNICK/PEDRO_BITTENCOURT/ESTRUTURA/EMBASAMENTO/ASFALTOI074NEI074NCALCADA/CALCADA_RUA_DA_PRACA_3_PECAS_MDF_3MM_COM_FUNDO_995_.dxf,c:/wl/wl_desenhos/MELNICK/PEDRO_BITTENCOURT/ESTRUTURA/EMBASAMENTO/ASFALTOI074NEI074NCALCADA/cortado_17_02_2025_CALCADA_RUA_DA_PRACA_3_PECAS_MDF_3MM_COM_FUNDO_9633_.dxf): O arquivo já está sendo usado por outro processo (code: 32)
in APPPATH\Controllers\ListaCortePost.php on line 313.
 1 [internal function]: CodeIgniter\Debug\Exceptions->errorHandler(2, 'rename(c:/wl/wl_desenhos/MELNICK/PEDRO_BITTENCOURT/ESTRUTURA/EMBASAMENTO/ASFALTOI074NEI074NCALCADA/CALCADA_RUA_DA_PRACA_3_PECAS_MDF_3MM_COM_FUNDO_995_.dxf,c:/wl/wl_desenhos/MELNICK/PEDRO_BITTENCOURT/ESTRUTURA/EMBASAMENTO/ASFALTOI074NEI074NCALCADA/cortado_17_02_2025_CALCADA_RUA_DA_PRACA_3_PECAS_MDF_3MM_COM_FUNDO_9633_.dxf): O arquivo já está sendo usado por outro processo (code: 32)', 'C:\\xampp\\htdocs\\codi\\app\\Controllers\\ListaCortePost.php', 313)
 2 APPPATH\Controllers\ListaCortePost.php(313): rename('c:/wl/wl_desenhos/MELNICK/PEDRO_BITTENCOURT/ESTRUTURA/EMBASAMENTO/ASFALTOI074NEI074NCALCADA/CALCADA_RUA_DA_PRACA_3_PECAS_MDF_3MM_COM_FUNDO_995_.dxf', 'c:/wl/wl_desenhos/MELNICK/PEDRO_BITTENCOURT/ESTRUTURA/EMBASAMENTO/ASFALTOI074NEI074NCALCADA/cortado_17_02_2025_CALCADA_RUA_DA_PRACA_3_PECAS_MDF_3MM_COM_FUNDO_9633_.dxf')
 3 SYSTEMPATH\CodeIgniter.php(934): App\Controllers\ListaCortePost->confirmar_corte()
 4 SYSTEMPATH\CodeIgniter.php(499): CodeIgniter\CodeIgniter->runController(Object(App\Controllers\ListaCortePost))
 5 SYSTEMPATH\CodeIgniter.php(368): CodeIgniter\CodeIgniter->handleRequest(null, Object(Config\Cache), false)
 6 FCPATH\index.php(67): CodeIgniter\CodeIgniter->run()
CRITICAL - 2025-02-17 11:01:56 --> Undefined array key "lista_empreendimento"
in APPPATH\Controllers\SubpastaPost.php on line 406.
 1 APPPATH\Controllers\SubpastaPost.php(406): CodeIgniter\Debug\Exceptions->errorHandler(2, 'Undefined array key "lista_empreendimento"', 'C:\\xampp\\htdocs\\codi\\app\\Controllers\\SubpastaPost.php', 406)
 2 SYSTEMPATH\CodeIgniter.php(934): App\Controllers\SubpastaPost->desenho_tag_lista()
 3 SYSTEMPATH\CodeIgniter.php(499): CodeIgniter\CodeIgniter->runController(Object(App\Controllers\SubpastaPost))
 4 SYSTEMPATH\CodeIgniter.php(368): CodeIgniter\CodeIgniter->handleRequest(null, Object(Config\Cache), false)
 5 FCPATH\index.php(67): CodeIgniter\CodeIgniter->run()
WARNING - 2025-02-17 11:01:56 --> [DEPRECATED] str_replace(): Passing null to parameter #3 ($subject) of type array|string is deprecated in APPPATH\Controllers\Ferramentas.php on line 463.
 1 APPPATH\Controllers\Ferramentas.php(463): str_replace([...], [...], null)
 2 APPPATH\Controllers\EmpreendimentoPost.php(357): App\Controllers\Ferramentas::codificador(null)
 3 SYSTEMPATH\CodeIgniter.php(934): App\Controllers\EmpreendimentoPost->empreendimento_lista()
 4 SYSTEMPATH\CodeIgniter.php(499): CodeIgniter\CodeIgniter->runController(Object(App\Controllers\EmpreendimentoPost))
 5 SYSTEMPATH\CodeIgniter.php(368): CodeIgniter\CodeIgniter->handleRequest(null, Object(Config\Cache), false)
 6 FCPATH\index.php(67): CodeIgniter\CodeIgniter->run()
CRITICAL - 2025-02-17 11:02:13 --> rename(c:/wl/wl_desenhos/MELNICK/PEDRO_BITTENCOURT/ESTRUTURA/EMBASAMENTO/ASFALTOI074NEI074NCALCADA/CALCADA_RUA_DA_PRACA_3_PECAS_MDF_3MM_COM_FUNDO_995_.dxf,c:/wl/wl_desenhos/MELNICK/PEDRO_BITTENCOURT/ESTRUTURA/EMBASAMENTO/ASFALTOI074NEI074NCALCADA/cortado_17_02_2025_CALCADA_RUA_DA_PRACA_3_PECAS_MDF_3MM_COM_FUNDO_1195_.dxf): O arquivo já está sendo usado por outro processo (code: 32)
in APPPATH\Controllers\ListaCortePost.php on line 313.
 1 [internal function]: CodeIgniter\Debug\Exceptions->errorHandler(2, 'rename(c:/wl/wl_desenhos/MELNICK/PEDRO_BITTENCOURT/ESTRUTURA/EMBASAMENTO/ASFALTOI074NEI074NCALCADA/CALCADA_RUA_DA_PRACA_3_PECAS_MDF_3MM_COM_FUNDO_995_.dxf,c:/wl/wl_desenhos/MELNICK/PEDRO_BITTENCOURT/ESTRUTURA/EMBASAMENTO/ASFALTOI074NEI074NCALCADA/cortado_17_02_2025_CALCADA_RUA_DA_PRACA_3_PECAS_MDF_3MM_COM_FUNDO_1195_.dxf): O arquivo já está sendo usado por outro processo (code: 32)', 'C:\\xampp\\htdocs\\codi\\app\\Controllers\\ListaCortePost.php', 313)
 2 APPPATH\Controllers\ListaCortePost.php(313): rename('c:/wl/wl_desenhos/MELNICK/PEDRO_BITTENCOURT/ESTRUTURA/EMBASAMENTO/ASFALTOI074NEI074NCALCADA/CALCADA_RUA_DA_PRACA_3_PECAS_MDF_3MM_COM_FUNDO_995_.dxf', 'c:/wl/wl_desenhos/MELNICK/PEDRO_BITTENCOURT/ESTRUTURA/EMBASAMENTO/ASFALTOI074NEI074NCALCADA/cortado_17_02_2025_CALCADA_RUA_DA_PRACA_3_PECAS_MDF_3MM_COM_FUNDO_1195_.dxf')
 3 SYSTEMPATH\CodeIgniter.php(934): App\Controllers\ListaCortePost->confirmar_corte()
 4 SYSTEMPATH\CodeIgniter.php(499): CodeIgniter\CodeIgniter->runController(Object(App\Controllers\ListaCortePost))
 5 SYSTEMPATH\CodeIgniter.php(368): CodeIgniter\CodeIgniter->handleRequest(null, Object(Config\Cache), false)
 6 FCPATH\index.php(67): CodeIgniter\CodeIgniter->run()
CRITICAL - 2025-02-17 11:22:50 --> Undefined array key "lista_empreendimento"
in APPPATH\Controllers\SubpastaPost.php on line 406.
 1 APPPATH\Controllers\SubpastaPost.php(406): CodeIgniter\Debug\Exceptions->errorHandler(2, 'Undefined array key "lista_empreendimento"', 'C:\\xampp\\htdocs\\codi\\app\\Controllers\\SubpastaPost.php', 406)
 2 SYSTEMPATH\CodeIgniter.php(934): App\Controllers\SubpastaPost->desenho_tag_lista()
 3 SYSTEMPATH\CodeIgniter.php(499): CodeIgniter\CodeIgniter->runController(Object(App\Controllers\SubpastaPost))
 4 SYSTEMPATH\CodeIgniter.php(368): CodeIgniter\CodeIgniter->handleRequest(null, Object(Config\Cache), false)
 5 FCPATH\index.php(67): CodeIgniter\CodeIgniter->run()
WARNING - 2025-02-17 11:22:50 --> [DEPRECATED] str_replace(): Passing null to parameter #3 ($subject) of type array|string is deprecated in APPPATH\Controllers\Ferramentas.php on line 463.
 1 APPPATH\Controllers\Ferramentas.php(463): str_replace([...], [...], null)
 2 APPPATH\Controllers\EmpreendimentoPost.php(357): App\Controllers\Ferramentas::codificador(null)
 3 SYSTEMPATH\CodeIgniter.php(934): App\Controllers\EmpreendimentoPost->empreendimento_lista()
 4 SYSTEMPATH\CodeIgniter.php(499): CodeIgniter\CodeIgniter->runController(Object(App\Controllers\EmpreendimentoPost))
 5 SYSTEMPATH\CodeIgniter.php(368): CodeIgniter\CodeIgniter->handleRequest(null, Object(Config\Cache), false)
 6 FCPATH\index.php(67): CodeIgniter\CodeIgniter->run()
WARNING - 2025-02-17 11:22:59 --> [DEPRECATED] str_replace(): Passing null to parameter #3 ($subject) of type array|string is deprecated in APPPATH\Controllers\Ferramentas.php on line 463.
 1 APPPATH\Controllers\Ferramentas.php(463): str_replace([...], [...], null)
 2 APPPATH\Controllers\EmpreendimentoPost.php(357): App\Controllers\Ferramentas::codificador(null)
 3 SYSTEMPATH\CodeIgniter.php(934): App\Controllers\EmpreendimentoPost->empreendimento_lista()
 4 SYSTEMPATH\CodeIgniter.php(499): CodeIgniter\CodeIgniter->runController(Object(App\Controllers\EmpreendimentoPost))
 5 SYSTEMPATH\CodeIgniter.php(368): CodeIgniter\CodeIgniter->handleRequest(null, Object(Config\Cache), false)
 6 FCPATH\index.php(67): CodeIgniter\CodeIgniter->run()
WARNING - 2025-02-17 11:23:12 --> [DEPRECATED] str_replace(): Passing null to parameter #3 ($subject) of type array|string is deprecated in APPPATH\Controllers\Ferramentas.php on line 463.
 1 APPPATH\Controllers\Ferramentas.php(463): str_replace([...], [...], null)
 2 APPPATH\Controllers\EmpreendimentoPost.php(357): App\Controllers\Ferramentas::codificador(null)
 3 SYSTEMPATH\CodeIgniter.php(934): App\Controllers\EmpreendimentoPost->empreendimento_lista()
 4 SYSTEMPATH\CodeIgniter.php(499): CodeIgniter\CodeIgniter->runController(Object(App\Controllers\EmpreendimentoPost))
 5 SYSTEMPATH\CodeIgniter.php(368): CodeIgniter\CodeIgniter->handleRequest(null, Object(Config\Cache), false)
 6 FCPATH\index.php(67): CodeIgniter\CodeIgniter->run()
WARNING - 2025-02-17 11:23:22 --> [DEPRECATED] str_replace(): Passing null to parameter #3 ($subject) of type array|string is deprecated in APPPATH\Controllers\Ferramentas.php on line 463.
 1 APPPATH\Controllers\Ferramentas.php(463): str_replace([...], [...], null)
 2 APPPATH\Controllers\EmpreendimentoPost.php(357): App\Controllers\Ferramentas::codificador(null)
 3 SYSTEMPATH\CodeIgniter.php(934): App\Controllers\EmpreendimentoPost->empreendimento_lista()
 4 SYSTEMPATH\CodeIgniter.php(499): CodeIgniter\CodeIgniter->runController(Object(App\Controllers\EmpreendimentoPost))
 5 SYSTEMPATH\CodeIgniter.php(368): CodeIgniter\CodeIgniter->handleRequest(null, Object(Config\Cache), false)
 6 FCPATH\index.php(67): CodeIgniter\CodeIgniter->run()
WARNING - 2025-02-17 11:23:35 --> [DEPRECATED] str_replace(): Passing null to parameter #3 ($subject) of type array|string is deprecated in APPPATH\Controllers\Ferramentas.php on line 463.
 1 APPPATH\Controllers\Ferramentas.php(463): str_replace([...], [...], null)
 2 APPPATH\Controllers\EmpreendimentoPost.php(357): App\Controllers\Ferramentas::codificador(null)
 3 SYSTEMPATH\CodeIgniter.php(934): App\Controllers\EmpreendimentoPost->empreendimento_lista()
 4 SYSTEMPATH\CodeIgniter.php(499): CodeIgniter\CodeIgniter->runController(Object(App\Controllers\EmpreendimentoPost))
 5 SYSTEMPATH\CodeIgniter.php(368): CodeIgniter\CodeIgniter->handleRequest(null, Object(Config\Cache), false)
 6 FCPATH\index.php(67): CodeIgniter\CodeIgniter->run()
WARNING - 2025-02-17 11:23:46 --> [DEPRECATED] str_replace(): Passing null to parameter #3 ($subject) of type array|string is deprecated in APPPATH\Controllers\Ferramentas.php on line 463.
 1 APPPATH\Controllers\Ferramentas.php(463): str_replace([...], [...], null)
 2 APPPATH\Controllers\EmpreendimentoPost.php(357): App\Controllers\Ferramentas::codificador(null)
 3 SYSTEMPATH\CodeIgniter.php(934): App\Controllers\EmpreendimentoPost->empreendimento_lista()
 4 SYSTEMPATH\CodeIgniter.php(499): CodeIgniter\CodeIgniter->runController(Object(App\Controllers\EmpreendimentoPost))
 5 SYSTEMPATH\CodeIgniter.php(368): CodeIgniter\CodeIgniter->handleRequest(null, Object(Config\Cache), false)
 6 FCPATH\index.php(67): CodeIgniter\CodeIgniter->run()
WARNING - 2025-02-17 11:24:09 --> [DEPRECATED] str_replace(): Passing null to parameter #3 ($subject) of type array|string is deprecated in APPPATH\Controllers\Ferramentas.php on line 463.
 1 APPPATH\Controllers\Ferramentas.php(463): str_replace([...], [...], null)
 2 APPPATH\Controllers\EmpreendimentoPost.php(357): App\Controllers\Ferramentas::codificador(null)
 3 SYSTEMPATH\CodeIgniter.php(934): App\Controllers\EmpreendimentoPost->empreendimento_lista()
 4 SYSTEMPATH\CodeIgniter.php(499): CodeIgniter\CodeIgniter->runController(Object(App\Controllers\EmpreendimentoPost))
 5 SYSTEMPATH\CodeIgniter.php(368): CodeIgniter\CodeIgniter->handleRequest(null, Object(Config\Cache), false)
 6 FCPATH\index.php(67): CodeIgniter\CodeIgniter->run()
CRITICAL - 2025-02-17 11:24:09 --> Undefined array key "lista_finalidade"
in APPPATH\Controllers\SubpastaPost.php on line 406.
 1 APPPATH\Controllers\SubpastaPost.php(406): CodeIgniter\Debug\Exceptions->errorHandler(2, 'Undefined array key "lista_finalidade"', 'C:\\xampp\\htdocs\\codi\\app\\Controllers\\SubpastaPost.php', 406)
 2 SYSTEMPATH\CodeIgniter.php(934): App\Controllers\SubpastaPost->desenho_tag_lista()
 3 SYSTEMPATH\CodeIgniter.php(499): CodeIgniter\CodeIgniter->runController(Object(App\Controllers\SubpastaPost))
 4 SYSTEMPATH\CodeIgniter.php(368): CodeIgniter\CodeIgniter->handleRequest(null, Object(Config\Cache), false)
 5 FCPATH\index.php(67): CodeIgniter\CodeIgniter->run()
WARNING - 2025-02-17 11:24:28 --> [DEPRECATED] str_replace(): Passing null to parameter #3 ($subject) of type array|string is deprecated in APPPATH\Controllers\Ferramentas.php on line 463.
 1 APPPATH\Controllers\Ferramentas.php(463): str_replace([...], [...], null)
 2 APPPATH\Controllers\EmpreendimentoPost.php(357): App\Controllers\Ferramentas::codificador(null)
 3 SYSTEMPATH\CodeIgniter.php(934): App\Controllers\EmpreendimentoPost->empreendimento_lista()
 4 SYSTEMPATH\CodeIgniter.php(499): CodeIgniter\CodeIgniter->runController(Object(App\Controllers\EmpreendimentoPost))
 5 SYSTEMPATH\CodeIgniter.php(368): CodeIgniter\CodeIgniter->handleRequest(null, Object(Config\Cache), false)
 6 FCPATH\index.php(67): CodeIgniter\CodeIgniter->run()
WARNING - 2025-02-17 11:25:04 --> [DEPRECATED] str_replace(): Passing null to parameter #3 ($subject) of type array|string is deprecated in APPPATH\Controllers\Ferramentas.php on line 463.
 1 APPPATH\Controllers\Ferramentas.php(463): str_replace([...], [...], null)
 2 APPPATH\Controllers\EmpreendimentoPost.php(357): App\Controllers\Ferramentas::codificador(null)
 3 SYSTEMPATH\CodeIgniter.php(934): App\Controllers\EmpreendimentoPost->empreendimento_lista()
 4 SYSTEMPATH\CodeIgniter.php(499): CodeIgniter\CodeIgniter->runController(Object(App\Controllers\EmpreendimentoPost))
 5 SYSTEMPATH\CodeIgniter.php(368): CodeIgniter\CodeIgniter->handleRequest(null, Object(Config\Cache), false)
 6 FCPATH\index.php(67): CodeIgniter\CodeIgniter->run()
WARNING - 2025-02-17 11:25:13 --> [DEPRECATED] str_replace(): Passing null to parameter #3 ($subject) of type array|string is deprecated in APPPATH\Controllers\Ferramentas.php on line 463.
 1 APPPATH\Controllers\Ferramentas.php(463): str_replace([...], [...], null)
 2 APPPATH\Controllers\EmpreendimentoPost.php(357): App\Controllers\Ferramentas::codificador(null)
 3 SYSTEMPATH\CodeIgniter.php(934): App\Controllers\EmpreendimentoPost->empreendimento_lista()
 4 SYSTEMPATH\CodeIgniter.php(499): CodeIgniter\CodeIgniter->runController(Object(App\Controllers\EmpreendimentoPost))
 5 SYSTEMPATH\CodeIgniter.php(368): CodeIgniter\CodeIgniter->handleRequest(null, Object(Config\Cache), false)
 6 FCPATH\index.php(67): CodeIgniter\CodeIgniter->run()
WARNING - 2025-02-17 11:25:56 --> [DEPRECATED] str_replace(): Passing null to parameter #3 ($subject) of type array|string is deprecated in APPPATH\Controllers\Ferramentas.php on line 463.
 1 APPPATH\Controllers\Ferramentas.php(463): str_replace([...], [...], null)
 2 APPPATH\Controllers\EmpreendimentoPost.php(357): App\Controllers\Ferramentas::codificador(null)
 3 SYSTEMPATH\CodeIgniter.php(934): App\Controllers\EmpreendimentoPost->empreendimento_lista()
 4 SYSTEMPATH\CodeIgniter.php(499): CodeIgniter\CodeIgniter->runController(Object(App\Controllers\EmpreendimentoPost))
 5 SYSTEMPATH\CodeIgniter.php(368): CodeIgniter\CodeIgniter->handleRequest(null, Object(Config\Cache), false)
 6 FCPATH\index.php(67): CodeIgniter\CodeIgniter->run()
WARNING - 2025-02-17 11:26:11 --> [DEPRECATED] str_replace(): Passing null to parameter #3 ($subject) of type array|string is deprecated in APPPATH\Controllers\Ferramentas.php on line 463.
 1 APPPATH\Controllers\Ferramentas.php(463): str_replace([...], [...], null)
 2 APPPATH\Controllers\EmpreendimentoPost.php(357): App\Controllers\Ferramentas::codificador(null)
 3 SYSTEMPATH\CodeIgniter.php(934): App\Controllers\EmpreendimentoPost->empreendimento_lista()
 4 SYSTEMPATH\CodeIgniter.php(499): CodeIgniter\CodeIgniter->runController(Object(App\Controllers\EmpreendimentoPost))
 5 SYSTEMPATH\CodeIgniter.php(368): CodeIgniter\CodeIgniter->handleRequest(null, Object(Config\Cache), false)
 6 FCPATH\index.php(67): CodeIgniter\CodeIgniter->run()
WARNING - 2025-02-17 11:32:21 --> [DEPRECATED] str_replace(): Passing null to parameter #3 ($subject) of type array|string is deprecated in APPPATH\Controllers\Ferramentas.php on line 463.
 1 APPPATH\Controllers\Ferramentas.php(463): str_replace([...], [...], null)
 2 APPPATH\Controllers\EmpreendimentoPost.php(357): App\Controllers\Ferramentas::codificador(null)
 3 SYSTEMPATH\CodeIgniter.php(934): App\Controllers\EmpreendimentoPost->empreendimento_lista()
 4 SYSTEMPATH\CodeIgniter.php(499): CodeIgniter\CodeIgniter->runController(Object(App\Controllers\EmpreendimentoPost))
 5 SYSTEMPATH\CodeIgniter.php(368): CodeIgniter\CodeIgniter->handleRequest(null, Object(Config\Cache), false)
 6 FCPATH\index.php(67): CodeIgniter\CodeIgniter->run()
WARNING - 2025-02-17 11:50:16 --> [DEPRECATED] str_replace(): Passing null to parameter #3 ($subject) of type array|string is deprecated in APPPATH\Controllers\Ferramentas.php on line 463.
 1 APPPATH\Controllers\Ferramentas.php(463): str_replace([...], [...], null)
 2 APPPATH\Controllers\EmpreendimentoPost.php(357): App\Controllers\Ferramentas::codificador(null)
 3 SYSTEMPATH\CodeIgniter.php(934): App\Controllers\EmpreendimentoPost->empreendimento_lista()
 4 SYSTEMPATH\CodeIgniter.php(499): CodeIgniter\CodeIgniter->runController(Object(App\Controllers\EmpreendimentoPost))
 5 SYSTEMPATH\CodeIgniter.php(368): CodeIgniter\CodeIgniter->handleRequest(null, Object(Config\Cache), false)
 6 FCPATH\index.php(67): CodeIgniter\CodeIgniter->run()
WARNING - 2025-02-17 13:43:24 --> [DEPRECATED] str_replace(): Passing null to parameter #3 ($subject) of type array|string is deprecated in APPPATH\Controllers\Ferramentas.php on line 463.
 1 APPPATH\Controllers\Ferramentas.php(463): str_replace([...], [...], null)
 2 APPPATH\Controllers\EmpreendimentoPost.php(357): App\Controllers\Ferramentas::codificador(null)
 3 SYSTEMPATH\CodeIgniter.php(934): App\Controllers\EmpreendimentoPost->empreendimento_lista()
 4 SYSTEMPATH\CodeIgniter.php(499): CodeIgniter\CodeIgniter->runController(Object(App\Controllers\EmpreendimentoPost))
 5 SYSTEMPATH\CodeIgniter.php(368): CodeIgniter\CodeIgniter->handleRequest(null, Object(Config\Cache), false)
 6 FCPATH\index.php(67): CodeIgniter\CodeIgniter->run()
CRITICAL - 2025-02-17 13:43:24 --> Undefined array key "lista_finalidade"
in APPPATH\Controllers\SubpastaPost.php on line 406.
 1 APPPATH\Controllers\SubpastaPost.php(406): CodeIgniter\Debug\Exceptions->errorHandler(2, 'Undefined array key "lista_finalidade"', 'C:\\xampp\\htdocs\\codi\\app\\Controllers\\SubpastaPost.php', 406)
 2 SYSTEMPATH\CodeIgniter.php(934): App\Controllers\SubpastaPost->desenho_tag_lista()
 3 SYSTEMPATH\CodeIgniter.php(499): CodeIgniter\CodeIgniter->runController(Object(App\Controllers\SubpastaPost))
 4 SYSTEMPATH\CodeIgniter.php(368): CodeIgniter\CodeIgniter->handleRequest(null, Object(Config\Cache), false)
 5 FCPATH\index.php(67): CodeIgniter\CodeIgniter->run()
CRITICAL - 2025-02-17 13:43:24 --> Undefined array key "lista_finalidade"
in APPPATH\Controllers\SubpastaPost.php on line 406.
 1 APPPATH\Controllers\SubpastaPost.php(406): CodeIgniter\Debug\Exceptions->errorHandler(2, 'Undefined array key "lista_finalidade"', 'C:\\xampp\\htdocs\\codi\\app\\Controllers\\SubpastaPost.php', 406)
 2 SYSTEMPATH\CodeIgniter.php(934): App\Controllers\SubpastaPost->desenho_tag_lista()
 3 SYSTEMPATH\CodeIgniter.php(499): CodeIgniter\CodeIgniter->runController(Object(App\Controllers\SubpastaPost))
 4 SYSTEMPATH\CodeIgniter.php(368): CodeIgniter\CodeIgniter->handleRequest(null, Object(Config\Cache), false)
 5 FCPATH\index.php(67): CodeIgniter\CodeIgniter->run()
CRITICAL - 2025-02-17 13:46:46 --> Undefined array key 307
in APPPATH\Controllers\ListaCortePost.php on line 258.
 1 APPPATH\Controllers\ListaCortePost.php(258): CodeIgniter\Debug\Exceptions->errorHandler(2, 'Undefined array key 307', 'C:\\xampp\\htdocs\\codi\\app\\Controllers\\ListaCortePost.php', 258)
 2 SYSTEMPATH\CodeIgniter.php(934): App\Controllers\ListaCortePost->confirmar_corte()
 3 SYSTEMPATH\CodeIgniter.php(499): CodeIgniter\CodeIgniter->runController(Object(App\Controllers\ListaCortePost))
 4 SYSTEMPATH\CodeIgniter.php(368): CodeIgniter\CodeIgniter->handleRequest(null, Object(Config\Cache), false)
 5 FCPATH\index.php(67): CodeIgniter\CodeIgniter->run()
WARNING - 2025-02-17 13:54:27 --> [DEPRECATED] str_replace(): Passing null to parameter #3 ($subject) of type array|string is deprecated in APPPATH\Controllers\Ferramentas.php on line 463.
 1 APPPATH\Controllers\Ferramentas.php(463): str_replace([...], [...], null)
 2 APPPATH\Controllers\EmpreendimentoPost.php(357): App\Controllers\Ferramentas::codificador(null)
 3 SYSTEMPATH\CodeIgniter.php(934): App\Controllers\EmpreendimentoPost->empreendimento_lista()
 4 SYSTEMPATH\CodeIgniter.php(499): CodeIgniter\CodeIgniter->runController(Object(App\Controllers\EmpreendimentoPost))
 5 SYSTEMPATH\CodeIgniter.php(368): CodeIgniter\CodeIgniter->handleRequest(null, Object(Config\Cache), false)
 6 FCPATH\index.php(67): CodeIgniter\CodeIgniter->run()
WARNING - 2025-02-17 14:12:05 --> [DEPRECATED] str_replace(): Passing null to parameter #3 ($subject) of type array|string is deprecated in APPPATH\Controllers\Ferramentas.php on line 463.
 1 APPPATH\Controllers\Ferramentas.php(463): str_replace([...], [...], null)
 2 APPPATH\Controllers\EmpreendimentoPost.php(357): App\Controllers\Ferramentas::codificador(null)
 3 SYSTEMPATH\CodeIgniter.php(934): App\Controllers\EmpreendimentoPost->empreendimento_lista()
 4 SYSTEMPATH\CodeIgniter.php(499): CodeIgniter\CodeIgniter->runController(Object(App\Controllers\EmpreendimentoPost))
 5 SYSTEMPATH\CodeIgniter.php(368): CodeIgniter\CodeIgniter->handleRequest(null, Object(Config\Cache), false)
 6 FCPATH\index.php(67): CodeIgniter\CodeIgniter->run()
WARNING - 2025-02-17 14:19:53 --> [DEPRECATED] str_replace(): Passing null to parameter #3 ($subject) of type array|string is deprecated in APPPATH\Controllers\Ferramentas.php on line 463.
 1 APPPATH\Controllers\Ferramentas.php(463): str_replace([...], [...], null)
 2 APPPATH\Controllers\EmpreendimentoPost.php(357): App\Controllers\Ferramentas::codificador(null)
 3 SYSTEMPATH\CodeIgniter.php(934): App\Controllers\EmpreendimentoPost->empreendimento_lista()
 4 SYSTEMPATH\CodeIgniter.php(499): CodeIgniter\CodeIgniter->runController(Object(App\Controllers\EmpreendimentoPost))
 5 SYSTEMPATH\CodeIgniter.php(368): CodeIgniter\CodeIgniter->handleRequest(null, Object(Config\Cache), false)
 6 FCPATH\index.php(67): CodeIgniter\CodeIgniter->run()
CRITICAL - 2025-02-17 14:19:53 --> Undefined array key "lista_finalidade"
in APPPATH\Controllers\SubpastaPost.php on line 406.
 1 APPPATH\Controllers\SubpastaPost.php(406): CodeIgniter\Debug\Exceptions->errorHandler(2, 'Undefined array key "lista_finalidade"', 'C:\\xampp\\htdocs\\codi\\app\\Controllers\\SubpastaPost.php', 406)
 2 SYSTEMPATH\CodeIgniter.php(934): App\Controllers\SubpastaPost->desenho_tag_lista()
 3 SYSTEMPATH\CodeIgniter.php(499): CodeIgniter\CodeIgniter->runController(Object(App\Controllers\SubpastaPost))
 4 SYSTEMPATH\CodeIgniter.php(368): CodeIgniter\CodeIgniter->handleRequest(null, Object(Config\Cache), false)
 5 FCPATH\index.php(67): CodeIgniter\CodeIgniter->run()
WARNING - 2025-02-17 14:30:01 --> [DEPRECATED] str_replace(): Passing null to parameter #3 ($subject) of type array|string is deprecated in APPPATH\Controllers\Ferramentas.php on line 463.
 1 APPPATH\Controllers\Ferramentas.php(463): str_replace([...], [...], null)
 2 APPPATH\Controllers\EmpreendimentoPost.php(357): App\Controllers\Ferramentas::codificador(null)
 3 SYSTEMPATH\CodeIgniter.php(934): App\Controllers\EmpreendimentoPost->empreendimento_lista()
 4 SYSTEMPATH\CodeIgniter.php(499): CodeIgniter\CodeIgniter->runController(Object(App\Controllers\EmpreendimentoPost))
 5 SYSTEMPATH\CodeIgniter.php(368): CodeIgniter\CodeIgniter->handleRequest(null, Object(Config\Cache), false)
 6 FCPATH\index.php(67): CodeIgniter\CodeIgniter->run()
WARNING - 2025-02-17 15:12:29 --> [DEPRECATED] str_replace(): Passing null to parameter #3 ($subject) of type array|string is deprecated in APPPATH\Controllers\Ferramentas.php on line 463.
 1 APPPATH\Controllers\Ferramentas.php(463): str_replace([...], [...], null)
 2 APPPATH\Controllers\EmpreendimentoPost.php(357): App\Controllers\Ferramentas::codificador(null)
 3 SYSTEMPATH\CodeIgniter.php(934): App\Controllers\EmpreendimentoPost->empreendimento_lista()
 4 SYSTEMPATH\CodeIgniter.php(499): CodeIgniter\CodeIgniter->runController(Object(App\Controllers\EmpreendimentoPost))
 5 SYSTEMPATH\CodeIgniter.php(368): CodeIgniter\CodeIgniter->handleRequest(null, Object(Config\Cache), false)
 6 FCPATH\index.php(67): CodeIgniter\CodeIgniter->run()
WARNING - 2025-02-17 15:14:25 --> [DEPRECATED] str_replace(): Passing null to parameter #3 ($subject) of type array|string is deprecated in APPPATH\Controllers\Ferramentas.php on line 463.
 1 APPPATH\Controllers\Ferramentas.php(463): str_replace([...], [...], null)
 2 APPPATH\Controllers\EmpreendimentoPost.php(357): App\Controllers\Ferramentas::codificador(null)
 3 SYSTEMPATH\CodeIgniter.php(934): App\Controllers\EmpreendimentoPost->empreendimento_lista()
 4 SYSTEMPATH\CodeIgniter.php(499): CodeIgniter\CodeIgniter->runController(Object(App\Controllers\EmpreendimentoPost))
 5 SYSTEMPATH\CodeIgniter.php(368): CodeIgniter\CodeIgniter->handleRequest(null, Object(Config\Cache), false)
 6 FCPATH\index.php(67): CodeIgniter\CodeIgniter->run()
WARNING - 2025-02-17 15:14:35 --> [DEPRECATED] str_replace(): Passing null to parameter #3 ($subject) of type array|string is deprecated in APPPATH\Controllers\Ferramentas.php on line 463.
 1 APPPATH\Controllers\Ferramentas.php(463): str_replace([...], [...], null)
 2 APPPATH\Controllers\EmpreendimentoPost.php(357): App\Controllers\Ferramentas::codificador(null)
 3 SYSTEMPATH\CodeIgniter.php(934): App\Controllers\EmpreendimentoPost->empreendimento_lista()
 4 SYSTEMPATH\CodeIgniter.php(499): CodeIgniter\CodeIgniter->runController(Object(App\Controllers\EmpreendimentoPost))
 5 SYSTEMPATH\CodeIgniter.php(368): CodeIgniter\CodeIgniter->handleRequest(null, Object(Config\Cache), false)
 6 FCPATH\index.php(67): CodeIgniter\CodeIgniter->run()
WARNING - 2025-02-17 17:47:18 --> [DEPRECATED] str_replace(): Passing null to parameter #3 ($subject) of type array|string is deprecated in APPPATH\Controllers\Ferramentas.php on line 463.
 1 APPPATH\Controllers\Ferramentas.php(463): str_replace([...], [...], null)
 2 APPPATH\Controllers\EmpreendimentoPost.php(357): App\Controllers\Ferramentas::codificador(null)
 3 SYSTEMPATH\CodeIgniter.php(934): App\Controllers\EmpreendimentoPost->empreendimento_lista()
 4 SYSTEMPATH\CodeIgniter.php(499): CodeIgniter\CodeIgniter->runController(Object(App\Controllers\EmpreendimentoPost))
 5 SYSTEMPATH\CodeIgniter.php(368): CodeIgniter\CodeIgniter->handleRequest(null, Object(Config\Cache), false)
 6 FCPATH\index.php(67): CodeIgniter\CodeIgniter->run()
WARNING - 2025-02-17 17:47:53 --> [DEPRECATED] str_replace(): Passing null to parameter #3 ($subject) of type array|string is deprecated in APPPATH\Controllers\Ferramentas.php on line 463.
 1 APPPATH\Controllers\Ferramentas.php(463): str_replace([...], [...], null)
 2 APPPATH\Controllers\EmpreendimentoPost.php(357): App\Controllers\Ferramentas::codificador(null)
 3 SYSTEMPATH\CodeIgniter.php(934): App\Controllers\EmpreendimentoPost->empreendimento_lista()
 4 SYSTEMPATH\CodeIgniter.php(499): CodeIgniter\CodeIgniter->runController(Object(App\Controllers\EmpreendimentoPost))
 5 SYSTEMPATH\CodeIgniter.php(368): CodeIgniter\CodeIgniter->handleRequest(null, Object(Config\Cache), false)
 6 FCPATH\index.php(67): CodeIgniter\CodeIgniter->run()
WARNING - 2025-02-17 18:07:42 --> [DEPRECATED] str_replace(): Passing null to parameter #3 ($subject) of type array|string is deprecated in APPPATH\Controllers\Ferramentas.php on line 463.
 1 APPPATH\Controllers\Ferramentas.php(463): str_replace([...], [...], null)
 2 APPPATH\Controllers\EmpreendimentoPost.php(357): App\Controllers\Ferramentas::codificador(null)
 3 SYSTEMPATH\CodeIgniter.php(934): App\Controllers\EmpreendimentoPost->empreendimento_lista()
 4 SYSTEMPATH\CodeIgniter.php(499): CodeIgniter\CodeIgniter->runController(Object(App\Controllers\EmpreendimentoPost))
 5 SYSTEMPATH\CodeIgniter.php(368): CodeIgniter\CodeIgniter->handleRequest(null, Object(Config\Cache), false)
 6 FCPATH\index.php(67): CodeIgniter\CodeIgniter->run()
WARNING - 2025-02-17 18:08:00 --> [DEPRECATED] str_replace(): Passing null to parameter #3 ($subject) of type array|string is deprecated in APPPATH\Controllers\Ferramentas.php on line 463.
 1 APPPATH\Controllers\Ferramentas.php(463): str_replace([...], [...], null)
 2 APPPATH\Controllers\EmpreendimentoPost.php(357): App\Controllers\Ferramentas::codificador(null)
 3 SYSTEMPATH\CodeIgniter.php(934): App\Controllers\EmpreendimentoPost->empreendimento_lista()
 4 SYSTEMPATH\CodeIgniter.php(499): CodeIgniter\CodeIgniter->runController(Object(App\Controllers\EmpreendimentoPost))
 5 SYSTEMPATH\CodeIgniter.php(368): CodeIgniter\CodeIgniter->handleRequest(null, Object(Config\Cache), false)
 6 FCPATH\index.php(67): CodeIgniter\CodeIgniter->run()
