WARNING - 2025-02-19 08:58:46 --> [DEPRECATED] str_replace(): Passing null to parameter #3 ($subject) of type array|string is deprecated in APPPATH\Controllers\Ferramentas.php on line 463.
 1 APPPATH\Controllers\Ferramentas.php(463): str_replace([...], [...], null)
 2 APPPATH\Controllers\EmpreendimentoPost.php(357): App\Controllers\Ferramentas::codificador(null)
 3 SYSTEMPATH\CodeIgniter.php(934): App\Controllers\EmpreendimentoPost->empreendimento_lista()
 4 SYSTEMPATH\CodeIgniter.php(499): CodeIgniter\CodeIgniter->runController(Object(App\Controllers\EmpreendimentoPost))
 5 SYSTEMPATH\CodeIgniter.php(368): CodeIgniter\CodeIgniter->handleRequest(null, Object(Config\Cache), false)
 6 FCPATH\index.php(67): CodeIgniter\CodeIgniter->run()
CRITICAL - 2025-02-19 08:58:46 --> Undefined array key "lista_finalidade"
in APPPATH\Controllers\SubpastaPost.php on line 406.
 1 APPPATH\Controllers\SubpastaPost.php(406): CodeIgniter\Debug\Exceptions->errorHandler(2, 'Undefined array key "lista_finalidade"', 'C:\\xampp\\htdocs\\codi\\app\\Controllers\\SubpastaPost.php', 406)
 2 SYSTEMPATH\CodeIgniter.php(934): App\Controllers\SubpastaPost->desenho_tag_lista()
 3 SYSTEMPATH\CodeIgniter.php(499): CodeIgniter\CodeIgniter->runController(Object(App\Controllers\SubpastaPost))
 4 SYSTEMPATH\CodeIgniter.php(368): CodeIgniter\CodeIgniter->handleRequest(null, Object(Config\Cache), false)
 5 FCPATH\index.php(67): CodeIgniter\CodeIgniter->run()
WARNING - 2025-02-19 08:58:54 --> [DEPRECATED] str_replace(): Passing null to parameter #3 ($subject) of type array|string is deprecated in APPPATH\Controllers\Ferramentas.php on line 463.
 1 APPPATH\Controllers\Ferramentas.php(463): str_replace([...], [...], null)
 2 APPPATH\Controllers\EmpreendimentoPost.php(357): App\Controllers\Ferramentas::codificador(null)
 3 SYSTEMPATH\CodeIgniter.php(934): App\Controllers\EmpreendimentoPost->empreendimento_lista()
 4 SYSTEMPATH\CodeIgniter.php(499): CodeIgniter\CodeIgniter->runController(Object(App\Controllers\EmpreendimentoPost))
 5 SYSTEMPATH\CodeIgniter.php(368): CodeIgniter\CodeIgniter->handleRequest(null, Object(Config\Cache), false)
 6 FCPATH\index.php(67): CodeIgniter\CodeIgniter->run()
WARNING - 2025-02-19 08:59:07 --> [DEPRECATED] str_replace(): Passing null to parameter #3 ($subject) of type array|string is deprecated in APPPATH\Controllers\Ferramentas.php on line 463.
 1 APPPATH\Controllers\Ferramentas.php(463): str_replace([...], [...], null)
 2 APPPATH\Controllers\EmpreendimentoPost.php(357): App\Controllers\Ferramentas::codificador(null)
 3 SYSTEMPATH\CodeIgniter.php(934): App\Controllers\EmpreendimentoPost->empreendimento_lista()
 4 SYSTEMPATH\CodeIgniter.php(499): CodeIgniter\CodeIgniter->runController(Object(App\Controllers\EmpreendimentoPost))
 5 SYSTEMPATH\CodeIgniter.php(368): CodeIgniter\CodeIgniter->handleRequest(null, Object(Config\Cache), false)
 6 FCPATH\index.php(67): CodeIgniter\CodeIgniter->run()
WARNING - 2025-02-19 09:05:08 --> [DEPRECATED] str_replace(): Passing null to parameter #3 ($subject) of type array|string is deprecated in APPPATH\Controllers\Ferramentas.php on line 463.
 1 APPPATH\Controllers\Ferramentas.php(463): str_replace([...], [...], null)
 2 APPPATH\Controllers\EmpreendimentoPost.php(357): App\Controllers\Ferramentas::codificador(null)
 3 SYSTEMPATH\CodeIgniter.php(934): App\Controllers\EmpreendimentoPost->empreendimento_lista()
 4 SYSTEMPATH\CodeIgniter.php(499): CodeIgniter\CodeIgniter->runController(Object(App\Controllers\EmpreendimentoPost))
 5 SYSTEMPATH\CodeIgniter.php(368): CodeIgniter\CodeIgniter->handleRequest(null, Object(Config\Cache), false)
 6 FCPATH\index.php(67): CodeIgniter\CodeIgniter->run()
WARNING - 2025-02-19 09:06:23 --> [DEPRECATED] str_replace(): Passing null to parameter #3 ($subject) of type array|string is deprecated in APPPATH\Controllers\Ferramentas.php on line 463.
 1 APPPATH\Controllers\Ferramentas.php(463): str_replace([...], [...], null)
 2 APPPATH\Controllers\EmpreendimentoPost.php(357): App\Controllers\Ferramentas::codificador(null)
 3 SYSTEMPATH\CodeIgniter.php(934): App\Controllers\EmpreendimentoPost->empreendimento_lista()
 4 SYSTEMPATH\CodeIgniter.php(499): CodeIgniter\CodeIgniter->runController(Object(App\Controllers\EmpreendimentoPost))
 5 SYSTEMPATH\CodeIgniter.php(368): CodeIgniter\CodeIgniter->handleRequest(null, Object(Config\Cache), false)
 6 FCPATH\index.php(67): CodeIgniter\CodeIgniter->run()
CRITICAL - 2025-02-19 09:06:23 --> Undefined array key "lista_finalidade"
in APPPATH\Controllers\SubpastaPost.php on line 406.
 1 APPPATH\Controllers\SubpastaPost.php(406): CodeIgniter\Debug\Exceptions->errorHandler(2, 'Undefined array key "lista_finalidade"', 'C:\\xampp\\htdocs\\codi\\app\\Controllers\\SubpastaPost.php', 406)
 2 SYSTEMPATH\CodeIgniter.php(934): App\Controllers\SubpastaPost->desenho_tag_lista()
 3 SYSTEMPATH\CodeIgniter.php(499): CodeIgniter\CodeIgniter->runController(Object(App\Controllers\SubpastaPost))
 4 SYSTEMPATH\CodeIgniter.php(368): CodeIgniter\CodeIgniter->handleRequest(null, Object(Config\Cache), false)
 5 FCPATH\index.php(67): CodeIgniter\CodeIgniter->run()
WARNING - 2025-02-19 09:06:54 --> [DEPRECATED] str_replace(): Passing null to parameter #3 ($subject) of type array|string is deprecated in APPPATH\Controllers\Ferramentas.php on line 463.
 1 APPPATH\Controllers\Ferramentas.php(463): str_replace([...], [...], null)
 2 APPPATH\Controllers\EmpreendimentoPost.php(357): App\Controllers\Ferramentas::codificador(null)
 3 SYSTEMPATH\CodeIgniter.php(934): App\Controllers\EmpreendimentoPost->empreendimento_lista()
 4 SYSTEMPATH\CodeIgniter.php(499): CodeIgniter\CodeIgniter->runController(Object(App\Controllers\EmpreendimentoPost))
 5 SYSTEMPATH\CodeIgniter.php(368): CodeIgniter\CodeIgniter->handleRequest(null, Object(Config\Cache), false)
 6 FCPATH\index.php(67): CodeIgniter\CodeIgniter->run()
WARNING - 2025-02-19 09:11:06 --> [DEPRECATED] str_replace(): Passing null to parameter #3 ($subject) of type array|string is deprecated in APPPATH\Controllers\Ferramentas.php on line 463.
 1 APPPATH\Controllers\Ferramentas.php(463): str_replace([...], [...], null)
 2 APPPATH\Controllers\EmpreendimentoPost.php(357): App\Controllers\Ferramentas::codificador(null)
 3 SYSTEMPATH\CodeIgniter.php(934): App\Controllers\EmpreendimentoPost->empreendimento_lista()
 4 SYSTEMPATH\CodeIgniter.php(499): CodeIgniter\CodeIgniter->runController(Object(App\Controllers\EmpreendimentoPost))
 5 SYSTEMPATH\CodeIgniter.php(368): CodeIgniter\CodeIgniter->handleRequest(null, Object(Config\Cache), false)
 6 FCPATH\index.php(67): CodeIgniter\CodeIgniter->run()
WARNING - 2025-02-19 09:25:51 --> [DEPRECATED] str_replace(): Passing null to parameter #3 ($subject) of type array|string is deprecated in APPPATH\Controllers\Ferramentas.php on line 463.
 1 APPPATH\Controllers\Ferramentas.php(463): str_replace([...], [...], null)
 2 APPPATH\Controllers\EmpreendimentoPost.php(357): App\Controllers\Ferramentas::codificador(null)
 3 SYSTEMPATH\CodeIgniter.php(934): App\Controllers\EmpreendimentoPost->empreendimento_lista()
 4 SYSTEMPATH\CodeIgniter.php(499): CodeIgniter\CodeIgniter->runController(Object(App\Controllers\EmpreendimentoPost))
 5 SYSTEMPATH\CodeIgniter.php(368): CodeIgniter\CodeIgniter->handleRequest(null, Object(Config\Cache), false)
 6 FCPATH\index.php(67): CodeIgniter\CodeIgniter->run()
CRITICAL - 2025-02-19 09:26:32 --> rename(C:/wl/temp/20772/NOME BASE_acrilico espelhado 2mm.dxf,c:/wl/CORTE_LASER/AP/AP_HOME_RESORT/ESTRUTURA/EMBASAMENTO/NOME_BASE_ACRILICO_ESPELHADO_2MM_0_.dxf): O sistema não pode encontrar o arquivo especificado (code: 2)
in APPPATH\Controllers\AddDesenhoPost.php on line 267.
 1 [internal function]: CodeIgniter\Debug\Exceptions->errorHandler(2, 'rename(C:/wl/temp/20772/NOME BASE_acrilico espelhado 2mm.dxf,c:/wl/CORTE_LASER/AP/AP_HOME_RESORT/ESTRUTURA/EMBASAMENTO/NOME_BASE_ACRILICO_ESPELHADO_2MM_0_.dxf): O sistema não pode encontrar o arquivo especificado (code: 2)', 'C:\\xampp\\htdocs\\codi\\app\\Controllers\\AddDesenhoPost.php', 267)
 2 APPPATH\Controllers\AddDesenhoPost.php(267): rename('C:/wl/temp/20772/NOME BASE_acrilico espelhado 2mm.dxf', 'c:/wl/CORTE_LASER/AP/AP_HOME_RESORT/ESTRUTURA/EMBASAMENTO/NOME_BASE_ACRILICO_ESPELHADO_2MM_0_.dxf')
 3 SYSTEMPATH\CodeIgniter.php(934): App\Controllers\AddDesenhoPost->desenhos_add()
 4 SYSTEMPATH\CodeIgniter.php(499): CodeIgniter\CodeIgniter->runController(Object(App\Controllers\AddDesenhoPost))
 5 SYSTEMPATH\CodeIgniter.php(368): CodeIgniter\CodeIgniter->handleRequest(null, Object(Config\Cache), false)
 6 FCPATH\index.php(67): CodeIgniter\CodeIgniter->run()
CRITICAL - 2025-02-19 09:26:34 --> rename(C:/wl/temp/20772/NOME BASE_acrilico espelhado 2mm.dxf,c:/wl/CORTE_LASER/AP/AP_HOME_RESORT/ESTRUTURA/EMBASAMENTO/NOME_BASE_ACRILICO_ESPELHADO_2MM_307_.dxf): O sistema não pode encontrar o arquivo especificado (code: 2)
in APPPATH\Controllers\AddDesenhoPost.php on line 267.
 1 [internal function]: CodeIgniter\Debug\Exceptions->errorHandler(2, 'rename(C:/wl/temp/20772/NOME BASE_acrilico espelhado 2mm.dxf,c:/wl/CORTE_LASER/AP/AP_HOME_RESORT/ESTRUTURA/EMBASAMENTO/NOME_BASE_ACRILICO_ESPELHADO_2MM_307_.dxf): O sistema não pode encontrar o arquivo especificado (code: 2)', 'C:\\xampp\\htdocs\\codi\\app\\Controllers\\AddDesenhoPost.php', 267)
 2 APPPATH\Controllers\AddDesenhoPost.php(267): rename('C:/wl/temp/20772/NOME BASE_acrilico espelhado 2mm.dxf', 'c:/wl/CORTE_LASER/AP/AP_HOME_RESORT/ESTRUTURA/EMBASAMENTO/NOME_BASE_ACRILICO_ESPELHADO_2MM_307_.dxf')
 3 SYSTEMPATH\CodeIgniter.php(934): App\Controllers\AddDesenhoPost->desenhos_add()
 4 SYSTEMPATH\CodeIgniter.php(499): CodeIgniter\CodeIgniter->runController(Object(App\Controllers\AddDesenhoPost))
 5 SYSTEMPATH\CodeIgniter.php(368): CodeIgniter\CodeIgniter->handleRequest(null, Object(Config\Cache), false)
 6 FCPATH\index.php(67): CodeIgniter\CodeIgniter->run()
WARNING - 2025-02-19 09:26:39 --> [DEPRECATED] str_replace(): Passing null to parameter #3 ($subject) of type array|string is deprecated in APPPATH\Controllers\Ferramentas.php on line 463.
 1 APPPATH\Controllers\Ferramentas.php(463): str_replace([...], [...], null)
 2 APPPATH\Controllers\EmpreendimentoPost.php(357): App\Controllers\Ferramentas::codificador(null)
 3 SYSTEMPATH\CodeIgniter.php(934): App\Controllers\EmpreendimentoPost->empreendimento_lista()
 4 SYSTEMPATH\CodeIgniter.php(499): CodeIgniter\CodeIgniter->runController(Object(App\Controllers\EmpreendimentoPost))
 5 SYSTEMPATH\CodeIgniter.php(368): CodeIgniter\CodeIgniter->handleRequest(null, Object(Config\Cache), false)
 6 FCPATH\index.php(67): CodeIgniter\CodeIgniter->run()
WARNING - 2025-02-19 10:05:33 --> [DEPRECATED] str_replace(): Passing null to parameter #3 ($subject) of type array|string is deprecated in APPPATH\Controllers\Ferramentas.php on line 463.
 1 APPPATH\Controllers\Ferramentas.php(463): str_replace([...], [...], null)
 2 APPPATH\Controllers\EmpreendimentoPost.php(357): App\Controllers\Ferramentas::codificador(null)
 3 SYSTEMPATH\CodeIgniter.php(934): App\Controllers\EmpreendimentoPost->empreendimento_lista()
 4 SYSTEMPATH\CodeIgniter.php(499): CodeIgniter\CodeIgniter->runController(Object(App\Controllers\EmpreendimentoPost))
 5 SYSTEMPATH\CodeIgniter.php(368): CodeIgniter\CodeIgniter->handleRequest(null, Object(Config\Cache), false)
 6 FCPATH\index.php(67): CodeIgniter\CodeIgniter->run()
WARNING - 2025-02-19 10:05:44 --> [DEPRECATED] str_replace(): Passing null to parameter #3 ($subject) of type array|string is deprecated in APPPATH\Controllers\Ferramentas.php on line 463.
 1 APPPATH\Controllers\Ferramentas.php(463): str_replace([...], [...], null)
 2 APPPATH\Controllers\EmpreendimentoPost.php(357): App\Controllers\Ferramentas::codificador(null)
 3 SYSTEMPATH\CodeIgniter.php(934): App\Controllers\EmpreendimentoPost->empreendimento_lista()
 4 SYSTEMPATH\CodeIgniter.php(499): CodeIgniter\CodeIgniter->runController(Object(App\Controllers\EmpreendimentoPost))
 5 SYSTEMPATH\CodeIgniter.php(368): CodeIgniter\CodeIgniter->handleRequest(null, Object(Config\Cache), false)
 6 FCPATH\index.php(67): CodeIgniter\CodeIgniter->run()
WARNING - 2025-02-19 10:10:12 --> [DEPRECATED] str_replace(): Passing null to parameter #3 ($subject) of type array|string is deprecated in APPPATH\Controllers\Ferramentas.php on line 463.
 1 APPPATH\Controllers\Ferramentas.php(463): str_replace([...], [...], null)
 2 APPPATH\Controllers\EmpreendimentoPost.php(357): App\Controllers\Ferramentas::codificador(null)
 3 SYSTEMPATH\CodeIgniter.php(934): App\Controllers\EmpreendimentoPost->empreendimento_lista()
 4 SYSTEMPATH\CodeIgniter.php(499): CodeIgniter\CodeIgniter->runController(Object(App\Controllers\EmpreendimentoPost))
 5 SYSTEMPATH\CodeIgniter.php(368): CodeIgniter\CodeIgniter->handleRequest(null, Object(Config\Cache), false)
 6 FCPATH\index.php(67): CodeIgniter\CodeIgniter->run()
WARNING - 2025-02-19 10:42:40 --> [DEPRECATED] str_replace(): Passing null to parameter #3 ($subject) of type array|string is deprecated in APPPATH\Controllers\Ferramentas.php on line 463.
 1 APPPATH\Controllers\Ferramentas.php(463): str_replace([...], [...], null)
 2 APPPATH\Controllers\EmpreendimentoPost.php(357): App\Controllers\Ferramentas::codificador(null)
 3 SYSTEMPATH\CodeIgniter.php(934): App\Controllers\EmpreendimentoPost->empreendimento_lista()
 4 SYSTEMPATH\CodeIgniter.php(499): CodeIgniter\CodeIgniter->runController(Object(App\Controllers\EmpreendimentoPost))
 5 SYSTEMPATH\CodeIgniter.php(368): CodeIgniter\CodeIgniter->handleRequest(null, Object(Config\Cache), false)
 6 FCPATH\index.php(67): CodeIgniter\CodeIgniter->run()
WARNING - 2025-02-19 10:50:21 --> [DEPRECATED] str_replace(): Passing null to parameter #3 ($subject) of type array|string is deprecated in APPPATH\Controllers\Ferramentas.php on line 463.
 1 APPPATH\Controllers\Ferramentas.php(463): str_replace([...], [...], null)
 2 APPPATH\Controllers\EmpreendimentoPost.php(357): App\Controllers\Ferramentas::codificador(null)
 3 SYSTEMPATH\CodeIgniter.php(934): App\Controllers\EmpreendimentoPost->empreendimento_lista()
 4 SYSTEMPATH\CodeIgniter.php(499): CodeIgniter\CodeIgniter->runController(Object(App\Controllers\EmpreendimentoPost))
 5 SYSTEMPATH\CodeIgniter.php(368): CodeIgniter\CodeIgniter->handleRequest(null, Object(Config\Cache), false)
 6 FCPATH\index.php(67): CodeIgniter\CodeIgniter->run()
WARNING - 2025-02-19 10:50:31 --> [DEPRECATED] str_replace(): Passing null to parameter #3 ($subject) of type array|string is deprecated in APPPATH\Controllers\Ferramentas.php on line 463.
 1 APPPATH\Controllers\Ferramentas.php(463): str_replace([...], [...], null)
 2 APPPATH\Controllers\EmpreendimentoPost.php(357): App\Controllers\Ferramentas::codificador(null)
 3 SYSTEMPATH\CodeIgniter.php(934): App\Controllers\EmpreendimentoPost->empreendimento_lista()
 4 SYSTEMPATH\CodeIgniter.php(499): CodeIgniter\CodeIgniter->runController(Object(App\Controllers\EmpreendimentoPost))
 5 SYSTEMPATH\CodeIgniter.php(368): CodeIgniter\CodeIgniter->handleRequest(null, Object(Config\Cache), false)
 6 FCPATH\index.php(67): CodeIgniter\CodeIgniter->run()
WARNING - 2025-02-19 11:07:02 --> [DEPRECATED] str_replace(): Passing null to parameter #3 ($subject) of type array|string is deprecated in APPPATH\Controllers\Ferramentas.php on line 463.
 1 APPPATH\Controllers\Ferramentas.php(463): str_replace([...], [...], null)
 2 APPPATH\Controllers\EmpreendimentoPost.php(357): App\Controllers\Ferramentas::codificador(null)
 3 SYSTEMPATH\CodeIgniter.php(934): App\Controllers\EmpreendimentoPost->empreendimento_lista()
 4 SYSTEMPATH\CodeIgniter.php(499): CodeIgniter\CodeIgniter->runController(Object(App\Controllers\EmpreendimentoPost))
 5 SYSTEMPATH\CodeIgniter.php(368): CodeIgniter\CodeIgniter->handleRequest(null, Object(Config\Cache), false)
 6 FCPATH\index.php(67): CodeIgniter\CodeIgniter->run()
WARNING - 2025-02-19 11:42:53 --> [DEPRECATED] str_replace(): Passing null to parameter #3 ($subject) of type array|string is deprecated in APPPATH\Controllers\Ferramentas.php on line 463.
 1 APPPATH\Controllers\Ferramentas.php(463): str_replace([...], [...], null)
 2 APPPATH\Controllers\EmpreendimentoPost.php(357): App\Controllers\Ferramentas::codificador(null)
 3 SYSTEMPATH\CodeIgniter.php(934): App\Controllers\EmpreendimentoPost->empreendimento_lista()
 4 SYSTEMPATH\CodeIgniter.php(499): CodeIgniter\CodeIgniter->runController(Object(App\Controllers\EmpreendimentoPost))
 5 SYSTEMPATH\CodeIgniter.php(368): CodeIgniter\CodeIgniter->handleRequest(null, Object(Config\Cache), false)
 6 FCPATH\index.php(67): CodeIgniter\CodeIgniter->run()
WARNING - 2025-02-19 11:43:22 --> [DEPRECATED] str_replace(): Passing null to parameter #3 ($subject) of type array|string is deprecated in APPPATH\Controllers\Ferramentas.php on line 463.
 1 APPPATH\Controllers\Ferramentas.php(463): str_replace([...], [...], null)
 2 APPPATH\Controllers\EmpreendimentoPost.php(357): App\Controllers\Ferramentas::codificador(null)
 3 SYSTEMPATH\CodeIgniter.php(934): App\Controllers\EmpreendimentoPost->empreendimento_lista()
 4 SYSTEMPATH\CodeIgniter.php(499): CodeIgniter\CodeIgniter->runController(Object(App\Controllers\EmpreendimentoPost))
 5 SYSTEMPATH\CodeIgniter.php(368): CodeIgniter\CodeIgniter->handleRequest(null, Object(Config\Cache), false)
 6 FCPATH\index.php(67): CodeIgniter\CodeIgniter->run()
WARNING - 2025-02-19 14:33:28 --> [DEPRECATED] str_replace(): Passing null to parameter #3 ($subject) of type array|string is deprecated in APPPATH\Controllers\Ferramentas.php on line 463.
 1 APPPATH\Controllers\Ferramentas.php(463): str_replace([...], [...], null)
 2 APPPATH\Controllers\EmpreendimentoPost.php(357): App\Controllers\Ferramentas::codificador(null)
 3 SYSTEMPATH\CodeIgniter.php(934): App\Controllers\EmpreendimentoPost->empreendimento_lista()
 4 SYSTEMPATH\CodeIgniter.php(499): CodeIgniter\CodeIgniter->runController(Object(App\Controllers\EmpreendimentoPost))
 5 SYSTEMPATH\CodeIgniter.php(368): CodeIgniter\CodeIgniter->handleRequest(null, Object(Config\Cache), false)
 6 FCPATH\index.php(67): CodeIgniter\CodeIgniter->run()
WARNING - 2025-02-19 15:08:14 --> [DEPRECATED] str_replace(): Passing null to parameter #3 ($subject) of type array|string is deprecated in APPPATH\Controllers\Ferramentas.php on line 463.
 1 APPPATH\Controllers\Ferramentas.php(463): str_replace([...], [...], null)
 2 APPPATH\Controllers\EmpreendimentoPost.php(357): App\Controllers\Ferramentas::codificador(null)
 3 SYSTEMPATH\CodeIgniter.php(934): App\Controllers\EmpreendimentoPost->empreendimento_lista()
 4 SYSTEMPATH\CodeIgniter.php(499): CodeIgniter\CodeIgniter->runController(Object(App\Controllers\EmpreendimentoPost))
 5 SYSTEMPATH\CodeIgniter.php(368): CodeIgniter\CodeIgniter->handleRequest(null, Object(Config\Cache), false)
 6 FCPATH\index.php(67): CodeIgniter\CodeIgniter->run()
WARNING - 2025-02-19 15:08:54 --> [DEPRECATED] str_replace(): Passing null to parameter #3 ($subject) of type array|string is deprecated in APPPATH\Controllers\Ferramentas.php on line 463.
 1 APPPATH\Controllers\Ferramentas.php(463): str_replace([...], [...], null)
 2 APPPATH\Controllers\EmpreendimentoPost.php(357): App\Controllers\Ferramentas::codificador(null)
 3 SYSTEMPATH\CodeIgniter.php(934): App\Controllers\EmpreendimentoPost->empreendimento_lista()
 4 SYSTEMPATH\CodeIgniter.php(499): CodeIgniter\CodeIgniter->runController(Object(App\Controllers\EmpreendimentoPost))
 5 SYSTEMPATH\CodeIgniter.php(368): CodeIgniter\CodeIgniter->handleRequest(null, Object(Config\Cache), false)
 6 FCPATH\index.php(67): CodeIgniter\CodeIgniter->run()
WARNING - 2025-02-19 15:09:12 --> [DEPRECATED] str_replace(): Passing null to parameter #3 ($subject) of type array|string is deprecated in APPPATH\Controllers\Ferramentas.php on line 463.
 1 APPPATH\Controllers\Ferramentas.php(463): str_replace([...], [...], null)
 2 APPPATH\Controllers\EmpreendimentoPost.php(357): App\Controllers\Ferramentas::codificador(null)
 3 SYSTEMPATH\CodeIgniter.php(934): App\Controllers\EmpreendimentoPost->empreendimento_lista()
 4 SYSTEMPATH\CodeIgniter.php(499): CodeIgniter\CodeIgniter->runController(Object(App\Controllers\EmpreendimentoPost))
 5 SYSTEMPATH\CodeIgniter.php(368): CodeIgniter\CodeIgniter->handleRequest(null, Object(Config\Cache), false)
 6 FCPATH\index.php(67): CodeIgniter\CodeIgniter->run()
WARNING - 2025-02-19 15:25:35 --> [DEPRECATED] str_replace(): Passing null to parameter #3 ($subject) of type array|string is deprecated in APPPATH\Controllers\Ferramentas.php on line 463.
 1 APPPATH\Controllers\Ferramentas.php(463): str_replace([...], [...], null)
 2 APPPATH\Controllers\EmpreendimentoPost.php(357): App\Controllers\Ferramentas::codificador(null)
 3 SYSTEMPATH\CodeIgniter.php(934): App\Controllers\EmpreendimentoPost->empreendimento_lista()
 4 SYSTEMPATH\CodeIgniter.php(499): CodeIgniter\CodeIgniter->runController(Object(App\Controllers\EmpreendimentoPost))
 5 SYSTEMPATH\CodeIgniter.php(368): CodeIgniter\CodeIgniter->handleRequest(null, Object(Config\Cache), false)
 6 FCPATH\index.php(67): CodeIgniter\CodeIgniter->run()
WARNING - 2025-02-19 15:25:52 --> [DEPRECATED] str_replace(): Passing null to parameter #3 ($subject) of type array|string is deprecated in APPPATH\Controllers\Ferramentas.php on line 463.
 1 APPPATH\Controllers\Ferramentas.php(463): str_replace([...], [...], null)
 2 APPPATH\Controllers\EmpreendimentoPost.php(357): App\Controllers\Ferramentas::codificador(null)
 3 SYSTEMPATH\CodeIgniter.php(934): App\Controllers\EmpreendimentoPost->empreendimento_lista()
 4 SYSTEMPATH\CodeIgniter.php(499): CodeIgniter\CodeIgniter->runController(Object(App\Controllers\EmpreendimentoPost))
 5 SYSTEMPATH\CodeIgniter.php(368): CodeIgniter\CodeIgniter->handleRequest(null, Object(Config\Cache), false)
 6 FCPATH\index.php(67): CodeIgniter\CodeIgniter->run()
WARNING - 2025-02-19 15:29:15 --> [DEPRECATED] str_replace(): Passing null to parameter #3 ($subject) of type array|string is deprecated in APPPATH\Controllers\Ferramentas.php on line 463.
 1 APPPATH\Controllers\Ferramentas.php(463): str_replace([...], [...], null)
 2 APPPATH\Controllers\EmpreendimentoPost.php(357): App\Controllers\Ferramentas::codificador(null)
 3 SYSTEMPATH\CodeIgniter.php(934): App\Controllers\EmpreendimentoPost->empreendimento_lista()
 4 SYSTEMPATH\CodeIgniter.php(499): CodeIgniter\CodeIgniter->runController(Object(App\Controllers\EmpreendimentoPost))
 5 SYSTEMPATH\CodeIgniter.php(368): CodeIgniter\CodeIgniter->handleRequest(null, Object(Config\Cache), false)
 6 FCPATH\index.php(67): CodeIgniter\CodeIgniter->run()
WARNING - 2025-02-19 15:29:25 --> [DEPRECATED] str_replace(): Passing null to parameter #3 ($subject) of type array|string is deprecated in APPPATH\Controllers\Ferramentas.php on line 463.
 1 APPPATH\Controllers\Ferramentas.php(463): str_replace([...], [...], null)
 2 APPPATH\Controllers\EmpreendimentoPost.php(357): App\Controllers\Ferramentas::codificador(null)
 3 SYSTEMPATH\CodeIgniter.php(934): App\Controllers\EmpreendimentoPost->empreendimento_lista()
 4 SYSTEMPATH\CodeIgniter.php(499): CodeIgniter\CodeIgniter->runController(Object(App\Controllers\EmpreendimentoPost))
 5 SYSTEMPATH\CodeIgniter.php(368): CodeIgniter\CodeIgniter->handleRequest(null, Object(Config\Cache), false)
 6 FCPATH\index.php(67): CodeIgniter\CodeIgniter->run()
WARNING - 2025-02-19 15:40:51 --> [DEPRECATED] str_replace(): Passing null to parameter #3 ($subject) of type array|string is deprecated in APPPATH\Controllers\Ferramentas.php on line 463.
 1 APPPATH\Controllers\Ferramentas.php(463): str_replace([...], [...], null)
 2 APPPATH\Controllers\EmpreendimentoPost.php(357): App\Controllers\Ferramentas::codificador(null)
 3 SYSTEMPATH\CodeIgniter.php(934): App\Controllers\EmpreendimentoPost->empreendimento_lista()
 4 SYSTEMPATH\CodeIgniter.php(499): CodeIgniter\CodeIgniter->runController(Object(App\Controllers\EmpreendimentoPost))
 5 SYSTEMPATH\CodeIgniter.php(368): CodeIgniter\CodeIgniter->handleRequest(null, Object(Config\Cache), false)
 6 FCPATH\index.php(67): CodeIgniter\CodeIgniter->run()
WARNING - 2025-02-19 15:41:07 --> [DEPRECATED] str_replace(): Passing null to parameter #3 ($subject) of type array|string is deprecated in APPPATH\Controllers\Ferramentas.php on line 463.
 1 APPPATH\Controllers\Ferramentas.php(463): str_replace([...], [...], null)
 2 APPPATH\Controllers\EmpreendimentoPost.php(357): App\Controllers\Ferramentas::codificador(null)
 3 SYSTEMPATH\CodeIgniter.php(934): App\Controllers\EmpreendimentoPost->empreendimento_lista()
 4 SYSTEMPATH\CodeIgniter.php(499): CodeIgniter\CodeIgniter->runController(Object(App\Controllers\EmpreendimentoPost))
 5 SYSTEMPATH\CodeIgniter.php(368): CodeIgniter\CodeIgniter->handleRequest(null, Object(Config\Cache), false)
 6 FCPATH\index.php(67): CodeIgniter\CodeIgniter->run()
WARNING - 2025-02-19 17:58:26 --> [DEPRECATED] str_replace(): Passing null to parameter #3 ($subject) of type array|string is deprecated in APPPATH\Controllers\Ferramentas.php on line 463.
 1 APPPATH\Controllers\Ferramentas.php(463): str_replace([...], [...], null)
 2 APPPATH\Controllers\EmpreendimentoPost.php(357): App\Controllers\Ferramentas::codificador(null)
 3 SYSTEMPATH\CodeIgniter.php(934): App\Controllers\EmpreendimentoPost->empreendimento_lista()
 4 SYSTEMPATH\CodeIgniter.php(499): CodeIgniter\CodeIgniter->runController(Object(App\Controllers\EmpreendimentoPost))
 5 SYSTEMPATH\CodeIgniter.php(368): CodeIgniter\CodeIgniter->handleRequest(null, Object(Config\Cache), false)
 6 FCPATH\index.php(67): CodeIgniter\CodeIgniter->run()
WARNING - 2025-02-19 17:58:43 --> [DEPRECATED] str_replace(): Passing null to parameter #3 ($subject) of type array|string is deprecated in APPPATH\Controllers\Ferramentas.php on line 463.
 1 APPPATH\Controllers\Ferramentas.php(463): str_replace([...], [...], null)
 2 APPPATH\Controllers\EmpreendimentoPost.php(357): App\Controllers\Ferramentas::codificador(null)
 3 SYSTEMPATH\CodeIgniter.php(934): App\Controllers\EmpreendimentoPost->empreendimento_lista()
 4 SYSTEMPATH\CodeIgniter.php(499): CodeIgniter\CodeIgniter->runController(Object(App\Controllers\EmpreendimentoPost))
 5 SYSTEMPATH\CodeIgniter.php(368): CodeIgniter\CodeIgniter->handleRequest(null, Object(Config\Cache), false)
 6 FCPATH\index.php(67): CodeIgniter\CodeIgniter->run()
