CRITICAL - 2024-08-01 17:40:53 --> Object of class CodeIgniter\HTTP\RedirectResponse could not be converted to string
in SYSTEMPATH\CodeIgniter.php on line 954.
 1 SYSTEMPATH\CodeIgniter.php(387): CodeIgniter\CodeIgniter->display404errors(Object(CodeIgniter\Exceptions\PageNotFoundException))
 2 FCPATH\index.php(67): CodeIgniter\CodeIgniter->run()
CRITICAL - 2024-08-01 17:41:01 --> Object of class CodeIgniter\HTTP\RedirectResponse could not be converted to string
in SYSTEMPATH\CodeIgniter.php on line 954.
 1 SYSTEMPATH\CodeIgniter.php(387): CodeIgniter\CodeIgniter->display404errors(Object(CodeIgniter\Exceptions\PageNotFoundException))
 2 FCPATH\index.php(67): CodeIgniter\CodeIgniter->run()
CRITICAL - 2024-08-01 17:41:11 --> Object of class CodeIgniter\HTTP\RedirectResponse could not be converted to string
in SYSTEMPATH\CodeIgniter.php on line 954.
 1 SYSTEMPATH\CodeIgniter.php(387): CodeIgniter\CodeIgniter->display404errors(Object(CodeIgniter\Exceptions\PageNotFoundException))
 2 FCPATH\index.php(67): CodeIgniter\CodeIgniter->run()
CRITICAL - 2024-08-01 17:45:57 --> CodeIgniter\Router\RouteCollection::set404Override(): Return value must be of type CodeIgniter\Router\RouteCollectionInterface, null returned
in SYSTEMPATH\Router\RouteCollection.php on line 421.
 1 APPPATH\Config\Routes.php(17): CodeIgniter\Router\RouteCollection->set404Override(Object(Closure))
 2 SYSTEMPATH\Router\RouteCollection.php(267): require('C:\\xampp\\htdocs\\codi\\app\\Config\\Routes.php')
 3 SYSTEMPATH\CodeIgniter.php(802): CodeIgniter\Router\RouteCollection->loadRoutes()
 4 SYSTEMPATH\CodeIgniter.php(449): CodeIgniter\CodeIgniter->tryToRouteIt(null)
 5 SYSTEMPATH\CodeIgniter.php(368): CodeIgniter\CodeIgniter->handleRequest(null, Object(Config\Cache), false)
 6 FCPATH\index.php(67): CodeIgniter\CodeIgniter->run()
CRITICAL - 2024-08-01 17:45:58 --> CodeIgniter\Router\RouteCollection::set404Override(): Return value must be of type CodeIgniter\Router\RouteCollectionInterface, null returned
in SYSTEMPATH\Router\RouteCollection.php on line 421.
 1 APPPATH\Config\Routes.php(17): CodeIgniter\Router\RouteCollection->set404Override(Object(Closure))
 2 SYSTEMPATH\Router\RouteCollection.php(267): require('C:\\xampp\\htdocs\\codi\\app\\Config\\Routes.php')
 3 SYSTEMPATH\CodeIgniter.php(802): CodeIgniter\Router\RouteCollection->loadRoutes()
 4 SYSTEMPATH\CodeIgniter.php(449): CodeIgniter\CodeIgniter->tryToRouteIt(null)
 5 SYSTEMPATH\CodeIgniter.php(368): CodeIgniter\CodeIgniter->handleRequest(null, Object(Config\Cache), false)
 6 FCPATH\index.php(67): CodeIgniter\CodeIgniter->run()
CRITICAL - 2024-08-01 17:46:01 --> Object of class CodeIgniter\HTTP\RedirectResponse could not be converted to string
in SYSTEMPATH\CodeIgniter.php on line 954.
 1 SYSTEMPATH\CodeIgniter.php(387): CodeIgniter\CodeIgniter->display404errors(Object(CodeIgniter\Exceptions\PageNotFoundException))
 2 FCPATH\index.php(67): CodeIgniter\CodeIgniter->run()
CRITICAL - 2024-08-01 17:46:02 --> Object of class CodeIgniter\HTTP\RedirectResponse could not be converted to string
in SYSTEMPATH\CodeIgniter.php on line 954.
 1 SYSTEMPATH\CodeIgniter.php(387): CodeIgniter\CodeIgniter->display404errors(Object(CodeIgniter\Exceptions\PageNotFoundException))
 2 FCPATH\index.php(67): CodeIgniter\CodeIgniter->run()
CRITICAL - 2024-08-01 17:46:02 --> Object of class CodeIgniter\HTTP\RedirectResponse could not be converted to string
in SYSTEMPATH\CodeIgniter.php on line 954.
 1 SYSTEMPATH\CodeIgniter.php(387): CodeIgniter\CodeIgniter->display404errors(Object(CodeIgniter\Exceptions\PageNotFoundException))
 2 FCPATH\index.php(67): CodeIgniter\CodeIgniter->run()
CRITICAL - 2024-08-01 17:46:07 --> Object of class CodeIgniter\HTTP\RedirectResponse could not be converted to string
in SYSTEMPATH\CodeIgniter.php on line 954.
 1 SYSTEMPATH\CodeIgniter.php(387): CodeIgniter\CodeIgniter->display404errors(Object(CodeIgniter\Exceptions\PageNotFoundException))
 2 FCPATH\index.php(67): CodeIgniter\CodeIgniter->run()
CRITICAL - 2024-08-01 17:46:08 --> Object of class CodeIgniter\HTTP\RedirectResponse could not be converted to string
in SYSTEMPATH\CodeIgniter.php on line 954.
 1 SYSTEMPATH\CodeIgniter.php(387): CodeIgniter\CodeIgniter->display404errors(Object(CodeIgniter\Exceptions\PageNotFoundException))
 2 FCPATH\index.php(67): CodeIgniter\CodeIgniter->run()
CRITICAL - 2024-08-01 17:46:26 --> Class "oioi" not found
in SYSTEMPATH\CodeIgniter.php on line 906.
 1 SYSTEMPATH\CodeIgniter.php(962): CodeIgniter\CodeIgniter->createController()
 2 SYSTEMPATH\CodeIgniter.php(387): CodeIgniter\CodeIgniter->display404errors(Object(CodeIgniter\Exceptions\PageNotFoundException))
 3 FCPATH\index.php(67): CodeIgniter\CodeIgniter->run()
CRITICAL - 2024-08-01 17:46:46 --> Class "Login" not found
in SYSTEMPATH\CodeIgniter.php on line 906.
 1 SYSTEMPATH\CodeIgniter.php(962): CodeIgniter\CodeIgniter->createController()
 2 SYSTEMPATH\CodeIgniter.php(387): CodeIgniter\CodeIgniter->display404errors(Object(CodeIgniter\Exceptions\PageNotFoundException))
 3 FCPATH\index.php(67): CodeIgniter\CodeIgniter->run()
CRITICAL - 2024-08-01 17:46:46 --> Class "Login" not found
in SYSTEMPATH\CodeIgniter.php on line 906.
 1 SYSTEMPATH\CodeIgniter.php(962): CodeIgniter\CodeIgniter->createController()
 2 SYSTEMPATH\CodeIgniter.php(387): CodeIgniter\CodeIgniter->display404errors(Object(CodeIgniter\Exceptions\PageNotFoundException))
 3 FCPATH\index.php(67): CodeIgniter\CodeIgniter->run()
CRITICAL - 2024-08-01 17:48:27 --> Class "Login" not found
in SYSTEMPATH\CodeIgniter.php on line 906.
 1 SYSTEMPATH\CodeIgniter.php(962): CodeIgniter\CodeIgniter->createController()
 2 SYSTEMPATH\CodeIgniter.php(387): CodeIgniter\CodeIgniter->display404errors(Object(CodeIgniter\Exceptions\PageNotFoundException))
 3 FCPATH\index.php(67): CodeIgniter\CodeIgniter->run()
CRITICAL - 2024-08-01 17:48:50 --> Object of class CodeIgniter\HTTP\RedirectResponse could not be converted to string
in SYSTEMPATH\CodeIgniter.php on line 954.
 1 SYSTEMPATH\CodeIgniter.php(387): CodeIgniter\CodeIgniter->display404errors(Object(CodeIgniter\Exceptions\PageNotFoundException))
 2 FCPATH\index.php(67): CodeIgniter\CodeIgniter->run()
CRITICAL - 2024-08-01 17:49:29 --> Class "Errors" not found
in SYSTEMPATH\CodeIgniter.php on line 906.
 1 SYSTEMPATH\CodeIgniter.php(962): CodeIgniter\CodeIgniter->createController()
 2 SYSTEMPATH\CodeIgniter.php(387): CodeIgniter\CodeIgniter->display404errors(Object(CodeIgniter\Exceptions\PageNotFoundException))
 3 FCPATH\index.php(67): CodeIgniter\CodeIgniter->run()
CRITICAL - 2024-08-01 17:49:41 --> Class "Login" not found
in SYSTEMPATH\CodeIgniter.php on line 906.
 1 SYSTEMPATH\CodeIgniter.php(962): CodeIgniter\CodeIgniter->createController()
 2 SYSTEMPATH\CodeIgniter.php(387): CodeIgniter\CodeIgniter->display404errors(Object(CodeIgniter\Exceptions\PageNotFoundException))
 3 FCPATH\index.php(67): CodeIgniter\CodeIgniter->run()
CRITICAL - 2024-08-01 17:49:50 --> Class "logout" not found
in SYSTEMPATH\CodeIgniter.php on line 906.
 1 SYSTEMPATH\CodeIgniter.php(962): CodeIgniter\CodeIgniter->createController()
 2 SYSTEMPATH\CodeIgniter.php(387): CodeIgniter\CodeIgniter->display404errors(Object(CodeIgniter\Exceptions\PageNotFoundException))
 3 FCPATH\index.php(67): CodeIgniter\CodeIgniter->run()
CRITICAL - 2024-08-01 17:53:40 --> Class "Login" not found
in SYSTEMPATH\CodeIgniter.php on line 906.
 1 SYSTEMPATH\CodeIgniter.php(962): CodeIgniter\CodeIgniter->createController()
 2 SYSTEMPATH\CodeIgniter.php(387): CodeIgniter\CodeIgniter->display404errors(Object(CodeIgniter\Exceptions\PageNotFoundException))
 3 FCPATH\index.php(67): CodeIgniter\CodeIgniter->run()
CRITICAL - 2024-08-01 17:54:55 --> Class "Login" not found
in SYSTEMPATH\CodeIgniter.php on line 906.
 1 SYSTEMPATH\CodeIgniter.php(962): CodeIgniter\CodeIgniter->createController()
 2 SYSTEMPATH\CodeIgniter.php(387): CodeIgniter\CodeIgniter->display404errors(Object(CodeIgniter\Exceptions\PageNotFoundException))
 3 FCPATH\index.php(67): CodeIgniter\CodeIgniter->run()
CRITICAL - 2024-08-01 15:09:55 --> Undefined array key "tipo"
in APPPATH\Controllers\ReratorioPost.php on line 751.
 1 APPPATH\Controllers\ReratorioPost.php(751): CodeIgniter\Debug\Exceptions->errorHandler(2, 'Undefined array key "tipo"', 'C:\\xampp\\htdocs\\codi\\app\\Controllers\\ReratorioPost.php', 751)
 2 SYSTEMPATH\CodeIgniter.php(934): App\Controllers\ReratorioPost->lista_desenhistas()
 3 SYSTEMPATH\CodeIgniter.php(499): CodeIgniter\CodeIgniter->runController(Object(App\Controllers\ReratorioPost))
 4 SYSTEMPATH\CodeIgniter.php(368): CodeIgniter\CodeIgniter->handleRequest(null, Object(Config\Cache), false)
 5 FCPATH\index.php(67): CodeIgniter\CodeIgniter->run()
CRITICAL - 2024-08-01 15:09:55 --> Undefined array key "tipo"
in APPPATH\Controllers\ReratorioPost.php on line 784.
 1 APPPATH\Controllers\ReratorioPost.php(784): CodeIgniter\Debug\Exceptions->errorHandler(2, 'Undefined array key "tipo"', 'C:\\xampp\\htdocs\\codi\\app\\Controllers\\ReratorioPost.php', 784)
 2 SYSTEMPATH\CodeIgniter.php(934): App\Controllers\ReratorioPost->lista_cortadores()
 3 SYSTEMPATH\CodeIgniter.php(499): CodeIgniter\CodeIgniter->runController(Object(App\Controllers\ReratorioPost))
 4 SYSTEMPATH\CodeIgniter.php(368): CodeIgniter\CodeIgniter->handleRequest(null, Object(Config\Cache), false)
 5 FCPATH\index.php(67): CodeIgniter\CodeIgniter->run()
CRITICAL - 2024-08-01 15:10:09 --> Undefined array key "tipo"
in APPPATH\Controllers\ReratorioPost.php on line 751.
 1 APPPATH\Controllers\ReratorioPost.php(751): CodeIgniter\Debug\Exceptions->errorHandler(2, 'Undefined array key "tipo"', 'C:\\xampp\\htdocs\\codi\\app\\Controllers\\ReratorioPost.php', 751)
 2 SYSTEMPATH\CodeIgniter.php(934): App\Controllers\ReratorioPost->lista_desenhistas()
 3 SYSTEMPATH\CodeIgniter.php(499): CodeIgniter\CodeIgniter->runController(Object(App\Controllers\ReratorioPost))
 4 SYSTEMPATH\CodeIgniter.php(368): CodeIgniter\CodeIgniter->handleRequest(null, Object(Config\Cache), false)
 5 FCPATH\index.php(67): CodeIgniter\CodeIgniter->run()
CRITICAL - 2024-08-01 15:10:09 --> Undefined array key "tipo"
in APPPATH\Controllers\ReratorioPost.php on line 784.
 1 APPPATH\Controllers\ReratorioPost.php(784): CodeIgniter\Debug\Exceptions->errorHandler(2, 'Undefined array key "tipo"', 'C:\\xampp\\htdocs\\codi\\app\\Controllers\\ReratorioPost.php', 784)
 2 SYSTEMPATH\CodeIgniter.php(934): App\Controllers\ReratorioPost->lista_cortadores()
 3 SYSTEMPATH\CodeIgniter.php(499): CodeIgniter\CodeIgniter->runController(Object(App\Controllers\ReratorioPost))
 4 SYSTEMPATH\CodeIgniter.php(368): CodeIgniter\CodeIgniter->handleRequest(null, Object(Config\Cache), false)
 5 FCPATH\index.php(67): CodeIgniter\CodeIgniter->run()
CRITICAL - 2024-08-01 15:43:26 --> Undefined array key "nivel "
in APPPATH\Controllers\ReratorioPost.php on line 751.
 1 APPPATH\Controllers\ReratorioPost.php(751): CodeIgniter\Debug\Exceptions->errorHandler(2, 'Undefined array key "nivel "', 'C:\\xampp\\htdocs\\codi\\app\\Controllers\\ReratorioPost.php', 751)
 2 SYSTEMPATH\CodeIgniter.php(934): App\Controllers\ReratorioPost->lista_desenhistas()
 3 SYSTEMPATH\CodeIgniter.php(499): CodeIgniter\CodeIgniter->runController(Object(App\Controllers\ReratorioPost))
 4 SYSTEMPATH\CodeIgniter.php(368): CodeIgniter\CodeIgniter->handleRequest(null, Object(Config\Cache), false)
 5 FCPATH\index.php(67): CodeIgniter\CodeIgniter->run()
CRITICAL - 2024-08-01 15:48:46 --> Undefined array key "nivel "
in APPPATH\Controllers\ReratorioPost.php on line 751.
 1 APPPATH\Controllers\ReratorioPost.php(751): CodeIgniter\Debug\Exceptions->errorHandler(2, 'Undefined array key "nivel "', 'C:\\xampp\\htdocs\\codi\\app\\Controllers\\ReratorioPost.php', 751)
 2 SYSTEMPATH\CodeIgniter.php(934): App\Controllers\ReratorioPost->lista_desenhistas()
 3 SYSTEMPATH\CodeIgniter.php(499): CodeIgniter\CodeIgniter->runController(Object(App\Controllers\ReratorioPost))
 4 SYSTEMPATH\CodeIgniter.php(368): CodeIgniter\CodeIgniter->handleRequest(null, Object(Config\Cache), false)
 5 FCPATH\index.php(67): CodeIgniter\CodeIgniter->run()
CRITICAL - 2024-08-01 15:57:14 --> Undefined array key "nivel "
in APPPATH\Controllers\ReratorioPost.php on line 751.
 1 APPPATH\Controllers\ReratorioPost.php(751): CodeIgniter\Debug\Exceptions->errorHandler(2, 'Undefined array key "nivel "', 'C:\\xampp\\htdocs\\codi\\app\\Controllers\\ReratorioPost.php', 751)
 2 SYSTEMPATH\CodeIgniter.php(934): App\Controllers\ReratorioPost->lista_desenhistas()
 3 SYSTEMPATH\CodeIgniter.php(499): CodeIgniter\CodeIgniter->runController(Object(App\Controllers\ReratorioPost))
 4 SYSTEMPATH\CodeIgniter.php(368): CodeIgniter\CodeIgniter->handleRequest(null, Object(Config\Cache), false)
 5 FCPATH\index.php(67): CodeIgniter\CodeIgniter->run()
CRITICAL - 2024-08-01 15:57:40 --> Undefined array key "nivel "
in APPPATH\Controllers\ReratorioPost.php on line 751.
 1 APPPATH\Controllers\ReratorioPost.php(751): CodeIgniter\Debug\Exceptions->errorHandler(2, 'Undefined array key "nivel "', 'C:\\xampp\\htdocs\\codi\\app\\Controllers\\ReratorioPost.php', 751)
 2 SYSTEMPATH\CodeIgniter.php(934): App\Controllers\ReratorioPost->lista_desenhistas()
 3 SYSTEMPATH\CodeIgniter.php(499): CodeIgniter\CodeIgniter->runController(Object(App\Controllers\ReratorioPost))
 4 SYSTEMPATH\CodeIgniter.php(368): CodeIgniter\CodeIgniter->handleRequest(null, Object(Config\Cache), false)
 5 FCPATH\index.php(67): CodeIgniter\CodeIgniter->run()
CRITICAL - 2024-08-01 18:34:54 --> Undefined array key "usuario_nome"
in APPPATH\Controllers\Pagina.php on line 819.
 1 APPPATH\Controllers\Pagina.php(819): CodeIgniter\Debug\Exceptions->errorHandler(2, 'Undefined array key "usuario_nome"', 'C:\\xampp\\htdocs\\codi\\app\\Controllers\\Pagina.php', 819)
 2 SYSTEMPATH\CodeIgniter.php(934): App\Controllers\Pagina->nivel()
 3 SYSTEMPATH\CodeIgniter.php(499): CodeIgniter\CodeIgniter->runController(Object(App\Controllers\Pagina))
 4 SYSTEMPATH\CodeIgniter.php(368): CodeIgniter\CodeIgniter->handleRequest(null, Object(Config\Cache), false)
 5 FCPATH\index.php(67): CodeIgniter\CodeIgniter->run()
CRITICAL - 2024-08-01 18:42:30 --> Undefined array key "processos"
in APPPATH\Controllers\NivelPost.php on line 143.
 1 APPPATH\Controllers\NivelPost.php(143): CodeIgniter\Debug\Exceptions->errorHandler(2, 'Undefined array key "processos"', 'C:\\xampp\\htdocs\\codi\\app\\Controllers\\NivelPost.php', 143)
 2 SYSTEMPATH\CodeIgniter.php(934): App\Controllers\NivelPost->nivel_modifica_modal()
 3 SYSTEMPATH\CodeIgniter.php(499): CodeIgniter\CodeIgniter->runController(Object(App\Controllers\NivelPost))
 4 SYSTEMPATH\CodeIgniter.php(368): CodeIgniter\CodeIgniter->handleRequest(null, Object(Config\Cache), false)
 5 FCPATH\index.php(67): CodeIgniter\CodeIgniter->run()
CRITICAL - 2024-08-01 18:42:31 --> Undefined array key "processos"
in APPPATH\Controllers\NivelPost.php on line 143.
 1 APPPATH\Controllers\NivelPost.php(143): CodeIgniter\Debug\Exceptions->errorHandler(2, 'Undefined array key "processos"', 'C:\\xampp\\htdocs\\codi\\app\\Controllers\\NivelPost.php', 143)
 2 SYSTEMPATH\CodeIgniter.php(934): App\Controllers\NivelPost->nivel_modifica_modal()
 3 SYSTEMPATH\CodeIgniter.php(499): CodeIgniter\CodeIgniter->runController(Object(App\Controllers\NivelPost))
 4 SYSTEMPATH\CodeIgniter.php(368): CodeIgniter\CodeIgniter->handleRequest(null, Object(Config\Cache), false)
 5 FCPATH\index.php(67): CodeIgniter\CodeIgniter->run()
CRITICAL - 2024-08-01 18:44:56 --> Undefined array key "processos"
in APPPATH\Controllers\NivelPost.php on line 143.
 1 APPPATH\Controllers\NivelPost.php(143): CodeIgniter\Debug\Exceptions->errorHandler(2, 'Undefined array key "processos"', 'C:\\xampp\\htdocs\\codi\\app\\Controllers\\NivelPost.php', 143)
 2 SYSTEMPATH\CodeIgniter.php(934): App\Controllers\NivelPost->nivel_modifica_modal()
 3 SYSTEMPATH\CodeIgniter.php(499): CodeIgniter\CodeIgniter->runController(Object(App\Controllers\NivelPost))
 4 SYSTEMPATH\CodeIgniter.php(368): CodeIgniter\CodeIgniter->handleRequest(null, Object(Config\Cache), false)
 5 FCPATH\index.php(67): CodeIgniter\CodeIgniter->run()
CRITICAL - 2024-08-01 18:44:57 --> Undefined array key "processos"
in APPPATH\Controllers\NivelPost.php on line 143.
 1 APPPATH\Controllers\NivelPost.php(143): CodeIgniter\Debug\Exceptions->errorHandler(2, 'Undefined array key "processos"', 'C:\\xampp\\htdocs\\codi\\app\\Controllers\\NivelPost.php', 143)
 2 SYSTEMPATH\CodeIgniter.php(934): App\Controllers\NivelPost->nivel_modifica_modal()
 3 SYSTEMPATH\CodeIgniter.php(499): CodeIgniter\CodeIgniter->runController(Object(App\Controllers\NivelPost))
 4 SYSTEMPATH\CodeIgniter.php(368): CodeIgniter\CodeIgniter->handleRequest(null, Object(Config\Cache), false)
 5 FCPATH\index.php(67): CodeIgniter\CodeIgniter->run()
CRITICAL - 2024-08-01 18:45:15 --> Undefined array key "processos"
in APPPATH\Controllers\NivelPost.php on line 143.
 1 APPPATH\Controllers\NivelPost.php(143): CodeIgniter\Debug\Exceptions->errorHandler(2, 'Undefined array key "processos"', 'C:\\xampp\\htdocs\\codi\\app\\Controllers\\NivelPost.php', 143)
 2 SYSTEMPATH\CodeIgniter.php(934): App\Controllers\NivelPost->nivel_modifica_modal()
 3 SYSTEMPATH\CodeIgniter.php(499): CodeIgniter\CodeIgniter->runController(Object(App\Controllers\NivelPost))
 4 SYSTEMPATH\CodeIgniter.php(368): CodeIgniter\CodeIgniter->handleRequest(null, Object(Config\Cache), false)
 5 FCPATH\index.php(67): CodeIgniter\CodeIgniter->run()
CRITICAL - 2024-08-01 18:46:00 --> Undefined array key "processos"
in APPPATH\Controllers\NivelPost.php on line 143.
 1 APPPATH\Controllers\NivelPost.php(143): CodeIgniter\Debug\Exceptions->errorHandler(2, 'Undefined array key "processos"', 'C:\\xampp\\htdocs\\codi\\app\\Controllers\\NivelPost.php', 143)
 2 SYSTEMPATH\CodeIgniter.php(934): App\Controllers\NivelPost->nivel_modifica_modal()
 3 SYSTEMPATH\CodeIgniter.php(499): CodeIgniter\CodeIgniter->runController(Object(App\Controllers\NivelPost))
 4 SYSTEMPATH\CodeIgniter.php(368): CodeIgniter\CodeIgniter->handleRequest(null, Object(Config\Cache), false)
 5 FCPATH\index.php(67): CodeIgniter\CodeIgniter->run()
CRITICAL - 2024-08-01 18:46:02 --> Undefined array key "processos"
in APPPATH\Controllers\NivelPost.php on line 143.
 1 APPPATH\Controllers\NivelPost.php(143): CodeIgniter\Debug\Exceptions->errorHandler(2, 'Undefined array key "processos"', 'C:\\xampp\\htdocs\\codi\\app\\Controllers\\NivelPost.php', 143)
 2 SYSTEMPATH\CodeIgniter.php(934): App\Controllers\NivelPost->nivel_modifica_modal()
 3 SYSTEMPATH\CodeIgniter.php(499): CodeIgniter\CodeIgniter->runController(Object(App\Controllers\NivelPost))
 4 SYSTEMPATH\CodeIgniter.php(368): CodeIgniter\CodeIgniter->handleRequest(null, Object(Config\Cache), false)
 5 FCPATH\index.php(67): CodeIgniter\CodeIgniter->run()
CRITICAL - 2024-08-01 18:46:26 --> Undefined array key "processos"
in APPPATH\Controllers\NivelPost.php on line 143.
 1 APPPATH\Controllers\NivelPost.php(143): CodeIgniter\Debug\Exceptions->errorHandler(2, 'Undefined array key "processos"', 'C:\\xampp\\htdocs\\codi\\app\\Controllers\\NivelPost.php', 143)
 2 SYSTEMPATH\CodeIgniter.php(934): App\Controllers\NivelPost->nivel_modifica_modal()
 3 SYSTEMPATH\CodeIgniter.php(499): CodeIgniter\CodeIgniter->runController(Object(App\Controllers\NivelPost))
 4 SYSTEMPATH\CodeIgniter.php(368): CodeIgniter\CodeIgniter->handleRequest(null, Object(Config\Cache), false)
 5 FCPATH\index.php(67): CodeIgniter\CodeIgniter->run()
CRITICAL - 2024-08-01 18:46:27 --> Undefined array key "processos"
in APPPATH\Controllers\NivelPost.php on line 143.
 1 APPPATH\Controllers\NivelPost.php(143): CodeIgniter\Debug\Exceptions->errorHandler(2, 'Undefined array key "processos"', 'C:\\xampp\\htdocs\\codi\\app\\Controllers\\NivelPost.php', 143)
 2 SYSTEMPATH\CodeIgniter.php(934): App\Controllers\NivelPost->nivel_modifica_modal()
 3 SYSTEMPATH\CodeIgniter.php(499): CodeIgniter\CodeIgniter->runController(Object(App\Controllers\NivelPost))
 4 SYSTEMPATH\CodeIgniter.php(368): CodeIgniter\CodeIgniter->handleRequest(null, Object(Config\Cache), false)
 5 FCPATH\index.php(67): CodeIgniter\CodeIgniter->run()
CRITICAL - 2024-08-01 18:46:34 --> Undefined array key "processos"
in APPPATH\Controllers\NivelPost.php on line 143.
 1 APPPATH\Controllers\NivelPost.php(143): CodeIgniter\Debug\Exceptions->errorHandler(2, 'Undefined array key "processos"', 'C:\\xampp\\htdocs\\codi\\app\\Controllers\\NivelPost.php', 143)
 2 SYSTEMPATH\CodeIgniter.php(934): App\Controllers\NivelPost->nivel_modifica_modal()
 3 SYSTEMPATH\CodeIgniter.php(499): CodeIgniter\CodeIgniter->runController(Object(App\Controllers\NivelPost))
 4 SYSTEMPATH\CodeIgniter.php(368): CodeIgniter\CodeIgniter->handleRequest(null, Object(Config\Cache), false)
 5 FCPATH\index.php(67): CodeIgniter\CodeIgniter->run()
CRITICAL - 2024-08-01 19:14:31 --> Undefined array key "nome"
in APPPATH\Controllers\NivelPost.php on line 155.
 1 APPPATH\Controllers\NivelPost.php(155): CodeIgniter\Debug\Exceptions->errorHandler(2, 'Undefined array key "nome"', 'C:\\xampp\\htdocs\\codi\\app\\Controllers\\NivelPost.php', 155)
 2 SYSTEMPATH\CodeIgniter.php(934): App\Controllers\NivelPost->nivel_modifica_modal()
 3 SYSTEMPATH\CodeIgniter.php(499): CodeIgniter\CodeIgniter->runController(Object(App\Controllers\NivelPost))
 4 SYSTEMPATH\CodeIgniter.php(368): CodeIgniter\CodeIgniter->handleRequest(null, Object(Config\Cache), false)
 5 FCPATH\index.php(67): CodeIgniter\CodeIgniter->run()
CRITICAL - 2024-08-01 19:49:31 --> Undefined array key 5
in APPPATH\Controllers\ReratorioPost.php on line 104.
 1 APPPATH\Controllers\ReratorioPost.php(104): CodeIgniter\Debug\Exceptions->errorHandler(2, 'Undefined array key 5', 'C:\\xampp\\htdocs\\codi\\app\\Controllers\\ReratorioPost.php', 104)
 2 SYSTEMPATH\CodeIgniter.php(934): App\Controllers\ReratorioPost->relatorio()
 3 SYSTEMPATH\CodeIgniter.php(499): CodeIgniter\CodeIgniter->runController(Object(App\Controllers\ReratorioPost))
 4 SYSTEMPATH\CodeIgniter.php(368): CodeIgniter\CodeIgniter->handleRequest(null, Object(Config\Cache), false)
 5 FCPATH\index.php(67): CodeIgniter\CodeIgniter->run()
WARNING - 2024-08-01 19:50:17 --> [DEPRECATED] Implicit conversion from float 13.518518518518519 to int loses precision in APPPATH\Controllers\ReratorioPost.php on line 20.
 1 APPPATH\Controllers\ReratorioPost.php(321): App\Controllers\ReratorioPost->secondsToTime(13.518518518518519)
 2 SYSTEMPATH\CodeIgniter.php(934): App\Controllers\ReratorioPost->relatorio()
 3 SYSTEMPATH\CodeIgniter.php(499): CodeIgniter\CodeIgniter->runController(Object(App\Controllers\ReratorioPost))
 4 SYSTEMPATH\CodeIgniter.php(368): CodeIgniter\CodeIgniter->handleRequest(null, Object(Config\Cache), false)
 5 FCPATH\index.php(67): CodeIgniter\CodeIgniter->run()
WARNING - 2024-08-01 19:50:17 --> [DEPRECATED] Implicit conversion from float 13.518518518518519 to int loses precision in APPPATH\Controllers\ReratorioPost.php on line 21.
 1 APPPATH\Controllers\ReratorioPost.php(321): App\Controllers\ReratorioPost->secondsToTime(13.518518518518519)
 2 SYSTEMPATH\CodeIgniter.php(934): App\Controllers\ReratorioPost->relatorio()
 3 SYSTEMPATH\CodeIgniter.php(499): CodeIgniter\CodeIgniter->runController(Object(App\Controllers\ReratorioPost))
 4 SYSTEMPATH\CodeIgniter.php(368): CodeIgniter\CodeIgniter->handleRequest(null, Object(Config\Cache), false)
 5 FCPATH\index.php(67): CodeIgniter\CodeIgniter->run()
WARNING - 2024-08-01 19:50:17 --> [DEPRECATED] Implicit conversion from float 401.5056179775281 to int loses precision in APPPATH\Controllers\ReratorioPost.php on line 20.
 1 APPPATH\Controllers\ReratorioPost.php(321): App\Controllers\ReratorioPost->secondsToTime(401.5056179775281)
 2 SYSTEMPATH\CodeIgniter.php(934): App\Controllers\ReratorioPost->relatorio()
 3 SYSTEMPATH\CodeIgniter.php(499): CodeIgniter\CodeIgniter->runController(Object(App\Controllers\ReratorioPost))
 4 SYSTEMPATH\CodeIgniter.php(368): CodeIgniter\CodeIgniter->handleRequest(null, Object(Config\Cache), false)
 5 FCPATH\index.php(67): CodeIgniter\CodeIgniter->run()
WARNING - 2024-08-01 19:50:17 --> [DEPRECATED] Implicit conversion from float 401.5056179775281 to int loses precision in APPPATH\Controllers\ReratorioPost.php on line 21.
 1 APPPATH\Controllers\ReratorioPost.php(321): App\Controllers\ReratorioPost->secondsToTime(401.5056179775281)
 2 SYSTEMPATH\CodeIgniter.php(934): App\Controllers\ReratorioPost->relatorio()
 3 SYSTEMPATH\CodeIgniter.php(499): CodeIgniter\CodeIgniter->runController(Object(App\Controllers\ReratorioPost))
 4 SYSTEMPATH\CodeIgniter.php(368): CodeIgniter\CodeIgniter->handleRequest(null, Object(Config\Cache), false)
 5 FCPATH\index.php(67): CodeIgniter\CodeIgniter->run()
WARNING - 2024-08-01 19:52:22 --> [DEPRECATED] Implicit conversion from float 13.518518518518519 to int loses precision in APPPATH\Controllers\ReratorioPost.php on line 20.
 1 APPPATH\Controllers\ReratorioPost.php(321): App\Controllers\ReratorioPost->secondsToTime(13.518518518518519)
 2 SYSTEMPATH\CodeIgniter.php(934): App\Controllers\ReratorioPost->relatorio()
 3 SYSTEMPATH\CodeIgniter.php(499): CodeIgniter\CodeIgniter->runController(Object(App\Controllers\ReratorioPost))
 4 SYSTEMPATH\CodeIgniter.php(368): CodeIgniter\CodeIgniter->handleRequest(null, Object(Config\Cache), false)
 5 FCPATH\index.php(67): CodeIgniter\CodeIgniter->run()
WARNING - 2024-08-01 19:52:22 --> [DEPRECATED] Implicit conversion from float 13.518518518518519 to int loses precision in APPPATH\Controllers\ReratorioPost.php on line 21.
 1 APPPATH\Controllers\ReratorioPost.php(321): App\Controllers\ReratorioPost->secondsToTime(13.518518518518519)
 2 SYSTEMPATH\CodeIgniter.php(934): App\Controllers\ReratorioPost->relatorio()
 3 SYSTEMPATH\CodeIgniter.php(499): CodeIgniter\CodeIgniter->runController(Object(App\Controllers\ReratorioPost))
 4 SYSTEMPATH\CodeIgniter.php(368): CodeIgniter\CodeIgniter->handleRequest(null, Object(Config\Cache), false)
 5 FCPATH\index.php(67): CodeIgniter\CodeIgniter->run()
WARNING - 2024-08-01 19:52:22 --> [DEPRECATED] Implicit conversion from float 401.5056179775281 to int loses precision in APPPATH\Controllers\ReratorioPost.php on line 20.
 1 APPPATH\Controllers\ReratorioPost.php(321): App\Controllers\ReratorioPost->secondsToTime(401.5056179775281)
 2 SYSTEMPATH\CodeIgniter.php(934): App\Controllers\ReratorioPost->relatorio()
 3 SYSTEMPATH\CodeIgniter.php(499): CodeIgniter\CodeIgniter->runController(Object(App\Controllers\ReratorioPost))
 4 SYSTEMPATH\CodeIgniter.php(368): CodeIgniter\CodeIgniter->handleRequest(null, Object(Config\Cache), false)
 5 FCPATH\index.php(67): CodeIgniter\CodeIgniter->run()
WARNING - 2024-08-01 19:52:22 --> [DEPRECATED] Implicit conversion from float 401.5056179775281 to int loses precision in APPPATH\Controllers\ReratorioPost.php on line 21.
 1 APPPATH\Controllers\ReratorioPost.php(321): App\Controllers\ReratorioPost->secondsToTime(401.5056179775281)
 2 SYSTEMPATH\CodeIgniter.php(934): App\Controllers\ReratorioPost->relatorio()
 3 SYSTEMPATH\CodeIgniter.php(499): CodeIgniter\CodeIgniter->runController(Object(App\Controllers\ReratorioPost))
 4 SYSTEMPATH\CodeIgniter.php(368): CodeIgniter\CodeIgniter->handleRequest(null, Object(Config\Cache), false)
 5 FCPATH\index.php(67): CodeIgniter\CodeIgniter->run()
WARNING - 2024-08-01 19:54:51 --> [DEPRECATED] Implicit conversion from float 13.518518518518519 to int loses precision in APPPATH\Controllers\ReratorioPost.php on line 20.
 1 APPPATH\Controllers\ReratorioPost.php(321): App\Controllers\ReratorioPost->secondsToTime(13.518518518518519)
 2 SYSTEMPATH\CodeIgniter.php(934): App\Controllers\ReratorioPost->relatorio()
 3 SYSTEMPATH\CodeIgniter.php(499): CodeIgniter\CodeIgniter->runController(Object(App\Controllers\ReratorioPost))
 4 SYSTEMPATH\CodeIgniter.php(368): CodeIgniter\CodeIgniter->handleRequest(null, Object(Config\Cache), false)
 5 FCPATH\index.php(67): CodeIgniter\CodeIgniter->run()
WARNING - 2024-08-01 19:54:51 --> [DEPRECATED] Implicit conversion from float 13.518518518518519 to int loses precision in APPPATH\Controllers\ReratorioPost.php on line 21.
 1 APPPATH\Controllers\ReratorioPost.php(321): App\Controllers\ReratorioPost->secondsToTime(13.518518518518519)
 2 SYSTEMPATH\CodeIgniter.php(934): App\Controllers\ReratorioPost->relatorio()
 3 SYSTEMPATH\CodeIgniter.php(499): CodeIgniter\CodeIgniter->runController(Object(App\Controllers\ReratorioPost))
 4 SYSTEMPATH\CodeIgniter.php(368): CodeIgniter\CodeIgniter->handleRequest(null, Object(Config\Cache), false)
 5 FCPATH\index.php(67): CodeIgniter\CodeIgniter->run()
WARNING - 2024-08-01 19:54:51 --> [DEPRECATED] Implicit conversion from float 401.5056179775281 to int loses precision in APPPATH\Controllers\ReratorioPost.php on line 20.
 1 APPPATH\Controllers\ReratorioPost.php(321): App\Controllers\ReratorioPost->secondsToTime(401.5056179775281)
 2 SYSTEMPATH\CodeIgniter.php(934): App\Controllers\ReratorioPost->relatorio()
 3 SYSTEMPATH\CodeIgniter.php(499): CodeIgniter\CodeIgniter->runController(Object(App\Controllers\ReratorioPost))
 4 SYSTEMPATH\CodeIgniter.php(368): CodeIgniter\CodeIgniter->handleRequest(null, Object(Config\Cache), false)
 5 FCPATH\index.php(67): CodeIgniter\CodeIgniter->run()
WARNING - 2024-08-01 19:54:51 --> [DEPRECATED] Implicit conversion from float 401.5056179775281 to int loses precision in APPPATH\Controllers\ReratorioPost.php on line 21.
 1 APPPATH\Controllers\ReratorioPost.php(321): App\Controllers\ReratorioPost->secondsToTime(401.5056179775281)
 2 SYSTEMPATH\CodeIgniter.php(934): App\Controllers\ReratorioPost->relatorio()
 3 SYSTEMPATH\CodeIgniter.php(499): CodeIgniter\CodeIgniter->runController(Object(App\Controllers\ReratorioPost))
 4 SYSTEMPATH\CodeIgniter.php(368): CodeIgniter\CodeIgniter->handleRequest(null, Object(Config\Cache), false)
 5 FCPATH\index.php(67): CodeIgniter\CodeIgniter->run()
CRITICAL - 2024-08-01 19:57:30 --> foreach() argument must be of type array|object, null given
in APPPATH\Controllers\ReratorioPost.php on line 102.
 1 APPPATH\Controllers\ReratorioPost.php(102): CodeIgniter\Debug\Exceptions->errorHandler(2, 'foreach() argument must be of type array|object, null given', 'C:\\xampp\\htdocs\\codi\\app\\Controllers\\ReratorioPost.php', 102)
 2 SYSTEMPATH\CodeIgniter.php(934): App\Controllers\ReratorioPost->relatorio()
 3 SYSTEMPATH\CodeIgniter.php(499): CodeIgniter\CodeIgniter->runController(Object(App\Controllers\ReratorioPost))
 4 SYSTEMPATH\CodeIgniter.php(368): CodeIgniter\CodeIgniter->handleRequest(null, Object(Config\Cache), false)
 5 FCPATH\index.php(67): CodeIgniter\CodeIgniter->run()
CRITICAL - 2024-08-01 19:57:32 --> foreach() argument must be of type array|object, null given
in APPPATH\Controllers\ReratorioPost.php on line 102.
 1 APPPATH\Controllers\ReratorioPost.php(102): CodeIgniter\Debug\Exceptions->errorHandler(2, 'foreach() argument must be of type array|object, null given', 'C:\\xampp\\htdocs\\codi\\app\\Controllers\\ReratorioPost.php', 102)
 2 SYSTEMPATH\CodeIgniter.php(934): App\Controllers\ReratorioPost->relatorio()
 3 SYSTEMPATH\CodeIgniter.php(499): CodeIgniter\CodeIgniter->runController(Object(App\Controllers\ReratorioPost))
 4 SYSTEMPATH\CodeIgniter.php(368): CodeIgniter\CodeIgniter->handleRequest(null, Object(Config\Cache), false)
 5 FCPATH\index.php(67): CodeIgniter\CodeIgniter->run()
CRITICAL - 2024-08-01 19:57:34 --> foreach() argument must be of type array|object, null given
in APPPATH\Controllers\ReratorioPost.php on line 102.
 1 APPPATH\Controllers\ReratorioPost.php(102): CodeIgniter\Debug\Exceptions->errorHandler(2, 'foreach() argument must be of type array|object, null given', 'C:\\xampp\\htdocs\\codi\\app\\Controllers\\ReratorioPost.php', 102)
 2 SYSTEMPATH\CodeIgniter.php(934): App\Controllers\ReratorioPost->relatorio()
 3 SYSTEMPATH\CodeIgniter.php(499): CodeIgniter\CodeIgniter->runController(Object(App\Controllers\ReratorioPost))
 4 SYSTEMPATH\CodeIgniter.php(368): CodeIgniter\CodeIgniter->handleRequest(null, Object(Config\Cache), false)
 5 FCPATH\index.php(67): CodeIgniter\CodeIgniter->run()
CRITICAL - 2024-08-01 19:57:34 --> foreach() argument must be of type array|object, null given
in APPPATH\Controllers\ReratorioPost.php on line 102.
 1 APPPATH\Controllers\ReratorioPost.php(102): CodeIgniter\Debug\Exceptions->errorHandler(2, 'foreach() argument must be of type array|object, null given', 'C:\\xampp\\htdocs\\codi\\app\\Controllers\\ReratorioPost.php', 102)
 2 SYSTEMPATH\CodeIgniter.php(934): App\Controllers\ReratorioPost->relatorio()
 3 SYSTEMPATH\CodeIgniter.php(499): CodeIgniter\CodeIgniter->runController(Object(App\Controllers\ReratorioPost))
 4 SYSTEMPATH\CodeIgniter.php(368): CodeIgniter\CodeIgniter->handleRequest(null, Object(Config\Cache), false)
 5 FCPATH\index.php(67): CodeIgniter\CodeIgniter->run()
CRITICAL - 2024-08-01 19:57:35 --> foreach() argument must be of type array|object, null given
in APPPATH\Controllers\ReratorioPost.php on line 102.
 1 APPPATH\Controllers\ReratorioPost.php(102): CodeIgniter\Debug\Exceptions->errorHandler(2, 'foreach() argument must be of type array|object, null given', 'C:\\xampp\\htdocs\\codi\\app\\Controllers\\ReratorioPost.php', 102)
 2 SYSTEMPATH\CodeIgniter.php(934): App\Controllers\ReratorioPost->relatorio()
 3 SYSTEMPATH\CodeIgniter.php(499): CodeIgniter\CodeIgniter->runController(Object(App\Controllers\ReratorioPost))
 4 SYSTEMPATH\CodeIgniter.php(368): CodeIgniter\CodeIgniter->handleRequest(null, Object(Config\Cache), false)
 5 FCPATH\index.php(67): CodeIgniter\CodeIgniter->run()
CRITICAL - 2024-08-01 19:57:35 --> foreach() argument must be of type array|object, null given
in APPPATH\Controllers\ReratorioPost.php on line 102.
 1 APPPATH\Controllers\ReratorioPost.php(102): CodeIgniter\Debug\Exceptions->errorHandler(2, 'foreach() argument must be of type array|object, null given', 'C:\\xampp\\htdocs\\codi\\app\\Controllers\\ReratorioPost.php', 102)
 2 SYSTEMPATH\CodeIgniter.php(934): App\Controllers\ReratorioPost->relatorio()
 3 SYSTEMPATH\CodeIgniter.php(499): CodeIgniter\CodeIgniter->runController(Object(App\Controllers\ReratorioPost))
 4 SYSTEMPATH\CodeIgniter.php(368): CodeIgniter\CodeIgniter->handleRequest(null, Object(Config\Cache), false)
 5 FCPATH\index.php(67): CodeIgniter\CodeIgniter->run()
CRITICAL - 2024-08-01 19:57:35 --> foreach() argument must be of type array|object, null given
in APPPATH\Controllers\ReratorioPost.php on line 102.
 1 APPPATH\Controllers\ReratorioPost.php(102): CodeIgniter\Debug\Exceptions->errorHandler(2, 'foreach() argument must be of type array|object, null given', 'C:\\xampp\\htdocs\\codi\\app\\Controllers\\ReratorioPost.php', 102)
 2 SYSTEMPATH\CodeIgniter.php(934): App\Controllers\ReratorioPost->relatorio()
 3 SYSTEMPATH\CodeIgniter.php(499): CodeIgniter\CodeIgniter->runController(Object(App\Controllers\ReratorioPost))
 4 SYSTEMPATH\CodeIgniter.php(368): CodeIgniter\CodeIgniter->handleRequest(null, Object(Config\Cache), false)
 5 FCPATH\index.php(67): CodeIgniter\CodeIgniter->run()
CRITICAL - 2024-08-01 19:57:35 --> foreach() argument must be of type array|object, null given
in APPPATH\Controllers\ReratorioPost.php on line 102.
 1 APPPATH\Controllers\ReratorioPost.php(102): CodeIgniter\Debug\Exceptions->errorHandler(2, 'foreach() argument must be of type array|object, null given', 'C:\\xampp\\htdocs\\codi\\app\\Controllers\\ReratorioPost.php', 102)
 2 SYSTEMPATH\CodeIgniter.php(934): App\Controllers\ReratorioPost->relatorio()
 3 SYSTEMPATH\CodeIgniter.php(499): CodeIgniter\CodeIgniter->runController(Object(App\Controllers\ReratorioPost))
 4 SYSTEMPATH\CodeIgniter.php(368): CodeIgniter\CodeIgniter->handleRequest(null, Object(Config\Cache), false)
 5 FCPATH\index.php(67): CodeIgniter\CodeIgniter->run()
CRITICAL - 2024-08-01 19:57:35 --> foreach() argument must be of type array|object, null given
in APPPATH\Controllers\ReratorioPost.php on line 102.
 1 APPPATH\Controllers\ReratorioPost.php(102): CodeIgniter\Debug\Exceptions->errorHandler(2, 'foreach() argument must be of type array|object, null given', 'C:\\xampp\\htdocs\\codi\\app\\Controllers\\ReratorioPost.php', 102)
 2 SYSTEMPATH\CodeIgniter.php(934): App\Controllers\ReratorioPost->relatorio()
 3 SYSTEMPATH\CodeIgniter.php(499): CodeIgniter\CodeIgniter->runController(Object(App\Controllers\ReratorioPost))
 4 SYSTEMPATH\CodeIgniter.php(368): CodeIgniter\CodeIgniter->handleRequest(null, Object(Config\Cache), false)
 5 FCPATH\index.php(67): CodeIgniter\CodeIgniter->run()
CRITICAL - 2024-08-01 19:57:36 --> foreach() argument must be of type array|object, null given
in APPPATH\Controllers\ReratorioPost.php on line 102.
 1 APPPATH\Controllers\ReratorioPost.php(102): CodeIgniter\Debug\Exceptions->errorHandler(2, 'foreach() argument must be of type array|object, null given', 'C:\\xampp\\htdocs\\codi\\app\\Controllers\\ReratorioPost.php', 102)
 2 SYSTEMPATH\CodeIgniter.php(934): App\Controllers\ReratorioPost->relatorio()
 3 SYSTEMPATH\CodeIgniter.php(499): CodeIgniter\CodeIgniter->runController(Object(App\Controllers\ReratorioPost))
 4 SYSTEMPATH\CodeIgniter.php(368): CodeIgniter\CodeIgniter->handleRequest(null, Object(Config\Cache), false)
 5 FCPATH\index.php(67): CodeIgniter\CodeIgniter->run()
CRITICAL - 2024-08-01 19:57:41 --> foreach() argument must be of type array|object, null given
in APPPATH\Controllers\ReratorioPost.php on line 102.
 1 APPPATH\Controllers\ReratorioPost.php(102): CodeIgniter\Debug\Exceptions->errorHandler(2, 'foreach() argument must be of type array|object, null given', 'C:\\xampp\\htdocs\\codi\\app\\Controllers\\ReratorioPost.php', 102)
 2 SYSTEMPATH\CodeIgniter.php(934): App\Controllers\ReratorioPost->relatorio()
 3 SYSTEMPATH\CodeIgniter.php(499): CodeIgniter\CodeIgniter->runController(Object(App\Controllers\ReratorioPost))
 4 SYSTEMPATH\CodeIgniter.php(368): CodeIgniter\CodeIgniter->handleRequest(null, Object(Config\Cache), false)
 5 FCPATH\index.php(67): CodeIgniter\CodeIgniter->run()
CRITICAL - 2024-08-01 19:57:42 --> foreach() argument must be of type array|object, null given
in APPPATH\Controllers\ReratorioPost.php on line 102.
 1 APPPATH\Controllers\ReratorioPost.php(102): CodeIgniter\Debug\Exceptions->errorHandler(2, 'foreach() argument must be of type array|object, null given', 'C:\\xampp\\htdocs\\codi\\app\\Controllers\\ReratorioPost.php', 102)
 2 SYSTEMPATH\CodeIgniter.php(934): App\Controllers\ReratorioPost->relatorio()
 3 SYSTEMPATH\CodeIgniter.php(499): CodeIgniter\CodeIgniter->runController(Object(App\Controllers\ReratorioPost))
 4 SYSTEMPATH\CodeIgniter.php(368): CodeIgniter\CodeIgniter->handleRequest(null, Object(Config\Cache), false)
 5 FCPATH\index.php(67): CodeIgniter\CodeIgniter->run()
CRITICAL - 2024-08-01 19:57:42 --> foreach() argument must be of type array|object, null given
in APPPATH\Controllers\ReratorioPost.php on line 102.
 1 APPPATH\Controllers\ReratorioPost.php(102): CodeIgniter\Debug\Exceptions->errorHandler(2, 'foreach() argument must be of type array|object, null given', 'C:\\xampp\\htdocs\\codi\\app\\Controllers\\ReratorioPost.php', 102)
 2 SYSTEMPATH\CodeIgniter.php(934): App\Controllers\ReratorioPost->relatorio()
 3 SYSTEMPATH\CodeIgniter.php(499): CodeIgniter\CodeIgniter->runController(Object(App\Controllers\ReratorioPost))
 4 SYSTEMPATH\CodeIgniter.php(368): CodeIgniter\CodeIgniter->handleRequest(null, Object(Config\Cache), false)
 5 FCPATH\index.php(67): CodeIgniter\CodeIgniter->run()
CRITICAL - 2024-08-01 19:57:43 --> foreach() argument must be of type array|object, null given
in APPPATH\Controllers\ReratorioPost.php on line 102.
 1 APPPATH\Controllers\ReratorioPost.php(102): CodeIgniter\Debug\Exceptions->errorHandler(2, 'foreach() argument must be of type array|object, null given', 'C:\\xampp\\htdocs\\codi\\app\\Controllers\\ReratorioPost.php', 102)
 2 SYSTEMPATH\CodeIgniter.php(934): App\Controllers\ReratorioPost->relatorio()
 3 SYSTEMPATH\CodeIgniter.php(499): CodeIgniter\CodeIgniter->runController(Object(App\Controllers\ReratorioPost))
 4 SYSTEMPATH\CodeIgniter.php(368): CodeIgniter\CodeIgniter->handleRequest(null, Object(Config\Cache), false)
 5 FCPATH\index.php(67): CodeIgniter\CodeIgniter->run()
WARNING - 2024-08-01 20:00:19 --> [DEPRECATED] Implicit conversion from float 177.1132530120482 to int loses precision in APPPATH\Controllers\ReratorioPost.php on line 20.
 1 APPPATH\Controllers\ReratorioPost.php(324): App\Controllers\ReratorioPost->secondsToTime(177.1132530120482)
 2 SYSTEMPATH\CodeIgniter.php(934): App\Controllers\ReratorioPost->relatorio()
 3 SYSTEMPATH\CodeIgniter.php(499): CodeIgniter\CodeIgniter->runController(Object(App\Controllers\ReratorioPost))
 4 SYSTEMPATH\CodeIgniter.php(368): CodeIgniter\CodeIgniter->handleRequest(null, Object(Config\Cache), false)
 5 FCPATH\index.php(67): CodeIgniter\CodeIgniter->run()
WARNING - 2024-08-01 20:00:19 --> [DEPRECATED] Implicit conversion from float 177.1132530120482 to int loses precision in APPPATH\Controllers\ReratorioPost.php on line 21.
 1 APPPATH\Controllers\ReratorioPost.php(324): App\Controllers\ReratorioPost->secondsToTime(177.1132530120482)
 2 SYSTEMPATH\CodeIgniter.php(934): App\Controllers\ReratorioPost->relatorio()
 3 SYSTEMPATH\CodeIgniter.php(499): CodeIgniter\CodeIgniter->runController(Object(App\Controllers\ReratorioPost))
 4 SYSTEMPATH\CodeIgniter.php(368): CodeIgniter\CodeIgniter->handleRequest(null, Object(Config\Cache), false)
 5 FCPATH\index.php(67): CodeIgniter\CodeIgniter->run()
WARNING - 2024-08-01 20:00:19 --> [DEPRECATED] Implicit conversion from float 1839.2634146341463 to int loses precision in APPPATH\Controllers\ReratorioPost.php on line 20.
 1 APPPATH\Controllers\ReratorioPost.php(324): App\Controllers\ReratorioPost->secondsToTime(1839.2634146341463)
 2 SYSTEMPATH\CodeIgniter.php(934): App\Controllers\ReratorioPost->relatorio()
 3 SYSTEMPATH\CodeIgniter.php(499): CodeIgniter\CodeIgniter->runController(Object(App\Controllers\ReratorioPost))
 4 SYSTEMPATH\CodeIgniter.php(368): CodeIgniter\CodeIgniter->handleRequest(null, Object(Config\Cache), false)
 5 FCPATH\index.php(67): CodeIgniter\CodeIgniter->run()
WARNING - 2024-08-01 20:00:19 --> [DEPRECATED] Implicit conversion from float 1839.2634146341463 to int loses precision in APPPATH\Controllers\ReratorioPost.php on line 21.
 1 APPPATH\Controllers\ReratorioPost.php(324): App\Controllers\ReratorioPost->secondsToTime(1839.2634146341463)
 2 SYSTEMPATH\CodeIgniter.php(934): App\Controllers\ReratorioPost->relatorio()
 3 SYSTEMPATH\CodeIgniter.php(499): CodeIgniter\CodeIgniter->runController(Object(App\Controllers\ReratorioPost))
 4 SYSTEMPATH\CodeIgniter.php(368): CodeIgniter\CodeIgniter->handleRequest(null, Object(Config\Cache), false)
 5 FCPATH\index.php(67): CodeIgniter\CodeIgniter->run()
