WARNING - 2024-07-19 15:14:37 --> [DEPRECATED] Implicit conversion from float 8.468354430379748 to int loses precision in APPPATH\Controllers\AdmPost.php on line 3141.
 1 APPPATH\Controllers\AdmPost.php(3404): App\Controllers\AdmPost->secondsToTime(8.468354430379748)
 2 SYSTEMPATH\CodeIgniter.php(934): App\Controllers\AdmPost->relatorio_analitico()
 3 SYSTEMPATH\CodeIgniter.php(499): CodeIgniter\CodeIgniter->runController(Object(App\Controllers\AdmPost))
 4 SYSTEMPATH\CodeIgniter.php(368): CodeIgniter\CodeIgniter->handleRequest(null, Object(Config\Cache), false)
 5 FCPATH\index.php(67): CodeIgniter\CodeIgniter->run()
WARNING - 2024-07-19 15:14:37 --> [DEPRECATED] Implicit conversion from float 8.468354430379748 to int loses precision in APPPATH\Controllers\AdmPost.php on line 3142.
 1 APPPATH\Controllers\AdmPost.php(3404): App\Controllers\AdmPost->secondsToTime(8.468354430379748)
 2 SYSTEMPATH\CodeIgniter.php(934): App\Controllers\AdmPost->relatorio_analitico()
 3 SYSTEMPATH\CodeIgniter.php(499): CodeIgniter\CodeIgniter->runController(Object(App\Controllers\AdmPost))
 4 SYSTEMPATH\CodeIgniter.php(368): CodeIgniter\CodeIgniter->handleRequest(null, Object(Config\Cache), false)
 5 FCPATH\index.php(67): CodeIgniter\CodeIgniter->run()
WARNING - 2024-07-19 15:14:37 --> [DEPRECATED] Implicit conversion from float 394.3818181818182 to int loses precision in APPPATH\Controllers\AdmPost.php on line 3141.
 1 APPPATH\Controllers\AdmPost.php(3404): App\Controllers\AdmPost->secondsToTime(394.3818181818182)
 2 SYSTEMPATH\CodeIgniter.php(934): App\Controllers\AdmPost->relatorio_analitico()
 3 SYSTEMPATH\CodeIgniter.php(499): CodeIgniter\CodeIgniter->runController(Object(App\Controllers\AdmPost))
 4 SYSTEMPATH\CodeIgniter.php(368): CodeIgniter\CodeIgniter->handleRequest(null, Object(Config\Cache), false)
 5 FCPATH\index.php(67): CodeIgniter\CodeIgniter->run()
WARNING - 2024-07-19 15:14:37 --> [DEPRECATED] Implicit conversion from float 394.3818181818182 to int loses precision in APPPATH\Controllers\AdmPost.php on line 3142.
 1 APPPATH\Controllers\AdmPost.php(3404): App\Controllers\AdmPost->secondsToTime(394.3818181818182)
 2 SYSTEMPATH\CodeIgniter.php(934): App\Controllers\AdmPost->relatorio_analitico()
 3 SYSTEMPATH\CodeIgniter.php(499): CodeIgniter\CodeIgniter->runController(Object(App\Controllers\AdmPost))
 4 SYSTEMPATH\CodeIgniter.php(368): CodeIgniter\CodeIgniter->handleRequest(null, Object(Config\Cache), false)
 5 FCPATH\index.php(67): CodeIgniter\CodeIgniter->run()
WARNING - 2024-07-19 15:16:07 --> [DEPRECATED] Implicit conversion from float 8.468354430379748 to int loses precision in APPPATH\Controllers\AdmPost.php on line 3141.
 1 APPPATH\Controllers\AdmPost.php(3404): App\Controllers\AdmPost->secondsToTime(8.468354430379748)
 2 SYSTEMPATH\CodeIgniter.php(934): App\Controllers\AdmPost->relatorio_analitico()
 3 SYSTEMPATH\CodeIgniter.php(499): CodeIgniter\CodeIgniter->runController(Object(App\Controllers\AdmPost))
 4 SYSTEMPATH\CodeIgniter.php(368): CodeIgniter\CodeIgniter->handleRequest(null, Object(Config\Cache), false)
 5 FCPATH\index.php(67): CodeIgniter\CodeIgniter->run()
WARNING - 2024-07-19 15:16:07 --> [DEPRECATED] Implicit conversion from float 8.468354430379748 to int loses precision in APPPATH\Controllers\AdmPost.php on line 3142.
 1 APPPATH\Controllers\AdmPost.php(3404): App\Controllers\AdmPost->secondsToTime(8.468354430379748)
 2 SYSTEMPATH\CodeIgniter.php(934): App\Controllers\AdmPost->relatorio_analitico()
 3 SYSTEMPATH\CodeIgniter.php(499): CodeIgniter\CodeIgniter->runController(Object(App\Controllers\AdmPost))
 4 SYSTEMPATH\CodeIgniter.php(368): CodeIgniter\CodeIgniter->handleRequest(null, Object(Config\Cache), false)
 5 FCPATH\index.php(67): CodeIgniter\CodeIgniter->run()
WARNING - 2024-07-19 15:16:07 --> [DEPRECATED] Implicit conversion from float 394.3818181818182 to int loses precision in APPPATH\Controllers\AdmPost.php on line 3141.
 1 APPPATH\Controllers\AdmPost.php(3404): App\Controllers\AdmPost->secondsToTime(394.3818181818182)
 2 SYSTEMPATH\CodeIgniter.php(934): App\Controllers\AdmPost->relatorio_analitico()
 3 SYSTEMPATH\CodeIgniter.php(499): CodeIgniter\CodeIgniter->runController(Object(App\Controllers\AdmPost))
 4 SYSTEMPATH\CodeIgniter.php(368): CodeIgniter\CodeIgniter->handleRequest(null, Object(Config\Cache), false)
 5 FCPATH\index.php(67): CodeIgniter\CodeIgniter->run()
WARNING - 2024-07-19 15:16:07 --> [DEPRECATED] Implicit conversion from float 394.3818181818182 to int loses precision in APPPATH\Controllers\AdmPost.php on line 3142.
 1 APPPATH\Controllers\AdmPost.php(3404): App\Controllers\AdmPost->secondsToTime(394.3818181818182)
 2 SYSTEMPATH\CodeIgniter.php(934): App\Controllers\AdmPost->relatorio_analitico()
 3 SYSTEMPATH\CodeIgniter.php(499): CodeIgniter\CodeIgniter->runController(Object(App\Controllers\AdmPost))
 4 SYSTEMPATH\CodeIgniter.php(368): CodeIgniter\CodeIgniter->handleRequest(null, Object(Config\Cache), false)
 5 FCPATH\index.php(67): CodeIgniter\CodeIgniter->run()
WARNING - 2024-07-19 15:16:23 --> [DEPRECATED] Implicit conversion from float 8.468354430379748 to int loses precision in APPPATH\Controllers\AdmPost.php on line 3141.
 1 APPPATH\Controllers\AdmPost.php(3404): App\Controllers\AdmPost->secondsToTime(8.468354430379748)
 2 SYSTEMPATH\CodeIgniter.php(934): App\Controllers\AdmPost->relatorio_analitico()
 3 SYSTEMPATH\CodeIgniter.php(499): CodeIgniter\CodeIgniter->runController(Object(App\Controllers\AdmPost))
 4 SYSTEMPATH\CodeIgniter.php(368): CodeIgniter\CodeIgniter->handleRequest(null, Object(Config\Cache), false)
 5 FCPATH\index.php(67): CodeIgniter\CodeIgniter->run()
WARNING - 2024-07-19 15:16:23 --> [DEPRECATED] Implicit conversion from float 8.468354430379748 to int loses precision in APPPATH\Controllers\AdmPost.php on line 3142.
 1 APPPATH\Controllers\AdmPost.php(3404): App\Controllers\AdmPost->secondsToTime(8.468354430379748)
 2 SYSTEMPATH\CodeIgniter.php(934): App\Controllers\AdmPost->relatorio_analitico()
 3 SYSTEMPATH\CodeIgniter.php(499): CodeIgniter\CodeIgniter->runController(Object(App\Controllers\AdmPost))
 4 SYSTEMPATH\CodeIgniter.php(368): CodeIgniter\CodeIgniter->handleRequest(null, Object(Config\Cache), false)
 5 FCPATH\index.php(67): CodeIgniter\CodeIgniter->run()
WARNING - 2024-07-19 15:16:23 --> [DEPRECATED] Implicit conversion from float 394.3818181818182 to int loses precision in APPPATH\Controllers\AdmPost.php on line 3141.
 1 APPPATH\Controllers\AdmPost.php(3404): App\Controllers\AdmPost->secondsToTime(394.3818181818182)
 2 SYSTEMPATH\CodeIgniter.php(934): App\Controllers\AdmPost->relatorio_analitico()
 3 SYSTEMPATH\CodeIgniter.php(499): CodeIgniter\CodeIgniter->runController(Object(App\Controllers\AdmPost))
 4 SYSTEMPATH\CodeIgniter.php(368): CodeIgniter\CodeIgniter->handleRequest(null, Object(Config\Cache), false)
 5 FCPATH\index.php(67): CodeIgniter\CodeIgniter->run()
WARNING - 2024-07-19 15:16:23 --> [DEPRECATED] Implicit conversion from float 394.3818181818182 to int loses precision in APPPATH\Controllers\AdmPost.php on line 3142.
 1 APPPATH\Controllers\AdmPost.php(3404): App\Controllers\AdmPost->secondsToTime(394.3818181818182)
 2 SYSTEMPATH\CodeIgniter.php(934): App\Controllers\AdmPost->relatorio_analitico()
 3 SYSTEMPATH\CodeIgniter.php(499): CodeIgniter\CodeIgniter->runController(Object(App\Controllers\AdmPost))
 4 SYSTEMPATH\CodeIgniter.php(368): CodeIgniter\CodeIgniter->handleRequest(null, Object(Config\Cache), false)
 5 FCPATH\index.php(67): CodeIgniter\CodeIgniter->run()
WARNING - 2024-07-19 15:18:46 --> [DEPRECATED] Implicit conversion from float 8.468354430379748 to int loses precision in APPPATH\Controllers\AdmPost.php on line 3141.
 1 APPPATH\Controllers\AdmPost.php(3417): App\Controllers\AdmPost->secondsToTime(8.468354430379748)
 2 SYSTEMPATH\CodeIgniter.php(934): App\Controllers\AdmPost->relatorio_analitico()
 3 SYSTEMPATH\CodeIgniter.php(499): CodeIgniter\CodeIgniter->runController(Object(App\Controllers\AdmPost))
 4 SYSTEMPATH\CodeIgniter.php(368): CodeIgniter\CodeIgniter->handleRequest(null, Object(Config\Cache), false)
 5 FCPATH\index.php(67): CodeIgniter\CodeIgniter->run()
WARNING - 2024-07-19 15:18:46 --> [DEPRECATED] Implicit conversion from float 8.468354430379748 to int loses precision in APPPATH\Controllers\AdmPost.php on line 3142.
 1 APPPATH\Controllers\AdmPost.php(3417): App\Controllers\AdmPost->secondsToTime(8.468354430379748)
 2 SYSTEMPATH\CodeIgniter.php(934): App\Controllers\AdmPost->relatorio_analitico()
 3 SYSTEMPATH\CodeIgniter.php(499): CodeIgniter\CodeIgniter->runController(Object(App\Controllers\AdmPost))
 4 SYSTEMPATH\CodeIgniter.php(368): CodeIgniter\CodeIgniter->handleRequest(null, Object(Config\Cache), false)
 5 FCPATH\index.php(67): CodeIgniter\CodeIgniter->run()
WARNING - 2024-07-19 15:18:46 --> [DEPRECATED] Implicit conversion from float 394.3818181818182 to int loses precision in APPPATH\Controllers\AdmPost.php on line 3141.
 1 APPPATH\Controllers\AdmPost.php(3417): App\Controllers\AdmPost->secondsToTime(394.3818181818182)
 2 SYSTEMPATH\CodeIgniter.php(934): App\Controllers\AdmPost->relatorio_analitico()
 3 SYSTEMPATH\CodeIgniter.php(499): CodeIgniter\CodeIgniter->runController(Object(App\Controllers\AdmPost))
 4 SYSTEMPATH\CodeIgniter.php(368): CodeIgniter\CodeIgniter->handleRequest(null, Object(Config\Cache), false)
 5 FCPATH\index.php(67): CodeIgniter\CodeIgniter->run()
WARNING - 2024-07-19 15:18:46 --> [DEPRECATED] Implicit conversion from float 394.3818181818182 to int loses precision in APPPATH\Controllers\AdmPost.php on line 3142.
 1 APPPATH\Controllers\AdmPost.php(3417): App\Controllers\AdmPost->secondsToTime(394.3818181818182)
 2 SYSTEMPATH\CodeIgniter.php(934): App\Controllers\AdmPost->relatorio_analitico()
 3 SYSTEMPATH\CodeIgniter.php(499): CodeIgniter\CodeIgniter->runController(Object(App\Controllers\AdmPost))
 4 SYSTEMPATH\CodeIgniter.php(368): CodeIgniter\CodeIgniter->handleRequest(null, Object(Config\Cache), false)
 5 FCPATH\index.php(67): CodeIgniter\CodeIgniter->run()
WARNING - 2024-07-19 15:19:17 --> [DEPRECATED] Implicit conversion from float 8.468354430379748 to int loses precision in APPPATH\Controllers\AdmPost.php on line 3141.
 1 APPPATH\Controllers\AdmPost.php(3418): App\Controllers\AdmPost->secondsToTime(8.468354430379748)
 2 SYSTEMPATH\CodeIgniter.php(934): App\Controllers\AdmPost->relatorio_analitico()
 3 SYSTEMPATH\CodeIgniter.php(499): CodeIgniter\CodeIgniter->runController(Object(App\Controllers\AdmPost))
 4 SYSTEMPATH\CodeIgniter.php(368): CodeIgniter\CodeIgniter->handleRequest(null, Object(Config\Cache), false)
 5 FCPATH\index.php(67): CodeIgniter\CodeIgniter->run()
WARNING - 2024-07-19 15:19:17 --> [DEPRECATED] Implicit conversion from float 8.468354430379748 to int loses precision in APPPATH\Controllers\AdmPost.php on line 3142.
 1 APPPATH\Controllers\AdmPost.php(3418): App\Controllers\AdmPost->secondsToTime(8.468354430379748)
 2 SYSTEMPATH\CodeIgniter.php(934): App\Controllers\AdmPost->relatorio_analitico()
 3 SYSTEMPATH\CodeIgniter.php(499): CodeIgniter\CodeIgniter->runController(Object(App\Controllers\AdmPost))
 4 SYSTEMPATH\CodeIgniter.php(368): CodeIgniter\CodeIgniter->handleRequest(null, Object(Config\Cache), false)
 5 FCPATH\index.php(67): CodeIgniter\CodeIgniter->run()
WARNING - 2024-07-19 15:19:17 --> [DEPRECATED] Implicit conversion from float 394.3818181818182 to int loses precision in APPPATH\Controllers\AdmPost.php on line 3141.
 1 APPPATH\Controllers\AdmPost.php(3418): App\Controllers\AdmPost->secondsToTime(394.3818181818182)
 2 SYSTEMPATH\CodeIgniter.php(934): App\Controllers\AdmPost->relatorio_analitico()
 3 SYSTEMPATH\CodeIgniter.php(499): CodeIgniter\CodeIgniter->runController(Object(App\Controllers\AdmPost))
 4 SYSTEMPATH\CodeIgniter.php(368): CodeIgniter\CodeIgniter->handleRequest(null, Object(Config\Cache), false)
 5 FCPATH\index.php(67): CodeIgniter\CodeIgniter->run()
WARNING - 2024-07-19 15:19:17 --> [DEPRECATED] Implicit conversion from float 394.3818181818182 to int loses precision in APPPATH\Controllers\AdmPost.php on line 3142.
 1 APPPATH\Controllers\AdmPost.php(3418): App\Controllers\AdmPost->secondsToTime(394.3818181818182)
 2 SYSTEMPATH\CodeIgniter.php(934): App\Controllers\AdmPost->relatorio_analitico()
 3 SYSTEMPATH\CodeIgniter.php(499): CodeIgniter\CodeIgniter->runController(Object(App\Controllers\AdmPost))
 4 SYSTEMPATH\CodeIgniter.php(368): CodeIgniter\CodeIgniter->handleRequest(null, Object(Config\Cache), false)
 5 FCPATH\index.php(67): CodeIgniter\CodeIgniter->run()
WARNING - 2024-07-19 15:20:28 --> [DEPRECATED] Implicit conversion from float 8.468354430379748 to int loses precision in APPPATH\Controllers\AdmPost.php on line 3141.
 1 APPPATH\Controllers\AdmPost.php(3416): App\Controllers\AdmPost->secondsToTime(8.468354430379748)
 2 SYSTEMPATH\CodeIgniter.php(934): App\Controllers\AdmPost->relatorio_analitico()
 3 SYSTEMPATH\CodeIgniter.php(499): CodeIgniter\CodeIgniter->runController(Object(App\Controllers\AdmPost))
 4 SYSTEMPATH\CodeIgniter.php(368): CodeIgniter\CodeIgniter->handleRequest(null, Object(Config\Cache), false)
 5 FCPATH\index.php(67): CodeIgniter\CodeIgniter->run()
WARNING - 2024-07-19 15:20:28 --> [DEPRECATED] Implicit conversion from float 8.468354430379748 to int loses precision in APPPATH\Controllers\AdmPost.php on line 3142.
 1 APPPATH\Controllers\AdmPost.php(3416): App\Controllers\AdmPost->secondsToTime(8.468354430379748)
 2 SYSTEMPATH\CodeIgniter.php(934): App\Controllers\AdmPost->relatorio_analitico()
 3 SYSTEMPATH\CodeIgniter.php(499): CodeIgniter\CodeIgniter->runController(Object(App\Controllers\AdmPost))
 4 SYSTEMPATH\CodeIgniter.php(368): CodeIgniter\CodeIgniter->handleRequest(null, Object(Config\Cache), false)
 5 FCPATH\index.php(67): CodeIgniter\CodeIgniter->run()
WARNING - 2024-07-19 15:20:28 --> [DEPRECATED] Implicit conversion from float 394.3818181818182 to int loses precision in APPPATH\Controllers\AdmPost.php on line 3141.
 1 APPPATH\Controllers\AdmPost.php(3416): App\Controllers\AdmPost->secondsToTime(394.3818181818182)
 2 SYSTEMPATH\CodeIgniter.php(934): App\Controllers\AdmPost->relatorio_analitico()
 3 SYSTEMPATH\CodeIgniter.php(499): CodeIgniter\CodeIgniter->runController(Object(App\Controllers\AdmPost))
 4 SYSTEMPATH\CodeIgniter.php(368): CodeIgniter\CodeIgniter->handleRequest(null, Object(Config\Cache), false)
 5 FCPATH\index.php(67): CodeIgniter\CodeIgniter->run()
WARNING - 2024-07-19 15:20:28 --> [DEPRECATED] Implicit conversion from float 394.3818181818182 to int loses precision in APPPATH\Controllers\AdmPost.php on line 3142.
 1 APPPATH\Controllers\AdmPost.php(3416): App\Controllers\AdmPost->secondsToTime(394.3818181818182)
 2 SYSTEMPATH\CodeIgniter.php(934): App\Controllers\AdmPost->relatorio_analitico()
 3 SYSTEMPATH\CodeIgniter.php(499): CodeIgniter\CodeIgniter->runController(Object(App\Controllers\AdmPost))
 4 SYSTEMPATH\CodeIgniter.php(368): CodeIgniter\CodeIgniter->handleRequest(null, Object(Config\Cache), false)
 5 FCPATH\index.php(67): CodeIgniter\CodeIgniter->run()
WARNING - 2024-07-19 15:22:29 --> [DEPRECATED] Implicit conversion from float 8.468354430379748 to int loses precision in APPPATH\Controllers\AdmPost.php on line 3141.
 1 APPPATH\Controllers\AdmPost.php(3416): App\Controllers\AdmPost->secondsToTime(8.468354430379748)
 2 SYSTEMPATH\CodeIgniter.php(934): App\Controllers\AdmPost->relatorio_analitico()
 3 SYSTEMPATH\CodeIgniter.php(499): CodeIgniter\CodeIgniter->runController(Object(App\Controllers\AdmPost))
 4 SYSTEMPATH\CodeIgniter.php(368): CodeIgniter\CodeIgniter->handleRequest(null, Object(Config\Cache), false)
 5 FCPATH\index.php(67): CodeIgniter\CodeIgniter->run()
WARNING - 2024-07-19 15:22:29 --> [DEPRECATED] Implicit conversion from float 8.468354430379748 to int loses precision in APPPATH\Controllers\AdmPost.php on line 3142.
 1 APPPATH\Controllers\AdmPost.php(3416): App\Controllers\AdmPost->secondsToTime(8.468354430379748)
 2 SYSTEMPATH\CodeIgniter.php(934): App\Controllers\AdmPost->relatorio_analitico()
 3 SYSTEMPATH\CodeIgniter.php(499): CodeIgniter\CodeIgniter->runController(Object(App\Controllers\AdmPost))
 4 SYSTEMPATH\CodeIgniter.php(368): CodeIgniter\CodeIgniter->handleRequest(null, Object(Config\Cache), false)
 5 FCPATH\index.php(67): CodeIgniter\CodeIgniter->run()
WARNING - 2024-07-19 15:22:29 --> [DEPRECATED] Implicit conversion from float 394.3818181818182 to int loses precision in APPPATH\Controllers\AdmPost.php on line 3141.
 1 APPPATH\Controllers\AdmPost.php(3416): App\Controllers\AdmPost->secondsToTime(394.3818181818182)
 2 SYSTEMPATH\CodeIgniter.php(934): App\Controllers\AdmPost->relatorio_analitico()
 3 SYSTEMPATH\CodeIgniter.php(499): CodeIgniter\CodeIgniter->runController(Object(App\Controllers\AdmPost))
 4 SYSTEMPATH\CodeIgniter.php(368): CodeIgniter\CodeIgniter->handleRequest(null, Object(Config\Cache), false)
 5 FCPATH\index.php(67): CodeIgniter\CodeIgniter->run()
WARNING - 2024-07-19 15:22:29 --> [DEPRECATED] Implicit conversion from float 394.3818181818182 to int loses precision in APPPATH\Controllers\AdmPost.php on line 3142.
 1 APPPATH\Controllers\AdmPost.php(3416): App\Controllers\AdmPost->secondsToTime(394.3818181818182)
 2 SYSTEMPATH\CodeIgniter.php(934): App\Controllers\AdmPost->relatorio_analitico()
 3 SYSTEMPATH\CodeIgniter.php(499): CodeIgniter\CodeIgniter->runController(Object(App\Controllers\AdmPost))
 4 SYSTEMPATH\CodeIgniter.php(368): CodeIgniter\CodeIgniter->handleRequest(null, Object(Config\Cache), false)
 5 FCPATH\index.php(67): CodeIgniter\CodeIgniter->run()
WARNING - 2024-07-19 15:23:30 --> [DEPRECATED] Implicit conversion from float 216.76488095238096 to int loses precision in APPPATH\Controllers\AdmPost.php on line 3141.
 1 APPPATH\Controllers\AdmPost.php(3416): App\Controllers\AdmPost->secondsToTime(216.76488095238096)
 2 SYSTEMPATH\CodeIgniter.php(934): App\Controllers\AdmPost->relatorio_analitico()
 3 SYSTEMPATH\CodeIgniter.php(499): CodeIgniter\CodeIgniter->runController(Object(App\Controllers\AdmPost))
 4 SYSTEMPATH\CodeIgniter.php(368): CodeIgniter\CodeIgniter->handleRequest(null, Object(Config\Cache), false)
 5 FCPATH\index.php(67): CodeIgniter\CodeIgniter->run()
WARNING - 2024-07-19 15:23:30 --> [DEPRECATED] Implicit conversion from float 216.76488095238096 to int loses precision in APPPATH\Controllers\AdmPost.php on line 3142.
 1 APPPATH\Controllers\AdmPost.php(3416): App\Controllers\AdmPost->secondsToTime(216.76488095238096)
 2 SYSTEMPATH\CodeIgniter.php(934): App\Controllers\AdmPost->relatorio_analitico()
 3 SYSTEMPATH\CodeIgniter.php(499): CodeIgniter\CodeIgniter->runController(Object(App\Controllers\AdmPost))
 4 SYSTEMPATH\CodeIgniter.php(368): CodeIgniter\CodeIgniter->handleRequest(null, Object(Config\Cache), false)
 5 FCPATH\index.php(67): CodeIgniter\CodeIgniter->run()
WARNING - 2024-07-19 15:23:30 --> [DEPRECATED] Implicit conversion from float 2376.9765886287623 to int loses precision in APPPATH\Controllers\AdmPost.php on line 3141.
 1 APPPATH\Controllers\AdmPost.php(3416): App\Controllers\AdmPost->secondsToTime(2376.9765886287623)
 2 SYSTEMPATH\CodeIgniter.php(934): App\Controllers\AdmPost->relatorio_analitico()
 3 SYSTEMPATH\CodeIgniter.php(499): CodeIgniter\CodeIgniter->runController(Object(App\Controllers\AdmPost))
 4 SYSTEMPATH\CodeIgniter.php(368): CodeIgniter\CodeIgniter->handleRequest(null, Object(Config\Cache), false)
 5 FCPATH\index.php(67): CodeIgniter\CodeIgniter->run()
WARNING - 2024-07-19 15:23:30 --> [DEPRECATED] Implicit conversion from float 2376.9765886287623 to int loses precision in APPPATH\Controllers\AdmPost.php on line 3142.
 1 APPPATH\Controllers\AdmPost.php(3416): App\Controllers\AdmPost->secondsToTime(2376.9765886287623)
 2 SYSTEMPATH\CodeIgniter.php(934): App\Controllers\AdmPost->relatorio_analitico()
 3 SYSTEMPATH\CodeIgniter.php(499): CodeIgniter\CodeIgniter->runController(Object(App\Controllers\AdmPost))
 4 SYSTEMPATH\CodeIgniter.php(368): CodeIgniter\CodeIgniter->handleRequest(null, Object(Config\Cache), false)
 5 FCPATH\index.php(67): CodeIgniter\CodeIgniter->run()
WARNING - 2024-07-19 15:24:55 --> [DEPRECATED] Implicit conversion from float 216.76488095238096 to int loses precision in APPPATH\Controllers\AdmPost.php on line 3141.
 1 APPPATH\Controllers\AdmPost.php(3416): App\Controllers\AdmPost->secondsToTime(216.76488095238096)
 2 SYSTEMPATH\CodeIgniter.php(934): App\Controllers\AdmPost->relatorio_analitico()
 3 SYSTEMPATH\CodeIgniter.php(499): CodeIgniter\CodeIgniter->runController(Object(App\Controllers\AdmPost))
 4 SYSTEMPATH\CodeIgniter.php(368): CodeIgniter\CodeIgniter->handleRequest(null, Object(Config\Cache), false)
 5 FCPATH\index.php(67): CodeIgniter\CodeIgniter->run()
WARNING - 2024-07-19 15:24:55 --> [DEPRECATED] Implicit conversion from float 216.76488095238096 to int loses precision in APPPATH\Controllers\AdmPost.php on line 3142.
 1 APPPATH\Controllers\AdmPost.php(3416): App\Controllers\AdmPost->secondsToTime(216.76488095238096)
 2 SYSTEMPATH\CodeIgniter.php(934): App\Controllers\AdmPost->relatorio_analitico()
 3 SYSTEMPATH\CodeIgniter.php(499): CodeIgniter\CodeIgniter->runController(Object(App\Controllers\AdmPost))
 4 SYSTEMPATH\CodeIgniter.php(368): CodeIgniter\CodeIgniter->handleRequest(null, Object(Config\Cache), false)
 5 FCPATH\index.php(67): CodeIgniter\CodeIgniter->run()
WARNING - 2024-07-19 15:24:55 --> [DEPRECATED] Implicit conversion from float 2376.9765886287623 to int loses precision in APPPATH\Controllers\AdmPost.php on line 3141.
 1 APPPATH\Controllers\AdmPost.php(3416): App\Controllers\AdmPost->secondsToTime(2376.9765886287623)
 2 SYSTEMPATH\CodeIgniter.php(934): App\Controllers\AdmPost->relatorio_analitico()
 3 SYSTEMPATH\CodeIgniter.php(499): CodeIgniter\CodeIgniter->runController(Object(App\Controllers\AdmPost))
 4 SYSTEMPATH\CodeIgniter.php(368): CodeIgniter\CodeIgniter->handleRequest(null, Object(Config\Cache), false)
 5 FCPATH\index.php(67): CodeIgniter\CodeIgniter->run()
WARNING - 2024-07-19 15:24:55 --> [DEPRECATED] Implicit conversion from float 2376.9765886287623 to int loses precision in APPPATH\Controllers\AdmPost.php on line 3142.
 1 APPPATH\Controllers\AdmPost.php(3416): App\Controllers\AdmPost->secondsToTime(2376.9765886287623)
 2 SYSTEMPATH\CodeIgniter.php(934): App\Controllers\AdmPost->relatorio_analitico()
 3 SYSTEMPATH\CodeIgniter.php(499): CodeIgniter\CodeIgniter->runController(Object(App\Controllers\AdmPost))
 4 SYSTEMPATH\CodeIgniter.php(368): CodeIgniter\CodeIgniter->handleRequest(null, Object(Config\Cache), false)
 5 FCPATH\index.php(67): CodeIgniter\CodeIgniter->run()
WARNING - 2024-07-19 15:29:21 --> [DEPRECATED] Implicit conversion from float 216.76488095238096 to int loses precision in APPPATH\Controllers\AdmPost.php on line 3141.
 1 APPPATH\Controllers\AdmPost.php(3416): App\Controllers\AdmPost->secondsToTime(216.76488095238096)
 2 SYSTEMPATH\CodeIgniter.php(934): App\Controllers\AdmPost->relatorio_analitico()
 3 SYSTEMPATH\CodeIgniter.php(499): CodeIgniter\CodeIgniter->runController(Object(App\Controllers\AdmPost))
 4 SYSTEMPATH\CodeIgniter.php(368): CodeIgniter\CodeIgniter->handleRequest(null, Object(Config\Cache), false)
 5 FCPATH\index.php(67): CodeIgniter\CodeIgniter->run()
WARNING - 2024-07-19 15:29:21 --> [DEPRECATED] Implicit conversion from float 216.76488095238096 to int loses precision in APPPATH\Controllers\AdmPost.php on line 3142.
 1 APPPATH\Controllers\AdmPost.php(3416): App\Controllers\AdmPost->secondsToTime(216.76488095238096)
 2 SYSTEMPATH\CodeIgniter.php(934): App\Controllers\AdmPost->relatorio_analitico()
 3 SYSTEMPATH\CodeIgniter.php(499): CodeIgniter\CodeIgniter->runController(Object(App\Controllers\AdmPost))
 4 SYSTEMPATH\CodeIgniter.php(368): CodeIgniter\CodeIgniter->handleRequest(null, Object(Config\Cache), false)
 5 FCPATH\index.php(67): CodeIgniter\CodeIgniter->run()
WARNING - 2024-07-19 15:29:21 --> [DEPRECATED] Implicit conversion from float 2376.9765886287623 to int loses precision in APPPATH\Controllers\AdmPost.php on line 3141.
 1 APPPATH\Controllers\AdmPost.php(3416): App\Controllers\AdmPost->secondsToTime(2376.9765886287623)
 2 SYSTEMPATH\CodeIgniter.php(934): App\Controllers\AdmPost->relatorio_analitico()
 3 SYSTEMPATH\CodeIgniter.php(499): CodeIgniter\CodeIgniter->runController(Object(App\Controllers\AdmPost))
 4 SYSTEMPATH\CodeIgniter.php(368): CodeIgniter\CodeIgniter->handleRequest(null, Object(Config\Cache), false)
 5 FCPATH\index.php(67): CodeIgniter\CodeIgniter->run()
WARNING - 2024-07-19 15:29:21 --> [DEPRECATED] Implicit conversion from float 2376.9765886287623 to int loses precision in APPPATH\Controllers\AdmPost.php on line 3142.
 1 APPPATH\Controllers\AdmPost.php(3416): App\Controllers\AdmPost->secondsToTime(2376.9765886287623)
 2 SYSTEMPATH\CodeIgniter.php(934): App\Controllers\AdmPost->relatorio_analitico()
 3 SYSTEMPATH\CodeIgniter.php(499): CodeIgniter\CodeIgniter->runController(Object(App\Controllers\AdmPost))
 4 SYSTEMPATH\CodeIgniter.php(368): CodeIgniter\CodeIgniter->handleRequest(null, Object(Config\Cache), false)
 5 FCPATH\index.php(67): CodeIgniter\CodeIgniter->run()
WARNING - 2024-07-19 15:30:19 --> [DEPRECATED] Implicit conversion from float 216.76488095238096 to int loses precision in APPPATH\Controllers\AdmPost.php on line 3141.
 1 APPPATH\Controllers\AdmPost.php(3416): App\Controllers\AdmPost->secondsToTime(216.76488095238096)
 2 SYSTEMPATH\CodeIgniter.php(934): App\Controllers\AdmPost->relatorio_analitico()
 3 SYSTEMPATH\CodeIgniter.php(499): CodeIgniter\CodeIgniter->runController(Object(App\Controllers\AdmPost))
 4 SYSTEMPATH\CodeIgniter.php(368): CodeIgniter\CodeIgniter->handleRequest(null, Object(Config\Cache), false)
 5 FCPATH\index.php(67): CodeIgniter\CodeIgniter->run()
WARNING - 2024-07-19 15:30:19 --> [DEPRECATED] Implicit conversion from float 216.76488095238096 to int loses precision in APPPATH\Controllers\AdmPost.php on line 3142.
 1 APPPATH\Controllers\AdmPost.php(3416): App\Controllers\AdmPost->secondsToTime(216.76488095238096)
 2 SYSTEMPATH\CodeIgniter.php(934): App\Controllers\AdmPost->relatorio_analitico()
 3 SYSTEMPATH\CodeIgniter.php(499): CodeIgniter\CodeIgniter->runController(Object(App\Controllers\AdmPost))
 4 SYSTEMPATH\CodeIgniter.php(368): CodeIgniter\CodeIgniter->handleRequest(null, Object(Config\Cache), false)
 5 FCPATH\index.php(67): CodeIgniter\CodeIgniter->run()
WARNING - 2024-07-19 15:30:19 --> [DEPRECATED] Implicit conversion from float 2376.9765886287623 to int loses precision in APPPATH\Controllers\AdmPost.php on line 3141.
 1 APPPATH\Controllers\AdmPost.php(3416): App\Controllers\AdmPost->secondsToTime(2376.9765886287623)
 2 SYSTEMPATH\CodeIgniter.php(934): App\Controllers\AdmPost->relatorio_analitico()
 3 SYSTEMPATH\CodeIgniter.php(499): CodeIgniter\CodeIgniter->runController(Object(App\Controllers\AdmPost))
 4 SYSTEMPATH\CodeIgniter.php(368): CodeIgniter\CodeIgniter->handleRequest(null, Object(Config\Cache), false)
 5 FCPATH\index.php(67): CodeIgniter\CodeIgniter->run()
WARNING - 2024-07-19 15:30:19 --> [DEPRECATED] Implicit conversion from float 2376.9765886287623 to int loses precision in APPPATH\Controllers\AdmPost.php on line 3142.
 1 APPPATH\Controllers\AdmPost.php(3416): App\Controllers\AdmPost->secondsToTime(2376.9765886287623)
 2 SYSTEMPATH\CodeIgniter.php(934): App\Controllers\AdmPost->relatorio_analitico()
 3 SYSTEMPATH\CodeIgniter.php(499): CodeIgniter\CodeIgniter->runController(Object(App\Controllers\AdmPost))
 4 SYSTEMPATH\CodeIgniter.php(368): CodeIgniter\CodeIgniter->handleRequest(null, Object(Config\Cache), false)
 5 FCPATH\index.php(67): CodeIgniter\CodeIgniter->run()
WARNING - 2024-07-19 15:33:05 --> [DEPRECATED] Implicit conversion from float 216.76488095238096 to int loses precision in APPPATH\Controllers\AdmPost.php on line 3141.
 1 APPPATH\Controllers\AdmPost.php(3416): App\Controllers\AdmPost->secondsToTime(216.76488095238096)
 2 SYSTEMPATH\CodeIgniter.php(934): App\Controllers\AdmPost->relatorio_analitico()
 3 SYSTEMPATH\CodeIgniter.php(499): CodeIgniter\CodeIgniter->runController(Object(App\Controllers\AdmPost))
 4 SYSTEMPATH\CodeIgniter.php(368): CodeIgniter\CodeIgniter->handleRequest(null, Object(Config\Cache), false)
 5 FCPATH\index.php(67): CodeIgniter\CodeIgniter->run()
WARNING - 2024-07-19 15:33:05 --> [DEPRECATED] Implicit conversion from float 216.76488095238096 to int loses precision in APPPATH\Controllers\AdmPost.php on line 3142.
 1 APPPATH\Controllers\AdmPost.php(3416): App\Controllers\AdmPost->secondsToTime(216.76488095238096)
 2 SYSTEMPATH\CodeIgniter.php(934): App\Controllers\AdmPost->relatorio_analitico()
 3 SYSTEMPATH\CodeIgniter.php(499): CodeIgniter\CodeIgniter->runController(Object(App\Controllers\AdmPost))
 4 SYSTEMPATH\CodeIgniter.php(368): CodeIgniter\CodeIgniter->handleRequest(null, Object(Config\Cache), false)
 5 FCPATH\index.php(67): CodeIgniter\CodeIgniter->run()
WARNING - 2024-07-19 15:33:05 --> [DEPRECATED] Implicit conversion from float 2376.9765886287623 to int loses precision in APPPATH\Controllers\AdmPost.php on line 3141.
 1 APPPATH\Controllers\AdmPost.php(3416): App\Controllers\AdmPost->secondsToTime(2376.9765886287623)
 2 SYSTEMPATH\CodeIgniter.php(934): App\Controllers\AdmPost->relatorio_analitico()
 3 SYSTEMPATH\CodeIgniter.php(499): CodeIgniter\CodeIgniter->runController(Object(App\Controllers\AdmPost))
 4 SYSTEMPATH\CodeIgniter.php(368): CodeIgniter\CodeIgniter->handleRequest(null, Object(Config\Cache), false)
 5 FCPATH\index.php(67): CodeIgniter\CodeIgniter->run()
WARNING - 2024-07-19 15:33:05 --> [DEPRECATED] Implicit conversion from float 2376.9765886287623 to int loses precision in APPPATH\Controllers\AdmPost.php on line 3142.
 1 APPPATH\Controllers\AdmPost.php(3416): App\Controllers\AdmPost->secondsToTime(2376.9765886287623)
 2 SYSTEMPATH\CodeIgniter.php(934): App\Controllers\AdmPost->relatorio_analitico()
 3 SYSTEMPATH\CodeIgniter.php(499): CodeIgniter\CodeIgniter->runController(Object(App\Controllers\AdmPost))
 4 SYSTEMPATH\CodeIgniter.php(368): CodeIgniter\CodeIgniter->handleRequest(null, Object(Config\Cache), false)
 5 FCPATH\index.php(67): CodeIgniter\CodeIgniter->run()
WARNING - 2024-07-19 15:35:01 --> [DEPRECATED] Implicit conversion from float 216.76488095238096 to int loses precision in APPPATH\Controllers\AdmPost.php on line 3141.
 1 APPPATH\Controllers\AdmPost.php(3416): App\Controllers\AdmPost->secondsToTime(216.76488095238096)
 2 SYSTEMPATH\CodeIgniter.php(934): App\Controllers\AdmPost->relatorio_analitico()
 3 SYSTEMPATH\CodeIgniter.php(499): CodeIgniter\CodeIgniter->runController(Object(App\Controllers\AdmPost))
 4 SYSTEMPATH\CodeIgniter.php(368): CodeIgniter\CodeIgniter->handleRequest(null, Object(Config\Cache), false)
 5 FCPATH\index.php(67): CodeIgniter\CodeIgniter->run()
WARNING - 2024-07-19 15:35:01 --> [DEPRECATED] Implicit conversion from float 216.76488095238096 to int loses precision in APPPATH\Controllers\AdmPost.php on line 3142.
 1 APPPATH\Controllers\AdmPost.php(3416): App\Controllers\AdmPost->secondsToTime(216.76488095238096)
 2 SYSTEMPATH\CodeIgniter.php(934): App\Controllers\AdmPost->relatorio_analitico()
 3 SYSTEMPATH\CodeIgniter.php(499): CodeIgniter\CodeIgniter->runController(Object(App\Controllers\AdmPost))
 4 SYSTEMPATH\CodeIgniter.php(368): CodeIgniter\CodeIgniter->handleRequest(null, Object(Config\Cache), false)
 5 FCPATH\index.php(67): CodeIgniter\CodeIgniter->run()
WARNING - 2024-07-19 15:35:01 --> [DEPRECATED] Implicit conversion from float 2376.9765886287623 to int loses precision in APPPATH\Controllers\AdmPost.php on line 3141.
 1 APPPATH\Controllers\AdmPost.php(3416): App\Controllers\AdmPost->secondsToTime(2376.9765886287623)
 2 SYSTEMPATH\CodeIgniter.php(934): App\Controllers\AdmPost->relatorio_analitico()
 3 SYSTEMPATH\CodeIgniter.php(499): CodeIgniter\CodeIgniter->runController(Object(App\Controllers\AdmPost))
 4 SYSTEMPATH\CodeIgniter.php(368): CodeIgniter\CodeIgniter->handleRequest(null, Object(Config\Cache), false)
 5 FCPATH\index.php(67): CodeIgniter\CodeIgniter->run()
WARNING - 2024-07-19 15:35:01 --> [DEPRECATED] Implicit conversion from float 2376.9765886287623 to int loses precision in APPPATH\Controllers\AdmPost.php on line 3142.
 1 APPPATH\Controllers\AdmPost.php(3416): App\Controllers\AdmPost->secondsToTime(2376.9765886287623)
 2 SYSTEMPATH\CodeIgniter.php(934): App\Controllers\AdmPost->relatorio_analitico()
 3 SYSTEMPATH\CodeIgniter.php(499): CodeIgniter\CodeIgniter->runController(Object(App\Controllers\AdmPost))
 4 SYSTEMPATH\CodeIgniter.php(368): CodeIgniter\CodeIgniter->handleRequest(null, Object(Config\Cache), false)
 5 FCPATH\index.php(67): CodeIgniter\CodeIgniter->run()
WARNING - 2024-07-19 15:36:08 --> [DEPRECATED] Implicit conversion from float 216.76488095238096 to int loses precision in APPPATH\Controllers\AdmPost.php on line 3141.
 1 APPPATH\Controllers\AdmPost.php(3416): App\Controllers\AdmPost->secondsToTime(216.76488095238096)
 2 SYSTEMPATH\CodeIgniter.php(934): App\Controllers\AdmPost->relatorio_analitico()
 3 SYSTEMPATH\CodeIgniter.php(499): CodeIgniter\CodeIgniter->runController(Object(App\Controllers\AdmPost))
 4 SYSTEMPATH\CodeIgniter.php(368): CodeIgniter\CodeIgniter->handleRequest(null, Object(Config\Cache), false)
 5 FCPATH\index.php(67): CodeIgniter\CodeIgniter->run()
WARNING - 2024-07-19 15:36:08 --> [DEPRECATED] Implicit conversion from float 216.76488095238096 to int loses precision in APPPATH\Controllers\AdmPost.php on line 3142.
 1 APPPATH\Controllers\AdmPost.php(3416): App\Controllers\AdmPost->secondsToTime(216.76488095238096)
 2 SYSTEMPATH\CodeIgniter.php(934): App\Controllers\AdmPost->relatorio_analitico()
 3 SYSTEMPATH\CodeIgniter.php(499): CodeIgniter\CodeIgniter->runController(Object(App\Controllers\AdmPost))
 4 SYSTEMPATH\CodeIgniter.php(368): CodeIgniter\CodeIgniter->handleRequest(null, Object(Config\Cache), false)
 5 FCPATH\index.php(67): CodeIgniter\CodeIgniter->run()
WARNING - 2024-07-19 15:36:08 --> [DEPRECATED] Implicit conversion from float 2376.9765886287623 to int loses precision in APPPATH\Controllers\AdmPost.php on line 3141.
 1 APPPATH\Controllers\AdmPost.php(3416): App\Controllers\AdmPost->secondsToTime(2376.9765886287623)
 2 SYSTEMPATH\CodeIgniter.php(934): App\Controllers\AdmPost->relatorio_analitico()
 3 SYSTEMPATH\CodeIgniter.php(499): CodeIgniter\CodeIgniter->runController(Object(App\Controllers\AdmPost))
 4 SYSTEMPATH\CodeIgniter.php(368): CodeIgniter\CodeIgniter->handleRequest(null, Object(Config\Cache), false)
 5 FCPATH\index.php(67): CodeIgniter\CodeIgniter->run()
WARNING - 2024-07-19 15:36:08 --> [DEPRECATED] Implicit conversion from float 2376.9765886287623 to int loses precision in APPPATH\Controllers\AdmPost.php on line 3142.
 1 APPPATH\Controllers\AdmPost.php(3416): App\Controllers\AdmPost->secondsToTime(2376.9765886287623)
 2 SYSTEMPATH\CodeIgniter.php(934): App\Controllers\AdmPost->relatorio_analitico()
 3 SYSTEMPATH\CodeIgniter.php(499): CodeIgniter\CodeIgniter->runController(Object(App\Controllers\AdmPost))
 4 SYSTEMPATH\CodeIgniter.php(368): CodeIgniter\CodeIgniter->handleRequest(null, Object(Config\Cache), false)
 5 FCPATH\index.php(67): CodeIgniter\CodeIgniter->run()
WARNING - 2024-07-19 15:36:46 --> [DEPRECATED] Implicit conversion from float 216.76488095238096 to int loses precision in APPPATH\Controllers\AdmPost.php on line 3141.
 1 APPPATH\Controllers\AdmPost.php(3416): App\Controllers\AdmPost->secondsToTime(216.76488095238096)
 2 SYSTEMPATH\CodeIgniter.php(934): App\Controllers\AdmPost->relatorio_analitico()
 3 SYSTEMPATH\CodeIgniter.php(499): CodeIgniter\CodeIgniter->runController(Object(App\Controllers\AdmPost))
 4 SYSTEMPATH\CodeIgniter.php(368): CodeIgniter\CodeIgniter->handleRequest(null, Object(Config\Cache), false)
 5 FCPATH\index.php(67): CodeIgniter\CodeIgniter->run()
WARNING - 2024-07-19 15:36:46 --> [DEPRECATED] Implicit conversion from float 216.76488095238096 to int loses precision in APPPATH\Controllers\AdmPost.php on line 3142.
 1 APPPATH\Controllers\AdmPost.php(3416): App\Controllers\AdmPost->secondsToTime(216.76488095238096)
 2 SYSTEMPATH\CodeIgniter.php(934): App\Controllers\AdmPost->relatorio_analitico()
 3 SYSTEMPATH\CodeIgniter.php(499): CodeIgniter\CodeIgniter->runController(Object(App\Controllers\AdmPost))
 4 SYSTEMPATH\CodeIgniter.php(368): CodeIgniter\CodeIgniter->handleRequest(null, Object(Config\Cache), false)
 5 FCPATH\index.php(67): CodeIgniter\CodeIgniter->run()
WARNING - 2024-07-19 15:36:46 --> [DEPRECATED] Implicit conversion from float 2376.9765886287623 to int loses precision in APPPATH\Controllers\AdmPost.php on line 3141.
 1 APPPATH\Controllers\AdmPost.php(3416): App\Controllers\AdmPost->secondsToTime(2376.9765886287623)
 2 SYSTEMPATH\CodeIgniter.php(934): App\Controllers\AdmPost->relatorio_analitico()
 3 SYSTEMPATH\CodeIgniter.php(499): CodeIgniter\CodeIgniter->runController(Object(App\Controllers\AdmPost))
 4 SYSTEMPATH\CodeIgniter.php(368): CodeIgniter\CodeIgniter->handleRequest(null, Object(Config\Cache), false)
 5 FCPATH\index.php(67): CodeIgniter\CodeIgniter->run()
WARNING - 2024-07-19 15:36:46 --> [DEPRECATED] Implicit conversion from float 2376.9765886287623 to int loses precision in APPPATH\Controllers\AdmPost.php on line 3142.
 1 APPPATH\Controllers\AdmPost.php(3416): App\Controllers\AdmPost->secondsToTime(2376.9765886287623)
 2 SYSTEMPATH\CodeIgniter.php(934): App\Controllers\AdmPost->relatorio_analitico()
 3 SYSTEMPATH\CodeIgniter.php(499): CodeIgniter\CodeIgniter->runController(Object(App\Controllers\AdmPost))
 4 SYSTEMPATH\CodeIgniter.php(368): CodeIgniter\CodeIgniter->handleRequest(null, Object(Config\Cache), false)
 5 FCPATH\index.php(67): CodeIgniter\CodeIgniter->run()
WARNING - 2024-07-19 15:38:57 --> [DEPRECATED] Implicit conversion from float 216.76488095238096 to int loses precision in APPPATH\Controllers\AdmPost.php on line 3141.
 1 APPPATH\Controllers\AdmPost.php(3416): App\Controllers\AdmPost->secondsToTime(216.76488095238096)
 2 SYSTEMPATH\CodeIgniter.php(934): App\Controllers\AdmPost->relatorio_analitico()
 3 SYSTEMPATH\CodeIgniter.php(499): CodeIgniter\CodeIgniter->runController(Object(App\Controllers\AdmPost))
 4 SYSTEMPATH\CodeIgniter.php(368): CodeIgniter\CodeIgniter->handleRequest(null, Object(Config\Cache), false)
 5 FCPATH\index.php(67): CodeIgniter\CodeIgniter->run()
WARNING - 2024-07-19 15:38:57 --> [DEPRECATED] Implicit conversion from float 216.76488095238096 to int loses precision in APPPATH\Controllers\AdmPost.php on line 3142.
 1 APPPATH\Controllers\AdmPost.php(3416): App\Controllers\AdmPost->secondsToTime(216.76488095238096)
 2 SYSTEMPATH\CodeIgniter.php(934): App\Controllers\AdmPost->relatorio_analitico()
 3 SYSTEMPATH\CodeIgniter.php(499): CodeIgniter\CodeIgniter->runController(Object(App\Controllers\AdmPost))
 4 SYSTEMPATH\CodeIgniter.php(368): CodeIgniter\CodeIgniter->handleRequest(null, Object(Config\Cache), false)
 5 FCPATH\index.php(67): CodeIgniter\CodeIgniter->run()
WARNING - 2024-07-19 15:38:57 --> [DEPRECATED] Implicit conversion from float 2376.9765886287623 to int loses precision in APPPATH\Controllers\AdmPost.php on line 3141.
 1 APPPATH\Controllers\AdmPost.php(3416): App\Controllers\AdmPost->secondsToTime(2376.9765886287623)
 2 SYSTEMPATH\CodeIgniter.php(934): App\Controllers\AdmPost->relatorio_analitico()
 3 SYSTEMPATH\CodeIgniter.php(499): CodeIgniter\CodeIgniter->runController(Object(App\Controllers\AdmPost))
 4 SYSTEMPATH\CodeIgniter.php(368): CodeIgniter\CodeIgniter->handleRequest(null, Object(Config\Cache), false)
 5 FCPATH\index.php(67): CodeIgniter\CodeIgniter->run()
WARNING - 2024-07-19 15:38:57 --> [DEPRECATED] Implicit conversion from float 2376.9765886287623 to int loses precision in APPPATH\Controllers\AdmPost.php on line 3142.
 1 APPPATH\Controllers\AdmPost.php(3416): App\Controllers\AdmPost->secondsToTime(2376.9765886287623)
 2 SYSTEMPATH\CodeIgniter.php(934): App\Controllers\AdmPost->relatorio_analitico()
 3 SYSTEMPATH\CodeIgniter.php(499): CodeIgniter\CodeIgniter->runController(Object(App\Controllers\AdmPost))
 4 SYSTEMPATH\CodeIgniter.php(368): CodeIgniter\CodeIgniter->handleRequest(null, Object(Config\Cache), false)
 5 FCPATH\index.php(67): CodeIgniter\CodeIgniter->run()
WARNING - 2024-07-19 15:41:17 --> [DEPRECATED] Implicit conversion from float 2492.6844106463877 to int loses precision in APPPATH\Controllers\AdmPost.php on line 3141.
 1 APPPATH\Controllers\AdmPost.php(3416): App\Controllers\AdmPost->secondsToTime(2492.6844106463877)
 2 SYSTEMPATH\CodeIgniter.php(934): App\Controllers\AdmPost->relatorio_analitico()
 3 SYSTEMPATH\CodeIgniter.php(499): CodeIgniter\CodeIgniter->runController(Object(App\Controllers\AdmPost))
 4 SYSTEMPATH\CodeIgniter.php(368): CodeIgniter\CodeIgniter->handleRequest(null, Object(Config\Cache), false)
 5 FCPATH\index.php(67): CodeIgniter\CodeIgniter->run()
WARNING - 2024-07-19 15:41:17 --> [DEPRECATED] Implicit conversion from float 2492.6844106463877 to int loses precision in APPPATH\Controllers\AdmPost.php on line 3142.
 1 APPPATH\Controllers\AdmPost.php(3416): App\Controllers\AdmPost->secondsToTime(2492.6844106463877)
 2 SYSTEMPATH\CodeIgniter.php(934): App\Controllers\AdmPost->relatorio_analitico()
 3 SYSTEMPATH\CodeIgniter.php(499): CodeIgniter\CodeIgniter->runController(Object(App\Controllers\AdmPost))
 4 SYSTEMPATH\CodeIgniter.php(368): CodeIgniter\CodeIgniter->handleRequest(null, Object(Config\Cache), false)
 5 FCPATH\index.php(67): CodeIgniter\CodeIgniter->run()
WARNING - 2024-07-19 15:41:17 --> [DEPRECATED] Implicit conversion from float 226.96989966555185 to int loses precision in APPPATH\Controllers\AdmPost.php on line 3141.
 1 APPPATH\Controllers\AdmPost.php(3416): App\Controllers\AdmPost->secondsToTime(226.96989966555185)
 2 SYSTEMPATH\CodeIgniter.php(934): App\Controllers\AdmPost->relatorio_analitico()
 3 SYSTEMPATH\CodeIgniter.php(499): CodeIgniter\CodeIgniter->runController(Object(App\Controllers\AdmPost))
 4 SYSTEMPATH\CodeIgniter.php(368): CodeIgniter\CodeIgniter->handleRequest(null, Object(Config\Cache), false)
 5 FCPATH\index.php(67): CodeIgniter\CodeIgniter->run()
WARNING - 2024-07-19 15:41:17 --> [DEPRECATED] Implicit conversion from float 226.96989966555185 to int loses precision in APPPATH\Controllers\AdmPost.php on line 3142.
 1 APPPATH\Controllers\AdmPost.php(3416): App\Controllers\AdmPost->secondsToTime(226.96989966555185)
 2 SYSTEMPATH\CodeIgniter.php(934): App\Controllers\AdmPost->relatorio_analitico()
 3 SYSTEMPATH\CodeIgniter.php(499): CodeIgniter\CodeIgniter->runController(Object(App\Controllers\AdmPost))
 4 SYSTEMPATH\CodeIgniter.php(368): CodeIgniter\CodeIgniter->handleRequest(null, Object(Config\Cache), false)
 5 FCPATH\index.php(67): CodeIgniter\CodeIgniter->run()
WARNING - 2024-07-19 15:41:25 --> [DEPRECATED] Implicit conversion from float 134.2972972972973 to int loses precision in APPPATH\Controllers\AdmPost.php on line 3141.
 1 APPPATH\Controllers\AdmPost.php(3416): App\Controllers\AdmPost->secondsToTime(134.2972972972973)
 2 SYSTEMPATH\CodeIgniter.php(934): App\Controllers\AdmPost->relatorio_analitico()
 3 SYSTEMPATH\CodeIgniter.php(499): CodeIgniter\CodeIgniter->runController(Object(App\Controllers\AdmPost))
 4 SYSTEMPATH\CodeIgniter.php(368): CodeIgniter\CodeIgniter->handleRequest(null, Object(Config\Cache), false)
 5 FCPATH\index.php(67): CodeIgniter\CodeIgniter->run()
WARNING - 2024-07-19 15:41:25 --> [DEPRECATED] Implicit conversion from float 134.2972972972973 to int loses precision in APPPATH\Controllers\AdmPost.php on line 3142.
 1 APPPATH\Controllers\AdmPost.php(3416): App\Controllers\AdmPost->secondsToTime(134.2972972972973)
 2 SYSTEMPATH\CodeIgniter.php(934): App\Controllers\AdmPost->relatorio_analitico()
 3 SYSTEMPATH\CodeIgniter.php(499): CodeIgniter\CodeIgniter->runController(Object(App\Controllers\AdmPost))
 4 SYSTEMPATH\CodeIgniter.php(368): CodeIgniter\CodeIgniter->handleRequest(null, Object(Config\Cache), false)
 5 FCPATH\index.php(67): CodeIgniter\CodeIgniter->run()
WARNING - 2024-07-19 15:41:25 --> [DEPRECATED] Implicit conversion from float 1531.6666666666667 to int loses precision in APPPATH\Controllers\AdmPost.php on line 3141.
 1 APPPATH\Controllers\AdmPost.php(3416): App\Controllers\AdmPost->secondsToTime(1531.6666666666667)
 2 SYSTEMPATH\CodeIgniter.php(934): App\Controllers\AdmPost->relatorio_analitico()
 3 SYSTEMPATH\CodeIgniter.php(499): CodeIgniter\CodeIgniter->runController(Object(App\Controllers\AdmPost))
 4 SYSTEMPATH\CodeIgniter.php(368): CodeIgniter\CodeIgniter->handleRequest(null, Object(Config\Cache), false)
 5 FCPATH\index.php(67): CodeIgniter\CodeIgniter->run()
WARNING - 2024-07-19 15:41:25 --> [DEPRECATED] Implicit conversion from float 1531.6666666666667 to int loses precision in APPPATH\Controllers\AdmPost.php on line 3142.
 1 APPPATH\Controllers\AdmPost.php(3416): App\Controllers\AdmPost->secondsToTime(1531.6666666666667)
 2 SYSTEMPATH\CodeIgniter.php(934): App\Controllers\AdmPost->relatorio_analitico()
 3 SYSTEMPATH\CodeIgniter.php(499): CodeIgniter\CodeIgniter->runController(Object(App\Controllers\AdmPost))
 4 SYSTEMPATH\CodeIgniter.php(368): CodeIgniter\CodeIgniter->handleRequest(null, Object(Config\Cache), false)
 5 FCPATH\index.php(67): CodeIgniter\CodeIgniter->run()
WARNING - 2024-07-19 15:43:08 --> [DEPRECATED] Implicit conversion from float 134.2972972972973 to int loses precision in APPPATH\Controllers\AdmPost.php on line 3141.
 1 APPPATH\Controllers\AdmPost.php(3416): App\Controllers\AdmPost->secondsToTime(134.2972972972973)
 2 SYSTEMPATH\CodeIgniter.php(934): App\Controllers\AdmPost->relatorio_analitico()
 3 SYSTEMPATH\CodeIgniter.php(499): CodeIgniter\CodeIgniter->runController(Object(App\Controllers\AdmPost))
 4 SYSTEMPATH\CodeIgniter.php(368): CodeIgniter\CodeIgniter->handleRequest(null, Object(Config\Cache), false)
 5 FCPATH\index.php(67): CodeIgniter\CodeIgniter->run()
WARNING - 2024-07-19 15:43:08 --> [DEPRECATED] Implicit conversion from float 134.2972972972973 to int loses precision in APPPATH\Controllers\AdmPost.php on line 3142.
 1 APPPATH\Controllers\AdmPost.php(3416): App\Controllers\AdmPost->secondsToTime(134.2972972972973)
 2 SYSTEMPATH\CodeIgniter.php(934): App\Controllers\AdmPost->relatorio_analitico()
 3 SYSTEMPATH\CodeIgniter.php(499): CodeIgniter\CodeIgniter->runController(Object(App\Controllers\AdmPost))
 4 SYSTEMPATH\CodeIgniter.php(368): CodeIgniter\CodeIgniter->handleRequest(null, Object(Config\Cache), false)
 5 FCPATH\index.php(67): CodeIgniter\CodeIgniter->run()
WARNING - 2024-07-19 15:43:08 --> [DEPRECATED] Implicit conversion from float 1531.6666666666667 to int loses precision in APPPATH\Controllers\AdmPost.php on line 3141.
 1 APPPATH\Controllers\AdmPost.php(3416): App\Controllers\AdmPost->secondsToTime(1531.6666666666667)
 2 SYSTEMPATH\CodeIgniter.php(934): App\Controllers\AdmPost->relatorio_analitico()
 3 SYSTEMPATH\CodeIgniter.php(499): CodeIgniter\CodeIgniter->runController(Object(App\Controllers\AdmPost))
 4 SYSTEMPATH\CodeIgniter.php(368): CodeIgniter\CodeIgniter->handleRequest(null, Object(Config\Cache), false)
 5 FCPATH\index.php(67): CodeIgniter\CodeIgniter->run()
WARNING - 2024-07-19 15:43:08 --> [DEPRECATED] Implicit conversion from float 1531.6666666666667 to int loses precision in APPPATH\Controllers\AdmPost.php on line 3142.
 1 APPPATH\Controllers\AdmPost.php(3416): App\Controllers\AdmPost->secondsToTime(1531.6666666666667)
 2 SYSTEMPATH\CodeIgniter.php(934): App\Controllers\AdmPost->relatorio_analitico()
 3 SYSTEMPATH\CodeIgniter.php(499): CodeIgniter\CodeIgniter->runController(Object(App\Controllers\AdmPost))
 4 SYSTEMPATH\CodeIgniter.php(368): CodeIgniter\CodeIgniter->handleRequest(null, Object(Config\Cache), false)
 5 FCPATH\index.php(67): CodeIgniter\CodeIgniter->run()
WARNING - 2024-07-19 15:44:49 --> [DEPRECATED] Implicit conversion from float 134.2972972972973 to int loses precision in APPPATH\Controllers\AdmPost.php on line 3141.
 1 APPPATH\Controllers\AdmPost.php(3416): App\Controllers\AdmPost->secondsToTime(134.2972972972973)
 2 SYSTEMPATH\CodeIgniter.php(934): App\Controllers\AdmPost->relatorio_analitico()
 3 SYSTEMPATH\CodeIgniter.php(499): CodeIgniter\CodeIgniter->runController(Object(App\Controllers\AdmPost))
 4 SYSTEMPATH\CodeIgniter.php(368): CodeIgniter\CodeIgniter->handleRequest(null, Object(Config\Cache), false)
 5 FCPATH\index.php(67): CodeIgniter\CodeIgniter->run()
WARNING - 2024-07-19 15:44:49 --> [DEPRECATED] Implicit conversion from float 134.2972972972973 to int loses precision in APPPATH\Controllers\AdmPost.php on line 3142.
 1 APPPATH\Controllers\AdmPost.php(3416): App\Controllers\AdmPost->secondsToTime(134.2972972972973)
 2 SYSTEMPATH\CodeIgniter.php(934): App\Controllers\AdmPost->relatorio_analitico()
 3 SYSTEMPATH\CodeIgniter.php(499): CodeIgniter\CodeIgniter->runController(Object(App\Controllers\AdmPost))
 4 SYSTEMPATH\CodeIgniter.php(368): CodeIgniter\CodeIgniter->handleRequest(null, Object(Config\Cache), false)
 5 FCPATH\index.php(67): CodeIgniter\CodeIgniter->run()
WARNING - 2024-07-19 15:44:49 --> [DEPRECATED] Implicit conversion from float 1531.6666666666667 to int loses precision in APPPATH\Controllers\AdmPost.php on line 3141.
 1 APPPATH\Controllers\AdmPost.php(3416): App\Controllers\AdmPost->secondsToTime(1531.6666666666667)
 2 SYSTEMPATH\CodeIgniter.php(934): App\Controllers\AdmPost->relatorio_analitico()
 3 SYSTEMPATH\CodeIgniter.php(499): CodeIgniter\CodeIgniter->runController(Object(App\Controllers\AdmPost))
 4 SYSTEMPATH\CodeIgniter.php(368): CodeIgniter\CodeIgniter->handleRequest(null, Object(Config\Cache), false)
 5 FCPATH\index.php(67): CodeIgniter\CodeIgniter->run()
WARNING - 2024-07-19 15:44:49 --> [DEPRECATED] Implicit conversion from float 1531.6666666666667 to int loses precision in APPPATH\Controllers\AdmPost.php on line 3142.
 1 APPPATH\Controllers\AdmPost.php(3416): App\Controllers\AdmPost->secondsToTime(1531.6666666666667)
 2 SYSTEMPATH\CodeIgniter.php(934): App\Controllers\AdmPost->relatorio_analitico()
 3 SYSTEMPATH\CodeIgniter.php(499): CodeIgniter\CodeIgniter->runController(Object(App\Controllers\AdmPost))
 4 SYSTEMPATH\CodeIgniter.php(368): CodeIgniter\CodeIgniter->handleRequest(null, Object(Config\Cache), false)
 5 FCPATH\index.php(67): CodeIgniter\CodeIgniter->run()
WARNING - 2024-07-19 15:45:36 --> [DEPRECATED] Implicit conversion from float 134.2972972972973 to int loses precision in APPPATH\Controllers\AdmPost.php on line 3141.
 1 APPPATH\Controllers\AdmPost.php(3416): App\Controllers\AdmPost->secondsToTime(134.2972972972973)
 2 SYSTEMPATH\CodeIgniter.php(934): App\Controllers\AdmPost->relatorio_analitico()
 3 SYSTEMPATH\CodeIgniter.php(499): CodeIgniter\CodeIgniter->runController(Object(App\Controllers\AdmPost))
 4 SYSTEMPATH\CodeIgniter.php(368): CodeIgniter\CodeIgniter->handleRequest(null, Object(Config\Cache), false)
 5 FCPATH\index.php(67): CodeIgniter\CodeIgniter->run()
WARNING - 2024-07-19 15:45:36 --> [DEPRECATED] Implicit conversion from float 134.2972972972973 to int loses precision in APPPATH\Controllers\AdmPost.php on line 3142.
 1 APPPATH\Controllers\AdmPost.php(3416): App\Controllers\AdmPost->secondsToTime(134.2972972972973)
 2 SYSTEMPATH\CodeIgniter.php(934): App\Controllers\AdmPost->relatorio_analitico()
 3 SYSTEMPATH\CodeIgniter.php(499): CodeIgniter\CodeIgniter->runController(Object(App\Controllers\AdmPost))
 4 SYSTEMPATH\CodeIgniter.php(368): CodeIgniter\CodeIgniter->handleRequest(null, Object(Config\Cache), false)
 5 FCPATH\index.php(67): CodeIgniter\CodeIgniter->run()
WARNING - 2024-07-19 15:45:36 --> [DEPRECATED] Implicit conversion from float 1531.6666666666667 to int loses precision in APPPATH\Controllers\AdmPost.php on line 3141.
 1 APPPATH\Controllers\AdmPost.php(3416): App\Controllers\AdmPost->secondsToTime(1531.6666666666667)
 2 SYSTEMPATH\CodeIgniter.php(934): App\Controllers\AdmPost->relatorio_analitico()
 3 SYSTEMPATH\CodeIgniter.php(499): CodeIgniter\CodeIgniter->runController(Object(App\Controllers\AdmPost))
 4 SYSTEMPATH\CodeIgniter.php(368): CodeIgniter\CodeIgniter->handleRequest(null, Object(Config\Cache), false)
 5 FCPATH\index.php(67): CodeIgniter\CodeIgniter->run()
WARNING - 2024-07-19 15:45:36 --> [DEPRECATED] Implicit conversion from float 1531.6666666666667 to int loses precision in APPPATH\Controllers\AdmPost.php on line 3142.
 1 APPPATH\Controllers\AdmPost.php(3416): App\Controllers\AdmPost->secondsToTime(1531.6666666666667)
 2 SYSTEMPATH\CodeIgniter.php(934): App\Controllers\AdmPost->relatorio_analitico()
 3 SYSTEMPATH\CodeIgniter.php(499): CodeIgniter\CodeIgniter->runController(Object(App\Controllers\AdmPost))
 4 SYSTEMPATH\CodeIgniter.php(368): CodeIgniter\CodeIgniter->handleRequest(null, Object(Config\Cache), false)
 5 FCPATH\index.php(67): CodeIgniter\CodeIgniter->run()
WARNING - 2024-07-19 15:45:59 --> [DEPRECATED] Implicit conversion from float 134.2972972972973 to int loses precision in APPPATH\Controllers\AdmPost.php on line 3141.
 1 APPPATH\Controllers\AdmPost.php(3416): App\Controllers\AdmPost->secondsToTime(134.2972972972973)
 2 SYSTEMPATH\CodeIgniter.php(934): App\Controllers\AdmPost->relatorio_analitico()
 3 SYSTEMPATH\CodeIgniter.php(499): CodeIgniter\CodeIgniter->runController(Object(App\Controllers\AdmPost))
 4 SYSTEMPATH\CodeIgniter.php(368): CodeIgniter\CodeIgniter->handleRequest(null, Object(Config\Cache), false)
 5 FCPATH\index.php(67): CodeIgniter\CodeIgniter->run()
WARNING - 2024-07-19 15:45:59 --> [DEPRECATED] Implicit conversion from float 134.2972972972973 to int loses precision in APPPATH\Controllers\AdmPost.php on line 3142.
 1 APPPATH\Controllers\AdmPost.php(3416): App\Controllers\AdmPost->secondsToTime(134.2972972972973)
 2 SYSTEMPATH\CodeIgniter.php(934): App\Controllers\AdmPost->relatorio_analitico()
 3 SYSTEMPATH\CodeIgniter.php(499): CodeIgniter\CodeIgniter->runController(Object(App\Controllers\AdmPost))
 4 SYSTEMPATH\CodeIgniter.php(368): CodeIgniter\CodeIgniter->handleRequest(null, Object(Config\Cache), false)
 5 FCPATH\index.php(67): CodeIgniter\CodeIgniter->run()
WARNING - 2024-07-19 15:45:59 --> [DEPRECATED] Implicit conversion from float 1531.6666666666667 to int loses precision in APPPATH\Controllers\AdmPost.php on line 3141.
 1 APPPATH\Controllers\AdmPost.php(3416): App\Controllers\AdmPost->secondsToTime(1531.6666666666667)
 2 SYSTEMPATH\CodeIgniter.php(934): App\Controllers\AdmPost->relatorio_analitico()
 3 SYSTEMPATH\CodeIgniter.php(499): CodeIgniter\CodeIgniter->runController(Object(App\Controllers\AdmPost))
 4 SYSTEMPATH\CodeIgniter.php(368): CodeIgniter\CodeIgniter->handleRequest(null, Object(Config\Cache), false)
 5 FCPATH\index.php(67): CodeIgniter\CodeIgniter->run()
WARNING - 2024-07-19 15:45:59 --> [DEPRECATED] Implicit conversion from float 1531.6666666666667 to int loses precision in APPPATH\Controllers\AdmPost.php on line 3142.
 1 APPPATH\Controllers\AdmPost.php(3416): App\Controllers\AdmPost->secondsToTime(1531.6666666666667)
 2 SYSTEMPATH\CodeIgniter.php(934): App\Controllers\AdmPost->relatorio_analitico()
 3 SYSTEMPATH\CodeIgniter.php(499): CodeIgniter\CodeIgniter->runController(Object(App\Controllers\AdmPost))
 4 SYSTEMPATH\CodeIgniter.php(368): CodeIgniter\CodeIgniter->handleRequest(null, Object(Config\Cache), false)
 5 FCPATH\index.php(67): CodeIgniter\CodeIgniter->run()
WARNING - 2024-07-19 15:47:09 --> [DEPRECATED] Implicit conversion from float 134.2972972972973 to int loses precision in APPPATH\Controllers\AdmPost.php on line 3141.
 1 APPPATH\Controllers\AdmPost.php(3416): App\Controllers\AdmPost->secondsToTime(134.2972972972973)
 2 SYSTEMPATH\CodeIgniter.php(934): App\Controllers\AdmPost->relatorio_analitico()
 3 SYSTEMPATH\CodeIgniter.php(499): CodeIgniter\CodeIgniter->runController(Object(App\Controllers\AdmPost))
 4 SYSTEMPATH\CodeIgniter.php(368): CodeIgniter\CodeIgniter->handleRequest(null, Object(Config\Cache), false)
 5 FCPATH\index.php(67): CodeIgniter\CodeIgniter->run()
WARNING - 2024-07-19 15:47:09 --> [DEPRECATED] Implicit conversion from float 134.2972972972973 to int loses precision in APPPATH\Controllers\AdmPost.php on line 3142.
 1 APPPATH\Controllers\AdmPost.php(3416): App\Controllers\AdmPost->secondsToTime(134.2972972972973)
 2 SYSTEMPATH\CodeIgniter.php(934): App\Controllers\AdmPost->relatorio_analitico()
 3 SYSTEMPATH\CodeIgniter.php(499): CodeIgniter\CodeIgniter->runController(Object(App\Controllers\AdmPost))
 4 SYSTEMPATH\CodeIgniter.php(368): CodeIgniter\CodeIgniter->handleRequest(null, Object(Config\Cache), false)
 5 FCPATH\index.php(67): CodeIgniter\CodeIgniter->run()
WARNING - 2024-07-19 15:47:09 --> [DEPRECATED] Implicit conversion from float 1531.6666666666667 to int loses precision in APPPATH\Controllers\AdmPost.php on line 3141.
 1 APPPATH\Controllers\AdmPost.php(3416): App\Controllers\AdmPost->secondsToTime(1531.6666666666667)
 2 SYSTEMPATH\CodeIgniter.php(934): App\Controllers\AdmPost->relatorio_analitico()
 3 SYSTEMPATH\CodeIgniter.php(499): CodeIgniter\CodeIgniter->runController(Object(App\Controllers\AdmPost))
 4 SYSTEMPATH\CodeIgniter.php(368): CodeIgniter\CodeIgniter->handleRequest(null, Object(Config\Cache), false)
 5 FCPATH\index.php(67): CodeIgniter\CodeIgniter->run()
WARNING - 2024-07-19 15:47:09 --> [DEPRECATED] Implicit conversion from float 1531.6666666666667 to int loses precision in APPPATH\Controllers\AdmPost.php on line 3142.
 1 APPPATH\Controllers\AdmPost.php(3416): App\Controllers\AdmPost->secondsToTime(1531.6666666666667)
 2 SYSTEMPATH\CodeIgniter.php(934): App\Controllers\AdmPost->relatorio_analitico()
 3 SYSTEMPATH\CodeIgniter.php(499): CodeIgniter\CodeIgniter->runController(Object(App\Controllers\AdmPost))
 4 SYSTEMPATH\CodeIgniter.php(368): CodeIgniter\CodeIgniter->handleRequest(null, Object(Config\Cache), false)
 5 FCPATH\index.php(67): CodeIgniter\CodeIgniter->run()
WARNING - 2024-07-19 15:54:13 --> [DEPRECATED] Implicit conversion from float 134.2972972972973 to int loses precision in APPPATH\Controllers\AdmPost.php on line 3141.
 1 APPPATH\Controllers\AdmPost.php(3416): App\Controllers\AdmPost->secondsToTime(134.2972972972973)
 2 SYSTEMPATH\CodeIgniter.php(934): App\Controllers\AdmPost->relatorio_analitico()
 3 SYSTEMPATH\CodeIgniter.php(499): CodeIgniter\CodeIgniter->runController(Object(App\Controllers\AdmPost))
 4 SYSTEMPATH\CodeIgniter.php(368): CodeIgniter\CodeIgniter->handleRequest(null, Object(Config\Cache), false)
 5 FCPATH\index.php(67): CodeIgniter\CodeIgniter->run()
WARNING - 2024-07-19 15:54:13 --> [DEPRECATED] Implicit conversion from float 134.2972972972973 to int loses precision in APPPATH\Controllers\AdmPost.php on line 3142.
 1 APPPATH\Controllers\AdmPost.php(3416): App\Controllers\AdmPost->secondsToTime(134.2972972972973)
 2 SYSTEMPATH\CodeIgniter.php(934): App\Controllers\AdmPost->relatorio_analitico()
 3 SYSTEMPATH\CodeIgniter.php(499): CodeIgniter\CodeIgniter->runController(Object(App\Controllers\AdmPost))
 4 SYSTEMPATH\CodeIgniter.php(368): CodeIgniter\CodeIgniter->handleRequest(null, Object(Config\Cache), false)
 5 FCPATH\index.php(67): CodeIgniter\CodeIgniter->run()
WARNING - 2024-07-19 15:54:13 --> [DEPRECATED] Implicit conversion from float 1531.6666666666667 to int loses precision in APPPATH\Controllers\AdmPost.php on line 3141.
 1 APPPATH\Controllers\AdmPost.php(3416): App\Controllers\AdmPost->secondsToTime(1531.6666666666667)
 2 SYSTEMPATH\CodeIgniter.php(934): App\Controllers\AdmPost->relatorio_analitico()
 3 SYSTEMPATH\CodeIgniter.php(499): CodeIgniter\CodeIgniter->runController(Object(App\Controllers\AdmPost))
 4 SYSTEMPATH\CodeIgniter.php(368): CodeIgniter\CodeIgniter->handleRequest(null, Object(Config\Cache), false)
 5 FCPATH\index.php(67): CodeIgniter\CodeIgniter->run()
WARNING - 2024-07-19 15:54:13 --> [DEPRECATED] Implicit conversion from float 1531.6666666666667 to int loses precision in APPPATH\Controllers\AdmPost.php on line 3142.
 1 APPPATH\Controllers\AdmPost.php(3416): App\Controllers\AdmPost->secondsToTime(1531.6666666666667)
 2 SYSTEMPATH\CodeIgniter.php(934): App\Controllers\AdmPost->relatorio_analitico()
 3 SYSTEMPATH\CodeIgniter.php(499): CodeIgniter\CodeIgniter->runController(Object(App\Controllers\AdmPost))
 4 SYSTEMPATH\CodeIgniter.php(368): CodeIgniter\CodeIgniter->handleRequest(null, Object(Config\Cache), false)
 5 FCPATH\index.php(67): CodeIgniter\CodeIgniter->run()
CRITICAL - 2024-07-19 17:49:50 --> foreach() argument must be of type array|object, null given
in APPPATH\Controllers\AdmPost.php on line 3246.
 1 APPPATH\Controllers\AdmPost.php(3246): CodeIgniter\Debug\Exceptions->errorHandler(2, 'foreach() argument must be of type array|object, null given', 'C:\\xampp\\htdocs\\codi\\app\\Controllers\\AdmPost.php', 3246)
 2 SYSTEMPATH\CodeIgniter.php(934): App\Controllers\AdmPost->relatorio_analitico()
 3 SYSTEMPATH\CodeIgniter.php(499): CodeIgniter\CodeIgniter->runController(Object(App\Controllers\AdmPost))
 4 SYSTEMPATH\CodeIgniter.php(368): CodeIgniter\CodeIgniter->handleRequest(null, Object(Config\Cache), false)
 5 FCPATH\index.php(67): CodeIgniter\CodeIgniter->run()
WARNING - 2024-07-19 17:56:17 --> [DEPRECATED] Implicit conversion from float 216.76488095238096 to int loses precision in APPPATH\Controllers\AdmPost.php on line 3174.
 1 APPPATH\Controllers\AdmPost.php(3447): App\Controllers\AdmPost->secondsToTime(216.76488095238096)
 2 SYSTEMPATH\CodeIgniter.php(934): App\Controllers\AdmPost->relatorio_analitico()
 3 SYSTEMPATH\CodeIgniter.php(499): CodeIgniter\CodeIgniter->runController(Object(App\Controllers\AdmPost))
 4 SYSTEMPATH\CodeIgniter.php(368): CodeIgniter\CodeIgniter->handleRequest(null, Object(Config\Cache), false)
 5 FCPATH\index.php(67): CodeIgniter\CodeIgniter->run()
WARNING - 2024-07-19 17:56:17 --> [DEPRECATED] Implicit conversion from float 216.76488095238096 to int loses precision in APPPATH\Controllers\AdmPost.php on line 3175.
 1 APPPATH\Controllers\AdmPost.php(3447): App\Controllers\AdmPost->secondsToTime(216.76488095238096)
 2 SYSTEMPATH\CodeIgniter.php(934): App\Controllers\AdmPost->relatorio_analitico()
 3 SYSTEMPATH\CodeIgniter.php(499): CodeIgniter\CodeIgniter->runController(Object(App\Controllers\AdmPost))
 4 SYSTEMPATH\CodeIgniter.php(368): CodeIgniter\CodeIgniter->handleRequest(null, Object(Config\Cache), false)
 5 FCPATH\index.php(67): CodeIgniter\CodeIgniter->run()
WARNING - 2024-07-19 17:56:17 --> [DEPRECATED] Implicit conversion from float 2376.9765886287623 to int loses precision in APPPATH\Controllers\AdmPost.php on line 3174.
 1 APPPATH\Controllers\AdmPost.php(3447): App\Controllers\AdmPost->secondsToTime(2376.9765886287623)
 2 SYSTEMPATH\CodeIgniter.php(934): App\Controllers\AdmPost->relatorio_analitico()
 3 SYSTEMPATH\CodeIgniter.php(499): CodeIgniter\CodeIgniter->runController(Object(App\Controllers\AdmPost))
 4 SYSTEMPATH\CodeIgniter.php(368): CodeIgniter\CodeIgniter->handleRequest(null, Object(Config\Cache), false)
 5 FCPATH\index.php(67): CodeIgniter\CodeIgniter->run()
WARNING - 2024-07-19 17:56:17 --> [DEPRECATED] Implicit conversion from float 2376.9765886287623 to int loses precision in APPPATH\Controllers\AdmPost.php on line 3175.
 1 APPPATH\Controllers\AdmPost.php(3447): App\Controllers\AdmPost->secondsToTime(2376.9765886287623)
 2 SYSTEMPATH\CodeIgniter.php(934): App\Controllers\AdmPost->relatorio_analitico()
 3 SYSTEMPATH\CodeIgniter.php(499): CodeIgniter\CodeIgniter->runController(Object(App\Controllers\AdmPost))
 4 SYSTEMPATH\CodeIgniter.php(368): CodeIgniter\CodeIgniter->handleRequest(null, Object(Config\Cache), false)
 5 FCPATH\index.php(67): CodeIgniter\CodeIgniter->run()
WARNING - 2024-07-19 17:56:35 --> [DEPRECATED] Implicit conversion from float 216.76488095238096 to int loses precision in APPPATH\Controllers\AdmPost.php on line 3174.
 1 APPPATH\Controllers\AdmPost.php(3447): App\Controllers\AdmPost->secondsToTime(216.76488095238096)
 2 SYSTEMPATH\CodeIgniter.php(934): App\Controllers\AdmPost->relatorio_analitico()
 3 SYSTEMPATH\CodeIgniter.php(499): CodeIgniter\CodeIgniter->runController(Object(App\Controllers\AdmPost))
 4 SYSTEMPATH\CodeIgniter.php(368): CodeIgniter\CodeIgniter->handleRequest(null, Object(Config\Cache), false)
 5 FCPATH\index.php(67): CodeIgniter\CodeIgniter->run()
WARNING - 2024-07-19 17:56:35 --> [DEPRECATED] Implicit conversion from float 216.76488095238096 to int loses precision in APPPATH\Controllers\AdmPost.php on line 3175.
 1 APPPATH\Controllers\AdmPost.php(3447): App\Controllers\AdmPost->secondsToTime(216.76488095238096)
 2 SYSTEMPATH\CodeIgniter.php(934): App\Controllers\AdmPost->relatorio_analitico()
 3 SYSTEMPATH\CodeIgniter.php(499): CodeIgniter\CodeIgniter->runController(Object(App\Controllers\AdmPost))
 4 SYSTEMPATH\CodeIgniter.php(368): CodeIgniter\CodeIgniter->handleRequest(null, Object(Config\Cache), false)
 5 FCPATH\index.php(67): CodeIgniter\CodeIgniter->run()
WARNING - 2024-07-19 17:56:35 --> [DEPRECATED] Implicit conversion from float 2376.9765886287623 to int loses precision in APPPATH\Controllers\AdmPost.php on line 3174.
 1 APPPATH\Controllers\AdmPost.php(3447): App\Controllers\AdmPost->secondsToTime(2376.9765886287623)
 2 SYSTEMPATH\CodeIgniter.php(934): App\Controllers\AdmPost->relatorio_analitico()
 3 SYSTEMPATH\CodeIgniter.php(499): CodeIgniter\CodeIgniter->runController(Object(App\Controllers\AdmPost))
 4 SYSTEMPATH\CodeIgniter.php(368): CodeIgniter\CodeIgniter->handleRequest(null, Object(Config\Cache), false)
 5 FCPATH\index.php(67): CodeIgniter\CodeIgniter->run()
WARNING - 2024-07-19 17:56:35 --> [DEPRECATED] Implicit conversion from float 2376.9765886287623 to int loses precision in APPPATH\Controllers\AdmPost.php on line 3175.
 1 APPPATH\Controllers\AdmPost.php(3447): App\Controllers\AdmPost->secondsToTime(2376.9765886287623)
 2 SYSTEMPATH\CodeIgniter.php(934): App\Controllers\AdmPost->relatorio_analitico()
 3 SYSTEMPATH\CodeIgniter.php(499): CodeIgniter\CodeIgniter->runController(Object(App\Controllers\AdmPost))
 4 SYSTEMPATH\CodeIgniter.php(368): CodeIgniter\CodeIgniter->handleRequest(null, Object(Config\Cache), false)
 5 FCPATH\index.php(67): CodeIgniter\CodeIgniter->run()
WARNING - 2024-07-19 17:58:35 --> [DEPRECATED] Implicit conversion from float 216.76488095238096 to int loses precision in APPPATH\Controllers\AdmPost.php on line 3174.
 1 APPPATH\Controllers\AdmPost.php(3446): App\Controllers\AdmPost->secondsToTime(216.76488095238096)
 2 SYSTEMPATH\CodeIgniter.php(934): App\Controllers\AdmPost->relatorio_analitico()
 3 SYSTEMPATH\CodeIgniter.php(499): CodeIgniter\CodeIgniter->runController(Object(App\Controllers\AdmPost))
 4 SYSTEMPATH\CodeIgniter.php(368): CodeIgniter\CodeIgniter->handleRequest(null, Object(Config\Cache), false)
 5 FCPATH\index.php(67): CodeIgniter\CodeIgniter->run()
WARNING - 2024-07-19 17:58:35 --> [DEPRECATED] Implicit conversion from float 216.76488095238096 to int loses precision in APPPATH\Controllers\AdmPost.php on line 3175.
 1 APPPATH\Controllers\AdmPost.php(3446): App\Controllers\AdmPost->secondsToTime(216.76488095238096)
 2 SYSTEMPATH\CodeIgniter.php(934): App\Controllers\AdmPost->relatorio_analitico()
 3 SYSTEMPATH\CodeIgniter.php(499): CodeIgniter\CodeIgniter->runController(Object(App\Controllers\AdmPost))
 4 SYSTEMPATH\CodeIgniter.php(368): CodeIgniter\CodeIgniter->handleRequest(null, Object(Config\Cache), false)
 5 FCPATH\index.php(67): CodeIgniter\CodeIgniter->run()
WARNING - 2024-07-19 17:58:35 --> [DEPRECATED] Implicit conversion from float 2376.9765886287623 to int loses precision in APPPATH\Controllers\AdmPost.php on line 3174.
 1 APPPATH\Controllers\AdmPost.php(3446): App\Controllers\AdmPost->secondsToTime(2376.9765886287623)
 2 SYSTEMPATH\CodeIgniter.php(934): App\Controllers\AdmPost->relatorio_analitico()
 3 SYSTEMPATH\CodeIgniter.php(499): CodeIgniter\CodeIgniter->runController(Object(App\Controllers\AdmPost))
 4 SYSTEMPATH\CodeIgniter.php(368): CodeIgniter\CodeIgniter->handleRequest(null, Object(Config\Cache), false)
 5 FCPATH\index.php(67): CodeIgniter\CodeIgniter->run()
WARNING - 2024-07-19 17:58:35 --> [DEPRECATED] Implicit conversion from float 2376.9765886287623 to int loses precision in APPPATH\Controllers\AdmPost.php on line 3175.
 1 APPPATH\Controllers\AdmPost.php(3446): App\Controllers\AdmPost->secondsToTime(2376.9765886287623)
 2 SYSTEMPATH\CodeIgniter.php(934): App\Controllers\AdmPost->relatorio_analitico()
 3 SYSTEMPATH\CodeIgniter.php(499): CodeIgniter\CodeIgniter->runController(Object(App\Controllers\AdmPost))
 4 SYSTEMPATH\CodeIgniter.php(368): CodeIgniter\CodeIgniter->handleRequest(null, Object(Config\Cache), false)
 5 FCPATH\index.php(67): CodeIgniter\CodeIgniter->run()
WARNING - 2024-07-19 18:01:35 --> [DEPRECATED] Implicit conversion from float 216.76488095238096 to int loses precision in APPPATH\Controllers\AdmPost.php on line 3174.
 1 APPPATH\Controllers\AdmPost.php(3450): App\Controllers\AdmPost->secondsToTime(216.76488095238096)
 2 SYSTEMPATH\CodeIgniter.php(934): App\Controllers\AdmPost->relatorio_analitico()
 3 SYSTEMPATH\CodeIgniter.php(499): CodeIgniter\CodeIgniter->runController(Object(App\Controllers\AdmPost))
 4 SYSTEMPATH\CodeIgniter.php(368): CodeIgniter\CodeIgniter->handleRequest(null, Object(Config\Cache), false)
 5 FCPATH\index.php(67): CodeIgniter\CodeIgniter->run()
WARNING - 2024-07-19 18:01:35 --> [DEPRECATED] Implicit conversion from float 216.76488095238096 to int loses precision in APPPATH\Controllers\AdmPost.php on line 3175.
 1 APPPATH\Controllers\AdmPost.php(3450): App\Controllers\AdmPost->secondsToTime(216.76488095238096)
 2 SYSTEMPATH\CodeIgniter.php(934): App\Controllers\AdmPost->relatorio_analitico()
 3 SYSTEMPATH\CodeIgniter.php(499): CodeIgniter\CodeIgniter->runController(Object(App\Controllers\AdmPost))
 4 SYSTEMPATH\CodeIgniter.php(368): CodeIgniter\CodeIgniter->handleRequest(null, Object(Config\Cache), false)
 5 FCPATH\index.php(67): CodeIgniter\CodeIgniter->run()
WARNING - 2024-07-19 18:01:35 --> [DEPRECATED] Implicit conversion from float 2376.9765886287623 to int loses precision in APPPATH\Controllers\AdmPost.php on line 3174.
 1 APPPATH\Controllers\AdmPost.php(3450): App\Controllers\AdmPost->secondsToTime(2376.9765886287623)
 2 SYSTEMPATH\CodeIgniter.php(934): App\Controllers\AdmPost->relatorio_analitico()
 3 SYSTEMPATH\CodeIgniter.php(499): CodeIgniter\CodeIgniter->runController(Object(App\Controllers\AdmPost))
 4 SYSTEMPATH\CodeIgniter.php(368): CodeIgniter\CodeIgniter->handleRequest(null, Object(Config\Cache), false)
 5 FCPATH\index.php(67): CodeIgniter\CodeIgniter->run()
WARNING - 2024-07-19 18:01:35 --> [DEPRECATED] Implicit conversion from float 2376.9765886287623 to int loses precision in APPPATH\Controllers\AdmPost.php on line 3175.
 1 APPPATH\Controllers\AdmPost.php(3450): App\Controllers\AdmPost->secondsToTime(2376.9765886287623)
 2 SYSTEMPATH\CodeIgniter.php(934): App\Controllers\AdmPost->relatorio_analitico()
 3 SYSTEMPATH\CodeIgniter.php(499): CodeIgniter\CodeIgniter->runController(Object(App\Controllers\AdmPost))
 4 SYSTEMPATH\CodeIgniter.php(368): CodeIgniter\CodeIgniter->handleRequest(null, Object(Config\Cache), false)
 5 FCPATH\index.php(67): CodeIgniter\CodeIgniter->run()
WARNING - 2024-07-19 18:02:23 --> [DEPRECATED] Implicit conversion from float 216.76488095238096 to int loses precision in APPPATH\Controllers\AdmPost.php on line 3174.
 1 APPPATH\Controllers\AdmPost.php(3450): App\Controllers\AdmPost->secondsToTime(216.76488095238096)
 2 SYSTEMPATH\CodeIgniter.php(934): App\Controllers\AdmPost->relatorio_analitico()
 3 SYSTEMPATH\CodeIgniter.php(499): CodeIgniter\CodeIgniter->runController(Object(App\Controllers\AdmPost))
 4 SYSTEMPATH\CodeIgniter.php(368): CodeIgniter\CodeIgniter->handleRequest(null, Object(Config\Cache), false)
 5 FCPATH\index.php(67): CodeIgniter\CodeIgniter->run()
WARNING - 2024-07-19 18:02:23 --> [DEPRECATED] Implicit conversion from float 216.76488095238096 to int loses precision in APPPATH\Controllers\AdmPost.php on line 3175.
 1 APPPATH\Controllers\AdmPost.php(3450): App\Controllers\AdmPost->secondsToTime(216.76488095238096)
 2 SYSTEMPATH\CodeIgniter.php(934): App\Controllers\AdmPost->relatorio_analitico()
 3 SYSTEMPATH\CodeIgniter.php(499): CodeIgniter\CodeIgniter->runController(Object(App\Controllers\AdmPost))
 4 SYSTEMPATH\CodeIgniter.php(368): CodeIgniter\CodeIgniter->handleRequest(null, Object(Config\Cache), false)
 5 FCPATH\index.php(67): CodeIgniter\CodeIgniter->run()
WARNING - 2024-07-19 18:02:23 --> [DEPRECATED] Implicit conversion from float 2376.9765886287623 to int loses precision in APPPATH\Controllers\AdmPost.php on line 3174.
 1 APPPATH\Controllers\AdmPost.php(3450): App\Controllers\AdmPost->secondsToTime(2376.9765886287623)
 2 SYSTEMPATH\CodeIgniter.php(934): App\Controllers\AdmPost->relatorio_analitico()
 3 SYSTEMPATH\CodeIgniter.php(499): CodeIgniter\CodeIgniter->runController(Object(App\Controllers\AdmPost))
 4 SYSTEMPATH\CodeIgniter.php(368): CodeIgniter\CodeIgniter->handleRequest(null, Object(Config\Cache), false)
 5 FCPATH\index.php(67): CodeIgniter\CodeIgniter->run()
WARNING - 2024-07-19 18:02:23 --> [DEPRECATED] Implicit conversion from float 2376.9765886287623 to int loses precision in APPPATH\Controllers\AdmPost.php on line 3175.
 1 APPPATH\Controllers\AdmPost.php(3450): App\Controllers\AdmPost->secondsToTime(2376.9765886287623)
 2 SYSTEMPATH\CodeIgniter.php(934): App\Controllers\AdmPost->relatorio_analitico()
 3 SYSTEMPATH\CodeIgniter.php(499): CodeIgniter\CodeIgniter->runController(Object(App\Controllers\AdmPost))
 4 SYSTEMPATH\CodeIgniter.php(368): CodeIgniter\CodeIgniter->handleRequest(null, Object(Config\Cache), false)
 5 FCPATH\index.php(67): CodeIgniter\CodeIgniter->run()
WARNING - 2024-07-19 18:03:22 --> [DEPRECATED] Implicit conversion from float 216.76488095238096 to int loses precision in APPPATH\Controllers\AdmPost.php on line 3174.
 1 APPPATH\Controllers\AdmPost.php(3451): App\Controllers\AdmPost->secondsToTime(216.76488095238096)
 2 SYSTEMPATH\CodeIgniter.php(934): App\Controllers\AdmPost->relatorio_analitico()
 3 SYSTEMPATH\CodeIgniter.php(499): CodeIgniter\CodeIgniter->runController(Object(App\Controllers\AdmPost))
 4 SYSTEMPATH\CodeIgniter.php(368): CodeIgniter\CodeIgniter->handleRequest(null, Object(Config\Cache), false)
 5 FCPATH\index.php(67): CodeIgniter\CodeIgniter->run()
WARNING - 2024-07-19 18:03:22 --> [DEPRECATED] Implicit conversion from float 216.76488095238096 to int loses precision in APPPATH\Controllers\AdmPost.php on line 3175.
 1 APPPATH\Controllers\AdmPost.php(3451): App\Controllers\AdmPost->secondsToTime(216.76488095238096)
 2 SYSTEMPATH\CodeIgniter.php(934): App\Controllers\AdmPost->relatorio_analitico()
 3 SYSTEMPATH\CodeIgniter.php(499): CodeIgniter\CodeIgniter->runController(Object(App\Controllers\AdmPost))
 4 SYSTEMPATH\CodeIgniter.php(368): CodeIgniter\CodeIgniter->handleRequest(null, Object(Config\Cache), false)
 5 FCPATH\index.php(67): CodeIgniter\CodeIgniter->run()
WARNING - 2024-07-19 18:03:22 --> [DEPRECATED] Implicit conversion from float 2376.9765886287623 to int loses precision in APPPATH\Controllers\AdmPost.php on line 3174.
 1 APPPATH\Controllers\AdmPost.php(3451): App\Controllers\AdmPost->secondsToTime(2376.9765886287623)
 2 SYSTEMPATH\CodeIgniter.php(934): App\Controllers\AdmPost->relatorio_analitico()
 3 SYSTEMPATH\CodeIgniter.php(499): CodeIgniter\CodeIgniter->runController(Object(App\Controllers\AdmPost))
 4 SYSTEMPATH\CodeIgniter.php(368): CodeIgniter\CodeIgniter->handleRequest(null, Object(Config\Cache), false)
 5 FCPATH\index.php(67): CodeIgniter\CodeIgniter->run()
WARNING - 2024-07-19 18:03:22 --> [DEPRECATED] Implicit conversion from float 2376.9765886287623 to int loses precision in APPPATH\Controllers\AdmPost.php on line 3175.
 1 APPPATH\Controllers\AdmPost.php(3451): App\Controllers\AdmPost->secondsToTime(2376.9765886287623)
 2 SYSTEMPATH\CodeIgniter.php(934): App\Controllers\AdmPost->relatorio_analitico()
 3 SYSTEMPATH\CodeIgniter.php(499): CodeIgniter\CodeIgniter->runController(Object(App\Controllers\AdmPost))
 4 SYSTEMPATH\CodeIgniter.php(368): CodeIgniter\CodeIgniter->handleRequest(null, Object(Config\Cache), false)
 5 FCPATH\index.php(67): CodeIgniter\CodeIgniter->run()
CRITICAL - 2024-07-19 18:06:09 --> Undefined variable $temp_desenhista_tr
in APPPATH\Controllers\AdmPost.php on line 3382.
 1 APPPATH\Controllers\AdmPost.php(3382): CodeIgniter\Debug\Exceptions->errorHandler(2, 'Undefined variable $temp_desenhista_tr', 'C:\\xampp\\htdocs\\codi\\app\\Controllers\\AdmPost.php', 3382)
 2 SYSTEMPATH\CodeIgniter.php(934): App\Controllers\AdmPost->relatorio_analitico()
 3 SYSTEMPATH\CodeIgniter.php(499): CodeIgniter\CodeIgniter->runController(Object(App\Controllers\AdmPost))
 4 SYSTEMPATH\CodeIgniter.php(368): CodeIgniter\CodeIgniter->handleRequest(null, Object(Config\Cache), false)
 5 FCPATH\index.php(67): CodeIgniter\CodeIgniter->run()
CRITICAL - 2024-07-19 18:06:15 --> Undefined variable $temp_desenhista_tr
in APPPATH\Controllers\AdmPost.php on line 3382.
 1 APPPATH\Controllers\AdmPost.php(3382): CodeIgniter\Debug\Exceptions->errorHandler(2, 'Undefined variable $temp_desenhista_tr', 'C:\\xampp\\htdocs\\codi\\app\\Controllers\\AdmPost.php', 3382)
 2 SYSTEMPATH\CodeIgniter.php(934): App\Controllers\AdmPost->relatorio_analitico()
 3 SYSTEMPATH\CodeIgniter.php(499): CodeIgniter\CodeIgniter->runController(Object(App\Controllers\AdmPost))
 4 SYSTEMPATH\CodeIgniter.php(368): CodeIgniter\CodeIgniter->handleRequest(null, Object(Config\Cache), false)
 5 FCPATH\index.php(67): CodeIgniter\CodeIgniter->run()
WARNING - 2024-07-19 18:06:36 --> [DEPRECATED] Implicit conversion from float 216.76488095238096 to int loses precision in APPPATH\Controllers\AdmPost.php on line 3174.
 1 APPPATH\Controllers\AdmPost.php(3453): App\Controllers\AdmPost->secondsToTime(216.76488095238096)
 2 SYSTEMPATH\CodeIgniter.php(934): App\Controllers\AdmPost->relatorio_analitico()
 3 SYSTEMPATH\CodeIgniter.php(499): CodeIgniter\CodeIgniter->runController(Object(App\Controllers\AdmPost))
 4 SYSTEMPATH\CodeIgniter.php(368): CodeIgniter\CodeIgniter->handleRequest(null, Object(Config\Cache), false)
 5 FCPATH\index.php(67): CodeIgniter\CodeIgniter->run()
WARNING - 2024-07-19 18:06:36 --> [DEPRECATED] Implicit conversion from float 216.76488095238096 to int loses precision in APPPATH\Controllers\AdmPost.php on line 3175.
 1 APPPATH\Controllers\AdmPost.php(3453): App\Controllers\AdmPost->secondsToTime(216.76488095238096)
 2 SYSTEMPATH\CodeIgniter.php(934): App\Controllers\AdmPost->relatorio_analitico()
 3 SYSTEMPATH\CodeIgniter.php(499): CodeIgniter\CodeIgniter->runController(Object(App\Controllers\AdmPost))
 4 SYSTEMPATH\CodeIgniter.php(368): CodeIgniter\CodeIgniter->handleRequest(null, Object(Config\Cache), false)
 5 FCPATH\index.php(67): CodeIgniter\CodeIgniter->run()
WARNING - 2024-07-19 18:06:36 --> [DEPRECATED] Implicit conversion from float 2376.9765886287623 to int loses precision in APPPATH\Controllers\AdmPost.php on line 3174.
 1 APPPATH\Controllers\AdmPost.php(3453): App\Controllers\AdmPost->secondsToTime(2376.9765886287623)
 2 SYSTEMPATH\CodeIgniter.php(934): App\Controllers\AdmPost->relatorio_analitico()
 3 SYSTEMPATH\CodeIgniter.php(499): CodeIgniter\CodeIgniter->runController(Object(App\Controllers\AdmPost))
 4 SYSTEMPATH\CodeIgniter.php(368): CodeIgniter\CodeIgniter->handleRequest(null, Object(Config\Cache), false)
 5 FCPATH\index.php(67): CodeIgniter\CodeIgniter->run()
WARNING - 2024-07-19 18:06:36 --> [DEPRECATED] Implicit conversion from float 2376.9765886287623 to int loses precision in APPPATH\Controllers\AdmPost.php on line 3175.
 1 APPPATH\Controllers\AdmPost.php(3453): App\Controllers\AdmPost->secondsToTime(2376.9765886287623)
 2 SYSTEMPATH\CodeIgniter.php(934): App\Controllers\AdmPost->relatorio_analitico()
 3 SYSTEMPATH\CodeIgniter.php(499): CodeIgniter\CodeIgniter->runController(Object(App\Controllers\AdmPost))
 4 SYSTEMPATH\CodeIgniter.php(368): CodeIgniter\CodeIgniter->handleRequest(null, Object(Config\Cache), false)
 5 FCPATH\index.php(67): CodeIgniter\CodeIgniter->run()
WARNING - 2024-07-19 18:10:10 --> [DEPRECATED] Implicit conversion from float 216.76488095238096 to int loses precision in APPPATH\Controllers\AdmPost.php on line 3174.
 1 APPPATH\Controllers\AdmPost.php(3455): App\Controllers\AdmPost->secondsToTime(216.76488095238096)
 2 SYSTEMPATH\CodeIgniter.php(934): App\Controllers\AdmPost->relatorio_analitico()
 3 SYSTEMPATH\CodeIgniter.php(499): CodeIgniter\CodeIgniter->runController(Object(App\Controllers\AdmPost))
 4 SYSTEMPATH\CodeIgniter.php(368): CodeIgniter\CodeIgniter->handleRequest(null, Object(Config\Cache), false)
 5 FCPATH\index.php(67): CodeIgniter\CodeIgniter->run()
WARNING - 2024-07-19 18:10:10 --> [DEPRECATED] Implicit conversion from float 216.76488095238096 to int loses precision in APPPATH\Controllers\AdmPost.php on line 3175.
 1 APPPATH\Controllers\AdmPost.php(3455): App\Controllers\AdmPost->secondsToTime(216.76488095238096)
 2 SYSTEMPATH\CodeIgniter.php(934): App\Controllers\AdmPost->relatorio_analitico()
 3 SYSTEMPATH\CodeIgniter.php(499): CodeIgniter\CodeIgniter->runController(Object(App\Controllers\AdmPost))
 4 SYSTEMPATH\CodeIgniter.php(368): CodeIgniter\CodeIgniter->handleRequest(null, Object(Config\Cache), false)
 5 FCPATH\index.php(67): CodeIgniter\CodeIgniter->run()
WARNING - 2024-07-19 18:10:10 --> [DEPRECATED] Implicit conversion from float 2376.9765886287623 to int loses precision in APPPATH\Controllers\AdmPost.php on line 3174.
 1 APPPATH\Controllers\AdmPost.php(3455): App\Controllers\AdmPost->secondsToTime(2376.9765886287623)
 2 SYSTEMPATH\CodeIgniter.php(934): App\Controllers\AdmPost->relatorio_analitico()
 3 SYSTEMPATH\CodeIgniter.php(499): CodeIgniter\CodeIgniter->runController(Object(App\Controllers\AdmPost))
 4 SYSTEMPATH\CodeIgniter.php(368): CodeIgniter\CodeIgniter->handleRequest(null, Object(Config\Cache), false)
 5 FCPATH\index.php(67): CodeIgniter\CodeIgniter->run()
WARNING - 2024-07-19 18:10:10 --> [DEPRECATED] Implicit conversion from float 2376.9765886287623 to int loses precision in APPPATH\Controllers\AdmPost.php on line 3175.
 1 APPPATH\Controllers\AdmPost.php(3455): App\Controllers\AdmPost->secondsToTime(2376.9765886287623)
 2 SYSTEMPATH\CodeIgniter.php(934): App\Controllers\AdmPost->relatorio_analitico()
 3 SYSTEMPATH\CodeIgniter.php(499): CodeIgniter\CodeIgniter->runController(Object(App\Controllers\AdmPost))
 4 SYSTEMPATH\CodeIgniter.php(368): CodeIgniter\CodeIgniter->handleRequest(null, Object(Config\Cache), false)
 5 FCPATH\index.php(67): CodeIgniter\CodeIgniter->run()
WARNING - 2024-07-19 18:11:47 --> [DEPRECATED] Implicit conversion from float 216.76488095238096 to int loses precision in APPPATH\Controllers\AdmPost.php on line 3174.
 1 APPPATH\Controllers\AdmPost.php(3455): App\Controllers\AdmPost->secondsToTime(216.76488095238096)
 2 SYSTEMPATH\CodeIgniter.php(934): App\Controllers\AdmPost->relatorio_analitico()
 3 SYSTEMPATH\CodeIgniter.php(499): CodeIgniter\CodeIgniter->runController(Object(App\Controllers\AdmPost))
 4 SYSTEMPATH\CodeIgniter.php(368): CodeIgniter\CodeIgniter->handleRequest(null, Object(Config\Cache), false)
 5 FCPATH\index.php(67): CodeIgniter\CodeIgniter->run()
WARNING - 2024-07-19 18:11:47 --> [DEPRECATED] Implicit conversion from float 216.76488095238096 to int loses precision in APPPATH\Controllers\AdmPost.php on line 3175.
 1 APPPATH\Controllers\AdmPost.php(3455): App\Controllers\AdmPost->secondsToTime(216.76488095238096)
 2 SYSTEMPATH\CodeIgniter.php(934): App\Controllers\AdmPost->relatorio_analitico()
 3 SYSTEMPATH\CodeIgniter.php(499): CodeIgniter\CodeIgniter->runController(Object(App\Controllers\AdmPost))
 4 SYSTEMPATH\CodeIgniter.php(368): CodeIgniter\CodeIgniter->handleRequest(null, Object(Config\Cache), false)
 5 FCPATH\index.php(67): CodeIgniter\CodeIgniter->run()
WARNING - 2024-07-19 18:11:47 --> [DEPRECATED] Implicit conversion from float 2376.9765886287623 to int loses precision in APPPATH\Controllers\AdmPost.php on line 3174.
 1 APPPATH\Controllers\AdmPost.php(3455): App\Controllers\AdmPost->secondsToTime(2376.9765886287623)
 2 SYSTEMPATH\CodeIgniter.php(934): App\Controllers\AdmPost->relatorio_analitico()
 3 SYSTEMPATH\CodeIgniter.php(499): CodeIgniter\CodeIgniter->runController(Object(App\Controllers\AdmPost))
 4 SYSTEMPATH\CodeIgniter.php(368): CodeIgniter\CodeIgniter->handleRequest(null, Object(Config\Cache), false)
 5 FCPATH\index.php(67): CodeIgniter\CodeIgniter->run()
WARNING - 2024-07-19 18:11:47 --> [DEPRECATED] Implicit conversion from float 2376.9765886287623 to int loses precision in APPPATH\Controllers\AdmPost.php on line 3175.
 1 APPPATH\Controllers\AdmPost.php(3455): App\Controllers\AdmPost->secondsToTime(2376.9765886287623)
 2 SYSTEMPATH\CodeIgniter.php(934): App\Controllers\AdmPost->relatorio_analitico()
 3 SYSTEMPATH\CodeIgniter.php(499): CodeIgniter\CodeIgniter->runController(Object(App\Controllers\AdmPost))
 4 SYSTEMPATH\CodeIgniter.php(368): CodeIgniter\CodeIgniter->handleRequest(null, Object(Config\Cache), false)
 5 FCPATH\index.php(67): CodeIgniter\CodeIgniter->run()
WARNING - 2024-07-19 18:12:24 --> [DEPRECATED] Implicit conversion from float 216.76488095238096 to int loses precision in APPPATH\Controllers\AdmPost.php on line 3174.
 1 APPPATH\Controllers\AdmPost.php(3456): App\Controllers\AdmPost->secondsToTime(216.76488095238096)
 2 SYSTEMPATH\CodeIgniter.php(934): App\Controllers\AdmPost->relatorio_analitico()
 3 SYSTEMPATH\CodeIgniter.php(499): CodeIgniter\CodeIgniter->runController(Object(App\Controllers\AdmPost))
 4 SYSTEMPATH\CodeIgniter.php(368): CodeIgniter\CodeIgniter->handleRequest(null, Object(Config\Cache), false)
 5 FCPATH\index.php(67): CodeIgniter\CodeIgniter->run()
WARNING - 2024-07-19 18:12:24 --> [DEPRECATED] Implicit conversion from float 216.76488095238096 to int loses precision in APPPATH\Controllers\AdmPost.php on line 3175.
 1 APPPATH\Controllers\AdmPost.php(3456): App\Controllers\AdmPost->secondsToTime(216.76488095238096)
 2 SYSTEMPATH\CodeIgniter.php(934): App\Controllers\AdmPost->relatorio_analitico()
 3 SYSTEMPATH\CodeIgniter.php(499): CodeIgniter\CodeIgniter->runController(Object(App\Controllers\AdmPost))
 4 SYSTEMPATH\CodeIgniter.php(368): CodeIgniter\CodeIgniter->handleRequest(null, Object(Config\Cache), false)
 5 FCPATH\index.php(67): CodeIgniter\CodeIgniter->run()
WARNING - 2024-07-19 18:12:24 --> [DEPRECATED] Implicit conversion from float 2376.9765886287623 to int loses precision in APPPATH\Controllers\AdmPost.php on line 3174.
 1 APPPATH\Controllers\AdmPost.php(3456): App\Controllers\AdmPost->secondsToTime(2376.9765886287623)
 2 SYSTEMPATH\CodeIgniter.php(934): App\Controllers\AdmPost->relatorio_analitico()
 3 SYSTEMPATH\CodeIgniter.php(499): CodeIgniter\CodeIgniter->runController(Object(App\Controllers\AdmPost))
 4 SYSTEMPATH\CodeIgniter.php(368): CodeIgniter\CodeIgniter->handleRequest(null, Object(Config\Cache), false)
 5 FCPATH\index.php(67): CodeIgniter\CodeIgniter->run()
WARNING - 2024-07-19 18:12:24 --> [DEPRECATED] Implicit conversion from float 2376.9765886287623 to int loses precision in APPPATH\Controllers\AdmPost.php on line 3175.
 1 APPPATH\Controllers\AdmPost.php(3456): App\Controllers\AdmPost->secondsToTime(2376.9765886287623)
 2 SYSTEMPATH\CodeIgniter.php(934): App\Controllers\AdmPost->relatorio_analitico()
 3 SYSTEMPATH\CodeIgniter.php(499): CodeIgniter\CodeIgniter->runController(Object(App\Controllers\AdmPost))
 4 SYSTEMPATH\CodeIgniter.php(368): CodeIgniter\CodeIgniter->handleRequest(null, Object(Config\Cache), false)
 5 FCPATH\index.php(67): CodeIgniter\CodeIgniter->run()
WARNING - 2024-07-19 18:13:12 --> [DEPRECATED] Implicit conversion from float 216.76488095238096 to int loses precision in APPPATH\Controllers\AdmPost.php on line 3174.
 1 APPPATH\Controllers\AdmPost.php(3458): App\Controllers\AdmPost->secondsToTime(216.76488095238096)
 2 SYSTEMPATH\CodeIgniter.php(934): App\Controllers\AdmPost->relatorio_analitico()
 3 SYSTEMPATH\CodeIgniter.php(499): CodeIgniter\CodeIgniter->runController(Object(App\Controllers\AdmPost))
 4 SYSTEMPATH\CodeIgniter.php(368): CodeIgniter\CodeIgniter->handleRequest(null, Object(Config\Cache), false)
 5 FCPATH\index.php(67): CodeIgniter\CodeIgniter->run()
WARNING - 2024-07-19 18:13:12 --> [DEPRECATED] Implicit conversion from float 216.76488095238096 to int loses precision in APPPATH\Controllers\AdmPost.php on line 3175.
 1 APPPATH\Controllers\AdmPost.php(3458): App\Controllers\AdmPost->secondsToTime(216.76488095238096)
 2 SYSTEMPATH\CodeIgniter.php(934): App\Controllers\AdmPost->relatorio_analitico()
 3 SYSTEMPATH\CodeIgniter.php(499): CodeIgniter\CodeIgniter->runController(Object(App\Controllers\AdmPost))
 4 SYSTEMPATH\CodeIgniter.php(368): CodeIgniter\CodeIgniter->handleRequest(null, Object(Config\Cache), false)
 5 FCPATH\index.php(67): CodeIgniter\CodeIgniter->run()
WARNING - 2024-07-19 18:13:12 --> [DEPRECATED] Implicit conversion from float 2376.9765886287623 to int loses precision in APPPATH\Controllers\AdmPost.php on line 3174.
 1 APPPATH\Controllers\AdmPost.php(3458): App\Controllers\AdmPost->secondsToTime(2376.9765886287623)
 2 SYSTEMPATH\CodeIgniter.php(934): App\Controllers\AdmPost->relatorio_analitico()
 3 SYSTEMPATH\CodeIgniter.php(499): CodeIgniter\CodeIgniter->runController(Object(App\Controllers\AdmPost))
 4 SYSTEMPATH\CodeIgniter.php(368): CodeIgniter\CodeIgniter->handleRequest(null, Object(Config\Cache), false)
 5 FCPATH\index.php(67): CodeIgniter\CodeIgniter->run()
WARNING - 2024-07-19 18:13:12 --> [DEPRECATED] Implicit conversion from float 2376.9765886287623 to int loses precision in APPPATH\Controllers\AdmPost.php on line 3175.
 1 APPPATH\Controllers\AdmPost.php(3458): App\Controllers\AdmPost->secondsToTime(2376.9765886287623)
 2 SYSTEMPATH\CodeIgniter.php(934): App\Controllers\AdmPost->relatorio_analitico()
 3 SYSTEMPATH\CodeIgniter.php(499): CodeIgniter\CodeIgniter->runController(Object(App\Controllers\AdmPost))
 4 SYSTEMPATH\CodeIgniter.php(368): CodeIgniter\CodeIgniter->handleRequest(null, Object(Config\Cache), false)
 5 FCPATH\index.php(67): CodeIgniter\CodeIgniter->run()
WARNING - 2024-07-19 18:36:58 --> [DEPRECATED] Implicit conversion from float 2376.9765886287623 to int loses precision in APPPATH\Controllers\AdmPost.php on line 3174.
 1 APPPATH\Controllers\AdmPost.php(3458): App\Controllers\AdmPost->secondsToTime(2376.9765886287623)
 2 SYSTEMPATH\CodeIgniter.php(934): App\Controllers\AdmPost->relatorio_analitico()
 3 SYSTEMPATH\CodeIgniter.php(499): CodeIgniter\CodeIgniter->runController(Object(App\Controllers\AdmPost))
 4 SYSTEMPATH\CodeIgniter.php(368): CodeIgniter\CodeIgniter->handleRequest(null, Object(Config\Cache), false)
 5 FCPATH\index.php(67): CodeIgniter\CodeIgniter->run()
WARNING - 2024-07-19 18:36:58 --> [DEPRECATED] Implicit conversion from float 2376.9765886287623 to int loses precision in APPPATH\Controllers\AdmPost.php on line 3175.
 1 APPPATH\Controllers\AdmPost.php(3458): App\Controllers\AdmPost->secondsToTime(2376.9765886287623)
 2 SYSTEMPATH\CodeIgniter.php(934): App\Controllers\AdmPost->relatorio_analitico()
 3 SYSTEMPATH\CodeIgniter.php(499): CodeIgniter\CodeIgniter->runController(Object(App\Controllers\AdmPost))
 4 SYSTEMPATH\CodeIgniter.php(368): CodeIgniter\CodeIgniter->handleRequest(null, Object(Config\Cache), false)
 5 FCPATH\index.php(67): CodeIgniter\CodeIgniter->run()
