CRITICAL - 2024-05-20 11:06:05 --> Undefined array key "usuario"
in APPPATH\Controllers\DesenhistaPost.php on line 42.
 1 APPPATH\Controllers\DesenhistaPost.php(42): CodeIgniter\Debug\Exceptions->errorHandler(2, 'Undefined array key "usuario"', 'C:\\xampp\\htdocs\\codi\\app\\Controllers\\DesenhistaPost.php', 42)
 2 SYSTEMPATH\CodeIgniter.php(934): App\Controllers\DesenhistaPost->criar_temp()
 3 SYSTEMPATH\CodeIgniter.php(499): CodeIgniter\CodeIgniter->runController(Object(App\Controllers\DesenhistaPost))
 4 SYSTEMPATH\CodeIgniter.php(368): CodeIgniter\CodeIgniter->handleRequest(null, Object(Config\Cache), false)
 5 FCPATH\index.php(67): CodeIgniter\CodeIgniter->run()
CRITICAL - 2024-05-20 11:06:08 --> Undefined array key "usuario"
in APPPATH\Controllers\DesenhistaPost.php on line 42.
 1 APPPATH\Controllers\DesenhistaPost.php(42): CodeIgniter\Debug\Exceptions->errorHandler(2, 'Undefined array key "usuario"', 'C:\\xampp\\htdocs\\codi\\app\\Controllers\\DesenhistaPost.php', 42)
 2 SYSTEMPATH\CodeIgniter.php(934): App\Controllers\DesenhistaPost->criar_temp()
 3 SYSTEMPATH\CodeIgniter.php(499): CodeIgniter\CodeIgniter->runController(Object(App\Controllers\DesenhistaPost))
 4 SYSTEMPATH\CodeIgniter.php(368): CodeIgniter\CodeIgniter->handleRequest(null, Object(Config\Cache), false)
 5 FCPATH\index.php(67): CodeIgniter\CodeIgniter->run()
CRITICAL - 2024-05-20 11:06:40 --> rename(C:/wl/temp/32422/P2-LOT.ARYA_1-250_FAIXINHAS BRANCAS_acrílico branco de 2mm.dxf,c:/wl/wl_desenhos/P2/LOTi062nARYA/ACABAMENTO/EXTERNO/P2-LOT.ARYA_1-250_FAIXINHAS BRANCAS_acrílico branco de 2mm_573_.dxf): O sistema não pode encontrar o arquivo especificado (code: 2)
in APPPATH\Controllers\DesenhistaPost.php on line 344.
 1 [internal function]: CodeIgniter\Debug\Exceptions->errorHandler(2, 'rename(C:/wl/temp/32422/P2-LOT.ARYA_1-250_FAIXINHAS BRANCAS_acrílico branco de 2mm.dxf,c:/wl/wl_desenhos/P2/LOTi062nARYA/ACABAMENTO/EXTERNO/P2-LOT.ARYA_1-250_FAIXINHAS BRANCAS_acrílico branco de 2mm_573_.dxf): O sistema não pode encontrar o arquivo especificado (code: 2)', 'C:\\xampp\\htdocs\\codi\\app\\Controllers\\DesenhistaPost.php', 344)
 2 APPPATH\Controllers\DesenhistaPost.php(344): rename('C:/wl/temp/32422/P2-LOT.ARYA_1-250_FAIXINHAS BRANCAS_acrílico branco de 2mm.dxf', 'c:/wl/wl_desenhos/P2/LOTi062nARYA/ACABAMENTO/EXTERNO/P2-LOT.ARYA_1-250_FAIXINHAS BRANCAS_acrílico branco de 2mm_573_.dxf')
 3 SYSTEMPATH\CodeIgniter.php(934): App\Controllers\DesenhistaPost->desenhos_add()
 4 SYSTEMPATH\CodeIgniter.php(499): CodeIgniter\CodeIgniter->runController(Object(App\Controllers\DesenhistaPost))
 5 SYSTEMPATH\CodeIgniter.php(368): CodeIgniter\CodeIgniter->handleRequest(null, Object(Config\Cache), false)
 6 FCPATH\index.php(67): CodeIgniter\CodeIgniter->run()
CRITICAL - 2024-05-20 11:06:40 --> rename(C:/wl/temp/32422/P2-LOT.ARYA_1-250_FAIXINHAS BRANCAS_acrílico branco de 2mm.dxf,c:/wl/wl_desenhos/P2/LOTi062nARYA/ACABAMENTO/EXTERNO/P2-LOT.ARYA_1-250_FAIXINHAS BRANCAS_acrílico branco de 2mm_96_.dxf): O sistema não pode encontrar o arquivo especificado (code: 2)
in APPPATH\Controllers\DesenhistaPost.php on line 344.
 1 [internal function]: CodeIgniter\Debug\Exceptions->errorHandler(2, 'rename(C:/wl/temp/32422/P2-LOT.ARYA_1-250_FAIXINHAS BRANCAS_acrílico branco de 2mm.dxf,c:/wl/wl_desenhos/P2/LOTi062nARYA/ACABAMENTO/EXTERNO/P2-LOT.ARYA_1-250_FAIXINHAS BRANCAS_acrílico branco de 2mm_96_.dxf): O sistema não pode encontrar o arquivo especificado (code: 2)', 'C:\\xampp\\htdocs\\codi\\app\\Controllers\\DesenhistaPost.php', 344)
 2 APPPATH\Controllers\DesenhistaPost.php(344): rename('C:/wl/temp/32422/P2-LOT.ARYA_1-250_FAIXINHAS BRANCAS_acrílico branco de 2mm.dxf', 'c:/wl/wl_desenhos/P2/LOTi062nARYA/ACABAMENTO/EXTERNO/P2-LOT.ARYA_1-250_FAIXINHAS BRANCAS_acrílico branco de 2mm_96_.dxf')
 3 SYSTEMPATH\CodeIgniter.php(934): App\Controllers\DesenhistaPost->desenhos_add()
 4 SYSTEMPATH\CodeIgniter.php(499): CodeIgniter\CodeIgniter->runController(Object(App\Controllers\DesenhistaPost))
 5 SYSTEMPATH\CodeIgniter.php(368): CodeIgniter\CodeIgniter->handleRequest(null, Object(Config\Cache), false)
 6 FCPATH\index.php(67): CodeIgniter\CodeIgniter->run()
