CRITICAL - 2023-06-14 00:32:54 --> Invalid file: "cursos/saude/fisioterapia2.php"
in SYSTEMPATH\Exceptions\FrameworkException.php on line 33.
 1 SYSTEMPATH\View\View.php(201): CodeIgniter\Exceptions\FrameworkException::forInvalidFile('cursos/saude/fisioterapia2.php')
 2 SYSTEMPATH\Common.php(1184): CodeIgniter\View\View->render('cursos/saude/fisioterapia2', [], true)
 3 APPPATH\Controllers\Cursos.php(15): view('cursos/saude/fisioterapia2')
 4 SYSTEMPATH\CodeIgniter.php(934): App\Controllers\Cursos->saude('fisioterapia2')
 5 SYSTEMPATH\CodeIgniter.php(499): CodeIgniter\CodeIgniter->runController(Object(App\Controllers\Cursos))
 6 SYSTEMPATH\CodeIgniter.php(368): CodeIgniter\CodeIgniter->handleRequest(null, Object(Config\Cache), false)
 7 FCPATH\index.php(67): CodeIgniter\CodeIgniter->run()
CRITICAL - 2023-06-14 20:25:39 --> The namespace delimiter is a backslash (\), not a slash (/). Route handler: "\App\Controllers\corte/Cortador::index"
in SYSTEMPATH\Router\Router.php on line 474.
 1 SYSTEMPATH\Router\Router.php(474): CodeIgniter\Router\Exceptions\RouterException::forInvalidControllerName('\\App\\Controllers\\corte/Cortador::index')
 2 SYSTEMPATH\Router\Router.php(182): CodeIgniter\Router\Router->checkRoutes('cortador')
 3 SYSTEMPATH\CodeIgniter.php(815): CodeIgniter\Router\Router->handle('cortador')
 4 SYSTEMPATH\CodeIgniter.php(449): CodeIgniter\CodeIgniter->tryToRouteIt(Object(CodeIgniter\Router\RouteCollection))
 5 SYSTEMPATH\CodeIgniter.php(368): CodeIgniter\CodeIgniter->handleRequest(null, Object(Config\Cache), false)
 6 FCPATH\index.php(67): CodeIgniter\CodeIgniter->run()
CRITICAL - 2023-06-14 20:26:16 --> The namespace delimiter is a backslash (\), not a slash (/). Route handler: "\App\Controllers\corte/Cortador::index"
in SYSTEMPATH\Router\Router.php on line 474.
 1 SYSTEMPATH\Router\Router.php(474): CodeIgniter\Router\Exceptions\RouterException::forInvalidControllerName('\\App\\Controllers\\corte/Cortador::index')
 2 SYSTEMPATH\Router\Router.php(182): CodeIgniter\Router\Router->checkRoutes('cortador')
 3 SYSTEMPATH\CodeIgniter.php(815): CodeIgniter\Router\Router->handle('cortador')
 4 SYSTEMPATH\CodeIgniter.php(449): CodeIgniter\CodeIgniter->tryToRouteIt(Object(CodeIgniter\Router\RouteCollection))
 5 SYSTEMPATH\CodeIgniter.php(368): CodeIgniter\CodeIgniter->handleRequest(null, Object(Config\Cache), false)
 6 FCPATH\index.php(67): CodeIgniter\CodeIgniter->run()
CRITICAL - 2023-06-14 20:27:42 --> The namespace delimiter is a backslash (\), not a slash (/). Route handler: "\App\Controllers\corte/Cortador::index"
in SYSTEMPATH\Router\Router.php on line 474.
 1 SYSTEMPATH\Router\Router.php(474): CodeIgniter\Router\Exceptions\RouterException::forInvalidControllerName('\\App\\Controllers\\corte/Cortador::index')
 2 SYSTEMPATH\Router\Router.php(182): CodeIgniter\Router\Router->checkRoutes('cortador')
 3 SYSTEMPATH\CodeIgniter.php(815): CodeIgniter\Router\Router->handle('cortador')
 4 SYSTEMPATH\CodeIgniter.php(449): CodeIgniter\CodeIgniter->tryToRouteIt(Object(CodeIgniter\Router\RouteCollection))
 5 SYSTEMPATH\CodeIgniter.php(368): CodeIgniter\CodeIgniter->handleRequest(null, Object(Config\Cache), false)
 6 FCPATH\index.php(67): CodeIgniter\CodeIgniter->run()
CRITICAL - 2023-06-14 20:28:03 --> The namespace delimiter is a backslash (\), not a slash (/). Route handler: "\App\Controllers\corte/Cortador::index"
in SYSTEMPATH\Router\Router.php on line 474.
 1 SYSTEMPATH\Router\Router.php(474): CodeIgniter\Router\Exceptions\RouterException::forInvalidControllerName('\\App\\Controllers\\corte/Cortador::index')
 2 SYSTEMPATH\Router\Router.php(182): CodeIgniter\Router\Router->checkRoutes('cortador')
 3 SYSTEMPATH\CodeIgniter.php(815): CodeIgniter\Router\Router->handle('cortador')
 4 SYSTEMPATH\CodeIgniter.php(449): CodeIgniter\CodeIgniter->tryToRouteIt(Object(CodeIgniter\Router\RouteCollection))
 5 SYSTEMPATH\CodeIgniter.php(368): CodeIgniter\CodeIgniter->handleRequest(null, Object(Config\Cache), false)
 6 FCPATH\index.php(67): CodeIgniter\CodeIgniter->run()
CRITICAL - 2023-06-14 20:28:04 --> The namespace delimiter is a backslash (\), not a slash (/). Route handler: "\App\Controllers\corte/Cortador::index"
in SYSTEMPATH\Router\Router.php on line 474.
 1 SYSTEMPATH\Router\Router.php(474): CodeIgniter\Router\Exceptions\RouterException::forInvalidControllerName('\\App\\Controllers\\corte/Cortador::index')
 2 SYSTEMPATH\Router\Router.php(182): CodeIgniter\Router\Router->checkRoutes('cortador')
 3 SYSTEMPATH\CodeIgniter.php(815): CodeIgniter\Router\Router->handle('cortador')
 4 SYSTEMPATH\CodeIgniter.php(449): CodeIgniter\CodeIgniter->tryToRouteIt(Object(CodeIgniter\Router\RouteCollection))
 5 SYSTEMPATH\CodeIgniter.php(368): CodeIgniter\CodeIgniter->handleRequest(null, Object(Config\Cache), false)
 6 FCPATH\index.php(67): CodeIgniter\CodeIgniter->run()
CRITICAL - 2023-06-14 20:50:07 --> Invalid file: "corte/home.php"
in SYSTEMPATH\Exceptions\FrameworkException.php on line 33.
 1 SYSTEMPATH\View\View.php(201): CodeIgniter\Exceptions\FrameworkException::forInvalidFile('corte/home.php')
 2 SYSTEMPATH\Common.php(1184): CodeIgniter\View\View->render('corte/home', [], true)
 3 APPPATH\Controllers\Cortador.php(9): view('corte/home')
 4 SYSTEMPATH\CodeIgniter.php(934): App\Controllers\Cortador->index()
 5 SYSTEMPATH\CodeIgniter.php(499): CodeIgniter\CodeIgniter->runController(Object(App\Controllers\Cortador))
 6 SYSTEMPATH\CodeIgniter.php(368): CodeIgniter\CodeIgniter->handleRequest(null, Object(Config\Cache), false)
 7 FCPATH\index.php(67): CodeIgniter\CodeIgniter->run()
