CRITICAL - 2024-04-17 08:33:14 --> Undefined array key "usuario"
in APPPATH\Controllers\CortadorPost.php on line 355.
 1 APPPATH\Controllers\CortadorPost.php(355): CodeIgniter\Debug\Exceptions->errorHandler(2, 'Undefined array key "usuario"', 'C:\\xampp\\htdocs\\codi\\app\\Controllers\\CortadorPost.php', 355)
 2 SYSTEMPATH\CodeIgniter.php(934): App\Controllers\CortadorPost->caminho_desenho()
 3 SYSTEMPATH\CodeIgniter.php(499): CodeIgniter\CodeIgniter->runController(Object(App\Controllers\CortadorPost))
 4 SYSTEMPATH\CodeIgniter.php(368): CodeIgniter\CodeIgniter->handleRequest(null, Object(Config\Cache), false)
 5 FCPATH\index.php(67): CodeIgniter\CodeIgniter->run()
CRITICAL - 2024-04-17 13:14:20 --> Undefined array key "lista"
in APPPATH\Controllers\CortadorPost.php on line 396.
 1 APPPATH\Controllers\CortadorPost.php(396): CodeIgniter\Debug\Exceptions->errorHandler(2, 'Undefined array key "lista"', 'C:\\xampp\\htdocs\\codi\\app\\Controllers\\CortadorPost.php', 396)
 2 SYSTEMPATH\CodeIgniter.php(934): App\Controllers\CortadorPost->confirmar_corte()
 3 SYSTEMPATH\CodeIgniter.php(499): CodeIgniter\CodeIgniter->runController(Object(App\Controllers\CortadorPost))
 4 SYSTEMPATH\CodeIgniter.php(368): CodeIgniter\CodeIgniter->handleRequest(null, Object(Config\Cache), false)
 5 FCPATH\index.php(67): CodeIgniter\CodeIgniter->run()
CRITICAL - 2024-04-17 17:08:06 --> Undefined array key "usuario"
in APPPATH\Controllers\CortadorPost.php on line 455.
 1 APPPATH\Controllers\CortadorPost.php(455): CodeIgniter\Debug\Exceptions->errorHandler(2, 'Undefined array key "usuario"', 'C:\\xampp\\htdocs\\codi\\app\\Controllers\\CortadorPost.php', 455)
 2 SYSTEMPATH\CodeIgniter.php(934): App\Controllers\CortadorPost->confirmar_corte()
 3 SYSTEMPATH\CodeIgniter.php(499): CodeIgniter\CodeIgniter->runController(Object(App\Controllers\CortadorPost))
 4 SYSTEMPATH\CodeIgniter.php(368): CodeIgniter\CodeIgniter->handleRequest(null, Object(Config\Cache), false)
 5 FCPATH\index.php(67): CodeIgniter\CodeIgniter->run()
