CRITICAL - 2023-07-13 00:04:13 --> syntax error, unexpected identifier "wp_pericia_template"
in APPPATH\Controllers\Adm.php on line 249.
 1 SYSTEMPATH\Autoloader\Autoloader.php(289): CodeIgniter\Autoloader\Autoloader->includeFile('C:\\xampp\\htdocs\\codi\\app\\Controllers\\Adm.php')
 2 SYSTEMPATH\Autoloader\Autoloader.php(267): CodeIgniter\Autoloader\Autoloader->loadInNamespace('App\\Controllers\\Adm')
 3 [internal function]: CodeIgniter\Autoloader\Autoloader->loadClass('App\\Controllers\\Adm')
 4 SYSTEMPATH\CodeIgniter.php(892): class_exists('\\App\\Controllers\\Adm', true)
 5 SYSTEMPATH\CodeIgniter.php(486): CodeIgniter\CodeIgniter->startController()
 6 SYSTEMPATH\CodeIgniter.php(368): CodeIgniter\CodeIgniter->handleRequest(null, Object(Config\Cache), false)
 7 FCPATH\index.php(67): CodeIgniter\CodeIgniter->run()
CRITICAL - 2023-07-13 12:30:41 --> syntax error, unexpected identifier "wp_pericia_template"
in APPPATH\Controllers\Adm.php on line 249.
 1 SYSTEMPATH\Autoloader\Autoloader.php(289): CodeIgniter\Autoloader\Autoloader->includeFile('C:\\xampp\\htdocs\\codi\\app\\Controllers\\Adm.php')
 2 SYSTEMPATH\Autoloader\Autoloader.php(267): CodeIgniter\Autoloader\Autoloader->loadInNamespace('App\\Controllers\\Adm')
 3 [internal function]: CodeIgniter\Autoloader\Autoloader->loadClass('App\\Controllers\\Adm')
 4 SYSTEMPATH\CodeIgniter.php(892): class_exists('\\App\\Controllers\\Adm', true)
 5 SYSTEMPATH\CodeIgniter.php(486): CodeIgniter\CodeIgniter->startController()
 6 SYSTEMPATH\CodeIgniter.php(368): CodeIgniter\CodeIgniter->handleRequest(null, Object(Config\Cache), false)
 7 FCPATH\index.php(67): CodeIgniter\CodeIgniter->run()
CRITICAL - 2023-07-13 13:38:20 --> Undefined variable $nomeUsuario
in APPPATH\Views\lista.php on line 92.
 1 APPPATH\Views\lista.php(92): CodeIgniter\Debug\Exceptions->errorHandler(2, 'Undefined variable $nomeUsuario', 'C:\\xampp\\htdocs\\codi\\app\\Views\\lista.php', 92)
 2 SYSTEMPATH\View\View.php(213): include('C:\\xampp\\htdocs\\codi\\app\\Views\\lista.php')
 3 SYSTEMPATH\View\View.php(216): CodeIgniter\View\View->CodeIgniter\View\{closure}()
 4 SYSTEMPATH\Common.php(1184): CodeIgniter\View\View->render('lista', [], true)
 5 APPPATH\Controllers\Adm.php(36): view('lista', [...])
 6 SYSTEMPATH\CodeIgniter.php(934): App\Controllers\Adm->index()
 7 SYSTEMPATH\CodeIgniter.php(499): CodeIgniter\CodeIgniter->runController(Object(App\Controllers\Adm))
 8 SYSTEMPATH\CodeIgniter.php(368): CodeIgniter\CodeIgniter->handleRequest(null, Object(Config\Cache), false)
 9 FCPATH\index.php(67): CodeIgniter\CodeIgniter->run()
CRITICAL - 2023-07-13 13:39:13 --> Undefined variable $nomeUsuario
in APPPATH\Views\lista.php on line 92.
 1 APPPATH\Views\lista.php(92): CodeIgniter\Debug\Exceptions->errorHandler(2, 'Undefined variable $nomeUsuario', 'C:\\xampp\\htdocs\\codi\\app\\Views\\lista.php', 92)
 2 SYSTEMPATH\View\View.php(213): include('C:\\xampp\\htdocs\\codi\\app\\Views\\lista.php')
 3 SYSTEMPATH\View\View.php(216): CodeIgniter\View\View->CodeIgniter\View\{closure}()
 4 SYSTEMPATH\Common.php(1184): CodeIgniter\View\View->render('lista', [], true)
 5 APPPATH\Controllers\Adm.php(37): view('lista', [...])
 6 SYSTEMPATH\CodeIgniter.php(934): App\Controllers\Adm->index()
 7 SYSTEMPATH\CodeIgniter.php(499): CodeIgniter\CodeIgniter->runController(Object(App\Controllers\Adm))
 8 SYSTEMPATH\CodeIgniter.php(368): CodeIgniter\CodeIgniter->handleRequest(null, Object(Config\Cache), false)
 9 FCPATH\index.php(67): CodeIgniter\CodeIgniter->run()
CRITICAL - 2023-07-13 13:39:16 --> Undefined variable $nomeUsuario
in APPPATH\Views\lista.php on line 92.
 1 APPPATH\Views\lista.php(92): CodeIgniter\Debug\Exceptions->errorHandler(2, 'Undefined variable $nomeUsuario', 'C:\\xampp\\htdocs\\codi\\app\\Views\\lista.php', 92)
 2 SYSTEMPATH\View\View.php(213): include('C:\\xampp\\htdocs\\codi\\app\\Views\\lista.php')
 3 SYSTEMPATH\View\View.php(216): CodeIgniter\View\View->CodeIgniter\View\{closure}()
 4 SYSTEMPATH\Common.php(1184): CodeIgniter\View\View->render('lista', [], true)
 5 APPPATH\Controllers\Adm.php(37): view('lista', [...])
 6 SYSTEMPATH\CodeIgniter.php(934): App\Controllers\Adm->index()
 7 SYSTEMPATH\CodeIgniter.php(499): CodeIgniter\CodeIgniter->runController(Object(App\Controllers\Adm))
 8 SYSTEMPATH\CodeIgniter.php(368): CodeIgniter\CodeIgniter->handleRequest(null, Object(Config\Cache), false)
 9 FCPATH\index.php(67): CodeIgniter\CodeIgniter->run()
CRITICAL - 2023-07-13 13:43:20 --> Undefined constant "URLBASE"
in APPPATH\Views\lista_cadastro.php on line 529.
 1 SYSTEMPATH\View\View.php(213): include()
 2 SYSTEMPATH\View\View.php(216): CodeIgniter\View\View->CodeIgniter\View\{closure}()
 3 SYSTEMPATH\Common.php(1184): CodeIgniter\View\View->render('lista_cadastro', [], true)
 4 APPPATH\Controllers\Adm.php(322): view('lista_cadastro', [...])
 5 SYSTEMPATH\CodeIgniter.php(934): App\Controllers\Adm->config_tipo_de_arquivo()
 6 SYSTEMPATH\CodeIgniter.php(499): CodeIgniter\CodeIgniter->runController(Object(App\Controllers\Adm))
 7 SYSTEMPATH\CodeIgniter.php(368): CodeIgniter\CodeIgniter->handleRequest(null, Object(Config\Cache), false)
 8 FCPATH\index.php(67): CodeIgniter\CodeIgniter->run()
CRITICAL - 2023-07-13 13:43:52 --> Undefined constant "URLBASE"
in APPPATH\Views\lista_cadastro.php on line 529.
 1 SYSTEMPATH\View\View.php(213): include()
 2 SYSTEMPATH\View\View.php(216): CodeIgniter\View\View->CodeIgniter\View\{closure}()
 3 SYSTEMPATH\Common.php(1184): CodeIgniter\View\View->render('lista_cadastro', [], true)
 4 APPPATH\Controllers\Adm.php(322): view('lista_cadastro', [...])
 5 SYSTEMPATH\CodeIgniter.php(934): App\Controllers\Adm->config_tipo_de_arquivo()
 6 SYSTEMPATH\CodeIgniter.php(499): CodeIgniter\CodeIgniter->runController(Object(App\Controllers\Adm))
 7 SYSTEMPATH\CodeIgniter.php(368): CodeIgniter\CodeIgniter->handleRequest(null, Object(Config\Cache), false)
 8 FCPATH\index.php(67): CodeIgniter\CodeIgniter->run()
CRITICAL - 2023-07-13 13:44:04 --> Undefined variable $pessoa
in APPPATH\Views\lista_cadastro.php on line 529.
 1 APPPATH\Views\lista_cadastro.php(529): CodeIgniter\Debug\Exceptions->errorHandler(2, 'Undefined variable $pessoa', 'C:\\xampp\\htdocs\\codi\\app\\Views\\lista_cadastro.php', 529)
 2 SYSTEMPATH\View\View.php(213): include('C:\\xampp\\htdocs\\codi\\app\\Views\\lista_cadastro.php')
 3 SYSTEMPATH\View\View.php(216): CodeIgniter\View\View->CodeIgniter\View\{closure}()
 4 SYSTEMPATH\Common.php(1184): CodeIgniter\View\View->render('lista_cadastro', [], true)
 5 APPPATH\Controllers\Adm.php(322): view('lista_cadastro', [...])
 6 SYSTEMPATH\CodeIgniter.php(934): App\Controllers\Adm->config_tipo_de_arquivo()
 7 SYSTEMPATH\CodeIgniter.php(499): CodeIgniter\CodeIgniter->runController(Object(App\Controllers\Adm))
 8 SYSTEMPATH\CodeIgniter.php(368): CodeIgniter\CodeIgniter->handleRequest(null, Object(Config\Cache), false)
 9 FCPATH\index.php(67): CodeIgniter\CodeIgniter->run()
CRITICAL - 2023-07-13 13:44:20 --> view(): Argument #1 ($name) must be of type string, null given, called in C:\xampp\htdocs\codi\app\Views\lista_cadastro.php on line 579
in SYSTEMPATH\Common.php on line 1172.
 1 APPPATH\Views\lista_cadastro.php(579): view(null)
 2 SYSTEMPATH\View\View.php(213): include('C:\\xampp\\htdocs\\codi\\app\\Views\\lista_cadastro.php')
 3 SYSTEMPATH\View\View.php(216): CodeIgniter\View\View->CodeIgniter\View\{closure}()
 4 SYSTEMPATH\Common.php(1184): CodeIgniter\View\View->render('lista_cadastro', [], true)
 5 APPPATH\Controllers\Adm.php(322): view('lista_cadastro', [...])
 6 SYSTEMPATH\CodeIgniter.php(934): App\Controllers\Adm->config_tipo_de_arquivo()
 7 SYSTEMPATH\CodeIgniter.php(499): CodeIgniter\CodeIgniter->runController(Object(App\Controllers\Adm))
 8 SYSTEMPATH\CodeIgniter.php(368): CodeIgniter\CodeIgniter->handleRequest(null, Object(Config\Cache), false)
 9 FCPATH\index.php(67): CodeIgniter\CodeIgniter->run()
CRITICAL - 2023-07-13 13:45:52 --> view(): Argument #1 ($name) must be of type string, null given, called in C:\xampp\htdocs\codi\app\Views\lista_cadastro.php on line 522
in SYSTEMPATH\Common.php on line 1172.
 1 APPPATH\Views\lista_cadastro.php(522): view(null)
 2 SYSTEMPATH\View\View.php(213): include('C:\\xampp\\htdocs\\codi\\app\\Views\\lista_cadastro.php')
 3 SYSTEMPATH\View\View.php(216): CodeIgniter\View\View->CodeIgniter\View\{closure}()
 4 SYSTEMPATH\Common.php(1184): CodeIgniter\View\View->render('lista_cadastro', [], true)
 5 APPPATH\Controllers\Adm.php(322): view('lista_cadastro', [...])
 6 SYSTEMPATH\CodeIgniter.php(934): App\Controllers\Adm->config_tipo_de_arquivo()
 7 SYSTEMPATH\CodeIgniter.php(499): CodeIgniter\CodeIgniter->runController(Object(App\Controllers\Adm))
 8 SYSTEMPATH\CodeIgniter.php(368): CodeIgniter\CodeIgniter->handleRequest(null, Object(Config\Cache), false)
 9 FCPATH\index.php(67): CodeIgniter\CodeIgniter->run()
CRITICAL - 2023-07-13 13:46:32 --> Invalid file: ".php"
in SYSTEMPATH\Exceptions\FrameworkException.php on line 33.
 1 SYSTEMPATH\View\View.php(201): CodeIgniter\Exceptions\FrameworkException::forInvalidFile('.php')
 2 SYSTEMPATH\Common.php(1184): CodeIgniter\View\View->render('', [], true)
 3 APPPATH\Views\lista_cadastro.php(522): view('')
 4 SYSTEMPATH\View\View.php(213): include('C:\\xampp\\htdocs\\codi\\app\\Views\\lista_cadastro.php')
 5 SYSTEMPATH\View\View.php(216): CodeIgniter\View\View->CodeIgniter\View\{closure}()
 6 SYSTEMPATH\Common.php(1184): CodeIgniter\View\View->render('lista_cadastro', [], true)
 7 APPPATH\Controllers\Adm.php(322): view('lista_cadastro', [...])
 8 SYSTEMPATH\CodeIgniter.php(934): App\Controllers\Adm->config_tipo_de_arquivo()
 9 SYSTEMPATH\CodeIgniter.php(499): CodeIgniter\CodeIgniter->runController(Object(App\Controllers\Adm))
10 SYSTEMPATH\CodeIgniter.php(368): CodeIgniter\CodeIgniter->handleRequest(null, Object(Config\Cache), false)
11 FCPATH\index.php(67): CodeIgniter\CodeIgniter->run()
CRITICAL - 2023-07-13 13:49:11 --> Undefined variable $functionType
in APPPATH\Views\cadastro.php on line 162.
 1 APPPATH\Views\cadastro.php(162): CodeIgniter\Debug\Exceptions->errorHandler(2, 'Undefined variable $functionType', 'C:\\xampp\\htdocs\\codi\\app\\Views\\cadastro.php', 162)
 2 SYSTEMPATH\View\View.php(213): include('C:\\xampp\\htdocs\\codi\\app\\Views\\cadastro.php')
 3 SYSTEMPATH\View\View.php(216): CodeIgniter\View\View->CodeIgniter\View\{closure}()
 4 SYSTEMPATH\Common.php(1184): CodeIgniter\View\View->render('cadastro', [], true)
 5 APPPATH\Controllers\Adm.php(392): view('cadastro', [...])
 6 SYSTEMPATH\CodeIgniter.php(934): App\Controllers\Adm->user_cadastrar()
 7 SYSTEMPATH\CodeIgniter.php(499): CodeIgniter\CodeIgniter->runController(Object(App\Controllers\Adm))
 8 SYSTEMPATH\CodeIgniter.php(368): CodeIgniter\CodeIgniter->handleRequest(null, Object(Config\Cache), false)
 9 FCPATH\index.php(67): CodeIgniter\CodeIgniter->run()
CRITICAL - 2023-07-13 13:57:03 --> count(): Argument #1 ($value) must be of type Countable|array, string given
in APPPATH\Views\lista.php on line 203.
 1 SYSTEMPATH\View\View.php(213): include()
 2 SYSTEMPATH\View\View.php(216): CodeIgniter\View\View->CodeIgniter\View\{closure}()
 3 SYSTEMPATH\Common.php(1184): CodeIgniter\View\View->render('lista', [], true)
 4 APPPATH\Controllers\Adm.php(392): view('lista', [...])
 5 SYSTEMPATH\CodeIgniter.php(934): App\Controllers\Adm->user_cadastrar()
 6 SYSTEMPATH\CodeIgniter.php(499): CodeIgniter\CodeIgniter->runController(Object(App\Controllers\Adm))
 7 SYSTEMPATH\CodeIgniter.php(368): CodeIgniter\CodeIgniter->handleRequest(null, Object(Config\Cache), false)
 8 FCPATH\index.php(67): CodeIgniter\CodeIgniter->run()
CRITICAL - 2023-07-13 14:00:51 --> Undefined variable $functionType_cadastro
in APPPATH\Views\cadastro.php on line 226.
 1 APPPATH\Views\cadastro.php(226): CodeIgniter\Debug\Exceptions->errorHandler(2, 'Undefined variable $functionType_cadastro', 'C:\\xampp\\htdocs\\codi\\app\\Views\\cadastro.php', 226)
 2 SYSTEMPATH\View\View.php(213): include('C:\\xampp\\htdocs\\codi\\app\\Views\\cadastro.php')
 3 SYSTEMPATH\View\View.php(216): CodeIgniter\View\View->CodeIgniter\View\{closure}()
 4 SYSTEMPATH\Common.php(1184): CodeIgniter\View\View->render('cadastro', [], true)
 5 APPPATH\Controllers\Adm.php(392): view('cadastro', [...])
 6 SYSTEMPATH\CodeIgniter.php(934): App\Controllers\Adm->user_cadastrar()
 7 SYSTEMPATH\CodeIgniter.php(499): CodeIgniter\CodeIgniter->runController(Object(App\Controllers\Adm))
 8 SYSTEMPATH\CodeIgniter.php(368): CodeIgniter\CodeIgniter->handleRequest(null, Object(Config\Cache), false)
 9 FCPATH\index.php(67): CodeIgniter\CodeIgniter->run()
CRITICAL - 2023-07-13 15:51:22 --> Invalid file: "ajaxs/adm/lista_corte_ajax1.php"
in SYSTEMPATH\Exceptions\FrameworkException.php on line 33.
 1 SYSTEMPATH\View\View.php(201): CodeIgniter\Exceptions\FrameworkException::forInvalidFile('ajaxs/adm/lista_corte_ajax1.php')
 2 SYSTEMPATH\Common.php(1184): CodeIgniter\View\View->render('ajaxs/adm/lista_corte_ajax1', [], true)
 3 APPPATH\Views\lista.php(303): view('ajaxs/adm/lista_corte_ajax1')
 4 SYSTEMPATH\View\View.php(213): include('C:\\xampp\\htdocs\\codi\\app\\Views\\lista.php')
 5 SYSTEMPATH\View\View.php(216): CodeIgniter\View\View->CodeIgniter\View\{closure}()
 6 SYSTEMPATH\Common.php(1184): CodeIgniter\View\View->render('lista', [], true)
 7 APPPATH\Controllers\Adm.php(67): view('lista', [...])
 8 SYSTEMPATH\CodeIgniter.php(934): App\Controllers\Adm->lista_corte()
 9 SYSTEMPATH\CodeIgniter.php(499): CodeIgniter\CodeIgniter->runController(Object(App\Controllers\Adm))
10 SYSTEMPATH\CodeIgniter.php(368): CodeIgniter\CodeIgniter->handleRequest(null, Object(Config\Cache), false)
11 FCPATH\index.php(67): CodeIgniter\CodeIgniter->run()
