CRITICAL - 2024-06-10 08:35:11 --> Undefined array key "usuario"
in APPPATH\Controllers\CortadorPost.php on line 463.
 1 APPPATH\Controllers\CortadorPost.php(463): CodeIgniter\Debug\Exceptions->errorHandler(2, 'Undefined array key "usuario"', 'C:\\xampp\\htdocs\\codi\\app\\Controllers\\CortadorPost.php', 463)
 2 SYSTEMPATH\CodeIgniter.php(934): App\Controllers\CortadorPost->confirmar_corte()
 3 SYSTEMPATH\CodeIgniter.php(499): CodeIgniter\CodeIgniter->runController(Object(App\Controllers\CortadorPost))
 4 SYSTEMPATH\CodeIgniter.php(368): CodeIgniter\CodeIgniter->handleRequest(null, Object(Config\Cache), false)
 5 FCPATH\index.php(67): CodeIgniter\CodeIgniter->run()
CRITICAL - 2024-06-10 09:03:50 --> Undefined array key "usuario"
in APPPATH\Controllers\CortadorPost.php on line 463.
 1 APPPATH\Controllers\CortadorPost.php(463): CodeIgniter\Debug\Exceptions->errorHandler(2, 'Undefined array key "usuario"', 'C:\\xampp\\htdocs\\codi\\app\\Controllers\\CortadorPost.php', 463)
 2 SYSTEMPATH\CodeIgniter.php(934): App\Controllers\CortadorPost->confirmar_corte()
 3 SYSTEMPATH\CodeIgniter.php(499): CodeIgniter\CodeIgniter->runController(Object(App\Controllers\CortadorPost))
 4 SYSTEMPATH\CodeIgniter.php(368): CodeIgniter\CodeIgniter->handleRequest(null, Object(Config\Cache), false)
 5 FCPATH\index.php(67): CodeIgniter\CodeIgniter->run()
CRITICAL - 2024-06-10 14:20:43 --> Undefined array key "usuario"
in APPPATH\Controllers\DesenhistaPost.php on line 42.
 1 APPPATH\Controllers\DesenhistaPost.php(42): CodeIgniter\Debug\Exceptions->errorHandler(2, 'Undefined array key "usuario"', 'C:\\xampp\\htdocs\\codi\\app\\Controllers\\DesenhistaPost.php', 42)
 2 SYSTEMPATH\CodeIgniter.php(934): App\Controllers\DesenhistaPost->criar_temp()
 3 SYSTEMPATH\CodeIgniter.php(499): CodeIgniter\CodeIgniter->runController(Object(App\Controllers\DesenhistaPost))
 4 SYSTEMPATH\CodeIgniter.php(368): CodeIgniter\CodeIgniter->handleRequest(null, Object(Config\Cache), false)
 5 FCPATH\index.php(67): CodeIgniter\CodeIgniter->run()
CRITICAL - 2024-06-10 14:20:45 --> Undefined array key "usuario"
in APPPATH\Controllers\DesenhistaPost.php on line 42.
 1 APPPATH\Controllers\DesenhistaPost.php(42): CodeIgniter\Debug\Exceptions->errorHandler(2, 'Undefined array key "usuario"', 'C:\\xampp\\htdocs\\codi\\app\\Controllers\\DesenhistaPost.php', 42)
 2 SYSTEMPATH\CodeIgniter.php(934): App\Controllers\DesenhistaPost->criar_temp()
 3 SYSTEMPATH\CodeIgniter.php(499): CodeIgniter\CodeIgniter->runController(Object(App\Controllers\DesenhistaPost))
 4 SYSTEMPATH\CodeIgniter.php(368): CodeIgniter\CodeIgniter->handleRequest(null, Object(Config\Cache), false)
 5 FCPATH\index.php(67): CodeIgniter\CodeIgniter->run()
CRITICAL - 2024-06-10 14:20:46 --> Undefined array key "usuario"
in APPPATH\Controllers\DesenhistaPost.php on line 42.
 1 APPPATH\Controllers\DesenhistaPost.php(42): CodeIgniter\Debug\Exceptions->errorHandler(2, 'Undefined array key "usuario"', 'C:\\xampp\\htdocs\\codi\\app\\Controllers\\DesenhistaPost.php', 42)
 2 SYSTEMPATH\CodeIgniter.php(934): App\Controllers\DesenhistaPost->criar_temp()
 3 SYSTEMPATH\CodeIgniter.php(499): CodeIgniter\CodeIgniter->runController(Object(App\Controllers\DesenhistaPost))
 4 SYSTEMPATH\CodeIgniter.php(368): CodeIgniter\CodeIgniter->handleRequest(null, Object(Config\Cache), false)
 5 FCPATH\index.php(67): CodeIgniter\CodeIgniter->run()
CRITICAL - 2024-06-10 15:32:36 --> Undefined array key "usuario"
in APPPATH\Controllers\DesenhistaPost.php on line 42.
 1 APPPATH\Controllers\DesenhistaPost.php(42): CodeIgniter\Debug\Exceptions->errorHandler(2, 'Undefined array key "usuario"', 'C:\\xampp\\htdocs\\codi\\app\\Controllers\\DesenhistaPost.php', 42)
 2 SYSTEMPATH\CodeIgniter.php(934): App\Controllers\DesenhistaPost->criar_temp()
 3 SYSTEMPATH\CodeIgniter.php(499): CodeIgniter\CodeIgniter->runController(Object(App\Controllers\DesenhistaPost))
 4 SYSTEMPATH\CodeIgniter.php(368): CodeIgniter\CodeIgniter->handleRequest(null, Object(Config\Cache), false)
 5 FCPATH\index.php(67): CodeIgniter\CodeIgniter->run()
CRITICAL - 2024-06-10 15:32:42 --> Undefined array key "usuario"
in APPPATH\Controllers\DesenhistaPost.php on line 42.
 1 APPPATH\Controllers\DesenhistaPost.php(42): CodeIgniter\Debug\Exceptions->errorHandler(2, 'Undefined array key "usuario"', 'C:\\xampp\\htdocs\\codi\\app\\Controllers\\DesenhistaPost.php', 42)
 2 SYSTEMPATH\CodeIgniter.php(934): App\Controllers\DesenhistaPost->criar_temp()
 3 SYSTEMPATH\CodeIgniter.php(499): CodeIgniter\CodeIgniter->runController(Object(App\Controllers\DesenhistaPost))
 4 SYSTEMPATH\CodeIgniter.php(368): CodeIgniter\CodeIgniter->handleRequest(null, Object(Config\Cache), false)
 5 FCPATH\index.php(67): CodeIgniter\CodeIgniter->run()
CRITICAL - 2024-06-10 15:32:42 --> Undefined array key "usuario"
in APPPATH\Controllers\DesenhistaPost.php on line 42.
 1 APPPATH\Controllers\DesenhistaPost.php(42): CodeIgniter\Debug\Exceptions->errorHandler(2, 'Undefined array key "usuario"', 'C:\\xampp\\htdocs\\codi\\app\\Controllers\\DesenhistaPost.php', 42)
 2 SYSTEMPATH\CodeIgniter.php(934): App\Controllers\DesenhistaPost->criar_temp()
 3 SYSTEMPATH\CodeIgniter.php(499): CodeIgniter\CodeIgniter->runController(Object(App\Controllers\DesenhistaPost))
 4 SYSTEMPATH\CodeIgniter.php(368): CodeIgniter\CodeIgniter->handleRequest(null, Object(Config\Cache), false)
 5 FCPATH\index.php(67): CodeIgniter\CodeIgniter->run()
