CRITICAL - 2023-12-05 08:59:23 --> Undefined array key 18
in APPPATH\Controllers\CortadorPost.php on line 356.
 1 APPPATH\Controllers\CortadorPost.php(356): CodeIgniter\Debug\Exceptions->errorHandler(2, 'Undefined array key 18', 'C:\\xampp\\htdocs\\codi\\app\\Controllers\\CortadorPost.php', 356)
 2 SYSTEMPATH\CodeIgniter.php(934): App\Controllers\CortadorPost->caminho_desenho()
 3 SYSTEMPATH\CodeIgniter.php(499): CodeIgniter\CodeIgniter->runController(Object(App\Controllers\CortadorPost))
 4 SYSTEMPATH\CodeIgniter.php(368): CodeIgniter\CodeIgniter->handleRequest(null, Object(Config\Cache), false)
 5 FCPATH\index.php(67): CodeIgniter\CodeIgniter->run()
CRITICAL - 2023-12-05 08:59:26 --> Undefined array key 18
in APPPATH\Controllers\CortadorPost.php on line 356.
 1 APPPATH\Controllers\CortadorPost.php(356): CodeIgniter\Debug\Exceptions->errorHandler(2, 'Undefined array key 18', 'C:\\xampp\\htdocs\\codi\\app\\Controllers\\CortadorPost.php', 356)
 2 SYSTEMPATH\CodeIgniter.php(934): App\Controllers\CortadorPost->caminho_desenho()
 3 SYSTEMPATH\CodeIgniter.php(499): CodeIgniter\CodeIgniter->runController(Object(App\Controllers\CortadorPost))
 4 SYSTEMPATH\CodeIgniter.php(368): CodeIgniter\CodeIgniter->handleRequest(null, Object(Config\Cache), false)
 5 FCPATH\index.php(67): CodeIgniter\CodeIgniter->run()
CRITICAL - 2023-12-05 08:59:32 --> Undefined array key 18
in APPPATH\Controllers\CortadorPost.php on line 356.
 1 APPPATH\Controllers\CortadorPost.php(356): CodeIgniter\Debug\Exceptions->errorHandler(2, 'Undefined array key 18', 'C:\\xampp\\htdocs\\codi\\app\\Controllers\\CortadorPost.php', 356)
 2 SYSTEMPATH\CodeIgniter.php(934): App\Controllers\CortadorPost->caminho_desenho()
 3 SYSTEMPATH\CodeIgniter.php(499): CodeIgniter\CodeIgniter->runController(Object(App\Controllers\CortadorPost))
 4 SYSTEMPATH\CodeIgniter.php(368): CodeIgniter\CodeIgniter->handleRequest(null, Object(Config\Cache), false)
 5 FCPATH\index.php(67): CodeIgniter\CodeIgniter->run()
