CRITICAL - 2024-10-02 00:19:44 --> Call to undefined function App\Controllers\sodium_crypto_aead_chacha20poly1305_ietf_encrypt()
in APPPATH\Controllers\Api.php on line 28.
 1 SYSTEMPATH\CodeIgniter.php(934): App\Controllers\Api->comecar_conversa()
 2 SYSTEMPATH\CodeIgniter.php(499): CodeIgniter\CodeIgniter->runController(Object(App\Controllers\Api))
 3 SYSTEMPATH\CodeIgniter.php(368): CodeIgniter\CodeIgniter->handleRequest(null, Object(Config\Cache), false)
 4 FCPATH\index.php(67): CodeIgniter\CodeIgniter->run()
CRITICAL - 2024-10-02 00:20:37 --> Call to undefined function App\Controllers\sodium_crypto_aead_chacha20poly1305_ietf_encrypt()
in APPPATH\Controllers\Api.php on line 28.
 1 SYSTEMPATH\CodeIgniter.php(934): App\Controllers\Api->comecar_conversa()
 2 SYSTEMPATH\CodeIgniter.php(499): CodeIgniter\CodeIgniter->runController(Object(App\Controllers\Api))
 3 SYSTEMPATH\CodeIgniter.php(368): CodeIgniter\CodeIgniter->handleRequest(null, Object(Config\Cache), false)
 4 FCPATH\index.php(67): CodeIgniter\CodeIgniter->run()
CRITICAL - 2024-10-02 00:28:16 --> Call to undefined function App\Controllers\sodium_crypto_aead_chacha20poly1305_ietf_encrypt()
in APPPATH\Controllers\Api.php on line 28.
 1 SYSTEMPATH\CodeIgniter.php(934): App\Controllers\Api->comecar_conversa()
 2 SYSTEMPATH\CodeIgniter.php(499): CodeIgniter\CodeIgniter->runController(Object(App\Controllers\Api))
 3 SYSTEMPATH\CodeIgniter.php(368): CodeIgniter\CodeIgniter->handleRequest(null, Object(Config\Cache), false)
 4 FCPATH\index.php(67): CodeIgniter\CodeIgniter->run()
CRITICAL - 2024-10-02 00:49:35 --> Call to undefined function App\Controllers\sodium_crypto_aead_chacha20poly1305_ietf_encrypt()
in APPPATH\Controllers\Api.php on line 28.
 1 SYSTEMPATH\CodeIgniter.php(934): App\Controllers\Api->comecar_conversa()
 2 SYSTEMPATH\CodeIgniter.php(499): CodeIgniter\CodeIgniter->runController(Object(App\Controllers\Api))
 3 SYSTEMPATH\CodeIgniter.php(368): CodeIgniter\CodeIgniter->handleRequest(null, Object(Config\Cache), false)
 4 FCPATH\index.php(67): CodeIgniter\CodeIgniter->run()
CRITICAL - 2024-10-02 01:07:11 --> Call to undefined function App\Controllers\sodium_crypto_aead_chacha20poly1305_ietf_encrypt()
in APPPATH\Controllers\Api.php on line 28.
 1 SYSTEMPATH\CodeIgniter.php(934): App\Controllers\Api->comecar_conversa()
 2 SYSTEMPATH\CodeIgniter.php(499): CodeIgniter\CodeIgniter->runController(Object(App\Controllers\Api))
 3 SYSTEMPATH\CodeIgniter.php(368): CodeIgniter\CodeIgniter->handleRequest(null, Object(Config\Cache), false)
 4 FCPATH\index.php(67): CodeIgniter\CodeIgniter->run()
CRITICAL - 2024-10-02 06:25:27 --> Class "Locale" not found
in SYSTEMPATH\CodeIgniter.php on line 194.
 1 FCPATH\index.php(55): CodeIgniter\CodeIgniter->initialize()
CRITICAL - 2024-10-02 06:28:32 --> Class "Locale" not found
in SYSTEMPATH\CodeIgniter.php on line 194.
 1 FCPATH\index.php(55): CodeIgniter\CodeIgniter->initialize()
CRITICAL - 2024-10-02 06:28:42 --> Class "Locale" not found
in SYSTEMPATH\CodeIgniter.php on line 194.
 1 FCPATH\index.php(55): CodeIgniter\CodeIgniter->initialize()
CRITICAL - 2024-10-02 06:28:44 --> Class "Locale" not found
in SYSTEMPATH\CodeIgniter.php on line 194.
 1 FCPATH\index.php(55): CodeIgniter\CodeIgniter->initialize()
CRITICAL - 2024-10-02 06:28:54 --> Class "Locale" not found
in SYSTEMPATH\CodeIgniter.php on line 194.
 1 FCPATH\index.php(55): CodeIgniter\CodeIgniter->initialize()
CRITICAL - 2024-10-02 06:29:42 --> Class "Locale" not found
in SYSTEMPATH\CodeIgniter.php on line 194.
 1 FCPATH\index.php(55): CodeIgniter\CodeIgniter->initialize()
CRITICAL - 2024-10-02 01:31:44 --> Call to undefined function App\Controllers\sodium_crypto_aead_chacha20poly1305_ietf_encrypt()
in APPPATH\Controllers\Api.php on line 34.
 1 SYSTEMPATH\CodeIgniter.php(934): App\Controllers\Api->comecar_conversa()
 2 SYSTEMPATH\CodeIgniter.php(499): CodeIgniter\CodeIgniter->runController(Object(App\Controllers\Api))
 3 SYSTEMPATH\CodeIgniter.php(368): CodeIgniter\CodeIgniter->handleRequest(null, Object(Config\Cache), false)
 4 FCPATH\index.php(67): CodeIgniter\CodeIgniter->run()
CRITICAL - 2024-10-02 01:48:54 --> Object of class CodeIgniter\HTTP\Response could not be converted to string
in APPPATH\Controllers\Api.php on line 57.
 1 SYSTEMPATH\CodeIgniter.php(934): App\Controllers\Api->comecar_conversa()
 2 SYSTEMPATH\CodeIgniter.php(499): CodeIgniter\CodeIgniter->runController(Object(App\Controllers\Api))
 3 SYSTEMPATH\CodeIgniter.php(368): CodeIgniter\CodeIgniter->handleRequest(null, Object(Config\Cache), false)
 4 FCPATH\index.php(67): CodeIgniter\CodeIgniter->run()
CRITICAL - 2024-10-02 15:29:48 --> openssl_encrypt(): IV passed is 32 bytes long which is longer than the 16 expected by selected cipher, truncating
in APPPATH\Controllers\Api.php on line 27.
 1 [internal function]: CodeIgniter\Debug\Exceptions->errorHandler(2, 'openssl_encrypt(): IV passed is 32 bytes long which is longer than the 16 expected by selected cipher, truncating', 'C:\\xampp\\htdocs\\codi\\app\\Controllers\\Api.php', 27)
 2 APPPATH\Controllers\Api.php(27): openssl_encrypt(Object(SensitiveParameterValue), 'aes-256-cbc', Object(SensitiveParameterValue), 1, 'ffeeddccbbaa99887766554433221100')
 3 SYSTEMPATH\CodeIgniter.php(934): App\Controllers\Api->comecar_conversa()
 4 SYSTEMPATH\CodeIgniter.php(499): CodeIgniter\CodeIgniter->runController(Object(App\Controllers\Api))
 5 SYSTEMPATH\CodeIgniter.php(368): CodeIgniter\CodeIgniter->handleRequest(null, Object(Config\Cache), false)
 6 FCPATH\index.php(67): CodeIgniter\CodeIgniter->run()
CRITICAL - 2024-10-02 15:30:24 --> openssl_encrypt(): IV passed is 32 bytes long which is longer than the 16 expected by selected cipher, truncating
in APPPATH\Controllers\Api.php on line 27.
 1 [internal function]: CodeIgniter\Debug\Exceptions->errorHandler(2, 'openssl_encrypt(): IV passed is 32 bytes long which is longer than the 16 expected by selected cipher, truncating', 'C:\\xampp\\htdocs\\codi\\app\\Controllers\\Api.php', 27)
 2 APPPATH\Controllers\Api.php(27): openssl_encrypt(Object(SensitiveParameterValue), 'aes-256-cbc', Object(SensitiveParameterValue), 1, 'ffeeddccbbaa99887766554433221100')
 3 SYSTEMPATH\CodeIgniter.php(934): App\Controllers\Api->comecar_conversa()
 4 SYSTEMPATH\CodeIgniter.php(499): CodeIgniter\CodeIgniter->runController(Object(App\Controllers\Api))
 5 SYSTEMPATH\CodeIgniter.php(368): CodeIgniter\CodeIgniter->handleRequest(null, Object(Config\Cache), false)
 6 FCPATH\index.php(67): CodeIgniter\CodeIgniter->run()
CRITICAL - 2024-10-02 18:31:18 --> syntax error, unexpected token "return", expecting "function" or "const"
in APPPATH\Controllers\Api.php on line 60.
 1 SYSTEMPATH\Autoloader\Autoloader.php(289): CodeIgniter\Autoloader\Autoloader->includeFile('C:\\xampp\\htdocs\\codi\\app\\Controllers\\Api.php')
 2 SYSTEMPATH\Autoloader\Autoloader.php(267): CodeIgniter\Autoloader\Autoloader->loadInNamespace('App\\Controllers\\Api')
 3 [internal function]: CodeIgniter\Autoloader\Autoloader->loadClass('App\\Controllers\\Api')
 4 SYSTEMPATH\CodeIgniter.php(892): class_exists('\\App\\Controllers\\Api', true)
 5 SYSTEMPATH\CodeIgniter.php(486): CodeIgniter\CodeIgniter->startController()
 6 SYSTEMPATH\CodeIgniter.php(368): CodeIgniter\CodeIgniter->handleRequest(null, Object(Config\Cache), false)
 7 FCPATH\index.php(67): CodeIgniter\CodeIgniter->run()
CRITICAL - 2024-10-02 15:31:33 --> openssl_encrypt(): IV passed is 32 bytes long which is longer than the 16 expected by selected cipher, truncating
in APPPATH\Controllers\Api.php on line 27.
 1 [internal function]: CodeIgniter\Debug\Exceptions->errorHandler(2, 'openssl_encrypt(): IV passed is 32 bytes long which is longer than the 16 expected by selected cipher, truncating', 'C:\\xampp\\htdocs\\codi\\app\\Controllers\\Api.php', 27)
 2 APPPATH\Controllers\Api.php(27): openssl_encrypt(Object(SensitiveParameterValue), 'aes-256-cbc', Object(SensitiveParameterValue), 1, 'ffeeddccbbaa99887766554433221100')
 3 SYSTEMPATH\CodeIgniter.php(934): App\Controllers\Api->comecar_conversa()
 4 SYSTEMPATH\CodeIgniter.php(499): CodeIgniter\CodeIgniter->runController(Object(App\Controllers\Api))
 5 SYSTEMPATH\CodeIgniter.php(368): CodeIgniter\CodeIgniter->handleRequest(null, Object(Config\Cache), false)
 6 FCPATH\index.php(67): CodeIgniter\CodeIgniter->run()
CRITICAL - 2024-10-02 15:33:03 --> openssl_encrypt(): IV passed is 32 bytes long which is longer than the 16 expected by selected cipher, truncating
in APPPATH\Controllers\Api.php on line 27.
 1 [internal function]: CodeIgniter\Debug\Exceptions->errorHandler(2, 'openssl_encrypt(): IV passed is 32 bytes long which is longer than the 16 expected by selected cipher, truncating', 'C:\\xampp\\htdocs\\codi\\app\\Controllers\\Api.php', 27)
 2 APPPATH\Controllers\Api.php(27): openssl_encrypt(Object(SensitiveParameterValue), 'aes-256-cbc', Object(SensitiveParameterValue), 1, 'ffeeddccbbaa99887766554433221100')
 3 SYSTEMPATH\CodeIgniter.php(934): App\Controllers\Api->comecar_conversa()
 4 SYSTEMPATH\CodeIgniter.php(499): CodeIgniter\CodeIgniter->runController(Object(App\Controllers\Api))
 5 SYSTEMPATH\CodeIgniter.php(368): CodeIgniter\CodeIgniter->handleRequest(null, Object(Config\Cache), false)
 6 FCPATH\index.php(67): CodeIgniter\CodeIgniter->run()
CRITICAL - 2024-10-02 15:33:06 --> openssl_encrypt(): IV passed is 32 bytes long which is longer than the 16 expected by selected cipher, truncating
in APPPATH\Controllers\Api.php on line 27.
 1 [internal function]: CodeIgniter\Debug\Exceptions->errorHandler(2, 'openssl_encrypt(): IV passed is 32 bytes long which is longer than the 16 expected by selected cipher, truncating', 'C:\\xampp\\htdocs\\codi\\app\\Controllers\\Api.php', 27)
 2 APPPATH\Controllers\Api.php(27): openssl_encrypt(Object(SensitiveParameterValue), 'aes-256-cbc', Object(SensitiveParameterValue), 1, 'ffeeddccbbaa99887766554433221100')
 3 SYSTEMPATH\CodeIgniter.php(934): App\Controllers\Api->comecar_conversa()
 4 SYSTEMPATH\CodeIgniter.php(499): CodeIgniter\CodeIgniter->runController(Object(App\Controllers\Api))
 5 SYSTEMPATH\CodeIgniter.php(368): CodeIgniter\CodeIgniter->handleRequest(null, Object(Config\Cache), false)
 6 FCPATH\index.php(67): CodeIgniter\CodeIgniter->run()
CRITICAL - 2024-10-02 15:35:56 --> sodium_crypto_aead_chacha20poly1305_ietf_encrypt(): Argument #4 ($key) must be SODIUM_CRYPTO_AEAD_CHACHA20POLY1305_IETF_KEYBYTES bytes long
in APPPATH\Controllers\Api.php on line 33.
 1 APPPATH\Controllers\Api.php(33): sodium_crypto_aead_chacha20poly1305_ietf_encrypt()
 2 SYSTEMPATH\CodeIgniter.php(934): App\Controllers\Api->comecar_conversa()
 3 SYSTEMPATH\CodeIgniter.php(499): CodeIgniter\CodeIgniter->runController()
 4 SYSTEMPATH\CodeIgniter.php(368): CodeIgniter\CodeIgniter->handleRequest()
 5 FCPATH\index.php(67): CodeIgniter\CodeIgniter->run()
CRITICAL - 2024-10-02 15:56:56 --> Failed to parse JSON string. Error: Malformed UTF-8 characters, possibly incorrectly encoded
in SYSTEMPATH\Format\JSONFormatter.php on line 41.
 1 SYSTEMPATH\Format\JSONFormatter.php(41): CodeIgniter\Format\Exceptions\FormatException::forInvalidJSON('Malformed UTF-8 characters, possibly incorrectly encoded')
 2 SYSTEMPATH\HTTP\ResponseTrait.php(322): CodeIgniter\Format\JSONFormatter->format([...])
 3 SYSTEMPATH\HTTP\ResponseTrait.php(248): CodeIgniter\HTTP\Response->formatBody([...], 'json')
 4 APPPATH\Controllers\Api.php(56): CodeIgniter\HTTP\Response->setJSON([...])
 5 SYSTEMPATH\CodeIgniter.php(934): App\Controllers\Api->comecar_conversa()
 6 SYSTEMPATH\CodeIgniter.php(499): CodeIgniter\CodeIgniter->runController(Object(App\Controllers\Api))
 7 SYSTEMPATH\CodeIgniter.php(368): CodeIgniter\CodeIgniter->handleRequest(null, Object(Config\Cache), false)
 8 FCPATH\index.php(67): CodeIgniter\CodeIgniter->run()
CRITICAL - 2024-10-02 15:56:56 --> Uncaught CodeIgniter\Format\Exceptions\FormatException: Failed to parse JSON string. Error: Malformed UTF-8 characters, possibly incorrectly encoded in C:\xampp\htdocs\codi\system\Format\JSONFormatter.php:41
Stack trace:
#0 C:\xampp\htdocs\codi\system\Format\JSONFormatter.php(41): CodeIgniter\Format\Exceptions\FormatException::forInvalidJSON('Malformed UTF-8...')
#1 C:\xampp\htdocs\codi\system\API\ResponseTrait.php(349): CodeIgniter\Format\JSONFormatter->format(Array)
#2 C:\xampp\htdocs\codi\system\API\ResponseTrait.php(102): CodeIgniter\Debug\Exceptions->format(Array)
#3 C:\xampp\htdocs\codi\system\Debug\Exceptions.php(150): CodeIgniter\Debug\Exceptions->respond(Array, 500)
#4 [internal function]: CodeIgniter\Debug\Exceptions->exceptionHandler(Object(CodeIgniter\Format\Exceptions\FormatException))
#5 {main}
  thrown
【Previous Exception】
CodeIgniter\Format\Exceptions\FormatException
Failed to parse JSON string. Error: Malformed UTF-8 characters, possibly incorrectly encoded
#0 C:\xampp\htdocs\codi\system\Format\JSONFormatter.php(41): CodeIgniter\Format\Exceptions\FormatException::forInvalidJSON('Malformed UTF-8...')
#1 C:\xampp\htdocs\codi\system\HTTP\ResponseTrait.php(322): CodeIgniter\Format\JSONFormatter->format(Array)
#2 C:\xampp\htdocs\codi\system\HTTP\ResponseTrait.php(248): CodeIgniter\HTTP\Response->formatBody(Array, 'json')
#3 C:\xampp\htdocs\codi\app\Controllers\Api.php(56): CodeIgniter\HTTP\Response->setJSON(Array)
#4 C:\xampp\htdocs\codi\system\CodeIgniter.php(934): App\Controllers\Api->comecar_conversa()
#5 C:\xampp\htdocs\codi\system\CodeIgniter.php(499): CodeIgniter\CodeIgniter->runController(Object(App\Controllers\Api))
#6 C:\xampp\htdocs\codi\system\CodeIgniter.php(368): CodeIgniter\CodeIgniter->handleRequest(NULL, Object(Config\Cache), false)
#7 C:\xampp\htdocs\codi\public\index.php(67): CodeIgniter\CodeIgniter->run()
#8 {main}
in SYSTEMPATH\Format\JSONFormatter.php on line 41.
 1 [internal function]: CodeIgniter\Debug\Exceptions->shutdownHandler()
CRITICAL - 2024-10-02 15:57:16 --> Failed to parse JSON string. Error: Malformed UTF-8 characters, possibly incorrectly encoded
in SYSTEMPATH\Format\JSONFormatter.php on line 41.
 1 SYSTEMPATH\Format\JSONFormatter.php(41): CodeIgniter\Format\Exceptions\FormatException::forInvalidJSON('Malformed UTF-8 characters, possibly incorrectly encoded')
 2 SYSTEMPATH\HTTP\ResponseTrait.php(322): CodeIgniter\Format\JSONFormatter->format([...])
 3 SYSTEMPATH\HTTP\ResponseTrait.php(248): CodeIgniter\HTTP\Response->formatBody([...], 'json')
 4 APPPATH\Controllers\Api.php(56): CodeIgniter\HTTP\Response->setJSON([...])
 5 SYSTEMPATH\CodeIgniter.php(934): App\Controllers\Api->comecar_conversa()
 6 SYSTEMPATH\CodeIgniter.php(499): CodeIgniter\CodeIgniter->runController(Object(App\Controllers\Api))
 7 SYSTEMPATH\CodeIgniter.php(368): CodeIgniter\CodeIgniter->handleRequest(null, Object(Config\Cache), false)
 8 FCPATH\index.php(67): CodeIgniter\CodeIgniter->run()
CRITICAL - 2024-10-02 15:57:16 --> Uncaught CodeIgniter\Format\Exceptions\FormatException: Failed to parse JSON string. Error: Malformed UTF-8 characters, possibly incorrectly encoded in C:\xampp\htdocs\codi\system\Format\JSONFormatter.php:41
Stack trace:
#0 C:\xampp\htdocs\codi\system\Format\JSONFormatter.php(41): CodeIgniter\Format\Exceptions\FormatException::forInvalidJSON('Malformed UTF-8...')
#1 C:\xampp\htdocs\codi\system\API\ResponseTrait.php(349): CodeIgniter\Format\JSONFormatter->format(Array)
#2 C:\xampp\htdocs\codi\system\API\ResponseTrait.php(102): CodeIgniter\Debug\Exceptions->format(Array)
#3 C:\xampp\htdocs\codi\system\Debug\Exceptions.php(150): CodeIgniter\Debug\Exceptions->respond(Array, 500)
#4 [internal function]: CodeIgniter\Debug\Exceptions->exceptionHandler(Object(CodeIgniter\Format\Exceptions\FormatException))
#5 {main}
  thrown
【Previous Exception】
CodeIgniter\Format\Exceptions\FormatException
Failed to parse JSON string. Error: Malformed UTF-8 characters, possibly incorrectly encoded
#0 C:\xampp\htdocs\codi\system\Format\JSONFormatter.php(41): CodeIgniter\Format\Exceptions\FormatException::forInvalidJSON('Malformed UTF-8...')
#1 C:\xampp\htdocs\codi\system\HTTP\ResponseTrait.php(322): CodeIgniter\Format\JSONFormatter->format(Array)
#2 C:\xampp\htdocs\codi\system\HTTP\ResponseTrait.php(248): CodeIgniter\HTTP\Response->formatBody(Array, 'json')
#3 C:\xampp\htdocs\codi\app\Controllers\Api.php(56): CodeIgniter\HTTP\Response->setJSON(Array)
#4 C:\xampp\htdocs\codi\system\CodeIgniter.php(934): App\Controllers\Api->comecar_conversa()
#5 C:\xampp\htdocs\codi\system\CodeIgniter.php(499): CodeIgniter\CodeIgniter->runController(Object(App\Controllers\Api))
#6 C:\xampp\htdocs\codi\system\CodeIgniter.php(368): CodeIgniter\CodeIgniter->handleRequest(NULL, Object(Config\Cache), false)
#7 C:\xampp\htdocs\codi\public\index.php(67): CodeIgniter\CodeIgniter->run()
#8 {main}
in SYSTEMPATH\Format\JSONFormatter.php on line 41.
 1 [internal function]: CodeIgniter\Debug\Exceptions->shutdownHandler()
CRITICAL - 2024-10-02 15:57:20 --> Failed to parse JSON string. Error: Malformed UTF-8 characters, possibly incorrectly encoded
in SYSTEMPATH\Format\JSONFormatter.php on line 41.
 1 SYSTEMPATH\Format\JSONFormatter.php(41): CodeIgniter\Format\Exceptions\FormatException::forInvalidJSON('Malformed UTF-8 characters, possibly incorrectly encoded')
 2 SYSTEMPATH\HTTP\ResponseTrait.php(322): CodeIgniter\Format\JSONFormatter->format([...])
 3 SYSTEMPATH\HTTP\ResponseTrait.php(248): CodeIgniter\HTTP\Response->formatBody([...], 'json')
 4 APPPATH\Controllers\Api.php(56): CodeIgniter\HTTP\Response->setJSON([...])
 5 SYSTEMPATH\CodeIgniter.php(934): App\Controllers\Api->comecar_conversa()
 6 SYSTEMPATH\CodeIgniter.php(499): CodeIgniter\CodeIgniter->runController(Object(App\Controllers\Api))
 7 SYSTEMPATH\CodeIgniter.php(368): CodeIgniter\CodeIgniter->handleRequest(null, Object(Config\Cache), false)
 8 FCPATH\index.php(67): CodeIgniter\CodeIgniter->run()
CRITICAL - 2024-10-02 15:57:20 --> Uncaught CodeIgniter\Format\Exceptions\FormatException: Failed to parse JSON string. Error: Malformed UTF-8 characters, possibly incorrectly encoded in C:\xampp\htdocs\codi\system\Format\JSONFormatter.php:41
Stack trace:
#0 C:\xampp\htdocs\codi\system\Format\JSONFormatter.php(41): CodeIgniter\Format\Exceptions\FormatException::forInvalidJSON('Malformed UTF-8...')
#1 C:\xampp\htdocs\codi\system\API\ResponseTrait.php(349): CodeIgniter\Format\JSONFormatter->format(Array)
#2 C:\xampp\htdocs\codi\system\API\ResponseTrait.php(102): CodeIgniter\Debug\Exceptions->format(Array)
#3 C:\xampp\htdocs\codi\system\Debug\Exceptions.php(150): CodeIgniter\Debug\Exceptions->respond(Array, 500)
#4 [internal function]: CodeIgniter\Debug\Exceptions->exceptionHandler(Object(CodeIgniter\Format\Exceptions\FormatException))
#5 {main}
  thrown
【Previous Exception】
CodeIgniter\Format\Exceptions\FormatException
Failed to parse JSON string. Error: Malformed UTF-8 characters, possibly incorrectly encoded
#0 C:\xampp\htdocs\codi\system\Format\JSONFormatter.php(41): CodeIgniter\Format\Exceptions\FormatException::forInvalidJSON('Malformed UTF-8...')
#1 C:\xampp\htdocs\codi\system\HTTP\ResponseTrait.php(322): CodeIgniter\Format\JSONFormatter->format(Array)
#2 C:\xampp\htdocs\codi\system\HTTP\ResponseTrait.php(248): CodeIgniter\HTTP\Response->formatBody(Array, 'json')
#3 C:\xampp\htdocs\codi\app\Controllers\Api.php(56): CodeIgniter\HTTP\Response->setJSON(Array)
#4 C:\xampp\htdocs\codi\system\CodeIgniter.php(934): App\Controllers\Api->comecar_conversa()
#5 C:\xampp\htdocs\codi\system\CodeIgniter.php(499): CodeIgniter\CodeIgniter->runController(Object(App\Controllers\Api))
#6 C:\xampp\htdocs\codi\system\CodeIgniter.php(368): CodeIgniter\CodeIgniter->handleRequest(NULL, Object(Config\Cache), false)
#7 C:\xampp\htdocs\codi\public\index.php(67): CodeIgniter\CodeIgniter->run()
#8 {main}
in SYSTEMPATH\Format\JSONFormatter.php on line 41.
 1 [internal function]: CodeIgniter\Debug\Exceptions->shutdownHandler()
CRITICAL - 2024-10-02 17:08:27 --> Unsupported operand types: string + string
in APPPATH\Controllers\Api.php on line 23.
 1 SYSTEMPATH\CodeIgniter.php(934): App\Controllers\Api->comecar_conversa()
 2 SYSTEMPATH\CodeIgniter.php(499): CodeIgniter\CodeIgniter->runController(Object(App\Controllers\Api))
 3 SYSTEMPATH\CodeIgniter.php(368): CodeIgniter\CodeIgniter->handleRequest(null, Object(Config\Cache), false)
 4 FCPATH\index.php(67): CodeIgniter\CodeIgniter->run()
CRITICAL - 2024-10-02 17:08:40 --> Unsupported operand types: string + string
in APPPATH\Controllers\Api.php on line 23.
 1 SYSTEMPATH\CodeIgniter.php(934): App\Controllers\Api->comecar_conversa()
 2 SYSTEMPATH\CodeIgniter.php(499): CodeIgniter\CodeIgniter->runController(Object(App\Controllers\Api))
 3 SYSTEMPATH\CodeIgniter.php(368): CodeIgniter\CodeIgniter->handleRequest(null, Object(Config\Cache), false)
 4 FCPATH\index.php(67): CodeIgniter\CodeIgniter->run()
CRITICAL - 2024-10-02 17:49:18 --> Array to string conversion
in APPPATH\Controllers\Api.php on line 34.
 1 APPPATH\Controllers\Api.php(34): CodeIgniter\Debug\Exceptions->errorHandler(2, 'Array to string conversion', 'C:\\xampp\\htdocs\\codi\\app\\Controllers\\Api.php', 34)
 2 SYSTEMPATH\CodeIgniter.php(934): App\Controllers\Api->comecar_conversa()
 3 SYSTEMPATH\CodeIgniter.php(499): CodeIgniter\CodeIgniter->runController(Object(App\Controllers\Api))
 4 SYSTEMPATH\CodeIgniter.php(368): CodeIgniter\CodeIgniter->handleRequest(null, Object(Config\Cache), false)
 5 FCPATH\index.php(67): CodeIgniter\CodeIgniter->run()
