WARNING - 2024-12-04 11:00:11 --> [DEPRECATED] str_replace(): Passing null to parameter #3 ($subject) of type array|string is deprecated in APPPATH\Controllers\Ferramentas.php on line 430.
 1 APPPATH\Controllers\Ferramentas.php(430): str_replace([...], [...], null)
 2 APPPATH\Controllers\EmpreendimentoPost.php(357): App\Controllers\Ferramentas::codificador(null)
 3 SYSTEMPATH\CodeIgniter.php(934): App\Controllers\EmpreendimentoPost->empreendimento_lista()
 4 SYSTEMPATH\CodeIgniter.php(499): CodeIgniter\CodeIgniter->runController(Object(App\Controllers\EmpreendimentoPost))
 5 SYSTEMPATH\CodeIgniter.php(368): CodeIgniter\CodeIgniter->handleRequest(null, Object(Config\Cache), false)
 6 FCPATH\index.php(67): CodeIgniter\CodeIgniter->run()
WARNING - 2024-12-04 11:00:30 --> [DEPRECATED] str_replace(): Passing null to parameter #3 ($subject) of type array|string is deprecated in APPPATH\Controllers\Ferramentas.php on line 430.
 1 APPPATH\Controllers\Ferramentas.php(430): str_replace([...], [...], null)
 2 APPPATH\Controllers\EmpreendimentoPost.php(357): App\Controllers\Ferramentas::codificador(null)
 3 SYSTEMPATH\CodeIgniter.php(934): App\Controllers\EmpreendimentoPost->empreendimento_lista()
 4 SYSTEMPATH\CodeIgniter.php(499): CodeIgniter\CodeIgniter->runController(Object(App\Controllers\EmpreendimentoPost))
 5 SYSTEMPATH\CodeIgniter.php(368): CodeIgniter\CodeIgniter->handleRequest(null, Object(Config\Cache), false)
 6 FCPATH\index.php(67): CodeIgniter\CodeIgniter->run()
WARNING - 2024-12-04 11:04:43 --> [DEPRECATED] str_replace(): Passing null to parameter #3 ($subject) of type array|string is deprecated in APPPATH\Controllers\Ferramentas.php on line 430.
 1 APPPATH\Controllers\Ferramentas.php(430): str_replace([...], [...], null)
 2 APPPATH\Controllers\EmpreendimentoPost.php(357): App\Controllers\Ferramentas::codificador(null)
 3 SYSTEMPATH\CodeIgniter.php(934): App\Controllers\EmpreendimentoPost->empreendimento_lista()
 4 SYSTEMPATH\CodeIgniter.php(499): CodeIgniter\CodeIgniter->runController(Object(App\Controllers\EmpreendimentoPost))
 5 SYSTEMPATH\CodeIgniter.php(368): CodeIgniter\CodeIgniter->handleRequest(null, Object(Config\Cache), false)
 6 FCPATH\index.php(67): CodeIgniter\CodeIgniter->run()
WARNING - 2024-12-04 11:04:44 --> [DEPRECATED] str_replace(): Passing null to parameter #3 ($subject) of type array|string is deprecated in APPPATH\Controllers\Ferramentas.php on line 430.
 1 APPPATH\Controllers\Ferramentas.php(430): str_replace([...], [...], null)
 2 APPPATH\Controllers\EmpreendimentoPost.php(357): App\Controllers\Ferramentas::codificador(null)
 3 SYSTEMPATH\CodeIgniter.php(934): App\Controllers\EmpreendimentoPost->empreendimento_lista()
 4 SYSTEMPATH\CodeIgniter.php(499): CodeIgniter\CodeIgniter->runController(Object(App\Controllers\EmpreendimentoPost))
 5 SYSTEMPATH\CodeIgniter.php(368): CodeIgniter\CodeIgniter->handleRequest(null, Object(Config\Cache), false)
 6 FCPATH\index.php(67): CodeIgniter\CodeIgniter->run()
CRITICAL - 2024-12-04 11:28:00 --> rename(c:/wl/TESTE/J_A_RUSSI/SUNNY_COAST/PAISAGISMO/C131212/1_COPIA_2_236_.dxf,c:/wl/TESTE/J_A_RUSSI/SUNNY_COAST/PAISAGISMO/C131212/cortado_04_12_2024_1_COPIA236__9601_.dxf): O arquivo já está sendo usado por outro processo (code: 32)
in APPPATH\Controllers\ListaCortePost.php on line 303.
 1 [internal function]: CodeIgniter\Debug\Exceptions->errorHandler(2, 'rename(c:/wl/TESTE/J_A_RUSSI/SUNNY_COAST/PAISAGISMO/C131212/1_COPIA_2_236_.dxf,c:/wl/TESTE/J_A_RUSSI/SUNNY_COAST/PAISAGISMO/C131212/cortado_04_12_2024_1_COPIA236__9601_.dxf): O arquivo já está sendo usado por outro processo (code: 32)', 'C:\\xampp\\htdocs\\codi\\app\\Controllers\\ListaCortePost.php', 303)
 2 APPPATH\Controllers\ListaCortePost.php(303): rename('c:/wl/TESTE/J_A_RUSSI/SUNNY_COAST/PAISAGISMO/C131212/1_COPIA_2_236_.dxf', 'c:/wl/TESTE/J_A_RUSSI/SUNNY_COAST/PAISAGISMO/C131212/cortado_04_12_2024_1_COPIA236__9601_.dxf')
 3 SYSTEMPATH\CodeIgniter.php(934): App\Controllers\ListaCortePost->confirmar_corte()
 4 SYSTEMPATH\CodeIgniter.php(499): CodeIgniter\CodeIgniter->runController(Object(App\Controllers\ListaCortePost))
 5 SYSTEMPATH\CodeIgniter.php(368): CodeIgniter\CodeIgniter->handleRequest(null, Object(Config\Cache), false)
 6 FCPATH\index.php(67): CodeIgniter\CodeIgniter->run()
