CRITICAL - 2023-08-25 19:30:01 --> Undefined variable $functionType_lista
in APPPATH\Views\lista_cadastro.php on line 263.
 1 APPPATH\Views\lista_cadastro.php(263): CodeIgniter\Debug\Exceptions->errorHandler(2, 'Undefined variable $functionType_lista', 'C:\\xampp\\htdocs\\codi\\app\\Views\\lista_cadastro.php', 263)
 2 SYSTEMPATH\View\View.php(213): include('C:\\xampp\\htdocs\\codi\\app\\Views\\lista_cadastro.php')
 3 SYSTEMPATH\View\View.php(216): CodeIgniter\View\View->CodeIgniter\View\{closure}()
 4 SYSTEMPATH\Common.php(1184): CodeIgniter\View\View->render('lista_cadastro', [], true)
 5 APPPATH\Controllers\Adm.php(429): view('lista_cadastro', [...])
 6 SYSTEMPATH\CodeIgniter.php(934): App\Controllers\Adm->tags()
 7 SYSTEMPATH\CodeIgniter.php(499): CodeIgniter\CodeIgniter->runController(Object(App\Controllers\Adm))
 8 SYSTEMPATH\CodeIgniter.php(368): CodeIgniter\CodeIgniter->handleRequest(null, Object(Config\Cache), false)
 9 FCPATH\index.php(67): CodeIgniter\CodeIgniter->run()
CRITICAL - 2023-08-25 19:31:12 --> Undefined variable $functionType_cadastro
in APPPATH\Views\lista_cadastro.php on line 274.
 1 APPPATH\Views\lista_cadastro.php(274): CodeIgniter\Debug\Exceptions->errorHandler(2, 'Undefined variable $functionType_cadastro', 'C:\\xampp\\htdocs\\codi\\app\\Views\\lista_cadastro.php', 274)
 2 SYSTEMPATH\View\View.php(213): include('C:\\xampp\\htdocs\\codi\\app\\Views\\lista_cadastro.php')
 3 SYSTEMPATH\View\View.php(216): CodeIgniter\View\View->CodeIgniter\View\{closure}()
 4 SYSTEMPATH\Common.php(1184): CodeIgniter\View\View->render('lista_cadastro', [], true)
 5 APPPATH\Controllers\Adm.php(429): view('lista_cadastro', [...])
 6 SYSTEMPATH\CodeIgniter.php(934): App\Controllers\Adm->tags()
 7 SYSTEMPATH\CodeIgniter.php(499): CodeIgniter\CodeIgniter->runController(Object(App\Controllers\Adm))
 8 SYSTEMPATH\CodeIgniter.php(368): CodeIgniter\CodeIgniter->handleRequest(null, Object(Config\Cache), false)
 9 FCPATH\index.php(67): CodeIgniter\CodeIgniter->run()
CRITICAL - 2023-08-25 19:31:24 --> foreach() argument must be of type array|object, string given
in APPPATH\Views\lista_cadastro.php on line 305.
 1 APPPATH\Views\lista_cadastro.php(305): CodeIgniter\Debug\Exceptions->errorHandler(2, 'foreach() argument must be of type array|object, string given', 'C:\\xampp\\htdocs\\codi\\app\\Views\\lista_cadastro.php', 305)
 2 SYSTEMPATH\View\View.php(213): include('C:\\xampp\\htdocs\\codi\\app\\Views\\lista_cadastro.php')
 3 SYSTEMPATH\View\View.php(216): CodeIgniter\View\View->CodeIgniter\View\{closure}()
 4 SYSTEMPATH\Common.php(1184): CodeIgniter\View\View->render('lista_cadastro', [], true)
 5 APPPATH\Controllers\Adm.php(429): view('lista_cadastro', [...])
 6 SYSTEMPATH\CodeIgniter.php(934): App\Controllers\Adm->tags()
 7 SYSTEMPATH\CodeIgniter.php(499): CodeIgniter\CodeIgniter->runController(Object(App\Controllers\Adm))
 8 SYSTEMPATH\CodeIgniter.php(368): CodeIgniter\CodeIgniter->handleRequest(null, Object(Config\Cache), false)
 9 FCPATH\index.php(67): CodeIgniter\CodeIgniter->run()
CRITICAL - 2023-08-25 19:32:05 --> foreach() argument must be of type array|object, string given
in APPPATH\Views\lista_cadastro.php on line 305.
 1 APPPATH\Views\lista_cadastro.php(305): CodeIgniter\Debug\Exceptions->errorHandler(2, 'foreach() argument must be of type array|object, string given', 'C:\\xampp\\htdocs\\codi\\app\\Views\\lista_cadastro.php', 305)
 2 SYSTEMPATH\View\View.php(213): include('C:\\xampp\\htdocs\\codi\\app\\Views\\lista_cadastro.php')
 3 SYSTEMPATH\View\View.php(216): CodeIgniter\View\View->CodeIgniter\View\{closure}()
 4 SYSTEMPATH\Common.php(1184): CodeIgniter\View\View->render('lista_cadastro', [], true)
 5 APPPATH\Controllers\Adm.php(429): view('lista_cadastro', [...])
 6 SYSTEMPATH\CodeIgniter.php(934): App\Controllers\Adm->tags()
 7 SYSTEMPATH\CodeIgniter.php(499): CodeIgniter\CodeIgniter->runController(Object(App\Controllers\Adm))
 8 SYSTEMPATH\CodeIgniter.php(368): CodeIgniter\CodeIgniter->handleRequest(null, Object(Config\Cache), false)
 9 FCPATH\index.php(67): CodeIgniter\CodeIgniter->run()
CRITICAL - 2023-08-25 19:32:10 --> foreach() argument must be of type array|object, string given
in APPPATH\Views\lista_cadastro.php on line 305.
 1 APPPATH\Views\lista_cadastro.php(305): CodeIgniter\Debug\Exceptions->errorHandler(2, 'foreach() argument must be of type array|object, string given', 'C:\\xampp\\htdocs\\codi\\app\\Views\\lista_cadastro.php', 305)
 2 SYSTEMPATH\View\View.php(213): include('C:\\xampp\\htdocs\\codi\\app\\Views\\lista_cadastro.php')
 3 SYSTEMPATH\View\View.php(216): CodeIgniter\View\View->CodeIgniter\View\{closure}()
 4 SYSTEMPATH\Common.php(1184): CodeIgniter\View\View->render('lista_cadastro', [], true)
 5 APPPATH\Controllers\Adm.php(429): view('lista_cadastro', [...])
 6 SYSTEMPATH\CodeIgniter.php(934): App\Controllers\Adm->tags()
 7 SYSTEMPATH\CodeIgniter.php(499): CodeIgniter\CodeIgniter->runController(Object(App\Controllers\Adm))
 8 SYSTEMPATH\CodeIgniter.php(368): CodeIgniter\CodeIgniter->handleRequest(null, Object(Config\Cache), false)
 9 FCPATH\index.php(67): CodeIgniter\CodeIgniter->run()
