WARNING - 2024-07-25 17:59:09 --> [DEPRECATED] Implicit conversion from float 8.468354430379748 to int loses precision in APPPATH\Controllers\AdmPost.php on line 3174.
 1 APPPATH\Controllers\AdmPost.php(3468): App\Controllers\AdmPost->secondsToTime(8.468354430379748)
 2 SYSTEMPATH\CodeIgniter.php(934): App\Controllers\AdmPost->relatorio_analitico()
 3 SYSTEMPATH\CodeIgniter.php(499): CodeIgniter\CodeIgniter->runController(Object(App\Controllers\AdmPost))
 4 SYSTEMPATH\CodeIgniter.php(368): CodeIgniter\CodeIgniter->handleRequest(null, Object(Config\Cache), false)
 5 FCPATH\index.php(67): CodeIgniter\CodeIgniter->run()
WARNING - 2024-07-25 17:59:09 --> [DEPRECATED] Implicit conversion from float 8.468354430379748 to int loses precision in APPPATH\Controllers\AdmPost.php on line 3175.
 1 APPPATH\Controllers\AdmPost.php(3468): App\Controllers\AdmPost->secondsToTime(8.468354430379748)
 2 SYSTEMPATH\CodeIgniter.php(934): App\Controllers\AdmPost->relatorio_analitico()
 3 SYSTEMPATH\CodeIgniter.php(499): CodeIgniter\CodeIgniter->runController(Object(App\Controllers\AdmPost))
 4 SYSTEMPATH\CodeIgniter.php(368): CodeIgniter\CodeIgniter->handleRequest(null, Object(Config\Cache), false)
 5 FCPATH\index.php(67): CodeIgniter\CodeIgniter->run()
WARNING - 2024-07-25 17:59:09 --> [DEPRECATED] Implicit conversion from float 394.3818181818182 to int loses precision in APPPATH\Controllers\AdmPost.php on line 3174.
 1 APPPATH\Controllers\AdmPost.php(3468): App\Controllers\AdmPost->secondsToTime(394.3818181818182)
 2 SYSTEMPATH\CodeIgniter.php(934): App\Controllers\AdmPost->relatorio_analitico()
 3 SYSTEMPATH\CodeIgniter.php(499): CodeIgniter\CodeIgniter->runController(Object(App\Controllers\AdmPost))
 4 SYSTEMPATH\CodeIgniter.php(368): CodeIgniter\CodeIgniter->handleRequest(null, Object(Config\Cache), false)
 5 FCPATH\index.php(67): CodeIgniter\CodeIgniter->run()
WARNING - 2024-07-25 17:59:09 --> [DEPRECATED] Implicit conversion from float 394.3818181818182 to int loses precision in APPPATH\Controllers\AdmPost.php on line 3175.
 1 APPPATH\Controllers\AdmPost.php(3468): App\Controllers\AdmPost->secondsToTime(394.3818181818182)
 2 SYSTEMPATH\CodeIgniter.php(934): App\Controllers\AdmPost->relatorio_analitico()
 3 SYSTEMPATH\CodeIgniter.php(499): CodeIgniter\CodeIgniter->runController(Object(App\Controllers\AdmPost))
 4 SYSTEMPATH\CodeIgniter.php(368): CodeIgniter\CodeIgniter->handleRequest(null, Object(Config\Cache), false)
 5 FCPATH\index.php(67): CodeIgniter\CodeIgniter->run()
WARNING - 2024-07-25 18:00:07 --> [DEPRECATED] Implicit conversion from float 8.468354430379748 to int loses precision in APPPATH\Controllers\AdmPost.php on line 3174.
 1 APPPATH\Controllers\AdmPost.php(3468): App\Controllers\AdmPost->secondsToTime(8.468354430379748)
 2 SYSTEMPATH\CodeIgniter.php(934): App\Controllers\AdmPost->relatorio_analitico()
 3 SYSTEMPATH\CodeIgniter.php(499): CodeIgniter\CodeIgniter->runController(Object(App\Controllers\AdmPost))
 4 SYSTEMPATH\CodeIgniter.php(368): CodeIgniter\CodeIgniter->handleRequest(null, Object(Config\Cache), false)
 5 FCPATH\index.php(67): CodeIgniter\CodeIgniter->run()
WARNING - 2024-07-25 18:00:07 --> [DEPRECATED] Implicit conversion from float 8.468354430379748 to int loses precision in APPPATH\Controllers\AdmPost.php on line 3175.
 1 APPPATH\Controllers\AdmPost.php(3468): App\Controllers\AdmPost->secondsToTime(8.468354430379748)
 2 SYSTEMPATH\CodeIgniter.php(934): App\Controllers\AdmPost->relatorio_analitico()
 3 SYSTEMPATH\CodeIgniter.php(499): CodeIgniter\CodeIgniter->runController(Object(App\Controllers\AdmPost))
 4 SYSTEMPATH\CodeIgniter.php(368): CodeIgniter\CodeIgniter->handleRequest(null, Object(Config\Cache), false)
 5 FCPATH\index.php(67): CodeIgniter\CodeIgniter->run()
WARNING - 2024-07-25 18:00:07 --> [DEPRECATED] Implicit conversion from float 394.3818181818182 to int loses precision in APPPATH\Controllers\AdmPost.php on line 3174.
 1 APPPATH\Controllers\AdmPost.php(3468): App\Controllers\AdmPost->secondsToTime(394.3818181818182)
 2 SYSTEMPATH\CodeIgniter.php(934): App\Controllers\AdmPost->relatorio_analitico()
 3 SYSTEMPATH\CodeIgniter.php(499): CodeIgniter\CodeIgniter->runController(Object(App\Controllers\AdmPost))
 4 SYSTEMPATH\CodeIgniter.php(368): CodeIgniter\CodeIgniter->handleRequest(null, Object(Config\Cache), false)
 5 FCPATH\index.php(67): CodeIgniter\CodeIgniter->run()
WARNING - 2024-07-25 18:00:07 --> [DEPRECATED] Implicit conversion from float 394.3818181818182 to int loses precision in APPPATH\Controllers\AdmPost.php on line 3175.
 1 APPPATH\Controllers\AdmPost.php(3468): App\Controllers\AdmPost->secondsToTime(394.3818181818182)
 2 SYSTEMPATH\CodeIgniter.php(934): App\Controllers\AdmPost->relatorio_analitico()
 3 SYSTEMPATH\CodeIgniter.php(499): CodeIgniter\CodeIgniter->runController(Object(App\Controllers\AdmPost))
 4 SYSTEMPATH\CodeIgniter.php(368): CodeIgniter\CodeIgniter->handleRequest(null, Object(Config\Cache), false)
 5 FCPATH\index.php(67): CodeIgniter\CodeIgniter->run()
WARNING - 2024-07-25 18:03:33 --> [DEPRECATED] Implicit conversion from float 8.468354430379748 to int loses precision in APPPATH\Controllers\AdmPost.php on line 3174.
 1 APPPATH\Controllers\AdmPost.php(3474): App\Controllers\AdmPost->secondsToTime(8.468354430379748)
 2 SYSTEMPATH\CodeIgniter.php(934): App\Controllers\AdmPost->relatorio_analitico()
 3 SYSTEMPATH\CodeIgniter.php(499): CodeIgniter\CodeIgniter->runController(Object(App\Controllers\AdmPost))
 4 SYSTEMPATH\CodeIgniter.php(368): CodeIgniter\CodeIgniter->handleRequest(null, Object(Config\Cache), false)
 5 FCPATH\index.php(67): CodeIgniter\CodeIgniter->run()
WARNING - 2024-07-25 18:03:33 --> [DEPRECATED] Implicit conversion from float 8.468354430379748 to int loses precision in APPPATH\Controllers\AdmPost.php on line 3175.
 1 APPPATH\Controllers\AdmPost.php(3474): App\Controllers\AdmPost->secondsToTime(8.468354430379748)
 2 SYSTEMPATH\CodeIgniter.php(934): App\Controllers\AdmPost->relatorio_analitico()
 3 SYSTEMPATH\CodeIgniter.php(499): CodeIgniter\CodeIgniter->runController(Object(App\Controllers\AdmPost))
 4 SYSTEMPATH\CodeIgniter.php(368): CodeIgniter\CodeIgniter->handleRequest(null, Object(Config\Cache), false)
 5 FCPATH\index.php(67): CodeIgniter\CodeIgniter->run()
WARNING - 2024-07-25 18:03:33 --> [DEPRECATED] Implicit conversion from float 394.3818181818182 to int loses precision in APPPATH\Controllers\AdmPost.php on line 3174.
 1 APPPATH\Controllers\AdmPost.php(3474): App\Controllers\AdmPost->secondsToTime(394.3818181818182)
 2 SYSTEMPATH\CodeIgniter.php(934): App\Controllers\AdmPost->relatorio_analitico()
 3 SYSTEMPATH\CodeIgniter.php(499): CodeIgniter\CodeIgniter->runController(Object(App\Controllers\AdmPost))
 4 SYSTEMPATH\CodeIgniter.php(368): CodeIgniter\CodeIgniter->handleRequest(null, Object(Config\Cache), false)
 5 FCPATH\index.php(67): CodeIgniter\CodeIgniter->run()
WARNING - 2024-07-25 18:03:33 --> [DEPRECATED] Implicit conversion from float 394.3818181818182 to int loses precision in APPPATH\Controllers\AdmPost.php on line 3175.
 1 APPPATH\Controllers\AdmPost.php(3474): App\Controllers\AdmPost->secondsToTime(394.3818181818182)
 2 SYSTEMPATH\CodeIgniter.php(934): App\Controllers\AdmPost->relatorio_analitico()
 3 SYSTEMPATH\CodeIgniter.php(499): CodeIgniter\CodeIgniter->runController(Object(App\Controllers\AdmPost))
 4 SYSTEMPATH\CodeIgniter.php(368): CodeIgniter\CodeIgniter->handleRequest(null, Object(Config\Cache), false)
 5 FCPATH\index.php(67): CodeIgniter\CodeIgniter->run()
WARNING - 2024-07-25 18:06:57 --> [DEPRECATED] Implicit conversion from float 8.468354430379748 to int loses precision in APPPATH\Controllers\AdmPost.php on line 3174.
 1 APPPATH\Controllers\AdmPost.php(3474): App\Controllers\AdmPost->secondsToTime(8.468354430379748)
 2 SYSTEMPATH\CodeIgniter.php(934): App\Controllers\AdmPost->relatorio_analitico()
 3 SYSTEMPATH\CodeIgniter.php(499): CodeIgniter\CodeIgniter->runController(Object(App\Controllers\AdmPost))
 4 SYSTEMPATH\CodeIgniter.php(368): CodeIgniter\CodeIgniter->handleRequest(null, Object(Config\Cache), false)
 5 FCPATH\index.php(67): CodeIgniter\CodeIgniter->run()
WARNING - 2024-07-25 18:06:57 --> [DEPRECATED] Implicit conversion from float 8.468354430379748 to int loses precision in APPPATH\Controllers\AdmPost.php on line 3175.
 1 APPPATH\Controllers\AdmPost.php(3474): App\Controllers\AdmPost->secondsToTime(8.468354430379748)
 2 SYSTEMPATH\CodeIgniter.php(934): App\Controllers\AdmPost->relatorio_analitico()
 3 SYSTEMPATH\CodeIgniter.php(499): CodeIgniter\CodeIgniter->runController(Object(App\Controllers\AdmPost))
 4 SYSTEMPATH\CodeIgniter.php(368): CodeIgniter\CodeIgniter->handleRequest(null, Object(Config\Cache), false)
 5 FCPATH\index.php(67): CodeIgniter\CodeIgniter->run()
WARNING - 2024-07-25 18:06:57 --> [DEPRECATED] Implicit conversion from float 394.3818181818182 to int loses precision in APPPATH\Controllers\AdmPost.php on line 3174.
 1 APPPATH\Controllers\AdmPost.php(3474): App\Controllers\AdmPost->secondsToTime(394.3818181818182)
 2 SYSTEMPATH\CodeIgniter.php(934): App\Controllers\AdmPost->relatorio_analitico()
 3 SYSTEMPATH\CodeIgniter.php(499): CodeIgniter\CodeIgniter->runController(Object(App\Controllers\AdmPost))
 4 SYSTEMPATH\CodeIgniter.php(368): CodeIgniter\CodeIgniter->handleRequest(null, Object(Config\Cache), false)
 5 FCPATH\index.php(67): CodeIgniter\CodeIgniter->run()
WARNING - 2024-07-25 18:06:57 --> [DEPRECATED] Implicit conversion from float 394.3818181818182 to int loses precision in APPPATH\Controllers\AdmPost.php on line 3175.
 1 APPPATH\Controllers\AdmPost.php(3474): App\Controllers\AdmPost->secondsToTime(394.3818181818182)
 2 SYSTEMPATH\CodeIgniter.php(934): App\Controllers\AdmPost->relatorio_analitico()
 3 SYSTEMPATH\CodeIgniter.php(499): CodeIgniter\CodeIgniter->runController(Object(App\Controllers\AdmPost))
 4 SYSTEMPATH\CodeIgniter.php(368): CodeIgniter\CodeIgniter->handleRequest(null, Object(Config\Cache), false)
 5 FCPATH\index.php(67): CodeIgniter\CodeIgniter->run()
WARNING - 2024-07-25 18:08:04 --> [DEPRECATED] Implicit conversion from float 8.468354430379748 to int loses precision in APPPATH\Controllers\AdmPost.php on line 3174.
 1 APPPATH\Controllers\AdmPost.php(3474): App\Controllers\AdmPost->secondsToTime(8.468354430379748)
 2 SYSTEMPATH\CodeIgniter.php(934): App\Controllers\AdmPost->relatorio_analitico()
 3 SYSTEMPATH\CodeIgniter.php(499): CodeIgniter\CodeIgniter->runController(Object(App\Controllers\AdmPost))
 4 SYSTEMPATH\CodeIgniter.php(368): CodeIgniter\CodeIgniter->handleRequest(null, Object(Config\Cache), false)
 5 FCPATH\index.php(67): CodeIgniter\CodeIgniter->run()
WARNING - 2024-07-25 18:08:04 --> [DEPRECATED] Implicit conversion from float 8.468354430379748 to int loses precision in APPPATH\Controllers\AdmPost.php on line 3175.
 1 APPPATH\Controllers\AdmPost.php(3474): App\Controllers\AdmPost->secondsToTime(8.468354430379748)
 2 SYSTEMPATH\CodeIgniter.php(934): App\Controllers\AdmPost->relatorio_analitico()
 3 SYSTEMPATH\CodeIgniter.php(499): CodeIgniter\CodeIgniter->runController(Object(App\Controllers\AdmPost))
 4 SYSTEMPATH\CodeIgniter.php(368): CodeIgniter\CodeIgniter->handleRequest(null, Object(Config\Cache), false)
 5 FCPATH\index.php(67): CodeIgniter\CodeIgniter->run()
WARNING - 2024-07-25 18:08:04 --> [DEPRECATED] Implicit conversion from float 394.3818181818182 to int loses precision in APPPATH\Controllers\AdmPost.php on line 3174.
 1 APPPATH\Controllers\AdmPost.php(3474): App\Controllers\AdmPost->secondsToTime(394.3818181818182)
 2 SYSTEMPATH\CodeIgniter.php(934): App\Controllers\AdmPost->relatorio_analitico()
 3 SYSTEMPATH\CodeIgniter.php(499): CodeIgniter\CodeIgniter->runController(Object(App\Controllers\AdmPost))
 4 SYSTEMPATH\CodeIgniter.php(368): CodeIgniter\CodeIgniter->handleRequest(null, Object(Config\Cache), false)
 5 FCPATH\index.php(67): CodeIgniter\CodeIgniter->run()
WARNING - 2024-07-25 18:08:04 --> [DEPRECATED] Implicit conversion from float 394.3818181818182 to int loses precision in APPPATH\Controllers\AdmPost.php on line 3175.
 1 APPPATH\Controllers\AdmPost.php(3474): App\Controllers\AdmPost->secondsToTime(394.3818181818182)
 2 SYSTEMPATH\CodeIgniter.php(934): App\Controllers\AdmPost->relatorio_analitico()
 3 SYSTEMPATH\CodeIgniter.php(499): CodeIgniter\CodeIgniter->runController(Object(App\Controllers\AdmPost))
 4 SYSTEMPATH\CodeIgniter.php(368): CodeIgniter\CodeIgniter->handleRequest(null, Object(Config\Cache), false)
 5 FCPATH\index.php(67): CodeIgniter\CodeIgniter->run()
WARNING - 2024-07-25 18:09:45 --> [DEPRECATED] Implicit conversion from float 8.468354430379748 to int loses precision in APPPATH\Controllers\AdmPost.php on line 3174.
 1 APPPATH\Controllers\AdmPost.php(3475): App\Controllers\AdmPost->secondsToTime(8.468354430379748)
 2 SYSTEMPATH\CodeIgniter.php(934): App\Controllers\AdmPost->relatorio_analitico()
 3 SYSTEMPATH\CodeIgniter.php(499): CodeIgniter\CodeIgniter->runController(Object(App\Controllers\AdmPost))
 4 SYSTEMPATH\CodeIgniter.php(368): CodeIgniter\CodeIgniter->handleRequest(null, Object(Config\Cache), false)
 5 FCPATH\index.php(67): CodeIgniter\CodeIgniter->run()
WARNING - 2024-07-25 18:09:45 --> [DEPRECATED] Implicit conversion from float 8.468354430379748 to int loses precision in APPPATH\Controllers\AdmPost.php on line 3175.
 1 APPPATH\Controllers\AdmPost.php(3475): App\Controllers\AdmPost->secondsToTime(8.468354430379748)
 2 SYSTEMPATH\CodeIgniter.php(934): App\Controllers\AdmPost->relatorio_analitico()
 3 SYSTEMPATH\CodeIgniter.php(499): CodeIgniter\CodeIgniter->runController(Object(App\Controllers\AdmPost))
 4 SYSTEMPATH\CodeIgniter.php(368): CodeIgniter\CodeIgniter->handleRequest(null, Object(Config\Cache), false)
 5 FCPATH\index.php(67): CodeIgniter\CodeIgniter->run()
WARNING - 2024-07-25 18:09:45 --> [DEPRECATED] Implicit conversion from float 394.3818181818182 to int loses precision in APPPATH\Controllers\AdmPost.php on line 3174.
 1 APPPATH\Controllers\AdmPost.php(3475): App\Controllers\AdmPost->secondsToTime(394.3818181818182)
 2 SYSTEMPATH\CodeIgniter.php(934): App\Controllers\AdmPost->relatorio_analitico()
 3 SYSTEMPATH\CodeIgniter.php(499): CodeIgniter\CodeIgniter->runController(Object(App\Controllers\AdmPost))
 4 SYSTEMPATH\CodeIgniter.php(368): CodeIgniter\CodeIgniter->handleRequest(null, Object(Config\Cache), false)
 5 FCPATH\index.php(67): CodeIgniter\CodeIgniter->run()
WARNING - 2024-07-25 18:09:45 --> [DEPRECATED] Implicit conversion from float 394.3818181818182 to int loses precision in APPPATH\Controllers\AdmPost.php on line 3175.
 1 APPPATH\Controllers\AdmPost.php(3475): App\Controllers\AdmPost->secondsToTime(394.3818181818182)
 2 SYSTEMPATH\CodeIgniter.php(934): App\Controllers\AdmPost->relatorio_analitico()
 3 SYSTEMPATH\CodeIgniter.php(499): CodeIgniter\CodeIgniter->runController(Object(App\Controllers\AdmPost))
 4 SYSTEMPATH\CodeIgniter.php(368): CodeIgniter\CodeIgniter->handleRequest(null, Object(Config\Cache), false)
 5 FCPATH\index.php(67): CodeIgniter\CodeIgniter->run()
WARNING - 2024-07-25 18:10:56 --> [DEPRECATED] Implicit conversion from float 8.468354430379748 to int loses precision in APPPATH\Controllers\AdmPost.php on line 3174.
 1 APPPATH\Controllers\AdmPost.php(3475): App\Controllers\AdmPost->secondsToTime(8.468354430379748)
 2 SYSTEMPATH\CodeIgniter.php(934): App\Controllers\AdmPost->relatorio_analitico()
 3 SYSTEMPATH\CodeIgniter.php(499): CodeIgniter\CodeIgniter->runController(Object(App\Controllers\AdmPost))
 4 SYSTEMPATH\CodeIgniter.php(368): CodeIgniter\CodeIgniter->handleRequest(null, Object(Config\Cache), false)
 5 FCPATH\index.php(67): CodeIgniter\CodeIgniter->run()
WARNING - 2024-07-25 18:10:56 --> [DEPRECATED] Implicit conversion from float 8.468354430379748 to int loses precision in APPPATH\Controllers\AdmPost.php on line 3175.
 1 APPPATH\Controllers\AdmPost.php(3475): App\Controllers\AdmPost->secondsToTime(8.468354430379748)
 2 SYSTEMPATH\CodeIgniter.php(934): App\Controllers\AdmPost->relatorio_analitico()
 3 SYSTEMPATH\CodeIgniter.php(499): CodeIgniter\CodeIgniter->runController(Object(App\Controllers\AdmPost))
 4 SYSTEMPATH\CodeIgniter.php(368): CodeIgniter\CodeIgniter->handleRequest(null, Object(Config\Cache), false)
 5 FCPATH\index.php(67): CodeIgniter\CodeIgniter->run()
WARNING - 2024-07-25 18:10:56 --> [DEPRECATED] Implicit conversion from float 394.3818181818182 to int loses precision in APPPATH\Controllers\AdmPost.php on line 3174.
 1 APPPATH\Controllers\AdmPost.php(3475): App\Controllers\AdmPost->secondsToTime(394.3818181818182)
 2 SYSTEMPATH\CodeIgniter.php(934): App\Controllers\AdmPost->relatorio_analitico()
 3 SYSTEMPATH\CodeIgniter.php(499): CodeIgniter\CodeIgniter->runController(Object(App\Controllers\AdmPost))
 4 SYSTEMPATH\CodeIgniter.php(368): CodeIgniter\CodeIgniter->handleRequest(null, Object(Config\Cache), false)
 5 FCPATH\index.php(67): CodeIgniter\CodeIgniter->run()
WARNING - 2024-07-25 18:10:56 --> [DEPRECATED] Implicit conversion from float 394.3818181818182 to int loses precision in APPPATH\Controllers\AdmPost.php on line 3175.
 1 APPPATH\Controllers\AdmPost.php(3475): App\Controllers\AdmPost->secondsToTime(394.3818181818182)
 2 SYSTEMPATH\CodeIgniter.php(934): App\Controllers\AdmPost->relatorio_analitico()
 3 SYSTEMPATH\CodeIgniter.php(499): CodeIgniter\CodeIgniter->runController(Object(App\Controllers\AdmPost))
 4 SYSTEMPATH\CodeIgniter.php(368): CodeIgniter\CodeIgniter->handleRequest(null, Object(Config\Cache), false)
 5 FCPATH\index.php(67): CodeIgniter\CodeIgniter->run()
WARNING - 2024-07-25 18:11:55 --> [DEPRECATED] Implicit conversion from float 8.468354430379748 to int loses precision in APPPATH\Controllers\AdmPost.php on line 3174.
 1 APPPATH\Controllers\AdmPost.php(3475): App\Controllers\AdmPost->secondsToTime(8.468354430379748)
 2 SYSTEMPATH\CodeIgniter.php(934): App\Controllers\AdmPost->relatorio_analitico()
 3 SYSTEMPATH\CodeIgniter.php(499): CodeIgniter\CodeIgniter->runController(Object(App\Controllers\AdmPost))
 4 SYSTEMPATH\CodeIgniter.php(368): CodeIgniter\CodeIgniter->handleRequest(null, Object(Config\Cache), false)
 5 FCPATH\index.php(67): CodeIgniter\CodeIgniter->run()
WARNING - 2024-07-25 18:11:55 --> [DEPRECATED] Implicit conversion from float 8.468354430379748 to int loses precision in APPPATH\Controllers\AdmPost.php on line 3175.
 1 APPPATH\Controllers\AdmPost.php(3475): App\Controllers\AdmPost->secondsToTime(8.468354430379748)
 2 SYSTEMPATH\CodeIgniter.php(934): App\Controllers\AdmPost->relatorio_analitico()
 3 SYSTEMPATH\CodeIgniter.php(499): CodeIgniter\CodeIgniter->runController(Object(App\Controllers\AdmPost))
 4 SYSTEMPATH\CodeIgniter.php(368): CodeIgniter\CodeIgniter->handleRequest(null, Object(Config\Cache), false)
 5 FCPATH\index.php(67): CodeIgniter\CodeIgniter->run()
WARNING - 2024-07-25 18:11:55 --> [DEPRECATED] Implicit conversion from float 394.3818181818182 to int loses precision in APPPATH\Controllers\AdmPost.php on line 3174.
 1 APPPATH\Controllers\AdmPost.php(3475): App\Controllers\AdmPost->secondsToTime(394.3818181818182)
 2 SYSTEMPATH\CodeIgniter.php(934): App\Controllers\AdmPost->relatorio_analitico()
 3 SYSTEMPATH\CodeIgniter.php(499): CodeIgniter\CodeIgniter->runController(Object(App\Controllers\AdmPost))
 4 SYSTEMPATH\CodeIgniter.php(368): CodeIgniter\CodeIgniter->handleRequest(null, Object(Config\Cache), false)
 5 FCPATH\index.php(67): CodeIgniter\CodeIgniter->run()
WARNING - 2024-07-25 18:11:55 --> [DEPRECATED] Implicit conversion from float 394.3818181818182 to int loses precision in APPPATH\Controllers\AdmPost.php on line 3175.
 1 APPPATH\Controllers\AdmPost.php(3475): App\Controllers\AdmPost->secondsToTime(394.3818181818182)
 2 SYSTEMPATH\CodeIgniter.php(934): App\Controllers\AdmPost->relatorio_analitico()
 3 SYSTEMPATH\CodeIgniter.php(499): CodeIgniter\CodeIgniter->runController(Object(App\Controllers\AdmPost))
 4 SYSTEMPATH\CodeIgniter.php(368): CodeIgniter\CodeIgniter->handleRequest(null, Object(Config\Cache), false)
 5 FCPATH\index.php(67): CodeIgniter\CodeIgniter->run()
WARNING - 2024-07-25 18:12:22 --> [DEPRECATED] Implicit conversion from float 8.468354430379748 to int loses precision in APPPATH\Controllers\AdmPost.php on line 3174.
 1 APPPATH\Controllers\AdmPost.php(3475): App\Controllers\AdmPost->secondsToTime(8.468354430379748)
 2 SYSTEMPATH\CodeIgniter.php(934): App\Controllers\AdmPost->relatorio_analitico()
 3 SYSTEMPATH\CodeIgniter.php(499): CodeIgniter\CodeIgniter->runController(Object(App\Controllers\AdmPost))
 4 SYSTEMPATH\CodeIgniter.php(368): CodeIgniter\CodeIgniter->handleRequest(null, Object(Config\Cache), false)
 5 FCPATH\index.php(67): CodeIgniter\CodeIgniter->run()
WARNING - 2024-07-25 18:12:22 --> [DEPRECATED] Implicit conversion from float 8.468354430379748 to int loses precision in APPPATH\Controllers\AdmPost.php on line 3175.
 1 APPPATH\Controllers\AdmPost.php(3475): App\Controllers\AdmPost->secondsToTime(8.468354430379748)
 2 SYSTEMPATH\CodeIgniter.php(934): App\Controllers\AdmPost->relatorio_analitico()
 3 SYSTEMPATH\CodeIgniter.php(499): CodeIgniter\CodeIgniter->runController(Object(App\Controllers\AdmPost))
 4 SYSTEMPATH\CodeIgniter.php(368): CodeIgniter\CodeIgniter->handleRequest(null, Object(Config\Cache), false)
 5 FCPATH\index.php(67): CodeIgniter\CodeIgniter->run()
WARNING - 2024-07-25 18:12:22 --> [DEPRECATED] Implicit conversion from float 394.3818181818182 to int loses precision in APPPATH\Controllers\AdmPost.php on line 3174.
 1 APPPATH\Controllers\AdmPost.php(3475): App\Controllers\AdmPost->secondsToTime(394.3818181818182)
 2 SYSTEMPATH\CodeIgniter.php(934): App\Controllers\AdmPost->relatorio_analitico()
 3 SYSTEMPATH\CodeIgniter.php(499): CodeIgniter\CodeIgniter->runController(Object(App\Controllers\AdmPost))
 4 SYSTEMPATH\CodeIgniter.php(368): CodeIgniter\CodeIgniter->handleRequest(null, Object(Config\Cache), false)
 5 FCPATH\index.php(67): CodeIgniter\CodeIgniter->run()
WARNING - 2024-07-25 18:12:22 --> [DEPRECATED] Implicit conversion from float 394.3818181818182 to int loses precision in APPPATH\Controllers\AdmPost.php on line 3175.
 1 APPPATH\Controllers\AdmPost.php(3475): App\Controllers\AdmPost->secondsToTime(394.3818181818182)
 2 SYSTEMPATH\CodeIgniter.php(934): App\Controllers\AdmPost->relatorio_analitico()
 3 SYSTEMPATH\CodeIgniter.php(499): CodeIgniter\CodeIgniter->runController(Object(App\Controllers\AdmPost))
 4 SYSTEMPATH\CodeIgniter.php(368): CodeIgniter\CodeIgniter->handleRequest(null, Object(Config\Cache), false)
 5 FCPATH\index.php(67): CodeIgniter\CodeIgniter->run()
WARNING - 2024-07-25 18:12:52 --> [DEPRECATED] Implicit conversion from float 8.468354430379748 to int loses precision in APPPATH\Controllers\AdmPost.php on line 3174.
 1 APPPATH\Controllers\AdmPost.php(3475): App\Controllers\AdmPost->secondsToTime(8.468354430379748)
 2 SYSTEMPATH\CodeIgniter.php(934): App\Controllers\AdmPost->relatorio_analitico()
 3 SYSTEMPATH\CodeIgniter.php(499): CodeIgniter\CodeIgniter->runController(Object(App\Controllers\AdmPost))
 4 SYSTEMPATH\CodeIgniter.php(368): CodeIgniter\CodeIgniter->handleRequest(null, Object(Config\Cache), false)
 5 FCPATH\index.php(67): CodeIgniter\CodeIgniter->run()
WARNING - 2024-07-25 18:12:52 --> [DEPRECATED] Implicit conversion from float 8.468354430379748 to int loses precision in APPPATH\Controllers\AdmPost.php on line 3175.
 1 APPPATH\Controllers\AdmPost.php(3475): App\Controllers\AdmPost->secondsToTime(8.468354430379748)
 2 SYSTEMPATH\CodeIgniter.php(934): App\Controllers\AdmPost->relatorio_analitico()
 3 SYSTEMPATH\CodeIgniter.php(499): CodeIgniter\CodeIgniter->runController(Object(App\Controllers\AdmPost))
 4 SYSTEMPATH\CodeIgniter.php(368): CodeIgniter\CodeIgniter->handleRequest(null, Object(Config\Cache), false)
 5 FCPATH\index.php(67): CodeIgniter\CodeIgniter->run()
WARNING - 2024-07-25 18:12:52 --> [DEPRECATED] Implicit conversion from float 394.3818181818182 to int loses precision in APPPATH\Controllers\AdmPost.php on line 3174.
 1 APPPATH\Controllers\AdmPost.php(3475): App\Controllers\AdmPost->secondsToTime(394.3818181818182)
 2 SYSTEMPATH\CodeIgniter.php(934): App\Controllers\AdmPost->relatorio_analitico()
 3 SYSTEMPATH\CodeIgniter.php(499): CodeIgniter\CodeIgniter->runController(Object(App\Controllers\AdmPost))
 4 SYSTEMPATH\CodeIgniter.php(368): CodeIgniter\CodeIgniter->handleRequest(null, Object(Config\Cache), false)
 5 FCPATH\index.php(67): CodeIgniter\CodeIgniter->run()
WARNING - 2024-07-25 18:12:52 --> [DEPRECATED] Implicit conversion from float 394.3818181818182 to int loses precision in APPPATH\Controllers\AdmPost.php on line 3175.
 1 APPPATH\Controllers\AdmPost.php(3475): App\Controllers\AdmPost->secondsToTime(394.3818181818182)
 2 SYSTEMPATH\CodeIgniter.php(934): App\Controllers\AdmPost->relatorio_analitico()
 3 SYSTEMPATH\CodeIgniter.php(499): CodeIgniter\CodeIgniter->runController(Object(App\Controllers\AdmPost))
 4 SYSTEMPATH\CodeIgniter.php(368): CodeIgniter\CodeIgniter->handleRequest(null, Object(Config\Cache), false)
 5 FCPATH\index.php(67): CodeIgniter\CodeIgniter->run()
WARNING - 2024-07-25 18:13:08 --> [DEPRECATED] Implicit conversion from float 8.468354430379748 to int loses precision in APPPATH\Controllers\AdmPost.php on line 3174.
 1 APPPATH\Controllers\AdmPost.php(3475): App\Controllers\AdmPost->secondsToTime(8.468354430379748)
 2 SYSTEMPATH\CodeIgniter.php(934): App\Controllers\AdmPost->relatorio_analitico()
 3 SYSTEMPATH\CodeIgniter.php(499): CodeIgniter\CodeIgniter->runController(Object(App\Controllers\AdmPost))
 4 SYSTEMPATH\CodeIgniter.php(368): CodeIgniter\CodeIgniter->handleRequest(null, Object(Config\Cache), false)
 5 FCPATH\index.php(67): CodeIgniter\CodeIgniter->run()
WARNING - 2024-07-25 18:13:08 --> [DEPRECATED] Implicit conversion from float 8.468354430379748 to int loses precision in APPPATH\Controllers\AdmPost.php on line 3175.
 1 APPPATH\Controllers\AdmPost.php(3475): App\Controllers\AdmPost->secondsToTime(8.468354430379748)
 2 SYSTEMPATH\CodeIgniter.php(934): App\Controllers\AdmPost->relatorio_analitico()
 3 SYSTEMPATH\CodeIgniter.php(499): CodeIgniter\CodeIgniter->runController(Object(App\Controllers\AdmPost))
 4 SYSTEMPATH\CodeIgniter.php(368): CodeIgniter\CodeIgniter->handleRequest(null, Object(Config\Cache), false)
 5 FCPATH\index.php(67): CodeIgniter\CodeIgniter->run()
WARNING - 2024-07-25 18:13:08 --> [DEPRECATED] Implicit conversion from float 394.3818181818182 to int loses precision in APPPATH\Controllers\AdmPost.php on line 3174.
 1 APPPATH\Controllers\AdmPost.php(3475): App\Controllers\AdmPost->secondsToTime(394.3818181818182)
 2 SYSTEMPATH\CodeIgniter.php(934): App\Controllers\AdmPost->relatorio_analitico()
 3 SYSTEMPATH\CodeIgniter.php(499): CodeIgniter\CodeIgniter->runController(Object(App\Controllers\AdmPost))
 4 SYSTEMPATH\CodeIgniter.php(368): CodeIgniter\CodeIgniter->handleRequest(null, Object(Config\Cache), false)
 5 FCPATH\index.php(67): CodeIgniter\CodeIgniter->run()
WARNING - 2024-07-25 18:13:08 --> [DEPRECATED] Implicit conversion from float 394.3818181818182 to int loses precision in APPPATH\Controllers\AdmPost.php on line 3175.
 1 APPPATH\Controllers\AdmPost.php(3475): App\Controllers\AdmPost->secondsToTime(394.3818181818182)
 2 SYSTEMPATH\CodeIgniter.php(934): App\Controllers\AdmPost->relatorio_analitico()
 3 SYSTEMPATH\CodeIgniter.php(499): CodeIgniter\CodeIgniter->runController(Object(App\Controllers\AdmPost))
 4 SYSTEMPATH\CodeIgniter.php(368): CodeIgniter\CodeIgniter->handleRequest(null, Object(Config\Cache), false)
 5 FCPATH\index.php(67): CodeIgniter\CodeIgniter->run()
WARNING - 2024-07-25 18:13:24 --> [DEPRECATED] Implicit conversion from float 8.468354430379748 to int loses precision in APPPATH\Controllers\AdmPost.php on line 3174.
 1 APPPATH\Controllers\AdmPost.php(3475): App\Controllers\AdmPost->secondsToTime(8.468354430379748)
 2 SYSTEMPATH\CodeIgniter.php(934): App\Controllers\AdmPost->relatorio_analitico()
 3 SYSTEMPATH\CodeIgniter.php(499): CodeIgniter\CodeIgniter->runController(Object(App\Controllers\AdmPost))
 4 SYSTEMPATH\CodeIgniter.php(368): CodeIgniter\CodeIgniter->handleRequest(null, Object(Config\Cache), false)
 5 FCPATH\index.php(67): CodeIgniter\CodeIgniter->run()
WARNING - 2024-07-25 18:13:24 --> [DEPRECATED] Implicit conversion from float 8.468354430379748 to int loses precision in APPPATH\Controllers\AdmPost.php on line 3175.
 1 APPPATH\Controllers\AdmPost.php(3475): App\Controllers\AdmPost->secondsToTime(8.468354430379748)
 2 SYSTEMPATH\CodeIgniter.php(934): App\Controllers\AdmPost->relatorio_analitico()
 3 SYSTEMPATH\CodeIgniter.php(499): CodeIgniter\CodeIgniter->runController(Object(App\Controllers\AdmPost))
 4 SYSTEMPATH\CodeIgniter.php(368): CodeIgniter\CodeIgniter->handleRequest(null, Object(Config\Cache), false)
 5 FCPATH\index.php(67): CodeIgniter\CodeIgniter->run()
WARNING - 2024-07-25 18:13:24 --> [DEPRECATED] Implicit conversion from float 394.3818181818182 to int loses precision in APPPATH\Controllers\AdmPost.php on line 3174.
 1 APPPATH\Controllers\AdmPost.php(3475): App\Controllers\AdmPost->secondsToTime(394.3818181818182)
 2 SYSTEMPATH\CodeIgniter.php(934): App\Controllers\AdmPost->relatorio_analitico()
 3 SYSTEMPATH\CodeIgniter.php(499): CodeIgniter\CodeIgniter->runController(Object(App\Controllers\AdmPost))
 4 SYSTEMPATH\CodeIgniter.php(368): CodeIgniter\CodeIgniter->handleRequest(null, Object(Config\Cache), false)
 5 FCPATH\index.php(67): CodeIgniter\CodeIgniter->run()
WARNING - 2024-07-25 18:13:24 --> [DEPRECATED] Implicit conversion from float 394.3818181818182 to int loses precision in APPPATH\Controllers\AdmPost.php on line 3175.
 1 APPPATH\Controllers\AdmPost.php(3475): App\Controllers\AdmPost->secondsToTime(394.3818181818182)
 2 SYSTEMPATH\CodeIgniter.php(934): App\Controllers\AdmPost->relatorio_analitico()
 3 SYSTEMPATH\CodeIgniter.php(499): CodeIgniter\CodeIgniter->runController(Object(App\Controllers\AdmPost))
 4 SYSTEMPATH\CodeIgniter.php(368): CodeIgniter\CodeIgniter->handleRequest(null, Object(Config\Cache), false)
 5 FCPATH\index.php(67): CodeIgniter\CodeIgniter->run()
CRITICAL - 2024-07-25 18:33:30 --> Undefined array key 4
in APPPATH\Views\cadastro.php on line 240.
 1 APPPATH\Views\cadastro.php(240): CodeIgniter\Debug\Exceptions->errorHandler(2, 'Undefined array key 4', 'C:\\xampp\\htdocs\\codi\\app\\Views\\cadastro.php', 240)
 2 SYSTEMPATH\View\View.php(213): include('C:\\xampp\\htdocs\\codi\\app\\Views\\cadastro.php')
 3 SYSTEMPATH\View\View.php(216): CodeIgniter\View\View->CodeIgniter\View\{closure}()
 4 SYSTEMPATH\Common.php(1184): CodeIgniter\View\View->render('cadastro', [], true)
 5 APPPATH\Controllers\Adm.php(680): view('cadastro', [...])
 6 SYSTEMPATH\CodeIgniter.php(934): App\Controllers\Adm->relatorios_analitico()
 7 SYSTEMPATH\CodeIgniter.php(499): CodeIgniter\CodeIgniter->runController(Object(App\Controllers\Adm))
 8 SYSTEMPATH\CodeIgniter.php(368): CodeIgniter\CodeIgniter->handleRequest(null, Object(Config\Cache), false)
 9 FCPATH\index.php(67): CodeIgniter\CodeIgniter->run()
CRITICAL - 2024-07-25 18:33:55 --> Undefined array key 4
in APPPATH\Views\cadastro.php on line 240.
 1 APPPATH\Views\cadastro.php(240): CodeIgniter\Debug\Exceptions->errorHandler(2, 'Undefined array key 4', 'C:\\xampp\\htdocs\\codi\\app\\Views\\cadastro.php', 240)
 2 SYSTEMPATH\View\View.php(213): include('C:\\xampp\\htdocs\\codi\\app\\Views\\cadastro.php')
 3 SYSTEMPATH\View\View.php(216): CodeIgniter\View\View->CodeIgniter\View\{closure}()
 4 SYSTEMPATH\Common.php(1184): CodeIgniter\View\View->render('cadastro', [], true)
 5 APPPATH\Controllers\Adm.php(680): view('cadastro', [...])
 6 SYSTEMPATH\CodeIgniter.php(934): App\Controllers\Adm->relatorios_analitico()
 7 SYSTEMPATH\CodeIgniter.php(499): CodeIgniter\CodeIgniter->runController(Object(App\Controllers\Adm))
 8 SYSTEMPATH\CodeIgniter.php(368): CodeIgniter\CodeIgniter->handleRequest(null, Object(Config\Cache), false)
 9 FCPATH\index.php(67): CodeIgniter\CodeIgniter->run()
WARNING - 2024-07-25 19:59:23 --> [DEPRECATED] Implicit conversion from float 8.468354430379748 to int loses precision in APPPATH\Controllers\AdmPost.php on line 3174.
 1 APPPATH\Controllers\AdmPost.php(3476): App\Controllers\AdmPost->secondsToTime(8.468354430379748)
 2 SYSTEMPATH\CodeIgniter.php(934): App\Controllers\AdmPost->relatorio_analitico()
 3 SYSTEMPATH\CodeIgniter.php(499): CodeIgniter\CodeIgniter->runController(Object(App\Controllers\AdmPost))
 4 SYSTEMPATH\CodeIgniter.php(368): CodeIgniter\CodeIgniter->handleRequest(null, Object(Config\Cache), false)
 5 FCPATH\index.php(67): CodeIgniter\CodeIgniter->run()
WARNING - 2024-07-25 19:59:23 --> [DEPRECATED] Implicit conversion from float 8.468354430379748 to int loses precision in APPPATH\Controllers\AdmPost.php on line 3175.
 1 APPPATH\Controllers\AdmPost.php(3476): App\Controllers\AdmPost->secondsToTime(8.468354430379748)
 2 SYSTEMPATH\CodeIgniter.php(934): App\Controllers\AdmPost->relatorio_analitico()
 3 SYSTEMPATH\CodeIgniter.php(499): CodeIgniter\CodeIgniter->runController(Object(App\Controllers\AdmPost))
 4 SYSTEMPATH\CodeIgniter.php(368): CodeIgniter\CodeIgniter->handleRequest(null, Object(Config\Cache), false)
 5 FCPATH\index.php(67): CodeIgniter\CodeIgniter->run()
WARNING - 2024-07-25 19:59:23 --> [DEPRECATED] Implicit conversion from float 394.3818181818182 to int loses precision in APPPATH\Controllers\AdmPost.php on line 3174.
 1 APPPATH\Controllers\AdmPost.php(3476): App\Controllers\AdmPost->secondsToTime(394.3818181818182)
 2 SYSTEMPATH\CodeIgniter.php(934): App\Controllers\AdmPost->relatorio_analitico()
 3 SYSTEMPATH\CodeIgniter.php(499): CodeIgniter\CodeIgniter->runController(Object(App\Controllers\AdmPost))
 4 SYSTEMPATH\CodeIgniter.php(368): CodeIgniter\CodeIgniter->handleRequest(null, Object(Config\Cache), false)
 5 FCPATH\index.php(67): CodeIgniter\CodeIgniter->run()
WARNING - 2024-07-25 19:59:23 --> [DEPRECATED] Implicit conversion from float 394.3818181818182 to int loses precision in APPPATH\Controllers\AdmPost.php on line 3175.
 1 APPPATH\Controllers\AdmPost.php(3476): App\Controllers\AdmPost->secondsToTime(394.3818181818182)
 2 SYSTEMPATH\CodeIgniter.php(934): App\Controllers\AdmPost->relatorio_analitico()
 3 SYSTEMPATH\CodeIgniter.php(499): CodeIgniter\CodeIgniter->runController(Object(App\Controllers\AdmPost))
 4 SYSTEMPATH\CodeIgniter.php(368): CodeIgniter\CodeIgniter->handleRequest(null, Object(Config\Cache), false)
 5 FCPATH\index.php(67): CodeIgniter\CodeIgniter->run()
WARNING - 2024-07-25 19:59:40 --> [DEPRECATED] Implicit conversion from float 8.468354430379748 to int loses precision in APPPATH\Controllers\AdmPost.php on line 3174.
 1 APPPATH\Controllers\AdmPost.php(3476): App\Controllers\AdmPost->secondsToTime(8.468354430379748)
 2 SYSTEMPATH\CodeIgniter.php(934): App\Controllers\AdmPost->relatorio_analitico()
 3 SYSTEMPATH\CodeIgniter.php(499): CodeIgniter\CodeIgniter->runController(Object(App\Controllers\AdmPost))
 4 SYSTEMPATH\CodeIgniter.php(368): CodeIgniter\CodeIgniter->handleRequest(null, Object(Config\Cache), false)
 5 FCPATH\index.php(67): CodeIgniter\CodeIgniter->run()
WARNING - 2024-07-25 19:59:40 --> [DEPRECATED] Implicit conversion from float 8.468354430379748 to int loses precision in APPPATH\Controllers\AdmPost.php on line 3175.
 1 APPPATH\Controllers\AdmPost.php(3476): App\Controllers\AdmPost->secondsToTime(8.468354430379748)
 2 SYSTEMPATH\CodeIgniter.php(934): App\Controllers\AdmPost->relatorio_analitico()
 3 SYSTEMPATH\CodeIgniter.php(499): CodeIgniter\CodeIgniter->runController(Object(App\Controllers\AdmPost))
 4 SYSTEMPATH\CodeIgniter.php(368): CodeIgniter\CodeIgniter->handleRequest(null, Object(Config\Cache), false)
 5 FCPATH\index.php(67): CodeIgniter\CodeIgniter->run()
WARNING - 2024-07-25 19:59:40 --> [DEPRECATED] Implicit conversion from float 394.3818181818182 to int loses precision in APPPATH\Controllers\AdmPost.php on line 3174.
 1 APPPATH\Controllers\AdmPost.php(3476): App\Controllers\AdmPost->secondsToTime(394.3818181818182)
 2 SYSTEMPATH\CodeIgniter.php(934): App\Controllers\AdmPost->relatorio_analitico()
 3 SYSTEMPATH\CodeIgniter.php(499): CodeIgniter\CodeIgniter->runController(Object(App\Controllers\AdmPost))
 4 SYSTEMPATH\CodeIgniter.php(368): CodeIgniter\CodeIgniter->handleRequest(null, Object(Config\Cache), false)
 5 FCPATH\index.php(67): CodeIgniter\CodeIgniter->run()
WARNING - 2024-07-25 19:59:40 --> [DEPRECATED] Implicit conversion from float 394.3818181818182 to int loses precision in APPPATH\Controllers\AdmPost.php on line 3175.
 1 APPPATH\Controllers\AdmPost.php(3476): App\Controllers\AdmPost->secondsToTime(394.3818181818182)
 2 SYSTEMPATH\CodeIgniter.php(934): App\Controllers\AdmPost->relatorio_analitico()
 3 SYSTEMPATH\CodeIgniter.php(499): CodeIgniter\CodeIgniter->runController(Object(App\Controllers\AdmPost))
 4 SYSTEMPATH\CodeIgniter.php(368): CodeIgniter\CodeIgniter->handleRequest(null, Object(Config\Cache), false)
 5 FCPATH\index.php(67): CodeIgniter\CodeIgniter->run()
WARNING - 2024-07-25 20:00:36 --> [DEPRECATED] Implicit conversion from float 8.468354430379748 to int loses precision in APPPATH\Controllers\AdmPost.php on line 3174.
 1 APPPATH\Controllers\AdmPost.php(3476): App\Controllers\AdmPost->secondsToTime(8.468354430379748)
 2 SYSTEMPATH\CodeIgniter.php(934): App\Controllers\AdmPost->relatorio_analitico()
 3 SYSTEMPATH\CodeIgniter.php(499): CodeIgniter\CodeIgniter->runController(Object(App\Controllers\AdmPost))
 4 SYSTEMPATH\CodeIgniter.php(368): CodeIgniter\CodeIgniter->handleRequest(null, Object(Config\Cache), false)
 5 FCPATH\index.php(67): CodeIgniter\CodeIgniter->run()
WARNING - 2024-07-25 20:00:36 --> [DEPRECATED] Implicit conversion from float 8.468354430379748 to int loses precision in APPPATH\Controllers\AdmPost.php on line 3175.
 1 APPPATH\Controllers\AdmPost.php(3476): App\Controllers\AdmPost->secondsToTime(8.468354430379748)
 2 SYSTEMPATH\CodeIgniter.php(934): App\Controllers\AdmPost->relatorio_analitico()
 3 SYSTEMPATH\CodeIgniter.php(499): CodeIgniter\CodeIgniter->runController(Object(App\Controllers\AdmPost))
 4 SYSTEMPATH\CodeIgniter.php(368): CodeIgniter\CodeIgniter->handleRequest(null, Object(Config\Cache), false)
 5 FCPATH\index.php(67): CodeIgniter\CodeIgniter->run()
WARNING - 2024-07-25 20:00:36 --> [DEPRECATED] Implicit conversion from float 394.3818181818182 to int loses precision in APPPATH\Controllers\AdmPost.php on line 3174.
 1 APPPATH\Controllers\AdmPost.php(3476): App\Controllers\AdmPost->secondsToTime(394.3818181818182)
 2 SYSTEMPATH\CodeIgniter.php(934): App\Controllers\AdmPost->relatorio_analitico()
 3 SYSTEMPATH\CodeIgniter.php(499): CodeIgniter\CodeIgniter->runController(Object(App\Controllers\AdmPost))
 4 SYSTEMPATH\CodeIgniter.php(368): CodeIgniter\CodeIgniter->handleRequest(null, Object(Config\Cache), false)
 5 FCPATH\index.php(67): CodeIgniter\CodeIgniter->run()
WARNING - 2024-07-25 20:00:36 --> [DEPRECATED] Implicit conversion from float 394.3818181818182 to int loses precision in APPPATH\Controllers\AdmPost.php on line 3175.
 1 APPPATH\Controllers\AdmPost.php(3476): App\Controllers\AdmPost->secondsToTime(394.3818181818182)
 2 SYSTEMPATH\CodeIgniter.php(934): App\Controllers\AdmPost->relatorio_analitico()
 3 SYSTEMPATH\CodeIgniter.php(499): CodeIgniter\CodeIgniter->runController(Object(App\Controllers\AdmPost))
 4 SYSTEMPATH\CodeIgniter.php(368): CodeIgniter\CodeIgniter->handleRequest(null, Object(Config\Cache), false)
 5 FCPATH\index.php(67): CodeIgniter\CodeIgniter->run()
WARNING - 2024-07-25 20:04:14 --> [DEPRECATED] Implicit conversion from float 8.468354430379748 to int loses precision in APPPATH\Controllers\AdmPost.php on line 3174.
 1 APPPATH\Controllers\AdmPost.php(3476): App\Controllers\AdmPost->secondsToTime(8.468354430379748)
 2 SYSTEMPATH\CodeIgniter.php(934): App\Controllers\AdmPost->relatorio_analitico()
 3 SYSTEMPATH\CodeIgniter.php(499): CodeIgniter\CodeIgniter->runController(Object(App\Controllers\AdmPost))
 4 SYSTEMPATH\CodeIgniter.php(368): CodeIgniter\CodeIgniter->handleRequest(null, Object(Config\Cache), false)
 5 FCPATH\index.php(67): CodeIgniter\CodeIgniter->run()
WARNING - 2024-07-25 20:04:14 --> [DEPRECATED] Implicit conversion from float 8.468354430379748 to int loses precision in APPPATH\Controllers\AdmPost.php on line 3175.
 1 APPPATH\Controllers\AdmPost.php(3476): App\Controllers\AdmPost->secondsToTime(8.468354430379748)
 2 SYSTEMPATH\CodeIgniter.php(934): App\Controllers\AdmPost->relatorio_analitico()
 3 SYSTEMPATH\CodeIgniter.php(499): CodeIgniter\CodeIgniter->runController(Object(App\Controllers\AdmPost))
 4 SYSTEMPATH\CodeIgniter.php(368): CodeIgniter\CodeIgniter->handleRequest(null, Object(Config\Cache), false)
 5 FCPATH\index.php(67): CodeIgniter\CodeIgniter->run()
WARNING - 2024-07-25 20:04:14 --> [DEPRECATED] Implicit conversion from float 394.3818181818182 to int loses precision in APPPATH\Controllers\AdmPost.php on line 3174.
 1 APPPATH\Controllers\AdmPost.php(3476): App\Controllers\AdmPost->secondsToTime(394.3818181818182)
 2 SYSTEMPATH\CodeIgniter.php(934): App\Controllers\AdmPost->relatorio_analitico()
 3 SYSTEMPATH\CodeIgniter.php(499): CodeIgniter\CodeIgniter->runController(Object(App\Controllers\AdmPost))
 4 SYSTEMPATH\CodeIgniter.php(368): CodeIgniter\CodeIgniter->handleRequest(null, Object(Config\Cache), false)
 5 FCPATH\index.php(67): CodeIgniter\CodeIgniter->run()
WARNING - 2024-07-25 20:04:14 --> [DEPRECATED] Implicit conversion from float 394.3818181818182 to int loses precision in APPPATH\Controllers\AdmPost.php on line 3175.
 1 APPPATH\Controllers\AdmPost.php(3476): App\Controllers\AdmPost->secondsToTime(394.3818181818182)
 2 SYSTEMPATH\CodeIgniter.php(934): App\Controllers\AdmPost->relatorio_analitico()
 3 SYSTEMPATH\CodeIgniter.php(499): CodeIgniter\CodeIgniter->runController(Object(App\Controllers\AdmPost))
 4 SYSTEMPATH\CodeIgniter.php(368): CodeIgniter\CodeIgniter->handleRequest(null, Object(Config\Cache), false)
 5 FCPATH\index.php(67): CodeIgniter\CodeIgniter->run()
WARNING - 2024-07-25 20:08:52 --> [DEPRECATED] Implicit conversion from float 8.468354430379748 to int loses precision in APPPATH\Controllers\AdmPost.php on line 3174.
 1 APPPATH\Controllers\AdmPost.php(3476): App\Controllers\AdmPost->secondsToTime(8.468354430379748)
 2 SYSTEMPATH\CodeIgniter.php(934): App\Controllers\AdmPost->relatorio_analitico()
 3 SYSTEMPATH\CodeIgniter.php(499): CodeIgniter\CodeIgniter->runController(Object(App\Controllers\AdmPost))
 4 SYSTEMPATH\CodeIgniter.php(368): CodeIgniter\CodeIgniter->handleRequest(null, Object(Config\Cache), false)
 5 FCPATH\index.php(67): CodeIgniter\CodeIgniter->run()
WARNING - 2024-07-25 20:08:52 --> [DEPRECATED] Implicit conversion from float 8.468354430379748 to int loses precision in APPPATH\Controllers\AdmPost.php on line 3175.
 1 APPPATH\Controllers\AdmPost.php(3476): App\Controllers\AdmPost->secondsToTime(8.468354430379748)
 2 SYSTEMPATH\CodeIgniter.php(934): App\Controllers\AdmPost->relatorio_analitico()
 3 SYSTEMPATH\CodeIgniter.php(499): CodeIgniter\CodeIgniter->runController(Object(App\Controllers\AdmPost))
 4 SYSTEMPATH\CodeIgniter.php(368): CodeIgniter\CodeIgniter->handleRequest(null, Object(Config\Cache), false)
 5 FCPATH\index.php(67): CodeIgniter\CodeIgniter->run()
WARNING - 2024-07-25 20:08:53 --> [DEPRECATED] Implicit conversion from float 394.3818181818182 to int loses precision in APPPATH\Controllers\AdmPost.php on line 3174.
 1 APPPATH\Controllers\AdmPost.php(3476): App\Controllers\AdmPost->secondsToTime(394.3818181818182)
 2 SYSTEMPATH\CodeIgniter.php(934): App\Controllers\AdmPost->relatorio_analitico()
 3 SYSTEMPATH\CodeIgniter.php(499): CodeIgniter\CodeIgniter->runController(Object(App\Controllers\AdmPost))
 4 SYSTEMPATH\CodeIgniter.php(368): CodeIgniter\CodeIgniter->handleRequest(null, Object(Config\Cache), false)
 5 FCPATH\index.php(67): CodeIgniter\CodeIgniter->run()
WARNING - 2024-07-25 20:08:53 --> [DEPRECATED] Implicit conversion from float 394.3818181818182 to int loses precision in APPPATH\Controllers\AdmPost.php on line 3175.
 1 APPPATH\Controllers\AdmPost.php(3476): App\Controllers\AdmPost->secondsToTime(394.3818181818182)
 2 SYSTEMPATH\CodeIgniter.php(934): App\Controllers\AdmPost->relatorio_analitico()
 3 SYSTEMPATH\CodeIgniter.php(499): CodeIgniter\CodeIgniter->runController(Object(App\Controllers\AdmPost))
 4 SYSTEMPATH\CodeIgniter.php(368): CodeIgniter\CodeIgniter->handleRequest(null, Object(Config\Cache), false)
 5 FCPATH\index.php(67): CodeIgniter\CodeIgniter->run()
