CRITICAL - 2024-07-04 14:48:29 --> Only variables should be passed by reference
in APPPATH\Controllers\CortadorPost.php on line 47.
 1 APPPATH\Controllers\CortadorPost.php(47): CodeIgniter\Debug\Exceptions->errorHandler(8, 'Only variables should be passed by reference', 'C:\\xampp\\htdocs\\codi\\app\\Controllers\\CortadorPost.php', 47)
 2 APPPATH\Controllers\CortadorPost.php(143): App\Controllers\CortadorPost->atualiza_prio()
 3 SYSTEMPATH\CodeIgniter.php(934): App\Controllers\CortadorPost->lista_corte()
 4 SYSTEMPATH\CodeIgniter.php(499): CodeIgniter\CodeIgniter->runController(Object(App\Controllers\CortadorPost))
 5 SYSTEMPATH\CodeIgniter.php(368): CodeIgniter\CodeIgniter->handleRequest(null, Object(Config\Cache), false)
 6 FCPATH\index.php(67): CodeIgniter\CodeIgniter->run()
CRITICAL - 2024-07-04 14:48:30 --> Only variables should be passed by reference
in APPPATH\Controllers\CortadorPost.php on line 47.
 1 APPPATH\Controllers\CortadorPost.php(47): CodeIgniter\Debug\Exceptions->errorHandler(8, 'Only variables should be passed by reference', 'C:\\xampp\\htdocs\\codi\\app\\Controllers\\CortadorPost.php', 47)
 2 APPPATH\Controllers\CortadorPost.php(143): App\Controllers\CortadorPost->atualiza_prio()
 3 SYSTEMPATH\CodeIgniter.php(934): App\Controllers\CortadorPost->lista_corte()
 4 SYSTEMPATH\CodeIgniter.php(499): CodeIgniter\CodeIgniter->runController(Object(App\Controllers\CortadorPost))
 5 SYSTEMPATH\CodeIgniter.php(368): CodeIgniter\CodeIgniter->handleRequest(null, Object(Config\Cache), false)
 6 FCPATH\index.php(67): CodeIgniter\CodeIgniter->run()
CRITICAL - 2024-07-04 14:48:31 --> Only variables should be passed by reference
in APPPATH\Controllers\CortadorPost.php on line 47.
 1 APPPATH\Controllers\CortadorPost.php(47): CodeIgniter\Debug\Exceptions->errorHandler(8, 'Only variables should be passed by reference', 'C:\\xampp\\htdocs\\codi\\app\\Controllers\\CortadorPost.php', 47)
 2 APPPATH\Controllers\CortadorPost.php(143): App\Controllers\CortadorPost->atualiza_prio()
 3 SYSTEMPATH\CodeIgniter.php(934): App\Controllers\CortadorPost->lista_corte()
 4 SYSTEMPATH\CodeIgniter.php(499): CodeIgniter\CodeIgniter->runController(Object(App\Controllers\CortadorPost))
 5 SYSTEMPATH\CodeIgniter.php(368): CodeIgniter\CodeIgniter->handleRequest(null, Object(Config\Cache), false)
 6 FCPATH\index.php(67): CodeIgniter\CodeIgniter->run()
CRITICAL - 2024-07-04 14:48:32 --> Only variables should be passed by reference
in APPPATH\Controllers\CortadorPost.php on line 47.
 1 APPPATH\Controllers\CortadorPost.php(47): CodeIgniter\Debug\Exceptions->errorHandler(8, 'Only variables should be passed by reference', 'C:\\xampp\\htdocs\\codi\\app\\Controllers\\CortadorPost.php', 47)
 2 APPPATH\Controllers\CortadorPost.php(143): App\Controllers\CortadorPost->atualiza_prio()
 3 SYSTEMPATH\CodeIgniter.php(934): App\Controllers\CortadorPost->lista_corte()
 4 SYSTEMPATH\CodeIgniter.php(499): CodeIgniter\CodeIgniter->runController(Object(App\Controllers\CortadorPost))
 5 SYSTEMPATH\CodeIgniter.php(368): CodeIgniter\CodeIgniter->handleRequest(null, Object(Config\Cache), false)
 6 FCPATH\index.php(67): CodeIgniter\CodeIgniter->run()
CRITICAL - 2024-07-04 14:48:33 --> Only variables should be passed by reference
in APPPATH\Controllers\CortadorPost.php on line 47.
 1 APPPATH\Controllers\CortadorPost.php(47): CodeIgniter\Debug\Exceptions->errorHandler(8, 'Only variables should be passed by reference', 'C:\\xampp\\htdocs\\codi\\app\\Controllers\\CortadorPost.php', 47)
 2 APPPATH\Controllers\CortadorPost.php(143): App\Controllers\CortadorPost->atualiza_prio()
 3 SYSTEMPATH\CodeIgniter.php(934): App\Controllers\CortadorPost->lista_corte()
 4 SYSTEMPATH\CodeIgniter.php(499): CodeIgniter\CodeIgniter->runController(Object(App\Controllers\CortadorPost))
 5 SYSTEMPATH\CodeIgniter.php(368): CodeIgniter\CodeIgniter->handleRequest(null, Object(Config\Cache), false)
 6 FCPATH\index.php(67): CodeIgniter\CodeIgniter->run()
CRITICAL - 2024-07-04 14:48:34 --> Only variables should be passed by reference
in APPPATH\Controllers\CortadorPost.php on line 47.
 1 APPPATH\Controllers\CortadorPost.php(47): CodeIgniter\Debug\Exceptions->errorHandler(8, 'Only variables should be passed by reference', 'C:\\xampp\\htdocs\\codi\\app\\Controllers\\CortadorPost.php', 47)
 2 APPPATH\Controllers\CortadorPost.php(143): App\Controllers\CortadorPost->atualiza_prio()
 3 SYSTEMPATH\CodeIgniter.php(934): App\Controllers\CortadorPost->lista_corte()
 4 SYSTEMPATH\CodeIgniter.php(499): CodeIgniter\CodeIgniter->runController(Object(App\Controllers\CortadorPost))
 5 SYSTEMPATH\CodeIgniter.php(368): CodeIgniter\CodeIgniter->handleRequest(null, Object(Config\Cache), false)
 6 FCPATH\index.php(67): CodeIgniter\CodeIgniter->run()
CRITICAL - 2024-07-04 14:48:35 --> Only variables should be passed by reference
in APPPATH\Controllers\CortadorPost.php on line 47.
 1 APPPATH\Controllers\CortadorPost.php(47): CodeIgniter\Debug\Exceptions->errorHandler(8, 'Only variables should be passed by reference', 'C:\\xampp\\htdocs\\codi\\app\\Controllers\\CortadorPost.php', 47)
 2 APPPATH\Controllers\CortadorPost.php(143): App\Controllers\CortadorPost->atualiza_prio()
 3 SYSTEMPATH\CodeIgniter.php(934): App\Controllers\CortadorPost->lista_corte()
 4 SYSTEMPATH\CodeIgniter.php(499): CodeIgniter\CodeIgniter->runController(Object(App\Controllers\CortadorPost))
 5 SYSTEMPATH\CodeIgniter.php(368): CodeIgniter\CodeIgniter->handleRequest(null, Object(Config\Cache), false)
 6 FCPATH\index.php(67): CodeIgniter\CodeIgniter->run()
CRITICAL - 2024-07-04 14:48:36 --> Only variables should be passed by reference
in APPPATH\Controllers\CortadorPost.php on line 47.
 1 APPPATH\Controllers\CortadorPost.php(47): CodeIgniter\Debug\Exceptions->errorHandler(8, 'Only variables should be passed by reference', 'C:\\xampp\\htdocs\\codi\\app\\Controllers\\CortadorPost.php', 47)
 2 APPPATH\Controllers\CortadorPost.php(143): App\Controllers\CortadorPost->atualiza_prio()
 3 SYSTEMPATH\CodeIgniter.php(934): App\Controllers\CortadorPost->lista_corte()
 4 SYSTEMPATH\CodeIgniter.php(499): CodeIgniter\CodeIgniter->runController(Object(App\Controllers\CortadorPost))
 5 SYSTEMPATH\CodeIgniter.php(368): CodeIgniter\CodeIgniter->handleRequest(null, Object(Config\Cache), false)
 6 FCPATH\index.php(67): CodeIgniter\CodeIgniter->run()
CRITICAL - 2024-07-04 14:48:37 --> Only variables should be passed by reference
in APPPATH\Controllers\CortadorPost.php on line 47.
 1 APPPATH\Controllers\CortadorPost.php(47): CodeIgniter\Debug\Exceptions->errorHandler(8, 'Only variables should be passed by reference', 'C:\\xampp\\htdocs\\codi\\app\\Controllers\\CortadorPost.php', 47)
 2 APPPATH\Controllers\CortadorPost.php(143): App\Controllers\CortadorPost->atualiza_prio()
 3 SYSTEMPATH\CodeIgniter.php(934): App\Controllers\CortadorPost->lista_corte()
 4 SYSTEMPATH\CodeIgniter.php(499): CodeIgniter\CodeIgniter->runController(Object(App\Controllers\CortadorPost))
 5 SYSTEMPATH\CodeIgniter.php(368): CodeIgniter\CodeIgniter->handleRequest(null, Object(Config\Cache), false)
 6 FCPATH\index.php(67): CodeIgniter\CodeIgniter->run()
CRITICAL - 2024-07-04 14:48:38 --> Only variables should be passed by reference
in APPPATH\Controllers\CortadorPost.php on line 47.
 1 APPPATH\Controllers\CortadorPost.php(47): CodeIgniter\Debug\Exceptions->errorHandler(8, 'Only variables should be passed by reference', 'C:\\xampp\\htdocs\\codi\\app\\Controllers\\CortadorPost.php', 47)
 2 APPPATH\Controllers\CortadorPost.php(143): App\Controllers\CortadorPost->atualiza_prio()
 3 SYSTEMPATH\CodeIgniter.php(934): App\Controllers\CortadorPost->lista_corte()
 4 SYSTEMPATH\CodeIgniter.php(499): CodeIgniter\CodeIgniter->runController(Object(App\Controllers\CortadorPost))
 5 SYSTEMPATH\CodeIgniter.php(368): CodeIgniter\CodeIgniter->handleRequest(null, Object(Config\Cache), false)
 6 FCPATH\index.php(67): CodeIgniter\CodeIgniter->run()
CRITICAL - 2024-07-04 14:48:39 --> Only variables should be passed by reference
in APPPATH\Controllers\CortadorPost.php on line 47.
 1 APPPATH\Controllers\CortadorPost.php(47): CodeIgniter\Debug\Exceptions->errorHandler(8, 'Only variables should be passed by reference', 'C:\\xampp\\htdocs\\codi\\app\\Controllers\\CortadorPost.php', 47)
 2 APPPATH\Controllers\CortadorPost.php(143): App\Controllers\CortadorPost->atualiza_prio()
 3 SYSTEMPATH\CodeIgniter.php(934): App\Controllers\CortadorPost->lista_corte()
 4 SYSTEMPATH\CodeIgniter.php(499): CodeIgniter\CodeIgniter->runController(Object(App\Controllers\CortadorPost))
 5 SYSTEMPATH\CodeIgniter.php(368): CodeIgniter\CodeIgniter->handleRequest(null, Object(Config\Cache), false)
 6 FCPATH\index.php(67): CodeIgniter\CodeIgniter->run()
CRITICAL - 2024-07-04 14:48:40 --> Only variables should be passed by reference
in APPPATH\Controllers\CortadorPost.php on line 47.
 1 APPPATH\Controllers\CortadorPost.php(47): CodeIgniter\Debug\Exceptions->errorHandler(8, 'Only variables should be passed by reference', 'C:\\xampp\\htdocs\\codi\\app\\Controllers\\CortadorPost.php', 47)
 2 APPPATH\Controllers\CortadorPost.php(143): App\Controllers\CortadorPost->atualiza_prio()
 3 SYSTEMPATH\CodeIgniter.php(934): App\Controllers\CortadorPost->lista_corte()
 4 SYSTEMPATH\CodeIgniter.php(499): CodeIgniter\CodeIgniter->runController(Object(App\Controllers\CortadorPost))
 5 SYSTEMPATH\CodeIgniter.php(368): CodeIgniter\CodeIgniter->handleRequest(null, Object(Config\Cache), false)
 6 FCPATH\index.php(67): CodeIgniter\CodeIgniter->run()
CRITICAL - 2024-07-04 14:48:41 --> Only variables should be passed by reference
in APPPATH\Controllers\CortadorPost.php on line 47.
 1 APPPATH\Controllers\CortadorPost.php(47): CodeIgniter\Debug\Exceptions->errorHandler(8, 'Only variables should be passed by reference', 'C:\\xampp\\htdocs\\codi\\app\\Controllers\\CortadorPost.php', 47)
 2 APPPATH\Controllers\CortadorPost.php(143): App\Controllers\CortadorPost->atualiza_prio()
 3 SYSTEMPATH\CodeIgniter.php(934): App\Controllers\CortadorPost->lista_corte()
 4 SYSTEMPATH\CodeIgniter.php(499): CodeIgniter\CodeIgniter->runController(Object(App\Controllers\CortadorPost))
 5 SYSTEMPATH\CodeIgniter.php(368): CodeIgniter\CodeIgniter->handleRequest(null, Object(Config\Cache), false)
 6 FCPATH\index.php(67): CodeIgniter\CodeIgniter->run()
CRITICAL - 2024-07-04 14:48:42 --> Only variables should be passed by reference
in APPPATH\Controllers\CortadorPost.php on line 47.
 1 APPPATH\Controllers\CortadorPost.php(47): CodeIgniter\Debug\Exceptions->errorHandler(8, 'Only variables should be passed by reference', 'C:\\xampp\\htdocs\\codi\\app\\Controllers\\CortadorPost.php', 47)
 2 APPPATH\Controllers\CortadorPost.php(143): App\Controllers\CortadorPost->atualiza_prio()
 3 SYSTEMPATH\CodeIgniter.php(934): App\Controllers\CortadorPost->lista_corte()
 4 SYSTEMPATH\CodeIgniter.php(499): CodeIgniter\CodeIgniter->runController(Object(App\Controllers\CortadorPost))
 5 SYSTEMPATH\CodeIgniter.php(368): CodeIgniter\CodeIgniter->handleRequest(null, Object(Config\Cache), false)
 6 FCPATH\index.php(67): CodeIgniter\CodeIgniter->run()
CRITICAL - 2024-07-04 14:48:43 --> Only variables should be passed by reference
in APPPATH\Controllers\CortadorPost.php on line 47.
 1 APPPATH\Controllers\CortadorPost.php(47): CodeIgniter\Debug\Exceptions->errorHandler(8, 'Only variables should be passed by reference', 'C:\\xampp\\htdocs\\codi\\app\\Controllers\\CortadorPost.php', 47)
 2 APPPATH\Controllers\CortadorPost.php(143): App\Controllers\CortadorPost->atualiza_prio()
 3 SYSTEMPATH\CodeIgniter.php(934): App\Controllers\CortadorPost->lista_corte()
 4 SYSTEMPATH\CodeIgniter.php(499): CodeIgniter\CodeIgniter->runController(Object(App\Controllers\CortadorPost))
 5 SYSTEMPATH\CodeIgniter.php(368): CodeIgniter\CodeIgniter->handleRequest(null, Object(Config\Cache), false)
 6 FCPATH\index.php(67): CodeIgniter\CodeIgniter->run()
CRITICAL - 2024-07-04 14:48:44 --> Only variables should be passed by reference
in APPPATH\Controllers\CortadorPost.php on line 47.
 1 APPPATH\Controllers\CortadorPost.php(47): CodeIgniter\Debug\Exceptions->errorHandler(8, 'Only variables should be passed by reference', 'C:\\xampp\\htdocs\\codi\\app\\Controllers\\CortadorPost.php', 47)
 2 APPPATH\Controllers\CortadorPost.php(143): App\Controllers\CortadorPost->atualiza_prio()
 3 SYSTEMPATH\CodeIgniter.php(934): App\Controllers\CortadorPost->lista_corte()
 4 SYSTEMPATH\CodeIgniter.php(499): CodeIgniter\CodeIgniter->runController(Object(App\Controllers\CortadorPost))
 5 SYSTEMPATH\CodeIgniter.php(368): CodeIgniter\CodeIgniter->handleRequest(null, Object(Config\Cache), false)
 6 FCPATH\index.php(67): CodeIgniter\CodeIgniter->run()
CRITICAL - 2024-07-04 14:48:45 --> Only variables should be passed by reference
in APPPATH\Controllers\CortadorPost.php on line 47.
 1 APPPATH\Controllers\CortadorPost.php(47): CodeIgniter\Debug\Exceptions->errorHandler(8, 'Only variables should be passed by reference', 'C:\\xampp\\htdocs\\codi\\app\\Controllers\\CortadorPost.php', 47)
 2 APPPATH\Controllers\CortadorPost.php(143): App\Controllers\CortadorPost->atualiza_prio()
 3 SYSTEMPATH\CodeIgniter.php(934): App\Controllers\CortadorPost->lista_corte()
 4 SYSTEMPATH\CodeIgniter.php(499): CodeIgniter\CodeIgniter->runController(Object(App\Controllers\CortadorPost))
 5 SYSTEMPATH\CodeIgniter.php(368): CodeIgniter\CodeIgniter->handleRequest(null, Object(Config\Cache), false)
 6 FCPATH\index.php(67): CodeIgniter\CodeIgniter->run()
CRITICAL - 2024-07-04 14:48:46 --> Only variables should be passed by reference
in APPPATH\Controllers\CortadorPost.php on line 47.
 1 APPPATH\Controllers\CortadorPost.php(47): CodeIgniter\Debug\Exceptions->errorHandler(8, 'Only variables should be passed by reference', 'C:\\xampp\\htdocs\\codi\\app\\Controllers\\CortadorPost.php', 47)
 2 APPPATH\Controllers\CortadorPost.php(143): App\Controllers\CortadorPost->atualiza_prio()
 3 SYSTEMPATH\CodeIgniter.php(934): App\Controllers\CortadorPost->lista_corte()
 4 SYSTEMPATH\CodeIgniter.php(499): CodeIgniter\CodeIgniter->runController(Object(App\Controllers\CortadorPost))
 5 SYSTEMPATH\CodeIgniter.php(368): CodeIgniter\CodeIgniter->handleRequest(null, Object(Config\Cache), false)
 6 FCPATH\index.php(67): CodeIgniter\CodeIgniter->run()
CRITICAL - 2024-07-04 14:48:47 --> Only variables should be passed by reference
in APPPATH\Controllers\CortadorPost.php on line 47.
 1 APPPATH\Controllers\CortadorPost.php(47): CodeIgniter\Debug\Exceptions->errorHandler(8, 'Only variables should be passed by reference', 'C:\\xampp\\htdocs\\codi\\app\\Controllers\\CortadorPost.php', 47)
 2 APPPATH\Controllers\CortadorPost.php(143): App\Controllers\CortadorPost->atualiza_prio()
 3 SYSTEMPATH\CodeIgniter.php(934): App\Controllers\CortadorPost->lista_corte()
 4 SYSTEMPATH\CodeIgniter.php(499): CodeIgniter\CodeIgniter->runController(Object(App\Controllers\CortadorPost))
 5 SYSTEMPATH\CodeIgniter.php(368): CodeIgniter\CodeIgniter->handleRequest(null, Object(Config\Cache), false)
 6 FCPATH\index.php(67): CodeIgniter\CodeIgniter->run()
CRITICAL - 2024-07-04 14:48:48 --> Only variables should be passed by reference
in APPPATH\Controllers\CortadorPost.php on line 47.
 1 APPPATH\Controllers\CortadorPost.php(47): CodeIgniter\Debug\Exceptions->errorHandler(8, 'Only variables should be passed by reference', 'C:\\xampp\\htdocs\\codi\\app\\Controllers\\CortadorPost.php', 47)
 2 APPPATH\Controllers\CortadorPost.php(143): App\Controllers\CortadorPost->atualiza_prio()
 3 SYSTEMPATH\CodeIgniter.php(934): App\Controllers\CortadorPost->lista_corte()
 4 SYSTEMPATH\CodeIgniter.php(499): CodeIgniter\CodeIgniter->runController(Object(App\Controllers\CortadorPost))
 5 SYSTEMPATH\CodeIgniter.php(368): CodeIgniter\CodeIgniter->handleRequest(null, Object(Config\Cache), false)
 6 FCPATH\index.php(67): CodeIgniter\CodeIgniter->run()
CRITICAL - 2024-07-04 14:48:49 --> Only variables should be passed by reference
in APPPATH\Controllers\CortadorPost.php on line 47.
 1 APPPATH\Controllers\CortadorPost.php(47): CodeIgniter\Debug\Exceptions->errorHandler(8, 'Only variables should be passed by reference', 'C:\\xampp\\htdocs\\codi\\app\\Controllers\\CortadorPost.php', 47)
 2 APPPATH\Controllers\CortadorPost.php(143): App\Controllers\CortadorPost->atualiza_prio()
 3 SYSTEMPATH\CodeIgniter.php(934): App\Controllers\CortadorPost->lista_corte()
 4 SYSTEMPATH\CodeIgniter.php(499): CodeIgniter\CodeIgniter->runController(Object(App\Controllers\CortadorPost))
 5 SYSTEMPATH\CodeIgniter.php(368): CodeIgniter\CodeIgniter->handleRequest(null, Object(Config\Cache), false)
 6 FCPATH\index.php(67): CodeIgniter\CodeIgniter->run()
CRITICAL - 2024-07-04 14:48:50 --> Only variables should be passed by reference
in APPPATH\Controllers\CortadorPost.php on line 47.
 1 APPPATH\Controllers\CortadorPost.php(47): CodeIgniter\Debug\Exceptions->errorHandler(8, 'Only variables should be passed by reference', 'C:\\xampp\\htdocs\\codi\\app\\Controllers\\CortadorPost.php', 47)
 2 APPPATH\Controllers\CortadorPost.php(143): App\Controllers\CortadorPost->atualiza_prio()
 3 SYSTEMPATH\CodeIgniter.php(934): App\Controllers\CortadorPost->lista_corte()
 4 SYSTEMPATH\CodeIgniter.php(499): CodeIgniter\CodeIgniter->runController(Object(App\Controllers\CortadorPost))
 5 SYSTEMPATH\CodeIgniter.php(368): CodeIgniter\CodeIgniter->handleRequest(null, Object(Config\Cache), false)
 6 FCPATH\index.php(67): CodeIgniter\CodeIgniter->run()
CRITICAL - 2024-07-04 14:48:51 --> Only variables should be passed by reference
in APPPATH\Controllers\CortadorPost.php on line 47.
 1 APPPATH\Controllers\CortadorPost.php(47): CodeIgniter\Debug\Exceptions->errorHandler(8, 'Only variables should be passed by reference', 'C:\\xampp\\htdocs\\codi\\app\\Controllers\\CortadorPost.php', 47)
 2 APPPATH\Controllers\CortadorPost.php(143): App\Controllers\CortadorPost->atualiza_prio()
 3 SYSTEMPATH\CodeIgniter.php(934): App\Controllers\CortadorPost->lista_corte()
 4 SYSTEMPATH\CodeIgniter.php(499): CodeIgniter\CodeIgniter->runController(Object(App\Controllers\CortadorPost))
 5 SYSTEMPATH\CodeIgniter.php(368): CodeIgniter\CodeIgniter->handleRequest(null, Object(Config\Cache), false)
 6 FCPATH\index.php(67): CodeIgniter\CodeIgniter->run()
CRITICAL - 2024-07-04 14:48:52 --> Only variables should be passed by reference
in APPPATH\Controllers\CortadorPost.php on line 47.
 1 APPPATH\Controllers\CortadorPost.php(47): CodeIgniter\Debug\Exceptions->errorHandler(8, 'Only variables should be passed by reference', 'C:\\xampp\\htdocs\\codi\\app\\Controllers\\CortadorPost.php', 47)
 2 APPPATH\Controllers\CortadorPost.php(143): App\Controllers\CortadorPost->atualiza_prio()
 3 SYSTEMPATH\CodeIgniter.php(934): App\Controllers\CortadorPost->lista_corte()
 4 SYSTEMPATH\CodeIgniter.php(499): CodeIgniter\CodeIgniter->runController(Object(App\Controllers\CortadorPost))
 5 SYSTEMPATH\CodeIgniter.php(368): CodeIgniter\CodeIgniter->handleRequest(null, Object(Config\Cache), false)
 6 FCPATH\index.php(67): CodeIgniter\CodeIgniter->run()
CRITICAL - 2024-07-04 14:48:53 --> Only variables should be passed by reference
in APPPATH\Controllers\CortadorPost.php on line 47.
 1 APPPATH\Controllers\CortadorPost.php(47): CodeIgniter\Debug\Exceptions->errorHandler(8, 'Only variables should be passed by reference', 'C:\\xampp\\htdocs\\codi\\app\\Controllers\\CortadorPost.php', 47)
 2 APPPATH\Controllers\CortadorPost.php(143): App\Controllers\CortadorPost->atualiza_prio()
 3 SYSTEMPATH\CodeIgniter.php(934): App\Controllers\CortadorPost->lista_corte()
 4 SYSTEMPATH\CodeIgniter.php(499): CodeIgniter\CodeIgniter->runController(Object(App\Controllers\CortadorPost))
 5 SYSTEMPATH\CodeIgniter.php(368): CodeIgniter\CodeIgniter->handleRequest(null, Object(Config\Cache), false)
 6 FCPATH\index.php(67): CodeIgniter\CodeIgniter->run()
CRITICAL - 2024-07-04 14:48:54 --> Only variables should be passed by reference
in APPPATH\Controllers\CortadorPost.php on line 47.
 1 APPPATH\Controllers\CortadorPost.php(47): CodeIgniter\Debug\Exceptions->errorHandler(8, 'Only variables should be passed by reference', 'C:\\xampp\\htdocs\\codi\\app\\Controllers\\CortadorPost.php', 47)
 2 APPPATH\Controllers\CortadorPost.php(143): App\Controllers\CortadorPost->atualiza_prio()
 3 SYSTEMPATH\CodeIgniter.php(934): App\Controllers\CortadorPost->lista_corte()
 4 SYSTEMPATH\CodeIgniter.php(499): CodeIgniter\CodeIgniter->runController(Object(App\Controllers\CortadorPost))
 5 SYSTEMPATH\CodeIgniter.php(368): CodeIgniter\CodeIgniter->handleRequest(null, Object(Config\Cache), false)
 6 FCPATH\index.php(67): CodeIgniter\CodeIgniter->run()
CRITICAL - 2024-07-04 14:48:55 --> Only variables should be passed by reference
in APPPATH\Controllers\CortadorPost.php on line 47.
 1 APPPATH\Controllers\CortadorPost.php(47): CodeIgniter\Debug\Exceptions->errorHandler(8, 'Only variables should be passed by reference', 'C:\\xampp\\htdocs\\codi\\app\\Controllers\\CortadorPost.php', 47)
 2 APPPATH\Controllers\CortadorPost.php(143): App\Controllers\CortadorPost->atualiza_prio()
 3 SYSTEMPATH\CodeIgniter.php(934): App\Controllers\CortadorPost->lista_corte()
 4 SYSTEMPATH\CodeIgniter.php(499): CodeIgniter\CodeIgniter->runController(Object(App\Controllers\CortadorPost))
 5 SYSTEMPATH\CodeIgniter.php(368): CodeIgniter\CodeIgniter->handleRequest(null, Object(Config\Cache), false)
 6 FCPATH\index.php(67): CodeIgniter\CodeIgniter->run()
CRITICAL - 2024-07-04 14:48:56 --> Only variables should be passed by reference
in APPPATH\Controllers\CortadorPost.php on line 47.
 1 APPPATH\Controllers\CortadorPost.php(47): CodeIgniter\Debug\Exceptions->errorHandler(8, 'Only variables should be passed by reference', 'C:\\xampp\\htdocs\\codi\\app\\Controllers\\CortadorPost.php', 47)
 2 APPPATH\Controllers\CortadorPost.php(143): App\Controllers\CortadorPost->atualiza_prio()
 3 SYSTEMPATH\CodeIgniter.php(934): App\Controllers\CortadorPost->lista_corte()
 4 SYSTEMPATH\CodeIgniter.php(499): CodeIgniter\CodeIgniter->runController(Object(App\Controllers\CortadorPost))
 5 SYSTEMPATH\CodeIgniter.php(368): CodeIgniter\CodeIgniter->handleRequest(null, Object(Config\Cache), false)
 6 FCPATH\index.php(67): CodeIgniter\CodeIgniter->run()
CRITICAL - 2024-07-04 14:48:58 --> Only variables should be passed by reference
in APPPATH\Controllers\CortadorPost.php on line 47.
 1 APPPATH\Controllers\CortadorPost.php(47): CodeIgniter\Debug\Exceptions->errorHandler(8, 'Only variables should be passed by reference', 'C:\\xampp\\htdocs\\codi\\app\\Controllers\\CortadorPost.php', 47)
 2 APPPATH\Controllers\CortadorPost.php(143): App\Controllers\CortadorPost->atualiza_prio()
 3 SYSTEMPATH\CodeIgniter.php(934): App\Controllers\CortadorPost->lista_corte()
 4 SYSTEMPATH\CodeIgniter.php(499): CodeIgniter\CodeIgniter->runController(Object(App\Controllers\CortadorPost))
 5 SYSTEMPATH\CodeIgniter.php(368): CodeIgniter\CodeIgniter->handleRequest(null, Object(Config\Cache), false)
 6 FCPATH\index.php(67): CodeIgniter\CodeIgniter->run()
CRITICAL - 2024-07-04 14:48:58 --> Only variables should be passed by reference
in APPPATH\Controllers\CortadorPost.php on line 47.
 1 APPPATH\Controllers\CortadorPost.php(47): CodeIgniter\Debug\Exceptions->errorHandler(8, 'Only variables should be passed by reference', 'C:\\xampp\\htdocs\\codi\\app\\Controllers\\CortadorPost.php', 47)
 2 APPPATH\Controllers\CortadorPost.php(143): App\Controllers\CortadorPost->atualiza_prio()
 3 SYSTEMPATH\CodeIgniter.php(934): App\Controllers\CortadorPost->lista_corte()
 4 SYSTEMPATH\CodeIgniter.php(499): CodeIgniter\CodeIgniter->runController(Object(App\Controllers\CortadorPost))
 5 SYSTEMPATH\CodeIgniter.php(368): CodeIgniter\CodeIgniter->handleRequest(null, Object(Config\Cache), false)
 6 FCPATH\index.php(67): CodeIgniter\CodeIgniter->run()
CRITICAL - 2024-07-04 14:48:59 --> Only variables should be passed by reference
in APPPATH\Controllers\CortadorPost.php on line 47.
 1 APPPATH\Controllers\CortadorPost.php(47): CodeIgniter\Debug\Exceptions->errorHandler(8, 'Only variables should be passed by reference', 'C:\\xampp\\htdocs\\codi\\app\\Controllers\\CortadorPost.php', 47)
 2 APPPATH\Controllers\CortadorPost.php(143): App\Controllers\CortadorPost->atualiza_prio()
 3 SYSTEMPATH\CodeIgniter.php(934): App\Controllers\CortadorPost->lista_corte()
 4 SYSTEMPATH\CodeIgniter.php(499): CodeIgniter\CodeIgniter->runController(Object(App\Controllers\CortadorPost))
 5 SYSTEMPATH\CodeIgniter.php(368): CodeIgniter\CodeIgniter->handleRequest(null, Object(Config\Cache), false)
 6 FCPATH\index.php(67): CodeIgniter\CodeIgniter->run()
CRITICAL - 2024-07-04 14:49:00 --> Only variables should be passed by reference
in APPPATH\Controllers\CortadorPost.php on line 47.
 1 APPPATH\Controllers\CortadorPost.php(47): CodeIgniter\Debug\Exceptions->errorHandler(8, 'Only variables should be passed by reference', 'C:\\xampp\\htdocs\\codi\\app\\Controllers\\CortadorPost.php', 47)
 2 APPPATH\Controllers\CortadorPost.php(143): App\Controllers\CortadorPost->atualiza_prio()
 3 SYSTEMPATH\CodeIgniter.php(934): App\Controllers\CortadorPost->lista_corte()
 4 SYSTEMPATH\CodeIgniter.php(499): CodeIgniter\CodeIgniter->runController(Object(App\Controllers\CortadorPost))
 5 SYSTEMPATH\CodeIgniter.php(368): CodeIgniter\CodeIgniter->handleRequest(null, Object(Config\Cache), false)
 6 FCPATH\index.php(67): CodeIgniter\CodeIgniter->run()
CRITICAL - 2024-07-04 14:49:01 --> Only variables should be passed by reference
in APPPATH\Controllers\CortadorPost.php on line 47.
 1 APPPATH\Controllers\CortadorPost.php(47): CodeIgniter\Debug\Exceptions->errorHandler(8, 'Only variables should be passed by reference', 'C:\\xampp\\htdocs\\codi\\app\\Controllers\\CortadorPost.php', 47)
 2 APPPATH\Controllers\CortadorPost.php(143): App\Controllers\CortadorPost->atualiza_prio()
 3 SYSTEMPATH\CodeIgniter.php(934): App\Controllers\CortadorPost->lista_corte()
 4 SYSTEMPATH\CodeIgniter.php(499): CodeIgniter\CodeIgniter->runController(Object(App\Controllers\CortadorPost))
 5 SYSTEMPATH\CodeIgniter.php(368): CodeIgniter\CodeIgniter->handleRequest(null, Object(Config\Cache), false)
 6 FCPATH\index.php(67): CodeIgniter\CodeIgniter->run()
CRITICAL - 2024-07-04 14:49:02 --> Only variables should be passed by reference
in APPPATH\Controllers\CortadorPost.php on line 47.
 1 APPPATH\Controllers\CortadorPost.php(47): CodeIgniter\Debug\Exceptions->errorHandler(8, 'Only variables should be passed by reference', 'C:\\xampp\\htdocs\\codi\\app\\Controllers\\CortadorPost.php', 47)
 2 APPPATH\Controllers\CortadorPost.php(143): App\Controllers\CortadorPost->atualiza_prio()
 3 SYSTEMPATH\CodeIgniter.php(934): App\Controllers\CortadorPost->lista_corte()
 4 SYSTEMPATH\CodeIgniter.php(499): CodeIgniter\CodeIgniter->runController(Object(App\Controllers\CortadorPost))
 5 SYSTEMPATH\CodeIgniter.php(368): CodeIgniter\CodeIgniter->handleRequest(null, Object(Config\Cache), false)
 6 FCPATH\index.php(67): CodeIgniter\CodeIgniter->run()
CRITICAL - 2024-07-04 14:49:03 --> Only variables should be passed by reference
in APPPATH\Controllers\CortadorPost.php on line 47.
 1 APPPATH\Controllers\CortadorPost.php(47): CodeIgniter\Debug\Exceptions->errorHandler(8, 'Only variables should be passed by reference', 'C:\\xampp\\htdocs\\codi\\app\\Controllers\\CortadorPost.php', 47)
 2 APPPATH\Controllers\CortadorPost.php(143): App\Controllers\CortadorPost->atualiza_prio()
 3 SYSTEMPATH\CodeIgniter.php(934): App\Controllers\CortadorPost->lista_corte()
 4 SYSTEMPATH\CodeIgniter.php(499): CodeIgniter\CodeIgniter->runController(Object(App\Controllers\CortadorPost))
 5 SYSTEMPATH\CodeIgniter.php(368): CodeIgniter\CodeIgniter->handleRequest(null, Object(Config\Cache), false)
 6 FCPATH\index.php(67): CodeIgniter\CodeIgniter->run()
CRITICAL - 2024-07-04 14:49:04 --> Only variables should be passed by reference
in APPPATH\Controllers\CortadorPost.php on line 47.
 1 APPPATH\Controllers\CortadorPost.php(47): CodeIgniter\Debug\Exceptions->errorHandler(8, 'Only variables should be passed by reference', 'C:\\xampp\\htdocs\\codi\\app\\Controllers\\CortadorPost.php', 47)
 2 APPPATH\Controllers\CortadorPost.php(143): App\Controllers\CortadorPost->atualiza_prio()
 3 SYSTEMPATH\CodeIgniter.php(934): App\Controllers\CortadorPost->lista_corte()
 4 SYSTEMPATH\CodeIgniter.php(499): CodeIgniter\CodeIgniter->runController(Object(App\Controllers\CortadorPost))
 5 SYSTEMPATH\CodeIgniter.php(368): CodeIgniter\CodeIgniter->handleRequest(null, Object(Config\Cache), false)
 6 FCPATH\index.php(67): CodeIgniter\CodeIgniter->run()
CRITICAL - 2024-07-04 14:49:05 --> Only variables should be passed by reference
in APPPATH\Controllers\CortadorPost.php on line 47.
 1 APPPATH\Controllers\CortadorPost.php(47): CodeIgniter\Debug\Exceptions->errorHandler(8, 'Only variables should be passed by reference', 'C:\\xampp\\htdocs\\codi\\app\\Controllers\\CortadorPost.php', 47)
 2 APPPATH\Controllers\CortadorPost.php(143): App\Controllers\CortadorPost->atualiza_prio()
 3 SYSTEMPATH\CodeIgniter.php(934): App\Controllers\CortadorPost->lista_corte()
 4 SYSTEMPATH\CodeIgniter.php(499): CodeIgniter\CodeIgniter->runController(Object(App\Controllers\CortadorPost))
 5 SYSTEMPATH\CodeIgniter.php(368): CodeIgniter\CodeIgniter->handleRequest(null, Object(Config\Cache), false)
 6 FCPATH\index.php(67): CodeIgniter\CodeIgniter->run()
CRITICAL - 2024-07-04 14:49:06 --> Only variables should be passed by reference
in APPPATH\Controllers\CortadorPost.php on line 47.
 1 APPPATH\Controllers\CortadorPost.php(47): CodeIgniter\Debug\Exceptions->errorHandler(8, 'Only variables should be passed by reference', 'C:\\xampp\\htdocs\\codi\\app\\Controllers\\CortadorPost.php', 47)
 2 APPPATH\Controllers\CortadorPost.php(143): App\Controllers\CortadorPost->atualiza_prio()
 3 SYSTEMPATH\CodeIgniter.php(934): App\Controllers\CortadorPost->lista_corte()
 4 SYSTEMPATH\CodeIgniter.php(499): CodeIgniter\CodeIgniter->runController(Object(App\Controllers\CortadorPost))
 5 SYSTEMPATH\CodeIgniter.php(368): CodeIgniter\CodeIgniter->handleRequest(null, Object(Config\Cache), false)
 6 FCPATH\index.php(67): CodeIgniter\CodeIgniter->run()
CRITICAL - 2024-07-04 14:49:07 --> Only variables should be passed by reference
in APPPATH\Controllers\CortadorPost.php on line 47.
 1 APPPATH\Controllers\CortadorPost.php(47): CodeIgniter\Debug\Exceptions->errorHandler(8, 'Only variables should be passed by reference', 'C:\\xampp\\htdocs\\codi\\app\\Controllers\\CortadorPost.php', 47)
 2 APPPATH\Controllers\CortadorPost.php(143): App\Controllers\CortadorPost->atualiza_prio()
 3 SYSTEMPATH\CodeIgniter.php(934): App\Controllers\CortadorPost->lista_corte()
 4 SYSTEMPATH\CodeIgniter.php(499): CodeIgniter\CodeIgniter->runController(Object(App\Controllers\CortadorPost))
 5 SYSTEMPATH\CodeIgniter.php(368): CodeIgniter\CodeIgniter->handleRequest(null, Object(Config\Cache), false)
 6 FCPATH\index.php(67): CodeIgniter\CodeIgniter->run()
CRITICAL - 2024-07-04 14:49:08 --> Only variables should be passed by reference
in APPPATH\Controllers\CortadorPost.php on line 47.
 1 APPPATH\Controllers\CortadorPost.php(47): CodeIgniter\Debug\Exceptions->errorHandler(8, 'Only variables should be passed by reference', 'C:\\xampp\\htdocs\\codi\\app\\Controllers\\CortadorPost.php', 47)
 2 APPPATH\Controllers\CortadorPost.php(143): App\Controllers\CortadorPost->atualiza_prio()
 3 SYSTEMPATH\CodeIgniter.php(934): App\Controllers\CortadorPost->lista_corte()
 4 SYSTEMPATH\CodeIgniter.php(499): CodeIgniter\CodeIgniter->runController(Object(App\Controllers\CortadorPost))
 5 SYSTEMPATH\CodeIgniter.php(368): CodeIgniter\CodeIgniter->handleRequest(null, Object(Config\Cache), false)
 6 FCPATH\index.php(67): CodeIgniter\CodeIgniter->run()
CRITICAL - 2024-07-04 14:49:09 --> Only variables should be passed by reference
in APPPATH\Controllers\CortadorPost.php on line 47.
 1 APPPATH\Controllers\CortadorPost.php(47): CodeIgniter\Debug\Exceptions->errorHandler(8, 'Only variables should be passed by reference', 'C:\\xampp\\htdocs\\codi\\app\\Controllers\\CortadorPost.php', 47)
 2 APPPATH\Controllers\CortadorPost.php(143): App\Controllers\CortadorPost->atualiza_prio()
 3 SYSTEMPATH\CodeIgniter.php(934): App\Controllers\CortadorPost->lista_corte()
 4 SYSTEMPATH\CodeIgniter.php(499): CodeIgniter\CodeIgniter->runController(Object(App\Controllers\CortadorPost))
 5 SYSTEMPATH\CodeIgniter.php(368): CodeIgniter\CodeIgniter->handleRequest(null, Object(Config\Cache), false)
 6 FCPATH\index.php(67): CodeIgniter\CodeIgniter->run()
CRITICAL - 2024-07-04 14:49:10 --> Only variables should be passed by reference
in APPPATH\Controllers\CortadorPost.php on line 47.
 1 APPPATH\Controllers\CortadorPost.php(47): CodeIgniter\Debug\Exceptions->errorHandler(8, 'Only variables should be passed by reference', 'C:\\xampp\\htdocs\\codi\\app\\Controllers\\CortadorPost.php', 47)
 2 APPPATH\Controllers\CortadorPost.php(143): App\Controllers\CortadorPost->atualiza_prio()
 3 SYSTEMPATH\CodeIgniter.php(934): App\Controllers\CortadorPost->lista_corte()
 4 SYSTEMPATH\CodeIgniter.php(499): CodeIgniter\CodeIgniter->runController(Object(App\Controllers\CortadorPost))
 5 SYSTEMPATH\CodeIgniter.php(368): CodeIgniter\CodeIgniter->handleRequest(null, Object(Config\Cache), false)
 6 FCPATH\index.php(67): CodeIgniter\CodeIgniter->run()
CRITICAL - 2024-07-04 14:49:11 --> Only variables should be passed by reference
in APPPATH\Controllers\CortadorPost.php on line 47.
 1 APPPATH\Controllers\CortadorPost.php(47): CodeIgniter\Debug\Exceptions->errorHandler(8, 'Only variables should be passed by reference', 'C:\\xampp\\htdocs\\codi\\app\\Controllers\\CortadorPost.php', 47)
 2 APPPATH\Controllers\CortadorPost.php(143): App\Controllers\CortadorPost->atualiza_prio()
 3 SYSTEMPATH\CodeIgniter.php(934): App\Controllers\CortadorPost->lista_corte()
 4 SYSTEMPATH\CodeIgniter.php(499): CodeIgniter\CodeIgniter->runController(Object(App\Controllers\CortadorPost))
 5 SYSTEMPATH\CodeIgniter.php(368): CodeIgniter\CodeIgniter->handleRequest(null, Object(Config\Cache), false)
 6 FCPATH\index.php(67): CodeIgniter\CodeIgniter->run()
CRITICAL - 2024-07-04 14:49:12 --> Only variables should be passed by reference
in APPPATH\Controllers\CortadorPost.php on line 47.
 1 APPPATH\Controllers\CortadorPost.php(47): CodeIgniter\Debug\Exceptions->errorHandler(8, 'Only variables should be passed by reference', 'C:\\xampp\\htdocs\\codi\\app\\Controllers\\CortadorPost.php', 47)
 2 APPPATH\Controllers\CortadorPost.php(143): App\Controllers\CortadorPost->atualiza_prio()
 3 SYSTEMPATH\CodeIgniter.php(934): App\Controllers\CortadorPost->lista_corte()
 4 SYSTEMPATH\CodeIgniter.php(499): CodeIgniter\CodeIgniter->runController(Object(App\Controllers\CortadorPost))
 5 SYSTEMPATH\CodeIgniter.php(368): CodeIgniter\CodeIgniter->handleRequest(null, Object(Config\Cache), false)
 6 FCPATH\index.php(67): CodeIgniter\CodeIgniter->run()
CRITICAL - 2024-07-04 14:49:13 --> Only variables should be passed by reference
in APPPATH\Controllers\CortadorPost.php on line 47.
 1 APPPATH\Controllers\CortadorPost.php(47): CodeIgniter\Debug\Exceptions->errorHandler(8, 'Only variables should be passed by reference', 'C:\\xampp\\htdocs\\codi\\app\\Controllers\\CortadorPost.php', 47)
 2 APPPATH\Controllers\CortadorPost.php(143): App\Controllers\CortadorPost->atualiza_prio()
 3 SYSTEMPATH\CodeIgniter.php(934): App\Controllers\CortadorPost->lista_corte()
 4 SYSTEMPATH\CodeIgniter.php(499): CodeIgniter\CodeIgniter->runController(Object(App\Controllers\CortadorPost))
 5 SYSTEMPATH\CodeIgniter.php(368): CodeIgniter\CodeIgniter->handleRequest(null, Object(Config\Cache), false)
 6 FCPATH\index.php(67): CodeIgniter\CodeIgniter->run()
CRITICAL - 2024-07-04 14:49:14 --> Only variables should be passed by reference
in APPPATH\Controllers\CortadorPost.php on line 47.
 1 APPPATH\Controllers\CortadorPost.php(47): CodeIgniter\Debug\Exceptions->errorHandler(8, 'Only variables should be passed by reference', 'C:\\xampp\\htdocs\\codi\\app\\Controllers\\CortadorPost.php', 47)
 2 APPPATH\Controllers\CortadorPost.php(143): App\Controllers\CortadorPost->atualiza_prio()
 3 SYSTEMPATH\CodeIgniter.php(934): App\Controllers\CortadorPost->lista_corte()
 4 SYSTEMPATH\CodeIgniter.php(499): CodeIgniter\CodeIgniter->runController(Object(App\Controllers\CortadorPost))
 5 SYSTEMPATH\CodeIgniter.php(368): CodeIgniter\CodeIgniter->handleRequest(null, Object(Config\Cache), false)
 6 FCPATH\index.php(67): CodeIgniter\CodeIgniter->run()
CRITICAL - 2024-07-04 14:49:15 --> Only variables should be passed by reference
in APPPATH\Controllers\CortadorPost.php on line 47.
 1 APPPATH\Controllers\CortadorPost.php(47): CodeIgniter\Debug\Exceptions->errorHandler(8, 'Only variables should be passed by reference', 'C:\\xampp\\htdocs\\codi\\app\\Controllers\\CortadorPost.php', 47)
 2 APPPATH\Controllers\CortadorPost.php(143): App\Controllers\CortadorPost->atualiza_prio()
 3 SYSTEMPATH\CodeIgniter.php(934): App\Controllers\CortadorPost->lista_corte()
 4 SYSTEMPATH\CodeIgniter.php(499): CodeIgniter\CodeIgniter->runController(Object(App\Controllers\CortadorPost))
 5 SYSTEMPATH\CodeIgniter.php(368): CodeIgniter\CodeIgniter->handleRequest(null, Object(Config\Cache), false)
 6 FCPATH\index.php(67): CodeIgniter\CodeIgniter->run()
CRITICAL - 2024-07-04 14:49:16 --> Only variables should be passed by reference
in APPPATH\Controllers\CortadorPost.php on line 47.
 1 APPPATH\Controllers\CortadorPost.php(47): CodeIgniter\Debug\Exceptions->errorHandler(8, 'Only variables should be passed by reference', 'C:\\xampp\\htdocs\\codi\\app\\Controllers\\CortadorPost.php', 47)
 2 APPPATH\Controllers\CortadorPost.php(143): App\Controllers\CortadorPost->atualiza_prio()
 3 SYSTEMPATH\CodeIgniter.php(934): App\Controllers\CortadorPost->lista_corte()
 4 SYSTEMPATH\CodeIgniter.php(499): CodeIgniter\CodeIgniter->runController(Object(App\Controllers\CortadorPost))
 5 SYSTEMPATH\CodeIgniter.php(368): CodeIgniter\CodeIgniter->handleRequest(null, Object(Config\Cache), false)
 6 FCPATH\index.php(67): CodeIgniter\CodeIgniter->run()
CRITICAL - 2024-07-04 14:49:17 --> Only variables should be passed by reference
in APPPATH\Controllers\CortadorPost.php on line 47.
 1 APPPATH\Controllers\CortadorPost.php(47): CodeIgniter\Debug\Exceptions->errorHandler(8, 'Only variables should be passed by reference', 'C:\\xampp\\htdocs\\codi\\app\\Controllers\\CortadorPost.php', 47)
 2 APPPATH\Controllers\CortadorPost.php(143): App\Controllers\CortadorPost->atualiza_prio()
 3 SYSTEMPATH\CodeIgniter.php(934): App\Controllers\CortadorPost->lista_corte()
 4 SYSTEMPATH\CodeIgniter.php(499): CodeIgniter\CodeIgniter->runController(Object(App\Controllers\CortadorPost))
 5 SYSTEMPATH\CodeIgniter.php(368): CodeIgniter\CodeIgniter->handleRequest(null, Object(Config\Cache), false)
 6 FCPATH\index.php(67): CodeIgniter\CodeIgniter->run()
CRITICAL - 2024-07-04 14:49:18 --> Only variables should be passed by reference
in APPPATH\Controllers\CortadorPost.php on line 47.
 1 APPPATH\Controllers\CortadorPost.php(47): CodeIgniter\Debug\Exceptions->errorHandler(8, 'Only variables should be passed by reference', 'C:\\xampp\\htdocs\\codi\\app\\Controllers\\CortadorPost.php', 47)
 2 APPPATH\Controllers\CortadorPost.php(143): App\Controllers\CortadorPost->atualiza_prio()
 3 SYSTEMPATH\CodeIgniter.php(934): App\Controllers\CortadorPost->lista_corte()
 4 SYSTEMPATH\CodeIgniter.php(499): CodeIgniter\CodeIgniter->runController(Object(App\Controllers\CortadorPost))
 5 SYSTEMPATH\CodeIgniter.php(368): CodeIgniter\CodeIgniter->handleRequest(null, Object(Config\Cache), false)
 6 FCPATH\index.php(67): CodeIgniter\CodeIgniter->run()
CRITICAL - 2024-07-04 14:49:19 --> Only variables should be passed by reference
in APPPATH\Controllers\CortadorPost.php on line 47.
 1 APPPATH\Controllers\CortadorPost.php(47): CodeIgniter\Debug\Exceptions->errorHandler(8, 'Only variables should be passed by reference', 'C:\\xampp\\htdocs\\codi\\app\\Controllers\\CortadorPost.php', 47)
 2 APPPATH\Controllers\CortadorPost.php(143): App\Controllers\CortadorPost->atualiza_prio()
 3 SYSTEMPATH\CodeIgniter.php(934): App\Controllers\CortadorPost->lista_corte()
 4 SYSTEMPATH\CodeIgniter.php(499): CodeIgniter\CodeIgniter->runController(Object(App\Controllers\CortadorPost))
 5 SYSTEMPATH\CodeIgniter.php(368): CodeIgniter\CodeIgniter->handleRequest(null, Object(Config\Cache), false)
 6 FCPATH\index.php(67): CodeIgniter\CodeIgniter->run()
CRITICAL - 2024-07-04 14:49:20 --> Only variables should be passed by reference
in APPPATH\Controllers\CortadorPost.php on line 47.
 1 APPPATH\Controllers\CortadorPost.php(47): CodeIgniter\Debug\Exceptions->errorHandler(8, 'Only variables should be passed by reference', 'C:\\xampp\\htdocs\\codi\\app\\Controllers\\CortadorPost.php', 47)
 2 APPPATH\Controllers\CortadorPost.php(143): App\Controllers\CortadorPost->atualiza_prio()
 3 SYSTEMPATH\CodeIgniter.php(934): App\Controllers\CortadorPost->lista_corte()
 4 SYSTEMPATH\CodeIgniter.php(499): CodeIgniter\CodeIgniter->runController(Object(App\Controllers\CortadorPost))
 5 SYSTEMPATH\CodeIgniter.php(368): CodeIgniter\CodeIgniter->handleRequest(null, Object(Config\Cache), false)
 6 FCPATH\index.php(67): CodeIgniter\CodeIgniter->run()
CRITICAL - 2024-07-04 14:49:21 --> Only variables should be passed by reference
in APPPATH\Controllers\CortadorPost.php on line 47.
 1 APPPATH\Controllers\CortadorPost.php(47): CodeIgniter\Debug\Exceptions->errorHandler(8, 'Only variables should be passed by reference', 'C:\\xampp\\htdocs\\codi\\app\\Controllers\\CortadorPost.php', 47)
 2 APPPATH\Controllers\CortadorPost.php(143): App\Controllers\CortadorPost->atualiza_prio()
 3 SYSTEMPATH\CodeIgniter.php(934): App\Controllers\CortadorPost->lista_corte()
 4 SYSTEMPATH\CodeIgniter.php(499): CodeIgniter\CodeIgniter->runController(Object(App\Controllers\CortadorPost))
 5 SYSTEMPATH\CodeIgniter.php(368): CodeIgniter\CodeIgniter->handleRequest(null, Object(Config\Cache), false)
 6 FCPATH\index.php(67): CodeIgniter\CodeIgniter->run()
CRITICAL - 2024-07-04 14:49:22 --> Only variables should be passed by reference
in APPPATH\Controllers\CortadorPost.php on line 47.
 1 APPPATH\Controllers\CortadorPost.php(47): CodeIgniter\Debug\Exceptions->errorHandler(8, 'Only variables should be passed by reference', 'C:\\xampp\\htdocs\\codi\\app\\Controllers\\CortadorPost.php', 47)
 2 APPPATH\Controllers\CortadorPost.php(143): App\Controllers\CortadorPost->atualiza_prio()
 3 SYSTEMPATH\CodeIgniter.php(934): App\Controllers\CortadorPost->lista_corte()
 4 SYSTEMPATH\CodeIgniter.php(499): CodeIgniter\CodeIgniter->runController(Object(App\Controllers\CortadorPost))
 5 SYSTEMPATH\CodeIgniter.php(368): CodeIgniter\CodeIgniter->handleRequest(null, Object(Config\Cache), false)
 6 FCPATH\index.php(67): CodeIgniter\CodeIgniter->run()
CRITICAL - 2024-07-04 14:49:23 --> Only variables should be passed by reference
in APPPATH\Controllers\CortadorPost.php on line 47.
 1 APPPATH\Controllers\CortadorPost.php(47): CodeIgniter\Debug\Exceptions->errorHandler(8, 'Only variables should be passed by reference', 'C:\\xampp\\htdocs\\codi\\app\\Controllers\\CortadorPost.php', 47)
 2 APPPATH\Controllers\CortadorPost.php(143): App\Controllers\CortadorPost->atualiza_prio()
 3 SYSTEMPATH\CodeIgniter.php(934): App\Controllers\CortadorPost->lista_corte()
 4 SYSTEMPATH\CodeIgniter.php(499): CodeIgniter\CodeIgniter->runController(Object(App\Controllers\CortadorPost))
 5 SYSTEMPATH\CodeIgniter.php(368): CodeIgniter\CodeIgniter->handleRequest(null, Object(Config\Cache), false)
 6 FCPATH\index.php(67): CodeIgniter\CodeIgniter->run()
CRITICAL - 2024-07-04 14:49:24 --> Only variables should be passed by reference
in APPPATH\Controllers\CortadorPost.php on line 47.
 1 APPPATH\Controllers\CortadorPost.php(47): CodeIgniter\Debug\Exceptions->errorHandler(8, 'Only variables should be passed by reference', 'C:\\xampp\\htdocs\\codi\\app\\Controllers\\CortadorPost.php', 47)
 2 APPPATH\Controllers\CortadorPost.php(143): App\Controllers\CortadorPost->atualiza_prio()
 3 SYSTEMPATH\CodeIgniter.php(934): App\Controllers\CortadorPost->lista_corte()
 4 SYSTEMPATH\CodeIgniter.php(499): CodeIgniter\CodeIgniter->runController(Object(App\Controllers\CortadorPost))
 5 SYSTEMPATH\CodeIgniter.php(368): CodeIgniter\CodeIgniter->handleRequest(null, Object(Config\Cache), false)
 6 FCPATH\index.php(67): CodeIgniter\CodeIgniter->run()
CRITICAL - 2024-07-04 14:49:25 --> Only variables should be passed by reference
in APPPATH\Controllers\CortadorPost.php on line 47.
 1 APPPATH\Controllers\CortadorPost.php(47): CodeIgniter\Debug\Exceptions->errorHandler(8, 'Only variables should be passed by reference', 'C:\\xampp\\htdocs\\codi\\app\\Controllers\\CortadorPost.php', 47)
 2 APPPATH\Controllers\CortadorPost.php(143): App\Controllers\CortadorPost->atualiza_prio()
 3 SYSTEMPATH\CodeIgniter.php(934): App\Controllers\CortadorPost->lista_corte()
 4 SYSTEMPATH\CodeIgniter.php(499): CodeIgniter\CodeIgniter->runController(Object(App\Controllers\CortadorPost))
 5 SYSTEMPATH\CodeIgniter.php(368): CodeIgniter\CodeIgniter->handleRequest(null, Object(Config\Cache), false)
 6 FCPATH\index.php(67): CodeIgniter\CodeIgniter->run()
CRITICAL - 2024-07-04 14:49:26 --> Only variables should be passed by reference
in APPPATH\Controllers\CortadorPost.php on line 47.
 1 APPPATH\Controllers\CortadorPost.php(47): CodeIgniter\Debug\Exceptions->errorHandler(8, 'Only variables should be passed by reference', 'C:\\xampp\\htdocs\\codi\\app\\Controllers\\CortadorPost.php', 47)
 2 APPPATH\Controllers\CortadorPost.php(143): App\Controllers\CortadorPost->atualiza_prio()
 3 SYSTEMPATH\CodeIgniter.php(934): App\Controllers\CortadorPost->lista_corte()
 4 SYSTEMPATH\CodeIgniter.php(499): CodeIgniter\CodeIgniter->runController(Object(App\Controllers\CortadorPost))
 5 SYSTEMPATH\CodeIgniter.php(368): CodeIgniter\CodeIgniter->handleRequest(null, Object(Config\Cache), false)
 6 FCPATH\index.php(67): CodeIgniter\CodeIgniter->run()
CRITICAL - 2024-07-04 14:49:27 --> Only variables should be passed by reference
in APPPATH\Controllers\CortadorPost.php on line 47.
 1 APPPATH\Controllers\CortadorPost.php(47): CodeIgniter\Debug\Exceptions->errorHandler(8, 'Only variables should be passed by reference', 'C:\\xampp\\htdocs\\codi\\app\\Controllers\\CortadorPost.php', 47)
 2 APPPATH\Controllers\CortadorPost.php(143): App\Controllers\CortadorPost->atualiza_prio()
 3 SYSTEMPATH\CodeIgniter.php(934): App\Controllers\CortadorPost->lista_corte()
 4 SYSTEMPATH\CodeIgniter.php(499): CodeIgniter\CodeIgniter->runController(Object(App\Controllers\CortadorPost))
 5 SYSTEMPATH\CodeIgniter.php(368): CodeIgniter\CodeIgniter->handleRequest(null, Object(Config\Cache), false)
 6 FCPATH\index.php(67): CodeIgniter\CodeIgniter->run()
CRITICAL - 2024-07-04 14:49:28 --> Only variables should be passed by reference
in APPPATH\Controllers\CortadorPost.php on line 47.
 1 APPPATH\Controllers\CortadorPost.php(47): CodeIgniter\Debug\Exceptions->errorHandler(8, 'Only variables should be passed by reference', 'C:\\xampp\\htdocs\\codi\\app\\Controllers\\CortadorPost.php', 47)
 2 APPPATH\Controllers\CortadorPost.php(143): App\Controllers\CortadorPost->atualiza_prio()
 3 SYSTEMPATH\CodeIgniter.php(934): App\Controllers\CortadorPost->lista_corte()
 4 SYSTEMPATH\CodeIgniter.php(499): CodeIgniter\CodeIgniter->runController(Object(App\Controllers\CortadorPost))
 5 SYSTEMPATH\CodeIgniter.php(368): CodeIgniter\CodeIgniter->handleRequest(null, Object(Config\Cache), false)
 6 FCPATH\index.php(67): CodeIgniter\CodeIgniter->run()
CRITICAL - 2024-07-04 14:49:29 --> Only variables should be passed by reference
in APPPATH\Controllers\CortadorPost.php on line 47.
 1 APPPATH\Controllers\CortadorPost.php(47): CodeIgniter\Debug\Exceptions->errorHandler(8, 'Only variables should be passed by reference', 'C:\\xampp\\htdocs\\codi\\app\\Controllers\\CortadorPost.php', 47)
 2 APPPATH\Controllers\CortadorPost.php(143): App\Controllers\CortadorPost->atualiza_prio()
 3 SYSTEMPATH\CodeIgniter.php(934): App\Controllers\CortadorPost->lista_corte()
 4 SYSTEMPATH\CodeIgniter.php(499): CodeIgniter\CodeIgniter->runController(Object(App\Controllers\CortadorPost))
 5 SYSTEMPATH\CodeIgniter.php(368): CodeIgniter\CodeIgniter->handleRequest(null, Object(Config\Cache), false)
 6 FCPATH\index.php(67): CodeIgniter\CodeIgniter->run()
CRITICAL - 2024-07-04 14:49:30 --> Only variables should be passed by reference
in APPPATH\Controllers\CortadorPost.php on line 47.
 1 APPPATH\Controllers\CortadorPost.php(47): CodeIgniter\Debug\Exceptions->errorHandler(8, 'Only variables should be passed by reference', 'C:\\xampp\\htdocs\\codi\\app\\Controllers\\CortadorPost.php', 47)
 2 APPPATH\Controllers\CortadorPost.php(143): App\Controllers\CortadorPost->atualiza_prio()
 3 SYSTEMPATH\CodeIgniter.php(934): App\Controllers\CortadorPost->lista_corte()
 4 SYSTEMPATH\CodeIgniter.php(499): CodeIgniter\CodeIgniter->runController(Object(App\Controllers\CortadorPost))
 5 SYSTEMPATH\CodeIgniter.php(368): CodeIgniter\CodeIgniter->handleRequest(null, Object(Config\Cache), false)
 6 FCPATH\index.php(67): CodeIgniter\CodeIgniter->run()
CRITICAL - 2024-07-04 14:49:31 --> Only variables should be passed by reference
in APPPATH\Controllers\CortadorPost.php on line 47.
 1 APPPATH\Controllers\CortadorPost.php(47): CodeIgniter\Debug\Exceptions->errorHandler(8, 'Only variables should be passed by reference', 'C:\\xampp\\htdocs\\codi\\app\\Controllers\\CortadorPost.php', 47)
 2 APPPATH\Controllers\CortadorPost.php(143): App\Controllers\CortadorPost->atualiza_prio()
 3 SYSTEMPATH\CodeIgniter.php(934): App\Controllers\CortadorPost->lista_corte()
 4 SYSTEMPATH\CodeIgniter.php(499): CodeIgniter\CodeIgniter->runController(Object(App\Controllers\CortadorPost))
 5 SYSTEMPATH\CodeIgniter.php(368): CodeIgniter\CodeIgniter->handleRequest(null, Object(Config\Cache), false)
 6 FCPATH\index.php(67): CodeIgniter\CodeIgniter->run()
CRITICAL - 2024-07-04 14:49:32 --> Only variables should be passed by reference
in APPPATH\Controllers\CortadorPost.php on line 47.
 1 APPPATH\Controllers\CortadorPost.php(47): CodeIgniter\Debug\Exceptions->errorHandler(8, 'Only variables should be passed by reference', 'C:\\xampp\\htdocs\\codi\\app\\Controllers\\CortadorPost.php', 47)
 2 APPPATH\Controllers\CortadorPost.php(143): App\Controllers\CortadorPost->atualiza_prio()
 3 SYSTEMPATH\CodeIgniter.php(934): App\Controllers\CortadorPost->lista_corte()
 4 SYSTEMPATH\CodeIgniter.php(499): CodeIgniter\CodeIgniter->runController(Object(App\Controllers\CortadorPost))
 5 SYSTEMPATH\CodeIgniter.php(368): CodeIgniter\CodeIgniter->handleRequest(null, Object(Config\Cache), false)
 6 FCPATH\index.php(67): CodeIgniter\CodeIgniter->run()
CRITICAL - 2024-07-04 14:49:33 --> Only variables should be passed by reference
in APPPATH\Controllers\CortadorPost.php on line 47.
 1 APPPATH\Controllers\CortadorPost.php(47): CodeIgniter\Debug\Exceptions->errorHandler(8, 'Only variables should be passed by reference', 'C:\\xampp\\htdocs\\codi\\app\\Controllers\\CortadorPost.php', 47)
 2 APPPATH\Controllers\CortadorPost.php(143): App\Controllers\CortadorPost->atualiza_prio()
 3 SYSTEMPATH\CodeIgniter.php(934): App\Controllers\CortadorPost->lista_corte()
 4 SYSTEMPATH\CodeIgniter.php(499): CodeIgniter\CodeIgniter->runController(Object(App\Controllers\CortadorPost))
 5 SYSTEMPATH\CodeIgniter.php(368): CodeIgniter\CodeIgniter->handleRequest(null, Object(Config\Cache), false)
 6 FCPATH\index.php(67): CodeIgniter\CodeIgniter->run()
CRITICAL - 2024-07-04 14:49:34 --> Only variables should be passed by reference
in APPPATH\Controllers\CortadorPost.php on line 47.
 1 APPPATH\Controllers\CortadorPost.php(47): CodeIgniter\Debug\Exceptions->errorHandler(8, 'Only variables should be passed by reference', 'C:\\xampp\\htdocs\\codi\\app\\Controllers\\CortadorPost.php', 47)
 2 APPPATH\Controllers\CortadorPost.php(143): App\Controllers\CortadorPost->atualiza_prio()
 3 SYSTEMPATH\CodeIgniter.php(934): App\Controllers\CortadorPost->lista_corte()
 4 SYSTEMPATH\CodeIgniter.php(499): CodeIgniter\CodeIgniter->runController(Object(App\Controllers\CortadorPost))
 5 SYSTEMPATH\CodeIgniter.php(368): CodeIgniter\CodeIgniter->handleRequest(null, Object(Config\Cache), false)
 6 FCPATH\index.php(67): CodeIgniter\CodeIgniter->run()
CRITICAL - 2024-07-04 14:49:35 --> Only variables should be passed by reference
in APPPATH\Controllers\CortadorPost.php on line 47.
 1 APPPATH\Controllers\CortadorPost.php(47): CodeIgniter\Debug\Exceptions->errorHandler(8, 'Only variables should be passed by reference', 'C:\\xampp\\htdocs\\codi\\app\\Controllers\\CortadorPost.php', 47)
 2 APPPATH\Controllers\CortadorPost.php(143): App\Controllers\CortadorPost->atualiza_prio()
 3 SYSTEMPATH\CodeIgniter.php(934): App\Controllers\CortadorPost->lista_corte()
 4 SYSTEMPATH\CodeIgniter.php(499): CodeIgniter\CodeIgniter->runController(Object(App\Controllers\CortadorPost))
 5 SYSTEMPATH\CodeIgniter.php(368): CodeIgniter\CodeIgniter->handleRequest(null, Object(Config\Cache), false)
 6 FCPATH\index.php(67): CodeIgniter\CodeIgniter->run()
CRITICAL - 2024-07-04 14:49:36 --> Only variables should be passed by reference
in APPPATH\Controllers\CortadorPost.php on line 47.
 1 APPPATH\Controllers\CortadorPost.php(47): CodeIgniter\Debug\Exceptions->errorHandler(8, 'Only variables should be passed by reference', 'C:\\xampp\\htdocs\\codi\\app\\Controllers\\CortadorPost.php', 47)
 2 APPPATH\Controllers\CortadorPost.php(143): App\Controllers\CortadorPost->atualiza_prio()
 3 SYSTEMPATH\CodeIgniter.php(934): App\Controllers\CortadorPost->lista_corte()
 4 SYSTEMPATH\CodeIgniter.php(499): CodeIgniter\CodeIgniter->runController(Object(App\Controllers\CortadorPost))
 5 SYSTEMPATH\CodeIgniter.php(368): CodeIgniter\CodeIgniter->handleRequest(null, Object(Config\Cache), false)
 6 FCPATH\index.php(67): CodeIgniter\CodeIgniter->run()
CRITICAL - 2024-07-04 14:49:37 --> Only variables should be passed by reference
in APPPATH\Controllers\CortadorPost.php on line 47.
 1 APPPATH\Controllers\CortadorPost.php(47): CodeIgniter\Debug\Exceptions->errorHandler(8, 'Only variables should be passed by reference', 'C:\\xampp\\htdocs\\codi\\app\\Controllers\\CortadorPost.php', 47)
 2 APPPATH\Controllers\CortadorPost.php(143): App\Controllers\CortadorPost->atualiza_prio()
 3 SYSTEMPATH\CodeIgniter.php(934): App\Controllers\CortadorPost->lista_corte()
 4 SYSTEMPATH\CodeIgniter.php(499): CodeIgniter\CodeIgniter->runController(Object(App\Controllers\CortadorPost))
 5 SYSTEMPATH\CodeIgniter.php(368): CodeIgniter\CodeIgniter->handleRequest(null, Object(Config\Cache), false)
 6 FCPATH\index.php(67): CodeIgniter\CodeIgniter->run()
CRITICAL - 2024-07-04 14:49:38 --> Only variables should be passed by reference
in APPPATH\Controllers\CortadorPost.php on line 47.
 1 APPPATH\Controllers\CortadorPost.php(47): CodeIgniter\Debug\Exceptions->errorHandler(8, 'Only variables should be passed by reference', 'C:\\xampp\\htdocs\\codi\\app\\Controllers\\CortadorPost.php', 47)
 2 APPPATH\Controllers\CortadorPost.php(143): App\Controllers\CortadorPost->atualiza_prio()
 3 SYSTEMPATH\CodeIgniter.php(934): App\Controllers\CortadorPost->lista_corte()
 4 SYSTEMPATH\CodeIgniter.php(499): CodeIgniter\CodeIgniter->runController(Object(App\Controllers\CortadorPost))
 5 SYSTEMPATH\CodeIgniter.php(368): CodeIgniter\CodeIgniter->handleRequest(null, Object(Config\Cache), false)
 6 FCPATH\index.php(67): CodeIgniter\CodeIgniter->run()
CRITICAL - 2024-07-04 14:49:39 --> Only variables should be passed by reference
in APPPATH\Controllers\CortadorPost.php on line 47.
 1 APPPATH\Controllers\CortadorPost.php(47): CodeIgniter\Debug\Exceptions->errorHandler(8, 'Only variables should be passed by reference', 'C:\\xampp\\htdocs\\codi\\app\\Controllers\\CortadorPost.php', 47)
 2 APPPATH\Controllers\CortadorPost.php(143): App\Controllers\CortadorPost->atualiza_prio()
 3 SYSTEMPATH\CodeIgniter.php(934): App\Controllers\CortadorPost->lista_corte()
 4 SYSTEMPATH\CodeIgniter.php(499): CodeIgniter\CodeIgniter->runController(Object(App\Controllers\CortadorPost))
 5 SYSTEMPATH\CodeIgniter.php(368): CodeIgniter\CodeIgniter->handleRequest(null, Object(Config\Cache), false)
 6 FCPATH\index.php(67): CodeIgniter\CodeIgniter->run()
CRITICAL - 2024-07-04 14:49:40 --> Only variables should be passed by reference
in APPPATH\Controllers\CortadorPost.php on line 47.
 1 APPPATH\Controllers\CortadorPost.php(47): CodeIgniter\Debug\Exceptions->errorHandler(8, 'Only variables should be passed by reference', 'C:\\xampp\\htdocs\\codi\\app\\Controllers\\CortadorPost.php', 47)
 2 APPPATH\Controllers\CortadorPost.php(143): App\Controllers\CortadorPost->atualiza_prio()
 3 SYSTEMPATH\CodeIgniter.php(934): App\Controllers\CortadorPost->lista_corte()
 4 SYSTEMPATH\CodeIgniter.php(499): CodeIgniter\CodeIgniter->runController(Object(App\Controllers\CortadorPost))
 5 SYSTEMPATH\CodeIgniter.php(368): CodeIgniter\CodeIgniter->handleRequest(null, Object(Config\Cache), false)
 6 FCPATH\index.php(67): CodeIgniter\CodeIgniter->run()
CRITICAL - 2024-07-04 14:49:41 --> Only variables should be passed by reference
in APPPATH\Controllers\CortadorPost.php on line 47.
 1 APPPATH\Controllers\CortadorPost.php(47): CodeIgniter\Debug\Exceptions->errorHandler(8, 'Only variables should be passed by reference', 'C:\\xampp\\htdocs\\codi\\app\\Controllers\\CortadorPost.php', 47)
 2 APPPATH\Controllers\CortadorPost.php(143): App\Controllers\CortadorPost->atualiza_prio()
 3 SYSTEMPATH\CodeIgniter.php(934): App\Controllers\CortadorPost->lista_corte()
 4 SYSTEMPATH\CodeIgniter.php(499): CodeIgniter\CodeIgniter->runController(Object(App\Controllers\CortadorPost))
 5 SYSTEMPATH\CodeIgniter.php(368): CodeIgniter\CodeIgniter->handleRequest(null, Object(Config\Cache), false)
 6 FCPATH\index.php(67): CodeIgniter\CodeIgniter->run()
CRITICAL - 2024-07-04 14:49:42 --> Only variables should be passed by reference
in APPPATH\Controllers\CortadorPost.php on line 47.
 1 APPPATH\Controllers\CortadorPost.php(47): CodeIgniter\Debug\Exceptions->errorHandler(8, 'Only variables should be passed by reference', 'C:\\xampp\\htdocs\\codi\\app\\Controllers\\CortadorPost.php', 47)
 2 APPPATH\Controllers\CortadorPost.php(143): App\Controllers\CortadorPost->atualiza_prio()
 3 SYSTEMPATH\CodeIgniter.php(934): App\Controllers\CortadorPost->lista_corte()
 4 SYSTEMPATH\CodeIgniter.php(499): CodeIgniter\CodeIgniter->runController(Object(App\Controllers\CortadorPost))
 5 SYSTEMPATH\CodeIgniter.php(368): CodeIgniter\CodeIgniter->handleRequest(null, Object(Config\Cache), false)
 6 FCPATH\index.php(67): CodeIgniter\CodeIgniter->run()
CRITICAL - 2024-07-04 14:49:43 --> Only variables should be passed by reference
in APPPATH\Controllers\CortadorPost.php on line 47.
 1 APPPATH\Controllers\CortadorPost.php(47): CodeIgniter\Debug\Exceptions->errorHandler(8, 'Only variables should be passed by reference', 'C:\\xampp\\htdocs\\codi\\app\\Controllers\\CortadorPost.php', 47)
 2 APPPATH\Controllers\CortadorPost.php(143): App\Controllers\CortadorPost->atualiza_prio()
 3 SYSTEMPATH\CodeIgniter.php(934): App\Controllers\CortadorPost->lista_corte()
 4 SYSTEMPATH\CodeIgniter.php(499): CodeIgniter\CodeIgniter->runController(Object(App\Controllers\CortadorPost))
 5 SYSTEMPATH\CodeIgniter.php(368): CodeIgniter\CodeIgniter->handleRequest(null, Object(Config\Cache), false)
 6 FCPATH\index.php(67): CodeIgniter\CodeIgniter->run()
CRITICAL - 2024-07-04 14:49:44 --> Only variables should be passed by reference
in APPPATH\Controllers\CortadorPost.php on line 47.
 1 APPPATH\Controllers\CortadorPost.php(47): CodeIgniter\Debug\Exceptions->errorHandler(8, 'Only variables should be passed by reference', 'C:\\xampp\\htdocs\\codi\\app\\Controllers\\CortadorPost.php', 47)
 2 APPPATH\Controllers\CortadorPost.php(143): App\Controllers\CortadorPost->atualiza_prio()
 3 SYSTEMPATH\CodeIgniter.php(934): App\Controllers\CortadorPost->lista_corte()
 4 SYSTEMPATH\CodeIgniter.php(499): CodeIgniter\CodeIgniter->runController(Object(App\Controllers\CortadorPost))
 5 SYSTEMPATH\CodeIgniter.php(368): CodeIgniter\CodeIgniter->handleRequest(null, Object(Config\Cache), false)
 6 FCPATH\index.php(67): CodeIgniter\CodeIgniter->run()
CRITICAL - 2024-07-04 14:49:45 --> Only variables should be passed by reference
in APPPATH\Controllers\CortadorPost.php on line 47.
 1 APPPATH\Controllers\CortadorPost.php(47): CodeIgniter\Debug\Exceptions->errorHandler(8, 'Only variables should be passed by reference', 'C:\\xampp\\htdocs\\codi\\app\\Controllers\\CortadorPost.php', 47)
 2 APPPATH\Controllers\CortadorPost.php(143): App\Controllers\CortadorPost->atualiza_prio()
 3 SYSTEMPATH\CodeIgniter.php(934): App\Controllers\CortadorPost->lista_corte()
 4 SYSTEMPATH\CodeIgniter.php(499): CodeIgniter\CodeIgniter->runController(Object(App\Controllers\CortadorPost))
 5 SYSTEMPATH\CodeIgniter.php(368): CodeIgniter\CodeIgniter->handleRequest(null, Object(Config\Cache), false)
 6 FCPATH\index.php(67): CodeIgniter\CodeIgniter->run()
CRITICAL - 2024-07-04 14:49:46 --> Only variables should be passed by reference
in APPPATH\Controllers\CortadorPost.php on line 47.
 1 APPPATH\Controllers\CortadorPost.php(47): CodeIgniter\Debug\Exceptions->errorHandler(8, 'Only variables should be passed by reference', 'C:\\xampp\\htdocs\\codi\\app\\Controllers\\CortadorPost.php', 47)
 2 APPPATH\Controllers\CortadorPost.php(143): App\Controllers\CortadorPost->atualiza_prio()
 3 SYSTEMPATH\CodeIgniter.php(934): App\Controllers\CortadorPost->lista_corte()
 4 SYSTEMPATH\CodeIgniter.php(499): CodeIgniter\CodeIgniter->runController(Object(App\Controllers\CortadorPost))
 5 SYSTEMPATH\CodeIgniter.php(368): CodeIgniter\CodeIgniter->handleRequest(null, Object(Config\Cache), false)
 6 FCPATH\index.php(67): CodeIgniter\CodeIgniter->run()
