CRITICAL - 2023-10-03 20:34:46 --> syntax error, unexpected token ","
in APPPATH\Controllers\AdmPost.php on line 1416.
 1 SYSTEMPATH\Autoloader\Autoloader.php(289): CodeIgniter\Autoloader\Autoloader->includeFile('C:\\xampp\\htdocs\\codi\\app\\Controllers\\AdmPost.php')
 2 SYSTEMPATH\Autoloader\Autoloader.php(267): CodeIgniter\Autoloader\Autoloader->loadInNamespace('App\\Controllers\\AdmPost')
 3 [internal function]: CodeIgniter\Autoloader\Autoloader->loadClass('App\\Controllers\\AdmPost')
 4 SYSTEMPATH\CodeIgniter.php(892): class_exists('\\App\\Controllers\\AdmPost', true)
 5 SYSTEMPATH\CodeIgniter.php(486): CodeIgniter\CodeIgniter->startController()
 6 SYSTEMPATH\CodeIgniter.php(368): CodeIgniter\CodeIgniter->handleRequest(null, Object(Config\Cache), false)
 7 FCPATH\index.php(67): CodeIgniter\CodeIgniter->run()
CRITICAL - 2023-10-03 20:53:46 --> syntax error, unexpected token ";"
in APPPATH\Controllers\AdmPost.php on line 1880.
 1 SYSTEMPATH\Autoloader\Autoloader.php(289): CodeIgniter\Autoloader\Autoloader->includeFile('C:\\xampp\\htdocs\\codi\\app\\Controllers\\AdmPost.php')
 2 SYSTEMPATH\Autoloader\Autoloader.php(267): CodeIgniter\Autoloader\Autoloader->loadInNamespace('App\\Controllers\\AdmPost')
 3 [internal function]: CodeIgniter\Autoloader\Autoloader->loadClass('App\\Controllers\\AdmPost')
 4 SYSTEMPATH\CodeIgniter.php(892): class_exists('\\App\\Controllers\\AdmPost', true)
 5 SYSTEMPATH\CodeIgniter.php(486): CodeIgniter\CodeIgniter->startController()
 6 SYSTEMPATH\CodeIgniter.php(368): CodeIgniter\CodeIgniter->handleRequest(null, Object(Config\Cache), false)
 7 FCPATH\index.php(67): CodeIgniter\CodeIgniter->run()
CRITICAL - 2023-10-03 20:53:46 --> syntax error, unexpected token ";"
in APPPATH\Controllers\AdmPost.php on line 1880.
 1 SYSTEMPATH\Autoloader\Autoloader.php(289): CodeIgniter\Autoloader\Autoloader->includeFile('C:\\xampp\\htdocs\\codi\\app\\Controllers\\AdmPost.php')
 2 SYSTEMPATH\Autoloader\Autoloader.php(267): CodeIgniter\Autoloader\Autoloader->loadInNamespace('App\\Controllers\\AdmPost')
 3 [internal function]: CodeIgniter\Autoloader\Autoloader->loadClass('App\\Controllers\\AdmPost')
 4 SYSTEMPATH\CodeIgniter.php(892): class_exists('\\App\\Controllers\\AdmPost', true)
 5 SYSTEMPATH\CodeIgniter.php(486): CodeIgniter\CodeIgniter->startController()
 6 SYSTEMPATH\CodeIgniter.php(368): CodeIgniter\CodeIgniter->handleRequest(null, Object(Config\Cache), false)
 7 FCPATH\index.php(67): CodeIgniter\CodeIgniter->run()
CRITICAL - 2023-10-03 20:56:59 --> syntax error, unexpected token ";"
in APPPATH\Controllers\AdmPost.php on line 1867.
 1 SYSTEMPATH\Autoloader\Autoloader.php(289): CodeIgniter\Autoloader\Autoloader->includeFile('C:\\xampp\\htdocs\\codi\\app\\Controllers\\AdmPost.php')
 2 SYSTEMPATH\Autoloader\Autoloader.php(267): CodeIgniter\Autoloader\Autoloader->loadInNamespace('App\\Controllers\\AdmPost')
 3 [internal function]: CodeIgniter\Autoloader\Autoloader->loadClass('App\\Controllers\\AdmPost')
 4 SYSTEMPATH\CodeIgniter.php(892): class_exists('\\App\\Controllers\\AdmPost', true)
 5 SYSTEMPATH\CodeIgniter.php(486): CodeIgniter\CodeIgniter->startController()
 6 SYSTEMPATH\CodeIgniter.php(368): CodeIgniter\CodeIgniter->handleRequest(null, Object(Config\Cache), false)
 7 FCPATH\index.php(67): CodeIgniter\CodeIgniter->run()
CRITICAL - 2023-10-03 20:56:59 --> syntax error, unexpected token ";"
in APPPATH\Controllers\AdmPost.php on line 1867.
 1 SYSTEMPATH\Autoloader\Autoloader.php(289): CodeIgniter\Autoloader\Autoloader->includeFile('C:\\xampp\\htdocs\\codi\\app\\Controllers\\AdmPost.php')
 2 SYSTEMPATH\Autoloader\Autoloader.php(267): CodeIgniter\Autoloader\Autoloader->loadInNamespace('App\\Controllers\\AdmPost')
 3 [internal function]: CodeIgniter\Autoloader\Autoloader->loadClass('App\\Controllers\\AdmPost')
 4 SYSTEMPATH\CodeIgniter.php(892): class_exists('\\App\\Controllers\\AdmPost', true)
 5 SYSTEMPATH\CodeIgniter.php(486): CodeIgniter\CodeIgniter->startController()
 6 SYSTEMPATH\CodeIgniter.php(368): CodeIgniter\CodeIgniter->handleRequest(null, Object(Config\Cache), false)
 7 FCPATH\index.php(67): CodeIgniter\CodeIgniter->run()
CRITICAL - 2023-10-03 20:57:00 --> syntax error, unexpected token ";"
in APPPATH\Controllers\AdmPost.php on line 1867.
 1 SYSTEMPATH\Autoloader\Autoloader.php(289): CodeIgniter\Autoloader\Autoloader->includeFile('C:\\xampp\\htdocs\\codi\\app\\Controllers\\AdmPost.php')
 2 SYSTEMPATH\Autoloader\Autoloader.php(267): CodeIgniter\Autoloader\Autoloader->loadInNamespace('App\\Controllers\\AdmPost')
 3 [internal function]: CodeIgniter\Autoloader\Autoloader->loadClass('App\\Controllers\\AdmPost')
 4 SYSTEMPATH\CodeIgniter.php(892): class_exists('\\App\\Controllers\\AdmPost', true)
 5 SYSTEMPATH\CodeIgniter.php(486): CodeIgniter\CodeIgniter->startController()
 6 SYSTEMPATH\CodeIgniter.php(368): CodeIgniter\CodeIgniter->handleRequest(null, Object(Config\Cache), false)
 7 FCPATH\index.php(67): CodeIgniter\CodeIgniter->run()
CRITICAL - 2023-10-03 20:57:00 --> syntax error, unexpected token ";"
in APPPATH\Controllers\AdmPost.php on line 1867.
 1 SYSTEMPATH\Autoloader\Autoloader.php(289): CodeIgniter\Autoloader\Autoloader->includeFile('C:\\xampp\\htdocs\\codi\\app\\Controllers\\AdmPost.php')
 2 SYSTEMPATH\Autoloader\Autoloader.php(267): CodeIgniter\Autoloader\Autoloader->loadInNamespace('App\\Controllers\\AdmPost')
 3 [internal function]: CodeIgniter\Autoloader\Autoloader->loadClass('App\\Controllers\\AdmPost')
 4 SYSTEMPATH\CodeIgniter.php(892): class_exists('\\App\\Controllers\\AdmPost', true)
 5 SYSTEMPATH\CodeIgniter.php(486): CodeIgniter\CodeIgniter->startController()
 6 SYSTEMPATH\CodeIgniter.php(368): CodeIgniter\CodeIgniter->handleRequest(null, Object(Config\Cache), false)
 7 FCPATH\index.php(67): CodeIgniter\CodeIgniter->run()
CRITICAL - 2023-10-03 20:57:01 --> syntax error, unexpected token ";"
in APPPATH\Controllers\AdmPost.php on line 1867.
 1 SYSTEMPATH\Autoloader\Autoloader.php(289): CodeIgniter\Autoloader\Autoloader->includeFile('C:\\xampp\\htdocs\\codi\\app\\Controllers\\AdmPost.php')
 2 SYSTEMPATH\Autoloader\Autoloader.php(267): CodeIgniter\Autoloader\Autoloader->loadInNamespace('App\\Controllers\\AdmPost')
 3 [internal function]: CodeIgniter\Autoloader\Autoloader->loadClass('App\\Controllers\\AdmPost')
 4 SYSTEMPATH\CodeIgniter.php(892): class_exists('\\App\\Controllers\\AdmPost', true)
 5 SYSTEMPATH\CodeIgniter.php(486): CodeIgniter\CodeIgniter->startController()
 6 SYSTEMPATH\CodeIgniter.php(368): CodeIgniter\CodeIgniter->handleRequest(null, Object(Config\Cache), false)
 7 FCPATH\index.php(67): CodeIgniter\CodeIgniter->run()
CRITICAL - 2023-10-03 20:57:01 --> syntax error, unexpected token ";"
in APPPATH\Controllers\AdmPost.php on line 1867.
 1 SYSTEMPATH\Autoloader\Autoloader.php(289): CodeIgniter\Autoloader\Autoloader->includeFile('C:\\xampp\\htdocs\\codi\\app\\Controllers\\AdmPost.php')
 2 SYSTEMPATH\Autoloader\Autoloader.php(267): CodeIgniter\Autoloader\Autoloader->loadInNamespace('App\\Controllers\\AdmPost')
 3 [internal function]: CodeIgniter\Autoloader\Autoloader->loadClass('App\\Controllers\\AdmPost')
 4 SYSTEMPATH\CodeIgniter.php(892): class_exists('\\App\\Controllers\\AdmPost', true)
 5 SYSTEMPATH\CodeIgniter.php(486): CodeIgniter\CodeIgniter->startController()
 6 SYSTEMPATH\CodeIgniter.php(368): CodeIgniter\CodeIgniter->handleRequest(null, Object(Config\Cache), false)
 7 FCPATH\index.php(67): CodeIgniter\CodeIgniter->run()
CRITICAL - 2023-10-03 20:57:02 --> syntax error, unexpected token ";"
in APPPATH\Controllers\AdmPost.php on line 1867.
 1 SYSTEMPATH\Autoloader\Autoloader.php(289): CodeIgniter\Autoloader\Autoloader->includeFile('C:\\xampp\\htdocs\\codi\\app\\Controllers\\AdmPost.php')
 2 SYSTEMPATH\Autoloader\Autoloader.php(267): CodeIgniter\Autoloader\Autoloader->loadInNamespace('App\\Controllers\\AdmPost')
 3 [internal function]: CodeIgniter\Autoloader\Autoloader->loadClass('App\\Controllers\\AdmPost')
 4 SYSTEMPATH\CodeIgniter.php(892): class_exists('\\App\\Controllers\\AdmPost', true)
 5 SYSTEMPATH\CodeIgniter.php(486): CodeIgniter\CodeIgniter->startController()
 6 SYSTEMPATH\CodeIgniter.php(368): CodeIgniter\CodeIgniter->handleRequest(null, Object(Config\Cache), false)
 7 FCPATH\index.php(67): CodeIgniter\CodeIgniter->run()
CRITICAL - 2023-10-03 20:57:02 --> syntax error, unexpected token ";"
in APPPATH\Controllers\AdmPost.php on line 1867.
 1 SYSTEMPATH\Autoloader\Autoloader.php(289): CodeIgniter\Autoloader\Autoloader->includeFile('C:\\xampp\\htdocs\\codi\\app\\Controllers\\AdmPost.php')
 2 SYSTEMPATH\Autoloader\Autoloader.php(267): CodeIgniter\Autoloader\Autoloader->loadInNamespace('App\\Controllers\\AdmPost')
 3 [internal function]: CodeIgniter\Autoloader\Autoloader->loadClass('App\\Controllers\\AdmPost')
 4 SYSTEMPATH\CodeIgniter.php(892): class_exists('\\App\\Controllers\\AdmPost', true)
 5 SYSTEMPATH\CodeIgniter.php(486): CodeIgniter\CodeIgniter->startController()
 6 SYSTEMPATH\CodeIgniter.php(368): CodeIgniter\CodeIgniter->handleRequest(null, Object(Config\Cache), false)
 7 FCPATH\index.php(67): CodeIgniter\CodeIgniter->run()
CRITICAL - 2023-10-03 20:57:22 --> syntax error, unexpected token "=>"
in APPPATH\Controllers\AdmPost.php on line 1869.
 1 SYSTEMPATH\Autoloader\Autoloader.php(289): CodeIgniter\Autoloader\Autoloader->includeFile('C:\\xampp\\htdocs\\codi\\app\\Controllers\\AdmPost.php')
 2 SYSTEMPATH\Autoloader\Autoloader.php(267): CodeIgniter\Autoloader\Autoloader->loadInNamespace('App\\Controllers\\AdmPost')
 3 [internal function]: CodeIgniter\Autoloader\Autoloader->loadClass('App\\Controllers\\AdmPost')
 4 SYSTEMPATH\CodeIgniter.php(892): class_exists('\\App\\Controllers\\AdmPost', true)
 5 SYSTEMPATH\CodeIgniter.php(486): CodeIgniter\CodeIgniter->startController()
 6 SYSTEMPATH\CodeIgniter.php(368): CodeIgniter\CodeIgniter->handleRequest(null, Object(Config\Cache), false)
 7 FCPATH\index.php(67): CodeIgniter\CodeIgniter->run()
CRITICAL - 2023-10-03 20:57:22 --> syntax error, unexpected token "=>"
in APPPATH\Controllers\AdmPost.php on line 1869.
 1 SYSTEMPATH\Autoloader\Autoloader.php(289): CodeIgniter\Autoloader\Autoloader->includeFile('C:\\xampp\\htdocs\\codi\\app\\Controllers\\AdmPost.php')
 2 SYSTEMPATH\Autoloader\Autoloader.php(267): CodeIgniter\Autoloader\Autoloader->loadInNamespace('App\\Controllers\\AdmPost')
 3 [internal function]: CodeIgniter\Autoloader\Autoloader->loadClass('App\\Controllers\\AdmPost')
 4 SYSTEMPATH\CodeIgniter.php(892): class_exists('\\App\\Controllers\\AdmPost', true)
 5 SYSTEMPATH\CodeIgniter.php(486): CodeIgniter\CodeIgniter->startController()
 6 SYSTEMPATH\CodeIgniter.php(368): CodeIgniter\CodeIgniter->handleRequest(null, Object(Config\Cache), false)
 7 FCPATH\index.php(67): CodeIgniter\CodeIgniter->run()
CRITICAL - 2023-10-03 20:57:23 --> syntax error, unexpected token "=>"
in APPPATH\Controllers\AdmPost.php on line 1869.
 1 SYSTEMPATH\Autoloader\Autoloader.php(289): CodeIgniter\Autoloader\Autoloader->includeFile('C:\\xampp\\htdocs\\codi\\app\\Controllers\\AdmPost.php')
 2 SYSTEMPATH\Autoloader\Autoloader.php(267): CodeIgniter\Autoloader\Autoloader->loadInNamespace('App\\Controllers\\AdmPost')
 3 [internal function]: CodeIgniter\Autoloader\Autoloader->loadClass('App\\Controllers\\AdmPost')
 4 SYSTEMPATH\CodeIgniter.php(892): class_exists('\\App\\Controllers\\AdmPost', true)
 5 SYSTEMPATH\CodeIgniter.php(486): CodeIgniter\CodeIgniter->startController()
 6 SYSTEMPATH\CodeIgniter.php(368): CodeIgniter\CodeIgniter->handleRequest(null, Object(Config\Cache), false)
 7 FCPATH\index.php(67): CodeIgniter\CodeIgniter->run()
CRITICAL - 2023-10-03 20:57:23 --> syntax error, unexpected token "=>"
in APPPATH\Controllers\AdmPost.php on line 1869.
 1 SYSTEMPATH\Autoloader\Autoloader.php(289): CodeIgniter\Autoloader\Autoloader->includeFile('C:\\xampp\\htdocs\\codi\\app\\Controllers\\AdmPost.php')
 2 SYSTEMPATH\Autoloader\Autoloader.php(267): CodeIgniter\Autoloader\Autoloader->loadInNamespace('App\\Controllers\\AdmPost')
 3 [internal function]: CodeIgniter\Autoloader\Autoloader->loadClass('App\\Controllers\\AdmPost')
 4 SYSTEMPATH\CodeIgniter.php(892): class_exists('\\App\\Controllers\\AdmPost', true)
 5 SYSTEMPATH\CodeIgniter.php(486): CodeIgniter\CodeIgniter->startController()
 6 SYSTEMPATH\CodeIgniter.php(368): CodeIgniter\CodeIgniter->handleRequest(null, Object(Config\Cache), false)
 7 FCPATH\index.php(67): CodeIgniter\CodeIgniter->run()
CRITICAL - 2023-10-03 20:57:24 --> syntax error, unexpected token "=>"
in APPPATH\Controllers\AdmPost.php on line 1869.
 1 SYSTEMPATH\Autoloader\Autoloader.php(289): CodeIgniter\Autoloader\Autoloader->includeFile('C:\\xampp\\htdocs\\codi\\app\\Controllers\\AdmPost.php')
 2 SYSTEMPATH\Autoloader\Autoloader.php(267): CodeIgniter\Autoloader\Autoloader->loadInNamespace('App\\Controllers\\AdmPost')
 3 [internal function]: CodeIgniter\Autoloader\Autoloader->loadClass('App\\Controllers\\AdmPost')
 4 SYSTEMPATH\CodeIgniter.php(892): class_exists('\\App\\Controllers\\AdmPost', true)
 5 SYSTEMPATH\CodeIgniter.php(486): CodeIgniter\CodeIgniter->startController()
 6 SYSTEMPATH\CodeIgniter.php(368): CodeIgniter\CodeIgniter->handleRequest(null, Object(Config\Cache), false)
 7 FCPATH\index.php(67): CodeIgniter\CodeIgniter->run()
CRITICAL - 2023-10-03 20:57:24 --> syntax error, unexpected token "=>"
in APPPATH\Controllers\AdmPost.php on line 1869.
 1 SYSTEMPATH\Autoloader\Autoloader.php(289): CodeIgniter\Autoloader\Autoloader->includeFile('C:\\xampp\\htdocs\\codi\\app\\Controllers\\AdmPost.php')
 2 SYSTEMPATH\Autoloader\Autoloader.php(267): CodeIgniter\Autoloader\Autoloader->loadInNamespace('App\\Controllers\\AdmPost')
 3 [internal function]: CodeIgniter\Autoloader\Autoloader->loadClass('App\\Controllers\\AdmPost')
 4 SYSTEMPATH\CodeIgniter.php(892): class_exists('\\App\\Controllers\\AdmPost', true)
 5 SYSTEMPATH\CodeIgniter.php(486): CodeIgniter\CodeIgniter->startController()
 6 SYSTEMPATH\CodeIgniter.php(368): CodeIgniter\CodeIgniter->handleRequest(null, Object(Config\Cache), false)
 7 FCPATH\index.php(67): CodeIgniter\CodeIgniter->run()
CRITICAL - 2023-10-03 20:57:25 --> syntax error, unexpected token "=>"
in APPPATH\Controllers\AdmPost.php on line 1869.
 1 SYSTEMPATH\Autoloader\Autoloader.php(289): CodeIgniter\Autoloader\Autoloader->includeFile('C:\\xampp\\htdocs\\codi\\app\\Controllers\\AdmPost.php')
 2 SYSTEMPATH\Autoloader\Autoloader.php(267): CodeIgniter\Autoloader\Autoloader->loadInNamespace('App\\Controllers\\AdmPost')
 3 [internal function]: CodeIgniter\Autoloader\Autoloader->loadClass('App\\Controllers\\AdmPost')
 4 SYSTEMPATH\CodeIgniter.php(892): class_exists('\\App\\Controllers\\AdmPost', true)
 5 SYSTEMPATH\CodeIgniter.php(486): CodeIgniter\CodeIgniter->startController()
 6 SYSTEMPATH\CodeIgniter.php(368): CodeIgniter\CodeIgniter->handleRequest(null, Object(Config\Cache), false)
 7 FCPATH\index.php(67): CodeIgniter\CodeIgniter->run()
CRITICAL - 2023-10-03 20:57:25 --> syntax error, unexpected token "=>"
in APPPATH\Controllers\AdmPost.php on line 1869.
 1 SYSTEMPATH\Autoloader\Autoloader.php(289): CodeIgniter\Autoloader\Autoloader->includeFile('C:\\xampp\\htdocs\\codi\\app\\Controllers\\AdmPost.php')
 2 SYSTEMPATH\Autoloader\Autoloader.php(267): CodeIgniter\Autoloader\Autoloader->loadInNamespace('App\\Controllers\\AdmPost')
 3 [internal function]: CodeIgniter\Autoloader\Autoloader->loadClass('App\\Controllers\\AdmPost')
 4 SYSTEMPATH\CodeIgniter.php(892): class_exists('\\App\\Controllers\\AdmPost', true)
 5 SYSTEMPATH\CodeIgniter.php(486): CodeIgniter\CodeIgniter->startController()
 6 SYSTEMPATH\CodeIgniter.php(368): CodeIgniter\CodeIgniter->handleRequest(null, Object(Config\Cache), false)
 7 FCPATH\index.php(67): CodeIgniter\CodeIgniter->run()
CRITICAL - 2023-10-03 20:57:26 --> syntax error, unexpected token "=>"
in APPPATH\Controllers\AdmPost.php on line 1869.
 1 SYSTEMPATH\Autoloader\Autoloader.php(289): CodeIgniter\Autoloader\Autoloader->includeFile('C:\\xampp\\htdocs\\codi\\app\\Controllers\\AdmPost.php')
 2 SYSTEMPATH\Autoloader\Autoloader.php(267): CodeIgniter\Autoloader\Autoloader->loadInNamespace('App\\Controllers\\AdmPost')
 3 [internal function]: CodeIgniter\Autoloader\Autoloader->loadClass('App\\Controllers\\AdmPost')
 4 SYSTEMPATH\CodeIgniter.php(892): class_exists('\\App\\Controllers\\AdmPost', true)
 5 SYSTEMPATH\CodeIgniter.php(486): CodeIgniter\CodeIgniter->startController()
 6 SYSTEMPATH\CodeIgniter.php(368): CodeIgniter\CodeIgniter->handleRequest(null, Object(Config\Cache), false)
 7 FCPATH\index.php(67): CodeIgniter\CodeIgniter->run()
CRITICAL - 2023-10-03 20:57:26 --> syntax error, unexpected token "=>"
in APPPATH\Controllers\AdmPost.php on line 1869.
 1 SYSTEMPATH\Autoloader\Autoloader.php(289): CodeIgniter\Autoloader\Autoloader->includeFile('C:\\xampp\\htdocs\\codi\\app\\Controllers\\AdmPost.php')
 2 SYSTEMPATH\Autoloader\Autoloader.php(267): CodeIgniter\Autoloader\Autoloader->loadInNamespace('App\\Controllers\\AdmPost')
 3 [internal function]: CodeIgniter\Autoloader\Autoloader->loadClass('App\\Controllers\\AdmPost')
 4 SYSTEMPATH\CodeIgniter.php(892): class_exists('\\App\\Controllers\\AdmPost', true)
 5 SYSTEMPATH\CodeIgniter.php(486): CodeIgniter\CodeIgniter->startController()
 6 SYSTEMPATH\CodeIgniter.php(368): CodeIgniter\CodeIgniter->handleRequest(null, Object(Config\Cache), false)
 7 FCPATH\index.php(67): CodeIgniter\CodeIgniter->run()
CRITICAL - 2023-10-03 20:57:27 --> syntax error, unexpected single-quoted string "1"
in APPPATH\Controllers\AdmPost.php on line 1869.
 1 SYSTEMPATH\Autoloader\Autoloader.php(289): CodeIgniter\Autoloader\Autoloader->includeFile('C:\\xampp\\htdocs\\codi\\app\\Controllers\\AdmPost.php')
 2 SYSTEMPATH\Autoloader\Autoloader.php(267): CodeIgniter\Autoloader\Autoloader->loadInNamespace('App\\Controllers\\AdmPost')
 3 [internal function]: CodeIgniter\Autoloader\Autoloader->loadClass('App\\Controllers\\AdmPost')
 4 SYSTEMPATH\CodeIgniter.php(892): class_exists('\\App\\Controllers\\AdmPost', true)
 5 SYSTEMPATH\CodeIgniter.php(486): CodeIgniter\CodeIgniter->startController()
 6 SYSTEMPATH\CodeIgniter.php(368): CodeIgniter\CodeIgniter->handleRequest(null, Object(Config\Cache), false)
 7 FCPATH\index.php(67): CodeIgniter\CodeIgniter->run()
CRITICAL - 2023-10-03 20:57:27 --> syntax error, unexpected single-quoted string "1"
in APPPATH\Controllers\AdmPost.php on line 1869.
 1 SYSTEMPATH\Autoloader\Autoloader.php(289): CodeIgniter\Autoloader\Autoloader->includeFile('C:\\xampp\\htdocs\\codi\\app\\Controllers\\AdmPost.php')
 2 SYSTEMPATH\Autoloader\Autoloader.php(267): CodeIgniter\Autoloader\Autoloader->loadInNamespace('App\\Controllers\\AdmPost')
 3 [internal function]: CodeIgniter\Autoloader\Autoloader->loadClass('App\\Controllers\\AdmPost')
 4 SYSTEMPATH\CodeIgniter.php(892): class_exists('\\App\\Controllers\\AdmPost', true)
 5 SYSTEMPATH\CodeIgniter.php(486): CodeIgniter\CodeIgniter->startController()
 6 SYSTEMPATH\CodeIgniter.php(368): CodeIgniter\CodeIgniter->handleRequest(null, Object(Config\Cache), false)
 7 FCPATH\index.php(67): CodeIgniter\CodeIgniter->run()
CRITICAL - 2023-10-03 20:57:28 --> syntax error, unexpected single-quoted string "1"
in APPPATH\Controllers\AdmPost.php on line 1869.
 1 SYSTEMPATH\Autoloader\Autoloader.php(289): CodeIgniter\Autoloader\Autoloader->includeFile('C:\\xampp\\htdocs\\codi\\app\\Controllers\\AdmPost.php')
 2 SYSTEMPATH\Autoloader\Autoloader.php(267): CodeIgniter\Autoloader\Autoloader->loadInNamespace('App\\Controllers\\AdmPost')
 3 [internal function]: CodeIgniter\Autoloader\Autoloader->loadClass('App\\Controllers\\AdmPost')
 4 SYSTEMPATH\CodeIgniter.php(892): class_exists('\\App\\Controllers\\AdmPost', true)
 5 SYSTEMPATH\CodeIgniter.php(486): CodeIgniter\CodeIgniter->startController()
 6 SYSTEMPATH\CodeIgniter.php(368): CodeIgniter\CodeIgniter->handleRequest(null, Object(Config\Cache), false)
 7 FCPATH\index.php(67): CodeIgniter\CodeIgniter->run()
CRITICAL - 2023-10-03 20:57:28 --> syntax error, unexpected single-quoted string "1"
in APPPATH\Controllers\AdmPost.php on line 1869.
 1 SYSTEMPATH\Autoloader\Autoloader.php(289): CodeIgniter\Autoloader\Autoloader->includeFile('C:\\xampp\\htdocs\\codi\\app\\Controllers\\AdmPost.php')
 2 SYSTEMPATH\Autoloader\Autoloader.php(267): CodeIgniter\Autoloader\Autoloader->loadInNamespace('App\\Controllers\\AdmPost')
 3 [internal function]: CodeIgniter\Autoloader\Autoloader->loadClass('App\\Controllers\\AdmPost')
 4 SYSTEMPATH\CodeIgniter.php(892): class_exists('\\App\\Controllers\\AdmPost', true)
 5 SYSTEMPATH\CodeIgniter.php(486): CodeIgniter\CodeIgniter->startController()
 6 SYSTEMPATH\CodeIgniter.php(368): CodeIgniter\CodeIgniter->handleRequest(null, Object(Config\Cache), false)
 7 FCPATH\index.php(67): CodeIgniter\CodeIgniter->run()
CRITICAL - 2023-10-03 20:57:29 --> syntax error, unexpected single-quoted string "1"
in APPPATH\Controllers\AdmPost.php on line 1869.
 1 SYSTEMPATH\Autoloader\Autoloader.php(289): CodeIgniter\Autoloader\Autoloader->includeFile('C:\\xampp\\htdocs\\codi\\app\\Controllers\\AdmPost.php')
 2 SYSTEMPATH\Autoloader\Autoloader.php(267): CodeIgniter\Autoloader\Autoloader->loadInNamespace('App\\Controllers\\AdmPost')
 3 [internal function]: CodeIgniter\Autoloader\Autoloader->loadClass('App\\Controllers\\AdmPost')
 4 SYSTEMPATH\CodeIgniter.php(892): class_exists('\\App\\Controllers\\AdmPost', true)
 5 SYSTEMPATH\CodeIgniter.php(486): CodeIgniter\CodeIgniter->startController()
 6 SYSTEMPATH\CodeIgniter.php(368): CodeIgniter\CodeIgniter->handleRequest(null, Object(Config\Cache), false)
 7 FCPATH\index.php(67): CodeIgniter\CodeIgniter->run()
CRITICAL - 2023-10-03 20:57:29 --> syntax error, unexpected single-quoted string "1"
in APPPATH\Controllers\AdmPost.php on line 1869.
 1 SYSTEMPATH\Autoloader\Autoloader.php(289): CodeIgniter\Autoloader\Autoloader->includeFile('C:\\xampp\\htdocs\\codi\\app\\Controllers\\AdmPost.php')
 2 SYSTEMPATH\Autoloader\Autoloader.php(267): CodeIgniter\Autoloader\Autoloader->loadInNamespace('App\\Controllers\\AdmPost')
 3 [internal function]: CodeIgniter\Autoloader\Autoloader->loadClass('App\\Controllers\\AdmPost')
 4 SYSTEMPATH\CodeIgniter.php(892): class_exists('\\App\\Controllers\\AdmPost', true)
 5 SYSTEMPATH\CodeIgniter.php(486): CodeIgniter\CodeIgniter->startController()
 6 SYSTEMPATH\CodeIgniter.php(368): CodeIgniter\CodeIgniter->handleRequest(null, Object(Config\Cache), false)
 7 FCPATH\index.php(67): CodeIgniter\CodeIgniter->run()
CRITICAL - 2023-10-03 20:57:30 --> syntax error, unexpected single-quoted string "1"
in APPPATH\Controllers\AdmPost.php on line 1869.
 1 SYSTEMPATH\Autoloader\Autoloader.php(289): CodeIgniter\Autoloader\Autoloader->includeFile('C:\\xampp\\htdocs\\codi\\app\\Controllers\\AdmPost.php')
 2 SYSTEMPATH\Autoloader\Autoloader.php(267): CodeIgniter\Autoloader\Autoloader->loadInNamespace('App\\Controllers\\AdmPost')
 3 [internal function]: CodeIgniter\Autoloader\Autoloader->loadClass('App\\Controllers\\AdmPost')
 4 SYSTEMPATH\CodeIgniter.php(892): class_exists('\\App\\Controllers\\AdmPost', true)
 5 SYSTEMPATH\CodeIgniter.php(486): CodeIgniter\CodeIgniter->startController()
 6 SYSTEMPATH\CodeIgniter.php(368): CodeIgniter\CodeIgniter->handleRequest(null, Object(Config\Cache), false)
 7 FCPATH\index.php(67): CodeIgniter\CodeIgniter->run()
CRITICAL - 2023-10-03 20:57:30 --> syntax error, unexpected single-quoted string "1"
in APPPATH\Controllers\AdmPost.php on line 1869.
 1 SYSTEMPATH\Autoloader\Autoloader.php(289): CodeIgniter\Autoloader\Autoloader->includeFile('C:\\xampp\\htdocs\\codi\\app\\Controllers\\AdmPost.php')
 2 SYSTEMPATH\Autoloader\Autoloader.php(267): CodeIgniter\Autoloader\Autoloader->loadInNamespace('App\\Controllers\\AdmPost')
 3 [internal function]: CodeIgniter\Autoloader\Autoloader->loadClass('App\\Controllers\\AdmPost')
 4 SYSTEMPATH\CodeIgniter.php(892): class_exists('\\App\\Controllers\\AdmPost', true)
 5 SYSTEMPATH\CodeIgniter.php(486): CodeIgniter\CodeIgniter->startController()
 6 SYSTEMPATH\CodeIgniter.php(368): CodeIgniter\CodeIgniter->handleRequest(null, Object(Config\Cache), false)
 7 FCPATH\index.php(67): CodeIgniter\CodeIgniter->run()
CRITICAL - 2023-10-03 21:00:34 --> syntax error, unexpected token "]"
in APPPATH\Controllers\AdmPost.php on line 1900.
 1 SYSTEMPATH\Autoloader\Autoloader.php(289): CodeIgniter\Autoloader\Autoloader->includeFile('C:\\xampp\\htdocs\\codi\\app\\Controllers\\AdmPost.php')
 2 SYSTEMPATH\Autoloader\Autoloader.php(267): CodeIgniter\Autoloader\Autoloader->loadInNamespace('App\\Controllers\\AdmPost')
 3 [internal function]: CodeIgniter\Autoloader\Autoloader->loadClass('App\\Controllers\\AdmPost')
 4 SYSTEMPATH\CodeIgniter.php(892): class_exists('\\App\\Controllers\\AdmPost', true)
 5 SYSTEMPATH\CodeIgniter.php(486): CodeIgniter\CodeIgniter->startController()
 6 SYSTEMPATH\CodeIgniter.php(368): CodeIgniter\CodeIgniter->handleRequest(null, Object(Config\Cache), false)
 7 FCPATH\index.php(67): CodeIgniter\CodeIgniter->run()
CRITICAL - 2023-10-03 21:00:34 --> syntax error, unexpected token "]"
in APPPATH\Controllers\AdmPost.php on line 1900.
 1 SYSTEMPATH\Autoloader\Autoloader.php(289): CodeIgniter\Autoloader\Autoloader->includeFile('C:\\xampp\\htdocs\\codi\\app\\Controllers\\AdmPost.php')
 2 SYSTEMPATH\Autoloader\Autoloader.php(267): CodeIgniter\Autoloader\Autoloader->loadInNamespace('App\\Controllers\\AdmPost')
 3 [internal function]: CodeIgniter\Autoloader\Autoloader->loadClass('App\\Controllers\\AdmPost')
 4 SYSTEMPATH\CodeIgniter.php(892): class_exists('\\App\\Controllers\\AdmPost', true)
 5 SYSTEMPATH\CodeIgniter.php(486): CodeIgniter\CodeIgniter->startController()
 6 SYSTEMPATH\CodeIgniter.php(368): CodeIgniter\CodeIgniter->handleRequest(null, Object(Config\Cache), false)
 7 FCPATH\index.php(67): CodeIgniter\CodeIgniter->run()
CRITICAL - 2023-10-03 21:00:35 --> syntax error, unexpected token "]"
in APPPATH\Controllers\AdmPost.php on line 1900.
 1 SYSTEMPATH\Autoloader\Autoloader.php(289): CodeIgniter\Autoloader\Autoloader->includeFile('C:\\xampp\\htdocs\\codi\\app\\Controllers\\AdmPost.php')
 2 SYSTEMPATH\Autoloader\Autoloader.php(267): CodeIgniter\Autoloader\Autoloader->loadInNamespace('App\\Controllers\\AdmPost')
 3 [internal function]: CodeIgniter\Autoloader\Autoloader->loadClass('App\\Controllers\\AdmPost')
 4 SYSTEMPATH\CodeIgniter.php(892): class_exists('\\App\\Controllers\\AdmPost', true)
 5 SYSTEMPATH\CodeIgniter.php(486): CodeIgniter\CodeIgniter->startController()
 6 SYSTEMPATH\CodeIgniter.php(368): CodeIgniter\CodeIgniter->handleRequest(null, Object(Config\Cache), false)
 7 FCPATH\index.php(67): CodeIgniter\CodeIgniter->run()
CRITICAL - 2023-10-03 21:00:35 --> syntax error, unexpected token "]"
in APPPATH\Controllers\AdmPost.php on line 1900.
 1 SYSTEMPATH\Autoloader\Autoloader.php(289): CodeIgniter\Autoloader\Autoloader->includeFile('C:\\xampp\\htdocs\\codi\\app\\Controllers\\AdmPost.php')
 2 SYSTEMPATH\Autoloader\Autoloader.php(267): CodeIgniter\Autoloader\Autoloader->loadInNamespace('App\\Controllers\\AdmPost')
 3 [internal function]: CodeIgniter\Autoloader\Autoloader->loadClass('App\\Controllers\\AdmPost')
 4 SYSTEMPATH\CodeIgniter.php(892): class_exists('\\App\\Controllers\\AdmPost', true)
 5 SYSTEMPATH\CodeIgniter.php(486): CodeIgniter\CodeIgniter->startController()
 6 SYSTEMPATH\CodeIgniter.php(368): CodeIgniter\CodeIgniter->handleRequest(null, Object(Config\Cache), false)
 7 FCPATH\index.php(67): CodeIgniter\CodeIgniter->run()
CRITICAL - 2023-10-03 21:14:46 --> syntax error, unexpected token ","
in APPPATH\Controllers\AdmPost.php on line 988.
 1 SYSTEMPATH\Autoloader\Autoloader.php(289): CodeIgniter\Autoloader\Autoloader->includeFile('C:\\xampp\\htdocs\\codi\\app\\Controllers\\AdmPost.php')
 2 SYSTEMPATH\Autoloader\Autoloader.php(267): CodeIgniter\Autoloader\Autoloader->loadInNamespace('App\\Controllers\\AdmPost')
 3 [internal function]: CodeIgniter\Autoloader\Autoloader->loadClass('App\\Controllers\\AdmPost')
 4 SYSTEMPATH\CodeIgniter.php(892): class_exists('\\App\\Controllers\\AdmPost', true)
 5 SYSTEMPATH\CodeIgniter.php(486): CodeIgniter\CodeIgniter->startController()
 6 SYSTEMPATH\CodeIgniter.php(368): CodeIgniter\CodeIgniter->handleRequest(null, Object(Config\Cache), false)
 7 FCPATH\index.php(67): CodeIgniter\CodeIgniter->run()
CRITICAL - 2023-10-03 21:14:46 --> syntax error, unexpected token ","
in APPPATH\Controllers\AdmPost.php on line 988.
 1 SYSTEMPATH\Autoloader\Autoloader.php(289): CodeIgniter\Autoloader\Autoloader->includeFile('C:\\xampp\\htdocs\\codi\\app\\Controllers\\AdmPost.php')
 2 SYSTEMPATH\Autoloader\Autoloader.php(267): CodeIgniter\Autoloader\Autoloader->loadInNamespace('App\\Controllers\\AdmPost')
 3 [internal function]: CodeIgniter\Autoloader\Autoloader->loadClass('App\\Controllers\\AdmPost')
 4 SYSTEMPATH\CodeIgniter.php(892): class_exists('\\App\\Controllers\\AdmPost', true)
 5 SYSTEMPATH\CodeIgniter.php(486): CodeIgniter\CodeIgniter->startController()
 6 SYSTEMPATH\CodeIgniter.php(368): CodeIgniter\CodeIgniter->handleRequest(null, Object(Config\Cache), false)
 7 FCPATH\index.php(67): CodeIgniter\CodeIgniter->run()
CRITICAL - 2023-10-03 21:28:55 --> Cannot redeclare App\Controllers\Ferramentas::criet_diretorio()
in APPPATH\Controllers\Ferramentas.php on line 503.
 1 [internal function]: CodeIgniter\Debug\Exceptions->shutdownHandler()
CRITICAL - 2023-10-03 21:28:56 --> Cannot redeclare App\Controllers\Ferramentas::criet_diretorio()
in APPPATH\Controllers\Ferramentas.php on line 503.
 1 [internal function]: CodeIgniter\Debug\Exceptions->shutdownHandler()
CRITICAL - 2023-10-03 21:28:57 --> Cannot redeclare App\Controllers\Ferramentas::criet_diretorio()
in APPPATH\Controllers\Ferramentas.php on line 503.
 1 [internal function]: CodeIgniter\Debug\Exceptions->shutdownHandler()
CRITICAL - 2023-10-03 21:28:58 --> Cannot redeclare App\Controllers\Ferramentas::criet_diretorio()
in APPPATH\Controllers\Ferramentas.php on line 503.
 1 [internal function]: CodeIgniter\Debug\Exceptions->shutdownHandler()
CRITICAL - 2023-10-03 21:28:59 --> Cannot redeclare App\Controllers\Ferramentas::criet_diretorio()
in APPPATH\Controllers\Ferramentas.php on line 503.
 1 [internal function]: CodeIgniter\Debug\Exceptions->shutdownHandler()
CRITICAL - 2023-10-03 21:29:00 --> Cannot redeclare App\Controllers\Ferramentas::criet_diretorio()
in APPPATH\Controllers\Ferramentas.php on line 503.
 1 [internal function]: CodeIgniter\Debug\Exceptions->shutdownHandler()
CRITICAL - 2023-10-03 21:29:01 --> Cannot redeclare App\Controllers\Ferramentas::criet_diretorio()
in APPPATH\Controllers\Ferramentas.php on line 503.
 1 [internal function]: CodeIgniter\Debug\Exceptions->shutdownHandler()
CRITICAL - 2023-10-03 21:29:02 --> Cannot redeclare App\Controllers\Ferramentas::criet_diretorio()
in APPPATH\Controllers\Ferramentas.php on line 503.
 1 [internal function]: CodeIgniter\Debug\Exceptions->shutdownHandler()
CRITICAL - 2023-10-03 21:29:03 --> Cannot redeclare App\Controllers\Ferramentas::criet_diretorio()
in APPPATH\Controllers\Ferramentas.php on line 503.
 1 [internal function]: CodeIgniter\Debug\Exceptions->shutdownHandler()
CRITICAL - 2023-10-03 21:29:04 --> Cannot redeclare App\Controllers\Ferramentas::criet_diretorio()
in APPPATH\Controllers\Ferramentas.php on line 503.
 1 [internal function]: CodeIgniter\Debug\Exceptions->shutdownHandler()
CRITICAL - 2023-10-03 21:29:05 --> Cannot redeclare App\Controllers\Ferramentas::criet_diretorio()
in APPPATH\Controllers\Ferramentas.php on line 503.
 1 [internal function]: CodeIgniter\Debug\Exceptions->shutdownHandler()
CRITICAL - 2023-10-03 21:29:06 --> Cannot redeclare App\Controllers\Ferramentas::criet_diretorio()
in APPPATH\Controllers\Ferramentas.php on line 503.
 1 [internal function]: CodeIgniter\Debug\Exceptions->shutdownHandler()
CRITICAL - 2023-10-03 21:29:07 --> Cannot redeclare App\Controllers\Ferramentas::criet_diretorio()
in APPPATH\Controllers\Ferramentas.php on line 503.
 1 [internal function]: CodeIgniter\Debug\Exceptions->shutdownHandler()
CRITICAL - 2023-10-03 21:29:08 --> Cannot redeclare App\Controllers\Ferramentas::criet_diretorio()
in APPPATH\Controllers\Ferramentas.php on line 503.
 1 [internal function]: CodeIgniter\Debug\Exceptions->shutdownHandler()
CRITICAL - 2023-10-03 21:29:09 --> Cannot redeclare App\Controllers\Ferramentas::criet_diretorio()
in APPPATH\Controllers\Ferramentas.php on line 503.
 1 [internal function]: CodeIgniter\Debug\Exceptions->shutdownHandler()
CRITICAL - 2023-10-03 21:29:10 --> Cannot redeclare App\Controllers\Ferramentas::criet_diretorio()
in APPPATH\Controllers\Ferramentas.php on line 503.
 1 [internal function]: CodeIgniter\Debug\Exceptions->shutdownHandler()
CRITICAL - 2023-10-03 21:29:11 --> Cannot redeclare App\Controllers\Ferramentas::criet_diretorio()
in APPPATH\Controllers\Ferramentas.php on line 503.
 1 [internal function]: CodeIgniter\Debug\Exceptions->shutdownHandler()
CRITICAL - 2023-10-03 21:29:12 --> Cannot redeclare App\Controllers\Ferramentas::criet_diretorio()
in APPPATH\Controllers\Ferramentas.php on line 503.
 1 [internal function]: CodeIgniter\Debug\Exceptions->shutdownHandler()
CRITICAL - 2023-10-03 21:29:13 --> Cannot redeclare App\Controllers\Ferramentas::criet_diretorio()
in APPPATH\Controllers\Ferramentas.php on line 503.
 1 [internal function]: CodeIgniter\Debug\Exceptions->shutdownHandler()
CRITICAL - 2023-10-03 21:29:14 --> Cannot redeclare App\Controllers\Ferramentas::criet_diretorio()
in APPPATH\Controllers\Ferramentas.php on line 503.
 1 [internal function]: CodeIgniter\Debug\Exceptions->shutdownHandler()
CRITICAL - 2023-10-03 21:29:15 --> Cannot redeclare App\Controllers\Ferramentas::criet_diretorio()
in APPPATH\Controllers\Ferramentas.php on line 503.
 1 [internal function]: CodeIgniter\Debug\Exceptions->shutdownHandler()
CRITICAL - 2023-10-03 21:29:16 --> Cannot redeclare App\Controllers\Ferramentas::criet_diretorio()
in APPPATH\Controllers\Ferramentas.php on line 503.
 1 [internal function]: CodeIgniter\Debug\Exceptions->shutdownHandler()
CRITICAL - 2023-10-03 21:29:17 --> Cannot redeclare App\Controllers\Ferramentas::criet_diretorio()
in APPPATH\Controllers\Ferramentas.php on line 503.
 1 [internal function]: CodeIgniter\Debug\Exceptions->shutdownHandler()
CRITICAL - 2023-10-03 21:29:18 --> Cannot redeclare App\Controllers\Ferramentas::criet_diretorio()
in APPPATH\Controllers\Ferramentas.php on line 503.
 1 [internal function]: CodeIgniter\Debug\Exceptions->shutdownHandler()
CRITICAL - 2023-10-03 21:29:19 --> Cannot redeclare App\Controllers\Ferramentas::criet_diretorio()
in APPPATH\Controllers\Ferramentas.php on line 503.
 1 [internal function]: CodeIgniter\Debug\Exceptions->shutdownHandler()
CRITICAL - 2023-10-03 21:29:20 --> Cannot redeclare App\Controllers\Ferramentas::criet_diretorio()
in APPPATH\Controllers\Ferramentas.php on line 503.
 1 [internal function]: CodeIgniter\Debug\Exceptions->shutdownHandler()
CRITICAL - 2023-10-03 21:29:21 --> Cannot redeclare App\Controllers\Ferramentas::criet_diretorio()
in APPPATH\Controllers\Ferramentas.php on line 503.
 1 [internal function]: CodeIgniter\Debug\Exceptions->shutdownHandler()
CRITICAL - 2023-10-03 21:29:22 --> Cannot redeclare App\Controllers\Ferramentas::criet_diretorio()
in APPPATH\Controllers\Ferramentas.php on line 503.
 1 [internal function]: CodeIgniter\Debug\Exceptions->shutdownHandler()
CRITICAL - 2023-10-03 21:29:23 --> Cannot redeclare App\Controllers\Ferramentas::criet_diretorio()
in APPPATH\Controllers\Ferramentas.php on line 503.
 1 [internal function]: CodeIgniter\Debug\Exceptions->shutdownHandler()
CRITICAL - 2023-10-03 21:29:24 --> Cannot redeclare App\Controllers\Ferramentas::criet_diretorio()
in APPPATH\Controllers\Ferramentas.php on line 503.
 1 [internal function]: CodeIgniter\Debug\Exceptions->shutdownHandler()
CRITICAL - 2023-10-03 21:29:25 --> Cannot redeclare App\Controllers\Ferramentas::criet_diretorio()
in APPPATH\Controllers\Ferramentas.php on line 503.
 1 [internal function]: CodeIgniter\Debug\Exceptions->shutdownHandler()
CRITICAL - 2023-10-03 21:29:26 --> Cannot redeclare App\Controllers\Ferramentas::criet_diretorio()
in APPPATH\Controllers\Ferramentas.php on line 503.
 1 [internal function]: CodeIgniter\Debug\Exceptions->shutdownHandler()
CRITICAL - 2023-10-03 21:29:27 --> Cannot redeclare App\Controllers\Ferramentas::criet_diretorio()
in APPPATH\Controllers\Ferramentas.php on line 503.
 1 [internal function]: CodeIgniter\Debug\Exceptions->shutdownHandler()
CRITICAL - 2023-10-03 21:29:28 --> Cannot redeclare App\Controllers\Ferramentas::criet_diretorio()
in APPPATH\Controllers\Ferramentas.php on line 503.
 1 [internal function]: CodeIgniter\Debug\Exceptions->shutdownHandler()
CRITICAL - 2023-10-03 21:29:29 --> Cannot redeclare App\Controllers\Ferramentas::criet_diretorio()
in APPPATH\Controllers\Ferramentas.php on line 503.
 1 [internal function]: CodeIgniter\Debug\Exceptions->shutdownHandler()
CRITICAL - 2023-10-03 21:29:30 --> Cannot redeclare App\Controllers\Ferramentas::criet_diretorio()
in APPPATH\Controllers\Ferramentas.php on line 503.
 1 [internal function]: CodeIgniter\Debug\Exceptions->shutdownHandler()
CRITICAL - 2023-10-03 21:29:31 --> Cannot redeclare App\Controllers\Ferramentas::criet_diretorio()
in APPPATH\Controllers\Ferramentas.php on line 503.
 1 [internal function]: CodeIgniter\Debug\Exceptions->shutdownHandler()
CRITICAL - 2023-10-03 21:29:32 --> Cannot redeclare App\Controllers\Ferramentas::criet_diretorio()
in APPPATH\Controllers\Ferramentas.php on line 503.
 1 [internal function]: CodeIgniter\Debug\Exceptions->shutdownHandler()
CRITICAL - 2023-10-03 21:29:33 --> Cannot redeclare App\Controllers\Ferramentas::criet_diretorio()
in APPPATH\Controllers\Ferramentas.php on line 503.
 1 [internal function]: CodeIgniter\Debug\Exceptions->shutdownHandler()
CRITICAL - 2023-10-03 21:29:34 --> Cannot redeclare App\Controllers\Ferramentas::criet_diretorio()
in APPPATH\Controllers\Ferramentas.php on line 503.
 1 [internal function]: CodeIgniter\Debug\Exceptions->shutdownHandler()
CRITICAL - 2023-10-03 21:29:36 --> Cannot redeclare App\Controllers\Ferramentas::criet_diretorio()
in APPPATH\Controllers\Ferramentas.php on line 503.
 1 [internal function]: CodeIgniter\Debug\Exceptions->shutdownHandler()
CRITICAL - 2023-10-03 21:29:36 --> Cannot redeclare App\Controllers\Ferramentas::criet_diretorio()
in APPPATH\Controllers\Ferramentas.php on line 503.
 1 [internal function]: CodeIgniter\Debug\Exceptions->shutdownHandler()
CRITICAL - 2023-10-03 21:29:37 --> Cannot redeclare App\Controllers\Ferramentas::criet_diretorio()
in APPPATH\Controllers\Ferramentas.php on line 503.
 1 [internal function]: CodeIgniter\Debug\Exceptions->shutdownHandler()
CRITICAL - 2023-10-03 21:29:38 --> Cannot redeclare App\Controllers\Ferramentas::criet_diretorio()
in APPPATH\Controllers\Ferramentas.php on line 503.
 1 [internal function]: CodeIgniter\Debug\Exceptions->shutdownHandler()
CRITICAL - 2023-10-03 21:29:39 --> Cannot redeclare App\Controllers\Ferramentas::criet_diretorio()
in APPPATH\Controllers\Ferramentas.php on line 503.
 1 [internal function]: CodeIgniter\Debug\Exceptions->shutdownHandler()
CRITICAL - 2023-10-03 21:29:40 --> Cannot redeclare App\Controllers\Ferramentas::criet_diretorio()
in APPPATH\Controllers\Ferramentas.php on line 503.
 1 [internal function]: CodeIgniter\Debug\Exceptions->shutdownHandler()
CRITICAL - 2023-10-03 21:29:41 --> Cannot redeclare App\Controllers\Ferramentas::criet_diretorio()
in APPPATH\Controllers\Ferramentas.php on line 503.
 1 [internal function]: CodeIgniter\Debug\Exceptions->shutdownHandler()
CRITICAL - 2023-10-03 21:29:42 --> Cannot redeclare App\Controllers\Ferramentas::criet_diretorio()
in APPPATH\Controllers\Ferramentas.php on line 503.
 1 [internal function]: CodeIgniter\Debug\Exceptions->shutdownHandler()
CRITICAL - 2023-10-03 21:29:43 --> Cannot redeclare App\Controllers\Ferramentas::criet_diretorio()
in APPPATH\Controllers\Ferramentas.php on line 503.
 1 [internal function]: CodeIgniter\Debug\Exceptions->shutdownHandler()
CRITICAL - 2023-10-03 21:29:44 --> Cannot redeclare App\Controllers\Ferramentas::criet_diretorio()
in APPPATH\Controllers\Ferramentas.php on line 503.
 1 [internal function]: CodeIgniter\Debug\Exceptions->shutdownHandler()
CRITICAL - 2023-10-03 21:29:45 --> Cannot redeclare App\Controllers\Ferramentas::criet_diretorio()
in APPPATH\Controllers\Ferramentas.php on line 503.
 1 [internal function]: CodeIgniter\Debug\Exceptions->shutdownHandler()
CRITICAL - 2023-10-03 21:29:46 --> Cannot redeclare App\Controllers\Ferramentas::criet_diretorio()
in APPPATH\Controllers\Ferramentas.php on line 503.
 1 [internal function]: CodeIgniter\Debug\Exceptions->shutdownHandler()
CRITICAL - 2023-10-03 21:29:47 --> Cannot redeclare App\Controllers\Ferramentas::criet_diretorio()
in APPPATH\Controllers\Ferramentas.php on line 503.
 1 [internal function]: CodeIgniter\Debug\Exceptions->shutdownHandler()
CRITICAL - 2023-10-03 21:29:48 --> Cannot redeclare App\Controllers\Ferramentas::criet_diretorio()
in APPPATH\Controllers\Ferramentas.php on line 503.
 1 [internal function]: CodeIgniter\Debug\Exceptions->shutdownHandler()
CRITICAL - 2023-10-03 21:29:49 --> Cannot redeclare App\Controllers\Ferramentas::criet_diretorio()
in APPPATH\Controllers\Ferramentas.php on line 503.
 1 [internal function]: CodeIgniter\Debug\Exceptions->shutdownHandler()
CRITICAL - 2023-10-03 21:29:50 --> Cannot redeclare App\Controllers\Ferramentas::criet_diretorio()
in APPPATH\Controllers\Ferramentas.php on line 503.
 1 [internal function]: CodeIgniter\Debug\Exceptions->shutdownHandler()
CRITICAL - 2023-10-03 21:29:51 --> Cannot redeclare App\Controllers\Ferramentas::criet_diretorio()
in APPPATH\Controllers\Ferramentas.php on line 503.
 1 [internal function]: CodeIgniter\Debug\Exceptions->shutdownHandler()
CRITICAL - 2023-10-03 21:29:52 --> Cannot redeclare App\Controllers\Ferramentas::criet_diretorio()
in APPPATH\Controllers\Ferramentas.php on line 503.
 1 [internal function]: CodeIgniter\Debug\Exceptions->shutdownHandler()
CRITICAL - 2023-10-03 21:29:53 --> Cannot redeclare App\Controllers\Ferramentas::criet_diretorio()
in APPPATH\Controllers\Ferramentas.php on line 503.
 1 [internal function]: CodeIgniter\Debug\Exceptions->shutdownHandler()
CRITICAL - 2023-10-03 21:29:54 --> Cannot redeclare App\Controllers\Ferramentas::criet_diretorio()
in APPPATH\Controllers\Ferramentas.php on line 503.
 1 [internal function]: CodeIgniter\Debug\Exceptions->shutdownHandler()
CRITICAL - 2023-10-03 21:29:55 --> Cannot redeclare App\Controllers\Ferramentas::criet_diretorio()
in APPPATH\Controllers\Ferramentas.php on line 503.
 1 [internal function]: CodeIgniter\Debug\Exceptions->shutdownHandler()
CRITICAL - 2023-10-03 21:29:56 --> Cannot redeclare App\Controllers\Ferramentas::criet_diretorio()
in APPPATH\Controllers\Ferramentas.php on line 503.
 1 [internal function]: CodeIgniter\Debug\Exceptions->shutdownHandler()
CRITICAL - 2023-10-03 21:29:57 --> Cannot redeclare App\Controllers\Ferramentas::criet_diretorio()
in APPPATH\Controllers\Ferramentas.php on line 503.
 1 [internal function]: CodeIgniter\Debug\Exceptions->shutdownHandler()
CRITICAL - 2023-10-03 21:29:58 --> Cannot redeclare App\Controllers\Ferramentas::criet_diretorio()
in APPPATH\Controllers\Ferramentas.php on line 503.
 1 [internal function]: CodeIgniter\Debug\Exceptions->shutdownHandler()
CRITICAL - 2023-10-03 21:29:59 --> Cannot redeclare App\Controllers\Ferramentas::criet_diretorio()
in APPPATH\Controllers\Ferramentas.php on line 503.
 1 [internal function]: CodeIgniter\Debug\Exceptions->shutdownHandler()
CRITICAL - 2023-10-03 21:30:00 --> Cannot redeclare App\Controllers\Ferramentas::criet_diretorio()
in APPPATH\Controllers\Ferramentas.php on line 503.
 1 [internal function]: CodeIgniter\Debug\Exceptions->shutdownHandler()
CRITICAL - 2023-10-03 21:30:01 --> Cannot redeclare App\Controllers\Ferramentas::criet_diretorio()
in APPPATH\Controllers\Ferramentas.php on line 503.
 1 [internal function]: CodeIgniter\Debug\Exceptions->shutdownHandler()
CRITICAL - 2023-10-03 21:30:02 --> Cannot redeclare App\Controllers\Ferramentas::criet_diretorio()
in APPPATH\Controllers\Ferramentas.php on line 503.
 1 [internal function]: CodeIgniter\Debug\Exceptions->shutdownHandler()
CRITICAL - 2023-10-03 21:30:03 --> Cannot redeclare App\Controllers\Ferramentas::criet_diretorio()
in APPPATH\Controllers\Ferramentas.php on line 503.
 1 [internal function]: CodeIgniter\Debug\Exceptions->shutdownHandler()
CRITICAL - 2023-10-03 21:30:04 --> Cannot redeclare App\Controllers\Ferramentas::criet_diretorio()
in APPPATH\Controllers\Ferramentas.php on line 503.
 1 [internal function]: CodeIgniter\Debug\Exceptions->shutdownHandler()
CRITICAL - 2023-10-03 21:30:05 --> Cannot redeclare App\Controllers\Ferramentas::criet_diretorio()
in APPPATH\Controllers\Ferramentas.php on line 503.
 1 [internal function]: CodeIgniter\Debug\Exceptions->shutdownHandler()
CRITICAL - 2023-10-03 21:30:06 --> Cannot redeclare App\Controllers\Ferramentas::criet_diretorio()
in APPPATH\Controllers\Ferramentas.php on line 503.
 1 [internal function]: CodeIgniter\Debug\Exceptions->shutdownHandler()
CRITICAL - 2023-10-03 21:30:07 --> Cannot redeclare App\Controllers\Ferramentas::criet_diretorio()
in APPPATH\Controllers\Ferramentas.php on line 503.
 1 [internal function]: CodeIgniter\Debug\Exceptions->shutdownHandler()
CRITICAL - 2023-10-03 21:30:08 --> Cannot redeclare App\Controllers\Ferramentas::criet_diretorio()
in APPPATH\Controllers\Ferramentas.php on line 503.
 1 [internal function]: CodeIgniter\Debug\Exceptions->shutdownHandler()
CRITICAL - 2023-10-03 21:30:09 --> Cannot redeclare App\Controllers\Ferramentas::criet_diretorio()
in APPPATH\Controllers\Ferramentas.php on line 503.
 1 [internal function]: CodeIgniter\Debug\Exceptions->shutdownHandler()
CRITICAL - 2023-10-03 21:30:10 --> Cannot redeclare App\Controllers\Ferramentas::criet_diretorio()
in APPPATH\Controllers\Ferramentas.php on line 503.
 1 [internal function]: CodeIgniter\Debug\Exceptions->shutdownHandler()
CRITICAL - 2023-10-03 21:30:11 --> Cannot redeclare App\Controllers\Ferramentas::criet_diretorio()
in APPPATH\Controllers\Ferramentas.php on line 503.
 1 [internal function]: CodeIgniter\Debug\Exceptions->shutdownHandler()
CRITICAL - 2023-10-03 21:30:12 --> Cannot redeclare App\Controllers\Ferramentas::criet_diretorio()
in APPPATH\Controllers\Ferramentas.php on line 503.
 1 [internal function]: CodeIgniter\Debug\Exceptions->shutdownHandler()
CRITICAL - 2023-10-03 21:30:13 --> Cannot redeclare App\Controllers\Ferramentas::criet_diretorio()
in APPPATH\Controllers\Ferramentas.php on line 503.
 1 [internal function]: CodeIgniter\Debug\Exceptions->shutdownHandler()
CRITICAL - 2023-10-03 21:30:14 --> Cannot redeclare App\Controllers\Ferramentas::criet_diretorio()
in APPPATH\Controllers\Ferramentas.php on line 503.
 1 [internal function]: CodeIgniter\Debug\Exceptions->shutdownHandler()
CRITICAL - 2023-10-03 21:30:15 --> Cannot redeclare App\Controllers\Ferramentas::criet_diretorio()
in APPPATH\Controllers\Ferramentas.php on line 503.
 1 [internal function]: CodeIgniter\Debug\Exceptions->shutdownHandler()
CRITICAL - 2023-10-03 21:30:16 --> Cannot redeclare App\Controllers\Ferramentas::criet_diretorio()
in APPPATH\Controllers\Ferramentas.php on line 503.
 1 [internal function]: CodeIgniter\Debug\Exceptions->shutdownHandler()
CRITICAL - 2023-10-03 21:30:17 --> Cannot redeclare App\Controllers\Ferramentas::criet_diretorio()
in APPPATH\Controllers\Ferramentas.php on line 503.
 1 [internal function]: CodeIgniter\Debug\Exceptions->shutdownHandler()
CRITICAL - 2023-10-03 21:30:18 --> Cannot redeclare App\Controllers\Ferramentas::criet_diretorio()
in APPPATH\Controllers\Ferramentas.php on line 503.
 1 [internal function]: CodeIgniter\Debug\Exceptions->shutdownHandler()
CRITICAL - 2023-10-03 21:30:19 --> Cannot redeclare App\Controllers\Ferramentas::criet_diretorio()
in APPPATH\Controllers\Ferramentas.php on line 503.
 1 [internal function]: CodeIgniter\Debug\Exceptions->shutdownHandler()
CRITICAL - 2023-10-03 21:30:20 --> Cannot redeclare App\Controllers\Ferramentas::criet_diretorio()
in APPPATH\Controllers\Ferramentas.php on line 503.
 1 [internal function]: CodeIgniter\Debug\Exceptions->shutdownHandler()
CRITICAL - 2023-10-03 21:30:21 --> Cannot redeclare App\Controllers\Ferramentas::criet_diretorio()
in APPPATH\Controllers\Ferramentas.php on line 503.
 1 [internal function]: CodeIgniter\Debug\Exceptions->shutdownHandler()
CRITICAL - 2023-10-03 21:30:22 --> Cannot redeclare App\Controllers\Ferramentas::criet_diretorio()
in APPPATH\Controllers\Ferramentas.php on line 503.
 1 [internal function]: CodeIgniter\Debug\Exceptions->shutdownHandler()
CRITICAL - 2023-10-03 21:30:23 --> Cannot redeclare App\Controllers\Ferramentas::criet_diretorio()
in APPPATH\Controllers\Ferramentas.php on line 503.
 1 [internal function]: CodeIgniter\Debug\Exceptions->shutdownHandler()
CRITICAL - 2023-10-03 21:30:24 --> Cannot redeclare App\Controllers\Ferramentas::criet_diretorio()
in APPPATH\Controllers\Ferramentas.php on line 503.
 1 [internal function]: CodeIgniter\Debug\Exceptions->shutdownHandler()
CRITICAL - 2023-10-03 21:30:25 --> Cannot redeclare App\Controllers\Ferramentas::criet_diretorio()
in APPPATH\Controllers\Ferramentas.php on line 503.
 1 [internal function]: CodeIgniter\Debug\Exceptions->shutdownHandler()
CRITICAL - 2023-10-03 21:30:46 --> Cannot redeclare App\Controllers\Ferramentas::criet_diretorio()
in APPPATH\Controllers\Ferramentas.php on line 503.
 1 [internal function]: CodeIgniter\Debug\Exceptions->shutdownHandler()
CRITICAL - 2023-10-03 21:31:46 --> Cannot redeclare App\Controllers\Ferramentas::criet_diretorio()
in APPPATH\Controllers\Ferramentas.php on line 503.
 1 [internal function]: CodeIgniter\Debug\Exceptions->shutdownHandler()
CRITICAL - 2023-10-03 21:32:46 --> Cannot redeclare App\Controllers\Ferramentas::criet_diretorio()
in APPPATH\Controllers\Ferramentas.php on line 503.
 1 [internal function]: CodeIgniter\Debug\Exceptions->shutdownHandler()
CRITICAL - 2023-10-03 21:33:46 --> Cannot redeclare App\Controllers\Ferramentas::criet_diretorio()
in APPPATH\Controllers\Ferramentas.php on line 503.
 1 [internal function]: CodeIgniter\Debug\Exceptions->shutdownHandler()
CRITICAL - 2023-10-03 21:34:46 --> Cannot redeclare App\Controllers\Ferramentas::criet_diretorio()
in APPPATH\Controllers\Ferramentas.php on line 503.
 1 [internal function]: CodeIgniter\Debug\Exceptions->shutdownHandler()
CRITICAL - 2023-10-03 21:35:46 --> Cannot redeclare App\Controllers\Ferramentas::criet_diretorio()
in APPPATH\Controllers\Ferramentas.php on line 503.
 1 [internal function]: CodeIgniter\Debug\Exceptions->shutdownHandler()
CRITICAL - 2023-10-03 21:36:46 --> Cannot redeclare App\Controllers\Ferramentas::criet_diretorio()
in APPPATH\Controllers\Ferramentas.php on line 503.
 1 [internal function]: CodeIgniter\Debug\Exceptions->shutdownHandler()
CRITICAL - 2023-10-03 21:37:46 --> Cannot redeclare App\Controllers\Ferramentas::criet_diretorio()
in APPPATH\Controllers\Ferramentas.php on line 503.
 1 [internal function]: CodeIgniter\Debug\Exceptions->shutdownHandler()
CRITICAL - 2023-10-03 21:38:46 --> Cannot redeclare App\Controllers\Ferramentas::criet_diretorio()
in APPPATH\Controllers\Ferramentas.php on line 503.
 1 [internal function]: CodeIgniter\Debug\Exceptions->shutdownHandler()
CRITICAL - 2023-10-03 21:39:04 --> Cannot redeclare App\Controllers\Ferramentas::criet_diretorio()
in APPPATH\Controllers\Ferramentas.php on line 503.
 1 [internal function]: CodeIgniter\Debug\Exceptions->shutdownHandler()
CRITICAL - 2023-10-03 21:39:05 --> Cannot redeclare App\Controllers\Ferramentas::criet_diretorio()
in APPPATH\Controllers\Ferramentas.php on line 503.
 1 [internal function]: CodeIgniter\Debug\Exceptions->shutdownHandler()
CRITICAL - 2023-10-03 21:39:06 --> Cannot redeclare App\Controllers\Ferramentas::criet_diretorio()
in APPPATH\Controllers\Ferramentas.php on line 503.
 1 [internal function]: CodeIgniter\Debug\Exceptions->shutdownHandler()
CRITICAL - 2023-10-03 21:39:07 --> Cannot redeclare App\Controllers\Ferramentas::criet_diretorio()
in APPPATH\Controllers\Ferramentas.php on line 503.
 1 [internal function]: CodeIgniter\Debug\Exceptions->shutdownHandler()
CRITICAL - 2023-10-03 21:39:08 --> Cannot redeclare App\Controllers\Ferramentas::criet_diretorio()
in APPPATH\Controllers\Ferramentas.php on line 503.
 1 [internal function]: CodeIgniter\Debug\Exceptions->shutdownHandler()
CRITICAL - 2023-10-03 21:39:09 --> Cannot redeclare App\Controllers\Ferramentas::criet_diretorio()
in APPPATH\Controllers\Ferramentas.php on line 503.
 1 [internal function]: CodeIgniter\Debug\Exceptions->shutdownHandler()
CRITICAL - 2023-10-03 21:39:10 --> Cannot redeclare App\Controllers\Ferramentas::criet_diretorio()
in APPPATH\Controllers\Ferramentas.php on line 503.
 1 [internal function]: CodeIgniter\Debug\Exceptions->shutdownHandler()
CRITICAL - 2023-10-03 21:39:11 --> Cannot redeclare App\Controllers\Ferramentas::criet_diretorio()
in APPPATH\Controllers\Ferramentas.php on line 503.
 1 [internal function]: CodeIgniter\Debug\Exceptions->shutdownHandler()
CRITICAL - 2023-10-03 21:39:12 --> Cannot redeclare App\Controllers\Ferramentas::criet_diretorio()
in APPPATH\Controllers\Ferramentas.php on line 503.
 1 [internal function]: CodeIgniter\Debug\Exceptions->shutdownHandler()
CRITICAL - 2023-10-03 21:39:13 --> Cannot redeclare App\Controllers\Ferramentas::criet_diretorio()
in APPPATH\Controllers\Ferramentas.php on line 503.
 1 [internal function]: CodeIgniter\Debug\Exceptions->shutdownHandler()
CRITICAL - 2023-10-03 21:39:14 --> Cannot redeclare App\Controllers\Ferramentas::criet_diretorio()
in APPPATH\Controllers\Ferramentas.php on line 503.
 1 [internal function]: CodeIgniter\Debug\Exceptions->shutdownHandler()
CRITICAL - 2023-10-03 21:39:15 --> Cannot redeclare App\Controllers\Ferramentas::criet_diretorio()
in APPPATH\Controllers\Ferramentas.php on line 503.
 1 [internal function]: CodeIgniter\Debug\Exceptions->shutdownHandler()
CRITICAL - 2023-10-03 21:39:16 --> Cannot redeclare App\Controllers\Ferramentas::criet_diretorio()
in APPPATH\Controllers\Ferramentas.php on line 503.
 1 [internal function]: CodeIgniter\Debug\Exceptions->shutdownHandler()
CRITICAL - 2023-10-03 21:39:17 --> Cannot redeclare App\Controllers\Ferramentas::criet_diretorio()
in APPPATH\Controllers\Ferramentas.php on line 503.
 1 [internal function]: CodeIgniter\Debug\Exceptions->shutdownHandler()
CRITICAL - 2023-10-03 21:39:18 --> Cannot redeclare App\Controllers\Ferramentas::criet_diretorio()
in APPPATH\Controllers\Ferramentas.php on line 503.
 1 [internal function]: CodeIgniter\Debug\Exceptions->shutdownHandler()
CRITICAL - 2023-10-03 21:39:19 --> Cannot redeclare App\Controllers\Ferramentas::criet_diretorio()
in APPPATH\Controllers\Ferramentas.php on line 503.
 1 [internal function]: CodeIgniter\Debug\Exceptions->shutdownHandler()
CRITICAL - 2023-10-03 21:39:20 --> Cannot redeclare App\Controllers\Ferramentas::criet_diretorio()
in APPPATH\Controllers\Ferramentas.php on line 503.
 1 [internal function]: CodeIgniter\Debug\Exceptions->shutdownHandler()
CRITICAL - 2023-10-03 21:39:21 --> Cannot redeclare App\Controllers\Ferramentas::criet_diretorio()
in APPPATH\Controllers\Ferramentas.php on line 503.
 1 [internal function]: CodeIgniter\Debug\Exceptions->shutdownHandler()
CRITICAL - 2023-10-03 21:39:22 --> Cannot redeclare App\Controllers\Ferramentas::criet_diretorio()
in APPPATH\Controllers\Ferramentas.php on line 503.
 1 [internal function]: CodeIgniter\Debug\Exceptions->shutdownHandler()
CRITICAL - 2023-10-03 21:39:23 --> Cannot redeclare App\Controllers\Ferramentas::criet_diretorio()
in APPPATH\Controllers\Ferramentas.php on line 503.
 1 [internal function]: CodeIgniter\Debug\Exceptions->shutdownHandler()
CRITICAL - 2023-10-03 21:39:24 --> Cannot redeclare App\Controllers\Ferramentas::criet_diretorio()
in APPPATH\Controllers\Ferramentas.php on line 503.
 1 [internal function]: CodeIgniter\Debug\Exceptions->shutdownHandler()
CRITICAL - 2023-10-03 21:39:25 --> Cannot redeclare App\Controllers\Ferramentas::criet_diretorio()
in APPPATH\Controllers\Ferramentas.php on line 503.
 1 [internal function]: CodeIgniter\Debug\Exceptions->shutdownHandler()
CRITICAL - 2023-10-03 21:39:26 --> Cannot redeclare App\Controllers\Ferramentas::criet_diretorio()
in APPPATH\Controllers\Ferramentas.php on line 503.
 1 [internal function]: CodeIgniter\Debug\Exceptions->shutdownHandler()
CRITICAL - 2023-10-03 21:39:27 --> Cannot redeclare App\Controllers\Ferramentas::criet_diretorio()
in APPPATH\Controllers\Ferramentas.php on line 503.
 1 [internal function]: CodeIgniter\Debug\Exceptions->shutdownHandler()
CRITICAL - 2023-10-03 21:39:28 --> Cannot redeclare App\Controllers\Ferramentas::criet_diretorio()
in APPPATH\Controllers\Ferramentas.php on line 503.
 1 [internal function]: CodeIgniter\Debug\Exceptions->shutdownHandler()
CRITICAL - 2023-10-03 21:39:29 --> Cannot redeclare App\Controllers\Ferramentas::criet_diretorio()
in APPPATH\Controllers\Ferramentas.php on line 503.
 1 [internal function]: CodeIgniter\Debug\Exceptions->shutdownHandler()
CRITICAL - 2023-10-03 21:39:30 --> Cannot redeclare App\Controllers\Ferramentas::criet_diretorio()
in APPPATH\Controllers\Ferramentas.php on line 503.
 1 [internal function]: CodeIgniter\Debug\Exceptions->shutdownHandler()
CRITICAL - 2023-10-03 21:39:31 --> Cannot redeclare App\Controllers\Ferramentas::criet_diretorio()
in APPPATH\Controllers\Ferramentas.php on line 503.
 1 [internal function]: CodeIgniter\Debug\Exceptions->shutdownHandler()
CRITICAL - 2023-10-03 21:39:32 --> Cannot redeclare App\Controllers\Ferramentas::criet_diretorio()
in APPPATH\Controllers\Ferramentas.php on line 503.
 1 [internal function]: CodeIgniter\Debug\Exceptions->shutdownHandler()
CRITICAL - 2023-10-03 21:39:33 --> Cannot redeclare App\Controllers\Ferramentas::criet_diretorio()
in APPPATH\Controllers\Ferramentas.php on line 503.
 1 [internal function]: CodeIgniter\Debug\Exceptions->shutdownHandler()
CRITICAL - 2023-10-03 21:39:34 --> Cannot redeclare App\Controllers\Ferramentas::criet_diretorio()
in APPPATH\Controllers\Ferramentas.php on line 503.
 1 [internal function]: CodeIgniter\Debug\Exceptions->shutdownHandler()
CRITICAL - 2023-10-03 21:39:35 --> Cannot redeclare App\Controllers\Ferramentas::criet_diretorio()
in APPPATH\Controllers\Ferramentas.php on line 503.
 1 [internal function]: CodeIgniter\Debug\Exceptions->shutdownHandler()
CRITICAL - 2023-10-03 21:39:36 --> Cannot redeclare App\Controllers\Ferramentas::criet_diretorio()
in APPPATH\Controllers\Ferramentas.php on line 503.
 1 [internal function]: CodeIgniter\Debug\Exceptions->shutdownHandler()
CRITICAL - 2023-10-03 21:39:37 --> Cannot redeclare App\Controllers\Ferramentas::criet_diretorio()
in APPPATH\Controllers\Ferramentas.php on line 503.
 1 [internal function]: CodeIgniter\Debug\Exceptions->shutdownHandler()
CRITICAL - 2023-10-03 21:39:38 --> Cannot redeclare App\Controllers\Ferramentas::criet_diretorio()
in APPPATH\Controllers\Ferramentas.php on line 503.
 1 [internal function]: CodeIgniter\Debug\Exceptions->shutdownHandler()
CRITICAL - 2023-10-03 21:39:39 --> Cannot redeclare App\Controllers\Ferramentas::criet_diretorio()
in APPPATH\Controllers\Ferramentas.php on line 503.
 1 [internal function]: CodeIgniter\Debug\Exceptions->shutdownHandler()
CRITICAL - 2023-10-03 21:39:40 --> Cannot redeclare App\Controllers\Ferramentas::criet_diretorio()
in APPPATH\Controllers\Ferramentas.php on line 503.
 1 [internal function]: CodeIgniter\Debug\Exceptions->shutdownHandler()
CRITICAL - 2023-10-03 21:39:41 --> Cannot redeclare App\Controllers\Ferramentas::criet_diretorio()
in APPPATH\Controllers\Ferramentas.php on line 503.
 1 [internal function]: CodeIgniter\Debug\Exceptions->shutdownHandler()
CRITICAL - 2023-10-03 21:39:42 --> Cannot redeclare App\Controllers\Ferramentas::criet_diretorio()
in APPPATH\Controllers\Ferramentas.php on line 503.
 1 [internal function]: CodeIgniter\Debug\Exceptions->shutdownHandler()
CRITICAL - 2023-10-03 21:39:43 --> Cannot redeclare App\Controllers\Ferramentas::criet_diretorio()
in APPPATH\Controllers\Ferramentas.php on line 503.
 1 [internal function]: CodeIgniter\Debug\Exceptions->shutdownHandler()
CRITICAL - 2023-10-03 21:39:44 --> Cannot redeclare App\Controllers\Ferramentas::criet_diretorio()
in APPPATH\Controllers\Ferramentas.php on line 503.
 1 [internal function]: CodeIgniter\Debug\Exceptions->shutdownHandler()
CRITICAL - 2023-10-03 21:39:45 --> Cannot redeclare App\Controllers\Ferramentas::criet_diretorio()
in APPPATH\Controllers\Ferramentas.php on line 503.
 1 [internal function]: CodeIgniter\Debug\Exceptions->shutdownHandler()
CRITICAL - 2023-10-03 21:39:46 --> Cannot redeclare App\Controllers\Ferramentas::criet_diretorio()
in APPPATH\Controllers\Ferramentas.php on line 503.
 1 [internal function]: CodeIgniter\Debug\Exceptions->shutdownHandler()
CRITICAL - 2023-10-03 21:39:47 --> Cannot redeclare App\Controllers\Ferramentas::criet_diretorio()
in APPPATH\Controllers\Ferramentas.php on line 503.
 1 [internal function]: CodeIgniter\Debug\Exceptions->shutdownHandler()
CRITICAL - 2023-10-03 21:39:48 --> Cannot redeclare App\Controllers\Ferramentas::criet_diretorio()
in APPPATH\Controllers\Ferramentas.php on line 503.
 1 [internal function]: CodeIgniter\Debug\Exceptions->shutdownHandler()
CRITICAL - 2023-10-03 21:39:49 --> Cannot redeclare App\Controllers\Ferramentas::criet_diretorio()
in APPPATH\Controllers\Ferramentas.php on line 503.
 1 [internal function]: CodeIgniter\Debug\Exceptions->shutdownHandler()
CRITICAL - 2023-10-03 21:39:50 --> Cannot redeclare App\Controllers\Ferramentas::criet_diretorio()
in APPPATH\Controllers\Ferramentas.php on line 503.
 1 [internal function]: CodeIgniter\Debug\Exceptions->shutdownHandler()
CRITICAL - 2023-10-03 21:39:51 --> Cannot redeclare App\Controllers\Ferramentas::criet_diretorio()
in APPPATH\Controllers\Ferramentas.php on line 503.
 1 [internal function]: CodeIgniter\Debug\Exceptions->shutdownHandler()
CRITICAL - 2023-10-03 21:39:52 --> Cannot redeclare App\Controllers\Ferramentas::criet_diretorio()
in APPPATH\Controllers\Ferramentas.php on line 503.
 1 [internal function]: CodeIgniter\Debug\Exceptions->shutdownHandler()
CRITICAL - 2023-10-03 21:39:53 --> Cannot redeclare App\Controllers\Ferramentas::criet_diretorio()
in APPPATH\Controllers\Ferramentas.php on line 503.
 1 [internal function]: CodeIgniter\Debug\Exceptions->shutdownHandler()
CRITICAL - 2023-10-03 21:39:54 --> Cannot redeclare App\Controllers\Ferramentas::criet_diretorio()
in APPPATH\Controllers\Ferramentas.php on line 503.
 1 [internal function]: CodeIgniter\Debug\Exceptions->shutdownHandler()
CRITICAL - 2023-10-03 21:39:55 --> Cannot redeclare App\Controllers\Ferramentas::criet_diretorio()
in APPPATH\Controllers\Ferramentas.php on line 503.
 1 [internal function]: CodeIgniter\Debug\Exceptions->shutdownHandler()
CRITICAL - 2023-10-03 21:39:56 --> Cannot redeclare App\Controllers\Ferramentas::criet_diretorio()
in APPPATH\Controllers\Ferramentas.php on line 503.
 1 [internal function]: CodeIgniter\Debug\Exceptions->shutdownHandler()
CRITICAL - 2023-10-03 21:39:57 --> Cannot redeclare App\Controllers\Ferramentas::criet_diretorio()
in APPPATH\Controllers\Ferramentas.php on line 503.
 1 [internal function]: CodeIgniter\Debug\Exceptions->shutdownHandler()
CRITICAL - 2023-10-03 21:39:58 --> Cannot redeclare App\Controllers\Ferramentas::criet_diretorio()
in APPPATH\Controllers\Ferramentas.php on line 503.
 1 [internal function]: CodeIgniter\Debug\Exceptions->shutdownHandler()
CRITICAL - 2023-10-03 21:39:59 --> Cannot redeclare App\Controllers\Ferramentas::criet_diretorio()
in APPPATH\Controllers\Ferramentas.php on line 503.
 1 [internal function]: CodeIgniter\Debug\Exceptions->shutdownHandler()
CRITICAL - 2023-10-03 21:40:00 --> Cannot redeclare App\Controllers\Ferramentas::criet_diretorio()
in APPPATH\Controllers\Ferramentas.php on line 503.
 1 [internal function]: CodeIgniter\Debug\Exceptions->shutdownHandler()
CRITICAL - 2023-10-03 21:40:01 --> Cannot redeclare App\Controllers\Ferramentas::criet_diretorio()
in APPPATH\Controllers\Ferramentas.php on line 503.
 1 [internal function]: CodeIgniter\Debug\Exceptions->shutdownHandler()
CRITICAL - 2023-10-03 21:40:02 --> Cannot redeclare App\Controllers\Ferramentas::criet_diretorio()
in APPPATH\Controllers\Ferramentas.php on line 503.
 1 [internal function]: CodeIgniter\Debug\Exceptions->shutdownHandler()
CRITICAL - 2023-10-03 21:40:03 --> Cannot redeclare App\Controllers\Ferramentas::criet_diretorio()
in APPPATH\Controllers\Ferramentas.php on line 503.
 1 [internal function]: CodeIgniter\Debug\Exceptions->shutdownHandler()
CRITICAL - 2023-10-03 21:40:04 --> Cannot redeclare App\Controllers\Ferramentas::criet_diretorio()
in APPPATH\Controllers\Ferramentas.php on line 503.
 1 [internal function]: CodeIgniter\Debug\Exceptions->shutdownHandler()
CRITICAL - 2023-10-03 21:40:05 --> Cannot redeclare App\Controllers\Ferramentas::criet_diretorio()
in APPPATH\Controllers\Ferramentas.php on line 503.
 1 [internal function]: CodeIgniter\Debug\Exceptions->shutdownHandler()
CRITICAL - 2023-10-03 21:40:06 --> Cannot redeclare App\Controllers\Ferramentas::criet_diretorio()
in APPPATH\Controllers\Ferramentas.php on line 503.
 1 [internal function]: CodeIgniter\Debug\Exceptions->shutdownHandler()
CRITICAL - 2023-10-03 21:40:46 --> Cannot redeclare App\Controllers\Ferramentas::criet_diretorio()
in APPPATH\Controllers\Ferramentas.php on line 503.
 1 [internal function]: CodeIgniter\Debug\Exceptions->shutdownHandler()
CRITICAL - 2023-10-03 21:41:46 --> Cannot redeclare App\Controllers\Ferramentas::criet_diretorio()
in APPPATH\Controllers\Ferramentas.php on line 503.
 1 [internal function]: CodeIgniter\Debug\Exceptions->shutdownHandler()
CRITICAL - 2023-10-03 21:42:46 --> Cannot redeclare App\Controllers\Ferramentas::criet_diretorio()
in APPPATH\Controllers\Ferramentas.php on line 503.
 1 [internal function]: CodeIgniter\Debug\Exceptions->shutdownHandler()
CRITICAL - 2023-10-03 21:43:46 --> Cannot redeclare App\Controllers\Ferramentas::criet_diretorio()
in APPPATH\Controllers\Ferramentas.php on line 503.
 1 [internal function]: CodeIgniter\Debug\Exceptions->shutdownHandler()
CRITICAL - 2023-10-03 21:44:46 --> Cannot redeclare App\Controllers\Ferramentas::criet_diretorio()
in APPPATH\Controllers\Ferramentas.php on line 503.
 1 [internal function]: CodeIgniter\Debug\Exceptions->shutdownHandler()
CRITICAL - 2023-10-03 21:45:46 --> Cannot redeclare App\Controllers\Ferramentas::criet_diretorio()
in APPPATH\Controllers\Ferramentas.php on line 503.
 1 [internal function]: CodeIgniter\Debug\Exceptions->shutdownHandler()
CRITICAL - 2023-10-03 21:46:46 --> Cannot redeclare App\Controllers\Ferramentas::criet_diretorio()
in APPPATH\Controllers\Ferramentas.php on line 503.
 1 [internal function]: CodeIgniter\Debug\Exceptions->shutdownHandler()
CRITICAL - 2023-10-03 21:47:46 --> Cannot redeclare App\Controllers\Ferramentas::criet_diretorio()
in APPPATH\Controllers\Ferramentas.php on line 503.
 1 [internal function]: CodeIgniter\Debug\Exceptions->shutdownHandler()
CRITICAL - 2023-10-03 21:48:46 --> Cannot redeclare App\Controllers\Ferramentas::criet_diretorio()
in APPPATH\Controllers\Ferramentas.php on line 503.
 1 [internal function]: CodeIgniter\Debug\Exceptions->shutdownHandler()
CRITICAL - 2023-10-03 21:49:46 --> Cannot redeclare App\Controllers\Ferramentas::criet_diretorio()
in APPPATH\Controllers\Ferramentas.php on line 503.
 1 [internal function]: CodeIgniter\Debug\Exceptions->shutdownHandler()
CRITICAL - 2023-10-03 21:50:46 --> Cannot redeclare App\Controllers\Ferramentas::criet_diretorio()
in APPPATH\Controllers\Ferramentas.php on line 503.
 1 [internal function]: CodeIgniter\Debug\Exceptions->shutdownHandler()
CRITICAL - 2023-10-03 21:51:46 --> Cannot redeclare App\Controllers\Ferramentas::criet_diretorio()
in APPPATH\Controllers\Ferramentas.php on line 503.
 1 [internal function]: CodeIgniter\Debug\Exceptions->shutdownHandler()
CRITICAL - 2023-10-03 21:52:46 --> Cannot redeclare App\Controllers\Ferramentas::criet_diretorio()
in APPPATH\Controllers\Ferramentas.php on line 503.
 1 [internal function]: CodeIgniter\Debug\Exceptions->shutdownHandler()
CRITICAL - 2023-10-03 21:53:46 --> Cannot redeclare App\Controllers\Ferramentas::criet_diretorio()
in APPPATH\Controllers\Ferramentas.php on line 503.
 1 [internal function]: CodeIgniter\Debug\Exceptions->shutdownHandler()
CRITICAL - 2023-10-03 21:54:46 --> Cannot redeclare App\Controllers\Ferramentas::criet_diretorio()
in APPPATH\Controllers\Ferramentas.php on line 503.
 1 [internal function]: CodeIgniter\Debug\Exceptions->shutdownHandler()
CRITICAL - 2023-10-03 21:55:46 --> Cannot redeclare App\Controllers\Ferramentas::criet_diretorio()
in APPPATH\Controllers\Ferramentas.php on line 503.
 1 [internal function]: CodeIgniter\Debug\Exceptions->shutdownHandler()
CRITICAL - 2023-10-03 21:56:46 --> Cannot redeclare App\Controllers\Ferramentas::criet_diretorio()
in APPPATH\Controllers\Ferramentas.php on line 503.
 1 [internal function]: CodeIgniter\Debug\Exceptions->shutdownHandler()
CRITICAL - 2023-10-03 21:57:46 --> Cannot redeclare App\Controllers\Ferramentas::criet_diretorio()
in APPPATH\Controllers\Ferramentas.php on line 503.
 1 [internal function]: CodeIgniter\Debug\Exceptions->shutdownHandler()
CRITICAL - 2023-10-03 21:58:46 --> Cannot redeclare App\Controllers\Ferramentas::criet_diretorio()
in APPPATH\Controllers\Ferramentas.php on line 503.
 1 [internal function]: CodeIgniter\Debug\Exceptions->shutdownHandler()
CRITICAL - 2023-10-03 21:59:46 --> Cannot redeclare App\Controllers\Ferramentas::criet_diretorio()
in APPPATH\Controllers\Ferramentas.php on line 503.
 1 [internal function]: CodeIgniter\Debug\Exceptions->shutdownHandler()
CRITICAL - 2023-10-03 22:00:46 --> Cannot redeclare App\Controllers\Ferramentas::criet_diretorio()
in APPPATH\Controllers\Ferramentas.php on line 503.
 1 [internal function]: CodeIgniter\Debug\Exceptions->shutdownHandler()
CRITICAL - 2023-10-03 22:01:46 --> Cannot redeclare App\Controllers\Ferramentas::criet_diretorio()
in APPPATH\Controllers\Ferramentas.php on line 503.
 1 [internal function]: CodeIgniter\Debug\Exceptions->shutdownHandler()
CRITICAL - 2023-10-03 22:02:46 --> Cannot redeclare App\Controllers\Ferramentas::criet_diretorio()
in APPPATH\Controllers\Ferramentas.php on line 503.
 1 [internal function]: CodeIgniter\Debug\Exceptions->shutdownHandler()
CRITICAL - 2023-10-03 22:03:46 --> Cannot redeclare App\Controllers\Ferramentas::criet_diretorio()
in APPPATH\Controllers\Ferramentas.php on line 503.
 1 [internal function]: CodeIgniter\Debug\Exceptions->shutdownHandler()
CRITICAL - 2023-10-03 22:04:46 --> Cannot redeclare App\Controllers\Ferramentas::criet_diretorio()
in APPPATH\Controllers\Ferramentas.php on line 503.
 1 [internal function]: CodeIgniter\Debug\Exceptions->shutdownHandler()
CRITICAL - 2023-10-03 22:05:46 --> Cannot redeclare App\Controllers\Ferramentas::criet_diretorio()
in APPPATH\Controllers\Ferramentas.php on line 503.
 1 [internal function]: CodeIgniter\Debug\Exceptions->shutdownHandler()
CRITICAL - 2023-10-03 22:06:46 --> Cannot redeclare App\Controllers\Ferramentas::criet_diretorio()
in APPPATH\Controllers\Ferramentas.php on line 503.
 1 [internal function]: CodeIgniter\Debug\Exceptions->shutdownHandler()
CRITICAL - 2023-10-03 22:07:46 --> Cannot redeclare App\Controllers\Ferramentas::criet_diretorio()
in APPPATH\Controllers\Ferramentas.php on line 503.
 1 [internal function]: CodeIgniter\Debug\Exceptions->shutdownHandler()
CRITICAL - 2023-10-03 22:08:46 --> Cannot redeclare App\Controllers\Ferramentas::criet_diretorio()
in APPPATH\Controllers\Ferramentas.php on line 503.
 1 [internal function]: CodeIgniter\Debug\Exceptions->shutdownHandler()
CRITICAL - 2023-10-03 22:09:46 --> Cannot redeclare App\Controllers\Ferramentas::criet_diretorio()
in APPPATH\Controllers\Ferramentas.php on line 503.
 1 [internal function]: CodeIgniter\Debug\Exceptions->shutdownHandler()
CRITICAL - 2023-10-03 22:10:46 --> Cannot redeclare App\Controllers\Ferramentas::criet_diretorio()
in APPPATH\Controllers\Ferramentas.php on line 503.
 1 [internal function]: CodeIgniter\Debug\Exceptions->shutdownHandler()
CRITICAL - 2023-10-03 22:11:46 --> Cannot redeclare App\Controllers\Ferramentas::criet_diretorio()
in APPPATH\Controllers\Ferramentas.php on line 503.
 1 [internal function]: CodeIgniter\Debug\Exceptions->shutdownHandler()
CRITICAL - 2023-10-03 22:12:46 --> Cannot redeclare App\Controllers\Ferramentas::criet_diretorio()
in APPPATH\Controllers\Ferramentas.php on line 503.
 1 [internal function]: CodeIgniter\Debug\Exceptions->shutdownHandler()
CRITICAL - 2023-10-03 22:13:46 --> Cannot redeclare App\Controllers\Ferramentas::criet_diretorio()
in APPPATH\Controllers\Ferramentas.php on line 503.
 1 [internal function]: CodeIgniter\Debug\Exceptions->shutdownHandler()
CRITICAL - 2023-10-03 22:14:46 --> Cannot redeclare App\Controllers\Ferramentas::criet_diretorio()
in APPPATH\Controllers\Ferramentas.php on line 503.
 1 [internal function]: CodeIgniter\Debug\Exceptions->shutdownHandler()
CRITICAL - 2023-10-03 22:15:46 --> Cannot redeclare App\Controllers\Ferramentas::criet_diretorio()
in APPPATH\Controllers\Ferramentas.php on line 503.
 1 [internal function]: CodeIgniter\Debug\Exceptions->shutdownHandler()
CRITICAL - 2023-10-03 22:16:46 --> Cannot redeclare App\Controllers\Ferramentas::criet_diretorio()
in APPPATH\Controllers\Ferramentas.php on line 503.
 1 [internal function]: CodeIgniter\Debug\Exceptions->shutdownHandler()
CRITICAL - 2023-10-03 22:17:46 --> Cannot redeclare App\Controllers\Ferramentas::criet_diretorio()
in APPPATH\Controllers\Ferramentas.php on line 503.
 1 [internal function]: CodeIgniter\Debug\Exceptions->shutdownHandler()
CRITICAL - 2023-10-03 22:18:46 --> Cannot redeclare App\Controllers\Ferramentas::criet_diretorio()
in APPPATH\Controllers\Ferramentas.php on line 503.
 1 [internal function]: CodeIgniter\Debug\Exceptions->shutdownHandler()
CRITICAL - 2023-10-03 22:19:46 --> Cannot redeclare App\Controllers\Ferramentas::criet_diretorio()
in APPPATH\Controllers\Ferramentas.php on line 503.
 1 [internal function]: CodeIgniter\Debug\Exceptions->shutdownHandler()
CRITICAL - 2023-10-03 22:20:46 --> Cannot redeclare App\Controllers\Ferramentas::criet_diretorio()
in APPPATH\Controllers\Ferramentas.php on line 503.
 1 [internal function]: CodeIgniter\Debug\Exceptions->shutdownHandler()
CRITICAL - 2023-10-03 22:21:46 --> Cannot redeclare App\Controllers\Ferramentas::criet_diretorio()
in APPPATH\Controllers\Ferramentas.php on line 503.
 1 [internal function]: CodeIgniter\Debug\Exceptions->shutdownHandler()
CRITICAL - 2023-10-03 22:22:46 --> Cannot redeclare App\Controllers\Ferramentas::criet_diretorio()
in APPPATH\Controllers\Ferramentas.php on line 503.
 1 [internal function]: CodeIgniter\Debug\Exceptions->shutdownHandler()
CRITICAL - 2023-10-03 22:23:46 --> Cannot redeclare App\Controllers\Ferramentas::criet_diretorio()
in APPPATH\Controllers\Ferramentas.php on line 503.
 1 [internal function]: CodeIgniter\Debug\Exceptions->shutdownHandler()
CRITICAL - 2023-10-03 22:24:46 --> Cannot redeclare App\Controllers\Ferramentas::criet_diretorio()
in APPPATH\Controllers\Ferramentas.php on line 503.
 1 [internal function]: CodeIgniter\Debug\Exceptions->shutdownHandler()
CRITICAL - 2023-10-03 22:25:46 --> Cannot redeclare App\Controllers\Ferramentas::criet_diretorio()
in APPPATH\Controllers\Ferramentas.php on line 503.
 1 [internal function]: CodeIgniter\Debug\Exceptions->shutdownHandler()
CRITICAL - 2023-10-03 22:26:46 --> Cannot redeclare App\Controllers\Ferramentas::criet_diretorio()
in APPPATH\Controllers\Ferramentas.php on line 503.
 1 [internal function]: CodeIgniter\Debug\Exceptions->shutdownHandler()
CRITICAL - 2023-10-03 22:27:46 --> Cannot redeclare App\Controllers\Ferramentas::criet_diretorio()
in APPPATH\Controllers\Ferramentas.php on line 503.
 1 [internal function]: CodeIgniter\Debug\Exceptions->shutdownHandler()
CRITICAL - 2023-10-03 22:28:46 --> Cannot redeclare App\Controllers\Ferramentas::criet_diretorio()
in APPPATH\Controllers\Ferramentas.php on line 503.
 1 [internal function]: CodeIgniter\Debug\Exceptions->shutdownHandler()
CRITICAL - 2023-10-03 22:29:46 --> Cannot redeclare App\Controllers\Ferramentas::criet_diretorio()
in APPPATH\Controllers\Ferramentas.php on line 503.
 1 [internal function]: CodeIgniter\Debug\Exceptions->shutdownHandler()
CRITICAL - 2023-10-03 22:30:46 --> Cannot redeclare App\Controllers\Ferramentas::criet_diretorio()
in APPPATH\Controllers\Ferramentas.php on line 503.
 1 [internal function]: CodeIgniter\Debug\Exceptions->shutdownHandler()
CRITICAL - 2023-10-03 22:31:46 --> Cannot redeclare App\Controllers\Ferramentas::criet_diretorio()
in APPPATH\Controllers\Ferramentas.php on line 503.
 1 [internal function]: CodeIgniter\Debug\Exceptions->shutdownHandler()
CRITICAL - 2023-10-03 22:32:46 --> Cannot redeclare App\Controllers\Ferramentas::criet_diretorio()
in APPPATH\Controllers\Ferramentas.php on line 503.
 1 [internal function]: CodeIgniter\Debug\Exceptions->shutdownHandler()
CRITICAL - 2023-10-03 22:33:46 --> Cannot redeclare App\Controllers\Ferramentas::criet_diretorio()
in APPPATH\Controllers\Ferramentas.php on line 503.
 1 [internal function]: CodeIgniter\Debug\Exceptions->shutdownHandler()
CRITICAL - 2023-10-03 22:34:46 --> Cannot redeclare App\Controllers\Ferramentas::criet_diretorio()
in APPPATH\Controllers\Ferramentas.php on line 503.
 1 [internal function]: CodeIgniter\Debug\Exceptions->shutdownHandler()
CRITICAL - 2023-10-03 22:35:46 --> Cannot redeclare App\Controllers\Ferramentas::criet_diretorio()
in APPPATH\Controllers\Ferramentas.php on line 503.
 1 [internal function]: CodeIgniter\Debug\Exceptions->shutdownHandler()
CRITICAL - 2023-10-03 22:36:46 --> Cannot redeclare App\Controllers\Ferramentas::criet_diretorio()
in APPPATH\Controllers\Ferramentas.php on line 503.
 1 [internal function]: CodeIgniter\Debug\Exceptions->shutdownHandler()
CRITICAL - 2023-10-03 22:37:46 --> Cannot redeclare App\Controllers\Ferramentas::criet_diretorio()
in APPPATH\Controllers\Ferramentas.php on line 503.
 1 [internal function]: CodeIgniter\Debug\Exceptions->shutdownHandler()
CRITICAL - 2023-10-03 22:38:46 --> Cannot redeclare App\Controllers\Ferramentas::criet_diretorio()
in APPPATH\Controllers\Ferramentas.php on line 503.
 1 [internal function]: CodeIgniter\Debug\Exceptions->shutdownHandler()
CRITICAL - 2023-10-03 22:39:46 --> Cannot redeclare App\Controllers\Ferramentas::criet_diretorio()
in APPPATH\Controllers\Ferramentas.php on line 503.
 1 [internal function]: CodeIgniter\Debug\Exceptions->shutdownHandler()
CRITICAL - 2023-10-03 22:40:46 --> Cannot redeclare App\Controllers\Ferramentas::criet_diretorio()
in APPPATH\Controllers\Ferramentas.php on line 503.
 1 [internal function]: CodeIgniter\Debug\Exceptions->shutdownHandler()
CRITICAL - 2023-10-03 22:41:46 --> Cannot redeclare App\Controllers\Ferramentas::criet_diretorio()
in APPPATH\Controllers\Ferramentas.php on line 503.
 1 [internal function]: CodeIgniter\Debug\Exceptions->shutdownHandler()
CRITICAL - 2023-10-03 22:42:46 --> Cannot redeclare App\Controllers\Ferramentas::criet_diretorio()
in APPPATH\Controllers\Ferramentas.php on line 503.
 1 [internal function]: CodeIgniter\Debug\Exceptions->shutdownHandler()
CRITICAL - 2023-10-03 22:43:46 --> Cannot redeclare App\Controllers\Ferramentas::criet_diretorio()
in APPPATH\Controllers\Ferramentas.php on line 503.
 1 [internal function]: CodeIgniter\Debug\Exceptions->shutdownHandler()
CRITICAL - 2023-10-03 22:44:46 --> Cannot redeclare App\Controllers\Ferramentas::criet_diretorio()
in APPPATH\Controllers\Ferramentas.php on line 503.
 1 [internal function]: CodeIgniter\Debug\Exceptions->shutdownHandler()
CRITICAL - 2023-10-03 22:45:46 --> Cannot redeclare App\Controllers\Ferramentas::criet_diretorio()
in APPPATH\Controllers\Ferramentas.php on line 503.
 1 [internal function]: CodeIgniter\Debug\Exceptions->shutdownHandler()
CRITICAL - 2023-10-03 22:46:46 --> Cannot redeclare App\Controllers\Ferramentas::criet_diretorio()
in APPPATH\Controllers\Ferramentas.php on line 503.
 1 [internal function]: CodeIgniter\Debug\Exceptions->shutdownHandler()
CRITICAL - 2023-10-03 22:47:46 --> Cannot redeclare App\Controllers\Ferramentas::criet_diretorio()
in APPPATH\Controllers\Ferramentas.php on line 503.
 1 [internal function]: CodeIgniter\Debug\Exceptions->shutdownHandler()
CRITICAL - 2023-10-03 22:48:46 --> Cannot redeclare App\Controllers\Ferramentas::criet_diretorio()
in APPPATH\Controllers\Ferramentas.php on line 503.
 1 [internal function]: CodeIgniter\Debug\Exceptions->shutdownHandler()
CRITICAL - 2023-10-03 23:31:15 --> Cannot redeclare App\Controllers\Ferramentas::criet_diretorio()
in APPPATH\Controllers\Ferramentas.php on line 503.
 1 [internal function]: CodeIgniter\Debug\Exceptions->shutdownHandler()
CRITICAL - 2023-10-03 23:31:48 --> Cannot redeclare App\Controllers\Ferramentas::criet_diretorio()
in APPPATH\Controllers\Ferramentas.php on line 503.
 1 [internal function]: CodeIgniter\Debug\Exceptions->shutdownHandler()
CRITICAL - 2023-10-03 23:32:46 --> Cannot redeclare App\Controllers\Ferramentas::criet_diretorio()
in APPPATH\Controllers\Ferramentas.php on line 503.
 1 [internal function]: CodeIgniter\Debug\Exceptions->shutdownHandler()
CRITICAL - 2023-10-03 23:33:48 --> Cannot redeclare App\Controllers\Ferramentas::criet_diretorio()
in APPPATH\Controllers\Ferramentas.php on line 503.
 1 [internal function]: CodeIgniter\Debug\Exceptions->shutdownHandler()
CRITICAL - 2023-10-03 23:34:46 --> Cannot redeclare App\Controllers\Ferramentas::criet_diretorio()
in APPPATH\Controllers\Ferramentas.php on line 503.
 1 [internal function]: CodeIgniter\Debug\Exceptions->shutdownHandler()
CRITICAL - 2023-10-03 23:35:46 --> Cannot redeclare App\Controllers\Ferramentas::criet_diretorio()
in APPPATH\Controllers\Ferramentas.php on line 503.
 1 [internal function]: CodeIgniter\Debug\Exceptions->shutdownHandler()
CRITICAL - 2023-10-03 23:36:46 --> Cannot redeclare App\Controllers\Ferramentas::criet_diretorio()
in APPPATH\Controllers\Ferramentas.php on line 503.
 1 [internal function]: CodeIgniter\Debug\Exceptions->shutdownHandler()
CRITICAL - 2023-10-03 23:37:46 --> Cannot redeclare App\Controllers\Ferramentas::criet_diretorio()
in APPPATH\Controllers\Ferramentas.php on line 503.
 1 [internal function]: CodeIgniter\Debug\Exceptions->shutdownHandler()
CRITICAL - 2023-10-03 23:38:46 --> Cannot redeclare App\Controllers\Ferramentas::criet_diretorio()
in APPPATH\Controllers\Ferramentas.php on line 503.
 1 [internal function]: CodeIgniter\Debug\Exceptions->shutdownHandler()
CRITICAL - 2023-10-03 23:39:46 --> Cannot redeclare App\Controllers\Ferramentas::criet_diretorio()
in APPPATH\Controllers\Ferramentas.php on line 503.
 1 [internal function]: CodeIgniter\Debug\Exceptions->shutdownHandler()
CRITICAL - 2023-10-03 23:40:46 --> Cannot redeclare App\Controllers\Ferramentas::criet_diretorio()
in APPPATH\Controllers\Ferramentas.php on line 503.
 1 [internal function]: CodeIgniter\Debug\Exceptions->shutdownHandler()
CRITICAL - 2023-10-03 23:41:46 --> Cannot redeclare App\Controllers\Ferramentas::criet_diretorio()
in APPPATH\Controllers\Ferramentas.php on line 503.
 1 [internal function]: CodeIgniter\Debug\Exceptions->shutdownHandler()
CRITICAL - 2023-10-03 23:42:46 --> Cannot redeclare App\Controllers\Ferramentas::criet_diretorio()
in APPPATH\Controllers\Ferramentas.php on line 503.
 1 [internal function]: CodeIgniter\Debug\Exceptions->shutdownHandler()
CRITICAL - 2023-10-03 23:43:46 --> Cannot redeclare App\Controllers\Ferramentas::criet_diretorio()
in APPPATH\Controllers\Ferramentas.php on line 503.
 1 [internal function]: CodeIgniter\Debug\Exceptions->shutdownHandler()
CRITICAL - 2023-10-03 23:44:46 --> Cannot redeclare App\Controllers\Ferramentas::criet_diretorio()
in APPPATH\Controllers\Ferramentas.php on line 503.
 1 [internal function]: CodeIgniter\Debug\Exceptions->shutdownHandler()
CRITICAL - 2023-10-03 23:45:46 --> Cannot redeclare App\Controllers\Ferramentas::criet_diretorio()
in APPPATH\Controllers\Ferramentas.php on line 503.
 1 [internal function]: CodeIgniter\Debug\Exceptions->shutdownHandler()
CRITICAL - 2023-10-03 23:46:46 --> Cannot redeclare App\Controllers\Ferramentas::criet_diretorio()
in APPPATH\Controllers\Ferramentas.php on line 503.
 1 [internal function]: CodeIgniter\Debug\Exceptions->shutdownHandler()
CRITICAL - 2023-10-03 23:47:46 --> Cannot redeclare App\Controllers\Ferramentas::criet_diretorio()
in APPPATH\Controllers\Ferramentas.php on line 503.
 1 [internal function]: CodeIgniter\Debug\Exceptions->shutdownHandler()
CRITICAL - 2023-10-03 23:48:46 --> Cannot redeclare App\Controllers\Ferramentas::criet_diretorio()
in APPPATH\Controllers\Ferramentas.php on line 503.
 1 [internal function]: CodeIgniter\Debug\Exceptions->shutdownHandler()
CRITICAL - 2023-10-03 23:49:46 --> Cannot redeclare App\Controllers\Ferramentas::criet_diretorio()
in APPPATH\Controllers\Ferramentas.php on line 503.
 1 [internal function]: CodeIgniter\Debug\Exceptions->shutdownHandler()
CRITICAL - 2023-10-03 23:50:46 --> Cannot redeclare App\Controllers\Ferramentas::criet_diretorio()
in APPPATH\Controllers\Ferramentas.php on line 503.
 1 [internal function]: CodeIgniter\Debug\Exceptions->shutdownHandler()
CRITICAL - 2023-10-03 23:51:46 --> Cannot redeclare App\Controllers\Ferramentas::criet_diretorio()
in APPPATH\Controllers\Ferramentas.php on line 503.
 1 [internal function]: CodeIgniter\Debug\Exceptions->shutdownHandler()
CRITICAL - 2023-10-03 23:52:46 --> Cannot redeclare App\Controllers\Ferramentas::criet_diretorio()
in APPPATH\Controllers\Ferramentas.php on line 503.
 1 [internal function]: CodeIgniter\Debug\Exceptions->shutdownHandler()
CRITICAL - 2023-10-03 23:53:46 --> Cannot redeclare App\Controllers\Ferramentas::criet_diretorio()
in APPPATH\Controllers\Ferramentas.php on line 503.
 1 [internal function]: CodeIgniter\Debug\Exceptions->shutdownHandler()
CRITICAL - 2023-10-03 23:54:46 --> Cannot redeclare App\Controllers\Ferramentas::criet_diretorio()
in APPPATH\Controllers\Ferramentas.php on line 503.
 1 [internal function]: CodeIgniter\Debug\Exceptions->shutdownHandler()
CRITICAL - 2023-10-03 23:55:46 --> Cannot redeclare App\Controllers\Ferramentas::criet_diretorio()
in APPPATH\Controllers\Ferramentas.php on line 503.
 1 [internal function]: CodeIgniter\Debug\Exceptions->shutdownHandler()
CRITICAL - 2023-10-03 23:56:46 --> Cannot redeclare App\Controllers\Ferramentas::criet_diretorio()
in APPPATH\Controllers\Ferramentas.php on line 503.
 1 [internal function]: CodeIgniter\Debug\Exceptions->shutdownHandler()
CRITICAL - 2023-10-03 23:57:46 --> Cannot redeclare App\Controllers\Ferramentas::criet_diretorio()
in APPPATH\Controllers\Ferramentas.php on line 503.
 1 [internal function]: CodeIgniter\Debug\Exceptions->shutdownHandler()
CRITICAL - 2023-10-03 23:58:46 --> Cannot redeclare App\Controllers\Ferramentas::criet_diretorio()
in APPPATH\Controllers\Ferramentas.php on line 503.
 1 [internal function]: CodeIgniter\Debug\Exceptions->shutdownHandler()
CRITICAL - 2023-10-03 23:59:46 --> Cannot redeclare App\Controllers\Ferramentas::criet_diretorio()
in APPPATH\Controllers\Ferramentas.php on line 503.
 1 [internal function]: CodeIgniter\Debug\Exceptions->shutdownHandler()
