CRITICAL - 2024-11-14 12:50:20 --> syntax error, unexpected token "public"
in APPPATH\Controllers\Api.php on line 439.
 1 SYSTEMPATH\Autoloader\Autoloader.php(289): CodeIgniter\Autoloader\Autoloader->includeFile('C:\\xampp\\htdocs\\codi\\app\\Controllers\\Api.php')
 2 SYSTEMPATH\Autoloader\Autoloader.php(267): CodeIgniter\Autoloader\Autoloader->loadInNamespace('App\\Controllers\\Api')
 3 [internal function]: CodeIgniter\Autoloader\Autoloader->loadClass('App\\Controllers\\Api')
 4 SYSTEMPATH\CodeIgniter.php(892): class_exists('\\App\\Controllers\\Api', true)
 5 SYSTEMPATH\CodeIgniter.php(486): CodeIgniter\CodeIgniter->startController()
 6 SYSTEMPATH\CodeIgniter.php(368): CodeIgniter\CodeIgniter->handleRequest(null, Object(Config\Cache), false)
 7 FCPATH\index.php(67): CodeIgniter\CodeIgniter->run()
CRITICAL - 2024-11-14 12:50:23 --> syntax error, unexpected token "public"
in APPPATH\Controllers\Api.php on line 439.
 1 SYSTEMPATH\Autoloader\Autoloader.php(289): CodeIgniter\Autoloader\Autoloader->includeFile('C:\\xampp\\htdocs\\codi\\app\\Controllers\\Api.php')
 2 SYSTEMPATH\Autoloader\Autoloader.php(267): CodeIgniter\Autoloader\Autoloader->loadInNamespace('App\\Controllers\\Api')
 3 [internal function]: CodeIgniter\Autoloader\Autoloader->loadClass('App\\Controllers\\Api')
 4 SYSTEMPATH\CodeIgniter.php(892): class_exists('\\App\\Controllers\\Api', true)
 5 SYSTEMPATH\CodeIgniter.php(486): CodeIgniter\CodeIgniter->startController()
 6 SYSTEMPATH\CodeIgniter.php(368): CodeIgniter\CodeIgniter->handleRequest(null, Object(Config\Cache), false)
 7 FCPATH\index.php(67): CodeIgniter\CodeIgniter->run()
CRITICAL - 2024-11-14 09:53:35 --> Undefined array key "id_desenho"
in APPPATH\Controllers\Api.php on line 361.
 1 APPPATH\Controllers\Api.php(361): CodeIgniter\Debug\Exceptions->errorHandler(2, 'Undefined array key "id_desenho"', 'C:\\xampp\\htdocs\\codi\\app\\Controllers\\Api.php', 361)
 2 SYSTEMPATH\CodeIgniter.php(934): App\Controllers\Api->lista_tarefas_api()
 3 SYSTEMPATH\CodeIgniter.php(499): CodeIgniter\CodeIgniter->runController(Object(App\Controllers\Api))
 4 SYSTEMPATH\CodeIgniter.php(368): CodeIgniter\CodeIgniter->handleRequest(null, Object(Config\Cache), false)
 5 FCPATH\index.php(67): CodeIgniter\CodeIgniter->run()
