WARNING - 2024-07-12 19:07:50 --> [DEPRECATED] Implicit conversion from float 1032.625 to int loses precision in APPPATH\Controllers\AdmPost.php on line 3141.
 1 APPPATH\Controllers\AdmPost.php(3380): App\Controllers\AdmPost->secondsToTime(1032.625)
 2 SYSTEMPATH\CodeIgniter.php(934): App\Controllers\AdmPost->relatorio_analitico()
 3 SYSTEMPATH\CodeIgniter.php(499): CodeIgniter\CodeIgniter->runController(Object(App\Controllers\AdmPost))
 4 SYSTEMPATH\CodeIgniter.php(368): CodeIgniter\CodeIgniter->handleRequest(null, Object(Config\Cache), false)
 5 FCPATH\index.php(67): CodeIgniter\CodeIgniter->run()
WARNING - 2024-07-12 19:07:50 --> [DEPRECATED] Implicit conversion from float 1032.625 to int loses precision in APPPATH\Controllers\AdmPost.php on line 3142.
 1 APPPATH\Controllers\AdmPost.php(3380): App\Controllers\AdmPost->secondsToTime(1032.625)
 2 SYSTEMPATH\CodeIgniter.php(934): App\Controllers\AdmPost->relatorio_analitico()
 3 SYSTEMPATH\CodeIgniter.php(499): CodeIgniter\CodeIgniter->runController(Object(App\Controllers\AdmPost))
 4 SYSTEMPATH\CodeIgniter.php(368): CodeIgniter\CodeIgniter->handleRequest(null, Object(Config\Cache), false)
 5 FCPATH\index.php(67): CodeIgniter\CodeIgniter->run()
WARNING - 2024-07-12 19:07:50 --> [DEPRECATED] Implicit conversion from float 42.333333333333336 to int loses precision in APPPATH\Controllers\AdmPost.php on line 3141.
 1 APPPATH\Controllers\AdmPost.php(3380): App\Controllers\AdmPost->secondsToTime(42.333333333333336)
 2 SYSTEMPATH\CodeIgniter.php(934): App\Controllers\AdmPost->relatorio_analitico()
 3 SYSTEMPATH\CodeIgniter.php(499): CodeIgniter\CodeIgniter->runController(Object(App\Controllers\AdmPost))
 4 SYSTEMPATH\CodeIgniter.php(368): CodeIgniter\CodeIgniter->handleRequest(null, Object(Config\Cache), false)
 5 FCPATH\index.php(67): CodeIgniter\CodeIgniter->run()
WARNING - 2024-07-12 19:07:50 --> [DEPRECATED] Implicit conversion from float 42.333333333333336 to int loses precision in APPPATH\Controllers\AdmPost.php on line 3142.
 1 APPPATH\Controllers\AdmPost.php(3380): App\Controllers\AdmPost->secondsToTime(42.333333333333336)
 2 SYSTEMPATH\CodeIgniter.php(934): App\Controllers\AdmPost->relatorio_analitico()
 3 SYSTEMPATH\CodeIgniter.php(499): CodeIgniter\CodeIgniter->runController(Object(App\Controllers\AdmPost))
 4 SYSTEMPATH\CodeIgniter.php(368): CodeIgniter\CodeIgniter->handleRequest(null, Object(Config\Cache), false)
 5 FCPATH\index.php(67): CodeIgniter\CodeIgniter->run()
WARNING - 2024-07-12 19:08:31 --> [DEPRECATED] Implicit conversion from float 1032.625 to int loses precision in APPPATH\Controllers\AdmPost.php on line 3141.
 1 APPPATH\Controllers\AdmPost.php(3380): App\Controllers\AdmPost->secondsToTime(1032.625)
 2 SYSTEMPATH\CodeIgniter.php(934): App\Controllers\AdmPost->relatorio_analitico()
 3 SYSTEMPATH\CodeIgniter.php(499): CodeIgniter\CodeIgniter->runController(Object(App\Controllers\AdmPost))
 4 SYSTEMPATH\CodeIgniter.php(368): CodeIgniter\CodeIgniter->handleRequest(null, Object(Config\Cache), false)
 5 FCPATH\index.php(67): CodeIgniter\CodeIgniter->run()
WARNING - 2024-07-12 19:08:31 --> [DEPRECATED] Implicit conversion from float 1032.625 to int loses precision in APPPATH\Controllers\AdmPost.php on line 3142.
 1 APPPATH\Controllers\AdmPost.php(3380): App\Controllers\AdmPost->secondsToTime(1032.625)
 2 SYSTEMPATH\CodeIgniter.php(934): App\Controllers\AdmPost->relatorio_analitico()
 3 SYSTEMPATH\CodeIgniter.php(499): CodeIgniter\CodeIgniter->runController(Object(App\Controllers\AdmPost))
 4 SYSTEMPATH\CodeIgniter.php(368): CodeIgniter\CodeIgniter->handleRequest(null, Object(Config\Cache), false)
 5 FCPATH\index.php(67): CodeIgniter\CodeIgniter->run()
WARNING - 2024-07-12 19:08:31 --> [DEPRECATED] Implicit conversion from float 42.333333333333336 to int loses precision in APPPATH\Controllers\AdmPost.php on line 3141.
 1 APPPATH\Controllers\AdmPost.php(3380): App\Controllers\AdmPost->secondsToTime(42.333333333333336)
 2 SYSTEMPATH\CodeIgniter.php(934): App\Controllers\AdmPost->relatorio_analitico()
 3 SYSTEMPATH\CodeIgniter.php(499): CodeIgniter\CodeIgniter->runController(Object(App\Controllers\AdmPost))
 4 SYSTEMPATH\CodeIgniter.php(368): CodeIgniter\CodeIgniter->handleRequest(null, Object(Config\Cache), false)
 5 FCPATH\index.php(67): CodeIgniter\CodeIgniter->run()
WARNING - 2024-07-12 19:08:31 --> [DEPRECATED] Implicit conversion from float 42.333333333333336 to int loses precision in APPPATH\Controllers\AdmPost.php on line 3142.
 1 APPPATH\Controllers\AdmPost.php(3380): App\Controllers\AdmPost->secondsToTime(42.333333333333336)
 2 SYSTEMPATH\CodeIgniter.php(934): App\Controllers\AdmPost->relatorio_analitico()
 3 SYSTEMPATH\CodeIgniter.php(499): CodeIgniter\CodeIgniter->runController(Object(App\Controllers\AdmPost))
 4 SYSTEMPATH\CodeIgniter.php(368): CodeIgniter\CodeIgniter->handleRequest(null, Object(Config\Cache), false)
 5 FCPATH\index.php(67): CodeIgniter\CodeIgniter->run()
WARNING - 2024-07-12 19:12:38 --> [DEPRECATED] Implicit conversion from float 1032.625 to int loses precision in APPPATH\Controllers\AdmPost.php on line 3141.
 1 APPPATH\Controllers\AdmPost.php(3380): App\Controllers\AdmPost->secondsToTime(1032.625)
 2 SYSTEMPATH\CodeIgniter.php(934): App\Controllers\AdmPost->relatorio_analitico()
 3 SYSTEMPATH\CodeIgniter.php(499): CodeIgniter\CodeIgniter->runController(Object(App\Controllers\AdmPost))
 4 SYSTEMPATH\CodeIgniter.php(368): CodeIgniter\CodeIgniter->handleRequest(null, Object(Config\Cache), false)
 5 FCPATH\index.php(67): CodeIgniter\CodeIgniter->run()
WARNING - 2024-07-12 19:12:38 --> [DEPRECATED] Implicit conversion from float 1032.625 to int loses precision in APPPATH\Controllers\AdmPost.php on line 3142.
 1 APPPATH\Controllers\AdmPost.php(3380): App\Controllers\AdmPost->secondsToTime(1032.625)
 2 SYSTEMPATH\CodeIgniter.php(934): App\Controllers\AdmPost->relatorio_analitico()
 3 SYSTEMPATH\CodeIgniter.php(499): CodeIgniter\CodeIgniter->runController(Object(App\Controllers\AdmPost))
 4 SYSTEMPATH\CodeIgniter.php(368): CodeIgniter\CodeIgniter->handleRequest(null, Object(Config\Cache), false)
 5 FCPATH\index.php(67): CodeIgniter\CodeIgniter->run()
WARNING - 2024-07-12 19:12:38 --> [DEPRECATED] Implicit conversion from float 42.333333333333336 to int loses precision in APPPATH\Controllers\AdmPost.php on line 3141.
 1 APPPATH\Controllers\AdmPost.php(3380): App\Controllers\AdmPost->secondsToTime(42.333333333333336)
 2 SYSTEMPATH\CodeIgniter.php(934): App\Controllers\AdmPost->relatorio_analitico()
 3 SYSTEMPATH\CodeIgniter.php(499): CodeIgniter\CodeIgniter->runController(Object(App\Controllers\AdmPost))
 4 SYSTEMPATH\CodeIgniter.php(368): CodeIgniter\CodeIgniter->handleRequest(null, Object(Config\Cache), false)
 5 FCPATH\index.php(67): CodeIgniter\CodeIgniter->run()
WARNING - 2024-07-12 19:12:38 --> [DEPRECATED] Implicit conversion from float 42.333333333333336 to int loses precision in APPPATH\Controllers\AdmPost.php on line 3142.
 1 APPPATH\Controllers\AdmPost.php(3380): App\Controllers\AdmPost->secondsToTime(42.333333333333336)
 2 SYSTEMPATH\CodeIgniter.php(934): App\Controllers\AdmPost->relatorio_analitico()
 3 SYSTEMPATH\CodeIgniter.php(499): CodeIgniter\CodeIgniter->runController(Object(App\Controllers\AdmPost))
 4 SYSTEMPATH\CodeIgniter.php(368): CodeIgniter\CodeIgniter->handleRequest(null, Object(Config\Cache), false)
 5 FCPATH\index.php(67): CodeIgniter\CodeIgniter->run()
WARNING - 2024-07-12 19:13:16 --> [DEPRECATED] Implicit conversion from float 1032.625 to int loses precision in APPPATH\Controllers\AdmPost.php on line 3141.
 1 APPPATH\Controllers\AdmPost.php(3380): App\Controllers\AdmPost->secondsToTime(1032.625)
 2 SYSTEMPATH\CodeIgniter.php(934): App\Controllers\AdmPost->relatorio_analitico()
 3 SYSTEMPATH\CodeIgniter.php(499): CodeIgniter\CodeIgniter->runController(Object(App\Controllers\AdmPost))
 4 SYSTEMPATH\CodeIgniter.php(368): CodeIgniter\CodeIgniter->handleRequest(null, Object(Config\Cache), false)
 5 FCPATH\index.php(67): CodeIgniter\CodeIgniter->run()
WARNING - 2024-07-12 19:13:16 --> [DEPRECATED] Implicit conversion from float 1032.625 to int loses precision in APPPATH\Controllers\AdmPost.php on line 3142.
 1 APPPATH\Controllers\AdmPost.php(3380): App\Controllers\AdmPost->secondsToTime(1032.625)
 2 SYSTEMPATH\CodeIgniter.php(934): App\Controllers\AdmPost->relatorio_analitico()
 3 SYSTEMPATH\CodeIgniter.php(499): CodeIgniter\CodeIgniter->runController(Object(App\Controllers\AdmPost))
 4 SYSTEMPATH\CodeIgniter.php(368): CodeIgniter\CodeIgniter->handleRequest(null, Object(Config\Cache), false)
 5 FCPATH\index.php(67): CodeIgniter\CodeIgniter->run()
WARNING - 2024-07-12 19:13:16 --> [DEPRECATED] Implicit conversion from float 42.333333333333336 to int loses precision in APPPATH\Controllers\AdmPost.php on line 3141.
 1 APPPATH\Controllers\AdmPost.php(3380): App\Controllers\AdmPost->secondsToTime(42.333333333333336)
 2 SYSTEMPATH\CodeIgniter.php(934): App\Controllers\AdmPost->relatorio_analitico()
 3 SYSTEMPATH\CodeIgniter.php(499): CodeIgniter\CodeIgniter->runController(Object(App\Controllers\AdmPost))
 4 SYSTEMPATH\CodeIgniter.php(368): CodeIgniter\CodeIgniter->handleRequest(null, Object(Config\Cache), false)
 5 FCPATH\index.php(67): CodeIgniter\CodeIgniter->run()
WARNING - 2024-07-12 19:13:16 --> [DEPRECATED] Implicit conversion from float 42.333333333333336 to int loses precision in APPPATH\Controllers\AdmPost.php on line 3142.
 1 APPPATH\Controllers\AdmPost.php(3380): App\Controllers\AdmPost->secondsToTime(42.333333333333336)
 2 SYSTEMPATH\CodeIgniter.php(934): App\Controllers\AdmPost->relatorio_analitico()
 3 SYSTEMPATH\CodeIgniter.php(499): CodeIgniter\CodeIgniter->runController(Object(App\Controllers\AdmPost))
 4 SYSTEMPATH\CodeIgniter.php(368): CodeIgniter\CodeIgniter->handleRequest(null, Object(Config\Cache), false)
 5 FCPATH\index.php(67): CodeIgniter\CodeIgniter->run()
WARNING - 2024-07-12 19:14:05 --> [DEPRECATED] Implicit conversion from float 1032.625 to int loses precision in APPPATH\Controllers\AdmPost.php on line 3141.
 1 APPPATH\Controllers\AdmPost.php(3380): App\Controllers\AdmPost->secondsToTime(1032.625)
 2 SYSTEMPATH\CodeIgniter.php(934): App\Controllers\AdmPost->relatorio_analitico()
 3 SYSTEMPATH\CodeIgniter.php(499): CodeIgniter\CodeIgniter->runController(Object(App\Controllers\AdmPost))
 4 SYSTEMPATH\CodeIgniter.php(368): CodeIgniter\CodeIgniter->handleRequest(null, Object(Config\Cache), false)
 5 FCPATH\index.php(67): CodeIgniter\CodeIgniter->run()
WARNING - 2024-07-12 19:14:05 --> [DEPRECATED] Implicit conversion from float 1032.625 to int loses precision in APPPATH\Controllers\AdmPost.php on line 3142.
 1 APPPATH\Controllers\AdmPost.php(3380): App\Controllers\AdmPost->secondsToTime(1032.625)
 2 SYSTEMPATH\CodeIgniter.php(934): App\Controllers\AdmPost->relatorio_analitico()
 3 SYSTEMPATH\CodeIgniter.php(499): CodeIgniter\CodeIgniter->runController(Object(App\Controllers\AdmPost))
 4 SYSTEMPATH\CodeIgniter.php(368): CodeIgniter\CodeIgniter->handleRequest(null, Object(Config\Cache), false)
 5 FCPATH\index.php(67): CodeIgniter\CodeIgniter->run()
WARNING - 2024-07-12 19:14:05 --> [DEPRECATED] Implicit conversion from float 42.333333333333336 to int loses precision in APPPATH\Controllers\AdmPost.php on line 3141.
 1 APPPATH\Controllers\AdmPost.php(3380): App\Controllers\AdmPost->secondsToTime(42.333333333333336)
 2 SYSTEMPATH\CodeIgniter.php(934): App\Controllers\AdmPost->relatorio_analitico()
 3 SYSTEMPATH\CodeIgniter.php(499): CodeIgniter\CodeIgniter->runController(Object(App\Controllers\AdmPost))
 4 SYSTEMPATH\CodeIgniter.php(368): CodeIgniter\CodeIgniter->handleRequest(null, Object(Config\Cache), false)
 5 FCPATH\index.php(67): CodeIgniter\CodeIgniter->run()
WARNING - 2024-07-12 19:14:05 --> [DEPRECATED] Implicit conversion from float 42.333333333333336 to int loses precision in APPPATH\Controllers\AdmPost.php on line 3142.
 1 APPPATH\Controllers\AdmPost.php(3380): App\Controllers\AdmPost->secondsToTime(42.333333333333336)
 2 SYSTEMPATH\CodeIgniter.php(934): App\Controllers\AdmPost->relatorio_analitico()
 3 SYSTEMPATH\CodeIgniter.php(499): CodeIgniter\CodeIgniter->runController(Object(App\Controllers\AdmPost))
 4 SYSTEMPATH\CodeIgniter.php(368): CodeIgniter\CodeIgniter->handleRequest(null, Object(Config\Cache), false)
 5 FCPATH\index.php(67): CodeIgniter\CodeIgniter->run()
WARNING - 2024-07-12 19:14:40 --> [DEPRECATED] Implicit conversion from float 1032.625 to int loses precision in APPPATH\Controllers\AdmPost.php on line 3141.
 1 APPPATH\Controllers\AdmPost.php(3380): App\Controllers\AdmPost->secondsToTime(1032.625)
 2 SYSTEMPATH\CodeIgniter.php(934): App\Controllers\AdmPost->relatorio_analitico()
 3 SYSTEMPATH\CodeIgniter.php(499): CodeIgniter\CodeIgniter->runController(Object(App\Controllers\AdmPost))
 4 SYSTEMPATH\CodeIgniter.php(368): CodeIgniter\CodeIgniter->handleRequest(null, Object(Config\Cache), false)
 5 FCPATH\index.php(67): CodeIgniter\CodeIgniter->run()
WARNING - 2024-07-12 19:14:40 --> [DEPRECATED] Implicit conversion from float 1032.625 to int loses precision in APPPATH\Controllers\AdmPost.php on line 3142.
 1 APPPATH\Controllers\AdmPost.php(3380): App\Controllers\AdmPost->secondsToTime(1032.625)
 2 SYSTEMPATH\CodeIgniter.php(934): App\Controllers\AdmPost->relatorio_analitico()
 3 SYSTEMPATH\CodeIgniter.php(499): CodeIgniter\CodeIgniter->runController(Object(App\Controllers\AdmPost))
 4 SYSTEMPATH\CodeIgniter.php(368): CodeIgniter\CodeIgniter->handleRequest(null, Object(Config\Cache), false)
 5 FCPATH\index.php(67): CodeIgniter\CodeIgniter->run()
WARNING - 2024-07-12 19:14:40 --> [DEPRECATED] Implicit conversion from float 42.333333333333336 to int loses precision in APPPATH\Controllers\AdmPost.php on line 3141.
 1 APPPATH\Controllers\AdmPost.php(3380): App\Controllers\AdmPost->secondsToTime(42.333333333333336)
 2 SYSTEMPATH\CodeIgniter.php(934): App\Controllers\AdmPost->relatorio_analitico()
 3 SYSTEMPATH\CodeIgniter.php(499): CodeIgniter\CodeIgniter->runController(Object(App\Controllers\AdmPost))
 4 SYSTEMPATH\CodeIgniter.php(368): CodeIgniter\CodeIgniter->handleRequest(null, Object(Config\Cache), false)
 5 FCPATH\index.php(67): CodeIgniter\CodeIgniter->run()
WARNING - 2024-07-12 19:14:40 --> [DEPRECATED] Implicit conversion from float 42.333333333333336 to int loses precision in APPPATH\Controllers\AdmPost.php on line 3142.
 1 APPPATH\Controllers\AdmPost.php(3380): App\Controllers\AdmPost->secondsToTime(42.333333333333336)
 2 SYSTEMPATH\CodeIgniter.php(934): App\Controllers\AdmPost->relatorio_analitico()
 3 SYSTEMPATH\CodeIgniter.php(499): CodeIgniter\CodeIgniter->runController(Object(App\Controllers\AdmPost))
 4 SYSTEMPATH\CodeIgniter.php(368): CodeIgniter\CodeIgniter->handleRequest(null, Object(Config\Cache), false)
 5 FCPATH\index.php(67): CodeIgniter\CodeIgniter->run()
WARNING - 2024-07-12 19:15:22 --> [DEPRECATED] Implicit conversion from float 1032.625 to int loses precision in APPPATH\Controllers\AdmPost.php on line 3141.
 1 APPPATH\Controllers\AdmPost.php(3380): App\Controllers\AdmPost->secondsToTime(1032.625)
 2 SYSTEMPATH\CodeIgniter.php(934): App\Controllers\AdmPost->relatorio_analitico()
 3 SYSTEMPATH\CodeIgniter.php(499): CodeIgniter\CodeIgniter->runController(Object(App\Controllers\AdmPost))
 4 SYSTEMPATH\CodeIgniter.php(368): CodeIgniter\CodeIgniter->handleRequest(null, Object(Config\Cache), false)
 5 FCPATH\index.php(67): CodeIgniter\CodeIgniter->run()
WARNING - 2024-07-12 19:15:22 --> [DEPRECATED] Implicit conversion from float 1032.625 to int loses precision in APPPATH\Controllers\AdmPost.php on line 3142.
 1 APPPATH\Controllers\AdmPost.php(3380): App\Controllers\AdmPost->secondsToTime(1032.625)
 2 SYSTEMPATH\CodeIgniter.php(934): App\Controllers\AdmPost->relatorio_analitico()
 3 SYSTEMPATH\CodeIgniter.php(499): CodeIgniter\CodeIgniter->runController(Object(App\Controllers\AdmPost))
 4 SYSTEMPATH\CodeIgniter.php(368): CodeIgniter\CodeIgniter->handleRequest(null, Object(Config\Cache), false)
 5 FCPATH\index.php(67): CodeIgniter\CodeIgniter->run()
WARNING - 2024-07-12 19:15:22 --> [DEPRECATED] Implicit conversion from float 42.333333333333336 to int loses precision in APPPATH\Controllers\AdmPost.php on line 3141.
 1 APPPATH\Controllers\AdmPost.php(3380): App\Controllers\AdmPost->secondsToTime(42.333333333333336)
 2 SYSTEMPATH\CodeIgniter.php(934): App\Controllers\AdmPost->relatorio_analitico()
 3 SYSTEMPATH\CodeIgniter.php(499): CodeIgniter\CodeIgniter->runController(Object(App\Controllers\AdmPost))
 4 SYSTEMPATH\CodeIgniter.php(368): CodeIgniter\CodeIgniter->handleRequest(null, Object(Config\Cache), false)
 5 FCPATH\index.php(67): CodeIgniter\CodeIgniter->run()
WARNING - 2024-07-12 19:15:22 --> [DEPRECATED] Implicit conversion from float 42.333333333333336 to int loses precision in APPPATH\Controllers\AdmPost.php on line 3142.
 1 APPPATH\Controllers\AdmPost.php(3380): App\Controllers\AdmPost->secondsToTime(42.333333333333336)
 2 SYSTEMPATH\CodeIgniter.php(934): App\Controllers\AdmPost->relatorio_analitico()
 3 SYSTEMPATH\CodeIgniter.php(499): CodeIgniter\CodeIgniter->runController(Object(App\Controllers\AdmPost))
 4 SYSTEMPATH\CodeIgniter.php(368): CodeIgniter\CodeIgniter->handleRequest(null, Object(Config\Cache), false)
 5 FCPATH\index.php(67): CodeIgniter\CodeIgniter->run()
WARNING - 2024-07-12 19:15:42 --> [DEPRECATED] Implicit conversion from float 1032.625 to int loses precision in APPPATH\Controllers\AdmPost.php on line 3141.
 1 APPPATH\Controllers\AdmPost.php(3380): App\Controllers\AdmPost->secondsToTime(1032.625)
 2 SYSTEMPATH\CodeIgniter.php(934): App\Controllers\AdmPost->relatorio_analitico()
 3 SYSTEMPATH\CodeIgniter.php(499): CodeIgniter\CodeIgniter->runController(Object(App\Controllers\AdmPost))
 4 SYSTEMPATH\CodeIgniter.php(368): CodeIgniter\CodeIgniter->handleRequest(null, Object(Config\Cache), false)
 5 FCPATH\index.php(67): CodeIgniter\CodeIgniter->run()
WARNING - 2024-07-12 19:15:42 --> [DEPRECATED] Implicit conversion from float 1032.625 to int loses precision in APPPATH\Controllers\AdmPost.php on line 3142.
 1 APPPATH\Controllers\AdmPost.php(3380): App\Controllers\AdmPost->secondsToTime(1032.625)
 2 SYSTEMPATH\CodeIgniter.php(934): App\Controllers\AdmPost->relatorio_analitico()
 3 SYSTEMPATH\CodeIgniter.php(499): CodeIgniter\CodeIgniter->runController(Object(App\Controllers\AdmPost))
 4 SYSTEMPATH\CodeIgniter.php(368): CodeIgniter\CodeIgniter->handleRequest(null, Object(Config\Cache), false)
 5 FCPATH\index.php(67): CodeIgniter\CodeIgniter->run()
WARNING - 2024-07-12 19:15:42 --> [DEPRECATED] Implicit conversion from float 42.333333333333336 to int loses precision in APPPATH\Controllers\AdmPost.php on line 3141.
 1 APPPATH\Controllers\AdmPost.php(3380): App\Controllers\AdmPost->secondsToTime(42.333333333333336)
 2 SYSTEMPATH\CodeIgniter.php(934): App\Controllers\AdmPost->relatorio_analitico()
 3 SYSTEMPATH\CodeIgniter.php(499): CodeIgniter\CodeIgniter->runController(Object(App\Controllers\AdmPost))
 4 SYSTEMPATH\CodeIgniter.php(368): CodeIgniter\CodeIgniter->handleRequest(null, Object(Config\Cache), false)
 5 FCPATH\index.php(67): CodeIgniter\CodeIgniter->run()
WARNING - 2024-07-12 19:15:42 --> [DEPRECATED] Implicit conversion from float 42.333333333333336 to int loses precision in APPPATH\Controllers\AdmPost.php on line 3142.
 1 APPPATH\Controllers\AdmPost.php(3380): App\Controllers\AdmPost->secondsToTime(42.333333333333336)
 2 SYSTEMPATH\CodeIgniter.php(934): App\Controllers\AdmPost->relatorio_analitico()
 3 SYSTEMPATH\CodeIgniter.php(499): CodeIgniter\CodeIgniter->runController(Object(App\Controllers\AdmPost))
 4 SYSTEMPATH\CodeIgniter.php(368): CodeIgniter\CodeIgniter->handleRequest(null, Object(Config\Cache), false)
 5 FCPATH\index.php(67): CodeIgniter\CodeIgniter->run()
WARNING - 2024-07-12 19:16:27 --> [DEPRECATED] Implicit conversion from float 1032.625 to int loses precision in APPPATH\Controllers\AdmPost.php on line 3141.
 1 APPPATH\Controllers\AdmPost.php(3380): App\Controllers\AdmPost->secondsToTime(1032.625)
 2 SYSTEMPATH\CodeIgniter.php(934): App\Controllers\AdmPost->relatorio_analitico()
 3 SYSTEMPATH\CodeIgniter.php(499): CodeIgniter\CodeIgniter->runController(Object(App\Controllers\AdmPost))
 4 SYSTEMPATH\CodeIgniter.php(368): CodeIgniter\CodeIgniter->handleRequest(null, Object(Config\Cache), false)
 5 FCPATH\index.php(67): CodeIgniter\CodeIgniter->run()
WARNING - 2024-07-12 19:16:27 --> [DEPRECATED] Implicit conversion from float 1032.625 to int loses precision in APPPATH\Controllers\AdmPost.php on line 3142.
 1 APPPATH\Controllers\AdmPost.php(3380): App\Controllers\AdmPost->secondsToTime(1032.625)
 2 SYSTEMPATH\CodeIgniter.php(934): App\Controllers\AdmPost->relatorio_analitico()
 3 SYSTEMPATH\CodeIgniter.php(499): CodeIgniter\CodeIgniter->runController(Object(App\Controllers\AdmPost))
 4 SYSTEMPATH\CodeIgniter.php(368): CodeIgniter\CodeIgniter->handleRequest(null, Object(Config\Cache), false)
 5 FCPATH\index.php(67): CodeIgniter\CodeIgniter->run()
WARNING - 2024-07-12 19:16:27 --> [DEPRECATED] Implicit conversion from float 42.333333333333336 to int loses precision in APPPATH\Controllers\AdmPost.php on line 3141.
 1 APPPATH\Controllers\AdmPost.php(3380): App\Controllers\AdmPost->secondsToTime(42.333333333333336)
 2 SYSTEMPATH\CodeIgniter.php(934): App\Controllers\AdmPost->relatorio_analitico()
 3 SYSTEMPATH\CodeIgniter.php(499): CodeIgniter\CodeIgniter->runController(Object(App\Controllers\AdmPost))
 4 SYSTEMPATH\CodeIgniter.php(368): CodeIgniter\CodeIgniter->handleRequest(null, Object(Config\Cache), false)
 5 FCPATH\index.php(67): CodeIgniter\CodeIgniter->run()
WARNING - 2024-07-12 19:16:27 --> [DEPRECATED] Implicit conversion from float 42.333333333333336 to int loses precision in APPPATH\Controllers\AdmPost.php on line 3142.
 1 APPPATH\Controllers\AdmPost.php(3380): App\Controllers\AdmPost->secondsToTime(42.333333333333336)
 2 SYSTEMPATH\CodeIgniter.php(934): App\Controllers\AdmPost->relatorio_analitico()
 3 SYSTEMPATH\CodeIgniter.php(499): CodeIgniter\CodeIgniter->runController(Object(App\Controllers\AdmPost))
 4 SYSTEMPATH\CodeIgniter.php(368): CodeIgniter\CodeIgniter->handleRequest(null, Object(Config\Cache), false)
 5 FCPATH\index.php(67): CodeIgniter\CodeIgniter->run()
WARNING - 2024-07-12 19:16:55 --> [DEPRECATED] Implicit conversion from float 1032.625 to int loses precision in APPPATH\Controllers\AdmPost.php on line 3141.
 1 APPPATH\Controllers\AdmPost.php(3380): App\Controllers\AdmPost->secondsToTime(1032.625)
 2 SYSTEMPATH\CodeIgniter.php(934): App\Controllers\AdmPost->relatorio_analitico()
 3 SYSTEMPATH\CodeIgniter.php(499): CodeIgniter\CodeIgniter->runController(Object(App\Controllers\AdmPost))
 4 SYSTEMPATH\CodeIgniter.php(368): CodeIgniter\CodeIgniter->handleRequest(null, Object(Config\Cache), false)
 5 FCPATH\index.php(67): CodeIgniter\CodeIgniter->run()
WARNING - 2024-07-12 19:16:55 --> [DEPRECATED] Implicit conversion from float 1032.625 to int loses precision in APPPATH\Controllers\AdmPost.php on line 3142.
 1 APPPATH\Controllers\AdmPost.php(3380): App\Controllers\AdmPost->secondsToTime(1032.625)
 2 SYSTEMPATH\CodeIgniter.php(934): App\Controllers\AdmPost->relatorio_analitico()
 3 SYSTEMPATH\CodeIgniter.php(499): CodeIgniter\CodeIgniter->runController(Object(App\Controllers\AdmPost))
 4 SYSTEMPATH\CodeIgniter.php(368): CodeIgniter\CodeIgniter->handleRequest(null, Object(Config\Cache), false)
 5 FCPATH\index.php(67): CodeIgniter\CodeIgniter->run()
WARNING - 2024-07-12 19:16:55 --> [DEPRECATED] Implicit conversion from float 42.333333333333336 to int loses precision in APPPATH\Controllers\AdmPost.php on line 3141.
 1 APPPATH\Controllers\AdmPost.php(3380): App\Controllers\AdmPost->secondsToTime(42.333333333333336)
 2 SYSTEMPATH\CodeIgniter.php(934): App\Controllers\AdmPost->relatorio_analitico()
 3 SYSTEMPATH\CodeIgniter.php(499): CodeIgniter\CodeIgniter->runController(Object(App\Controllers\AdmPost))
 4 SYSTEMPATH\CodeIgniter.php(368): CodeIgniter\CodeIgniter->handleRequest(null, Object(Config\Cache), false)
 5 FCPATH\index.php(67): CodeIgniter\CodeIgniter->run()
WARNING - 2024-07-12 19:16:55 --> [DEPRECATED] Implicit conversion from float 42.333333333333336 to int loses precision in APPPATH\Controllers\AdmPost.php on line 3142.
 1 APPPATH\Controllers\AdmPost.php(3380): App\Controllers\AdmPost->secondsToTime(42.333333333333336)
 2 SYSTEMPATH\CodeIgniter.php(934): App\Controllers\AdmPost->relatorio_analitico()
 3 SYSTEMPATH\CodeIgniter.php(499): CodeIgniter\CodeIgniter->runController(Object(App\Controllers\AdmPost))
 4 SYSTEMPATH\CodeIgniter.php(368): CodeIgniter\CodeIgniter->handleRequest(null, Object(Config\Cache), false)
 5 FCPATH\index.php(67): CodeIgniter\CodeIgniter->run()
WARNING - 2024-07-12 19:17:34 --> [DEPRECATED] Implicit conversion from float 1032.625 to int loses precision in APPPATH\Controllers\AdmPost.php on line 3141.
 1 APPPATH\Controllers\AdmPost.php(3380): App\Controllers\AdmPost->secondsToTime(1032.625)
 2 SYSTEMPATH\CodeIgniter.php(934): App\Controllers\AdmPost->relatorio_analitico()
 3 SYSTEMPATH\CodeIgniter.php(499): CodeIgniter\CodeIgniter->runController(Object(App\Controllers\AdmPost))
 4 SYSTEMPATH\CodeIgniter.php(368): CodeIgniter\CodeIgniter->handleRequest(null, Object(Config\Cache), false)
 5 FCPATH\index.php(67): CodeIgniter\CodeIgniter->run()
WARNING - 2024-07-12 19:17:34 --> [DEPRECATED] Implicit conversion from float 1032.625 to int loses precision in APPPATH\Controllers\AdmPost.php on line 3142.
 1 APPPATH\Controllers\AdmPost.php(3380): App\Controllers\AdmPost->secondsToTime(1032.625)
 2 SYSTEMPATH\CodeIgniter.php(934): App\Controllers\AdmPost->relatorio_analitico()
 3 SYSTEMPATH\CodeIgniter.php(499): CodeIgniter\CodeIgniter->runController(Object(App\Controllers\AdmPost))
 4 SYSTEMPATH\CodeIgniter.php(368): CodeIgniter\CodeIgniter->handleRequest(null, Object(Config\Cache), false)
 5 FCPATH\index.php(67): CodeIgniter\CodeIgniter->run()
WARNING - 2024-07-12 19:17:34 --> [DEPRECATED] Implicit conversion from float 42.333333333333336 to int loses precision in APPPATH\Controllers\AdmPost.php on line 3141.
 1 APPPATH\Controllers\AdmPost.php(3380): App\Controllers\AdmPost->secondsToTime(42.333333333333336)
 2 SYSTEMPATH\CodeIgniter.php(934): App\Controllers\AdmPost->relatorio_analitico()
 3 SYSTEMPATH\CodeIgniter.php(499): CodeIgniter\CodeIgniter->runController(Object(App\Controllers\AdmPost))
 4 SYSTEMPATH\CodeIgniter.php(368): CodeIgniter\CodeIgniter->handleRequest(null, Object(Config\Cache), false)
 5 FCPATH\index.php(67): CodeIgniter\CodeIgniter->run()
WARNING - 2024-07-12 19:17:34 --> [DEPRECATED] Implicit conversion from float 42.333333333333336 to int loses precision in APPPATH\Controllers\AdmPost.php on line 3142.
 1 APPPATH\Controllers\AdmPost.php(3380): App\Controllers\AdmPost->secondsToTime(42.333333333333336)
 2 SYSTEMPATH\CodeIgniter.php(934): App\Controllers\AdmPost->relatorio_analitico()
 3 SYSTEMPATH\CodeIgniter.php(499): CodeIgniter\CodeIgniter->runController(Object(App\Controllers\AdmPost))
 4 SYSTEMPATH\CodeIgniter.php(368): CodeIgniter\CodeIgniter->handleRequest(null, Object(Config\Cache), false)
 5 FCPATH\index.php(67): CodeIgniter\CodeIgniter->run()
WARNING - 2024-07-12 19:24:23 --> [DEPRECATED] Implicit conversion from float 1032.625 to int loses precision in APPPATH\Controllers\AdmPost.php on line 3141.
 1 APPPATH\Controllers\AdmPost.php(3389): App\Controllers\AdmPost->secondsToTime(1032.625)
 2 SYSTEMPATH\CodeIgniter.php(934): App\Controllers\AdmPost->relatorio_analitico()
 3 SYSTEMPATH\CodeIgniter.php(499): CodeIgniter\CodeIgniter->runController(Object(App\Controllers\AdmPost))
 4 SYSTEMPATH\CodeIgniter.php(368): CodeIgniter\CodeIgniter->handleRequest(null, Object(Config\Cache), false)
 5 FCPATH\index.php(67): CodeIgniter\CodeIgniter->run()
WARNING - 2024-07-12 19:24:23 --> [DEPRECATED] Implicit conversion from float 1032.625 to int loses precision in APPPATH\Controllers\AdmPost.php on line 3142.
 1 APPPATH\Controllers\AdmPost.php(3389): App\Controllers\AdmPost->secondsToTime(1032.625)
 2 SYSTEMPATH\CodeIgniter.php(934): App\Controllers\AdmPost->relatorio_analitico()
 3 SYSTEMPATH\CodeIgniter.php(499): CodeIgniter\CodeIgniter->runController(Object(App\Controllers\AdmPost))
 4 SYSTEMPATH\CodeIgniter.php(368): CodeIgniter\CodeIgniter->handleRequest(null, Object(Config\Cache), false)
 5 FCPATH\index.php(67): CodeIgniter\CodeIgniter->run()
WARNING - 2024-07-12 19:24:23 --> [DEPRECATED] Implicit conversion from float 42.333333333333336 to int loses precision in APPPATH\Controllers\AdmPost.php on line 3141.
 1 APPPATH\Controllers\AdmPost.php(3389): App\Controllers\AdmPost->secondsToTime(42.333333333333336)
 2 SYSTEMPATH\CodeIgniter.php(934): App\Controllers\AdmPost->relatorio_analitico()
 3 SYSTEMPATH\CodeIgniter.php(499): CodeIgniter\CodeIgniter->runController(Object(App\Controllers\AdmPost))
 4 SYSTEMPATH\CodeIgniter.php(368): CodeIgniter\CodeIgniter->handleRequest(null, Object(Config\Cache), false)
 5 FCPATH\index.php(67): CodeIgniter\CodeIgniter->run()
WARNING - 2024-07-12 19:24:23 --> [DEPRECATED] Implicit conversion from float 42.333333333333336 to int loses precision in APPPATH\Controllers\AdmPost.php on line 3142.
 1 APPPATH\Controllers\AdmPost.php(3389): App\Controllers\AdmPost->secondsToTime(42.333333333333336)
 2 SYSTEMPATH\CodeIgniter.php(934): App\Controllers\AdmPost->relatorio_analitico()
 3 SYSTEMPATH\CodeIgniter.php(499): CodeIgniter\CodeIgniter->runController(Object(App\Controllers\AdmPost))
 4 SYSTEMPATH\CodeIgniter.php(368): CodeIgniter\CodeIgniter->handleRequest(null, Object(Config\Cache), false)
 5 FCPATH\index.php(67): CodeIgniter\CodeIgniter->run()
WARNING - 2024-07-12 19:27:44 --> [DEPRECATED] Implicit conversion from float 1032.625 to int loses precision in APPPATH\Controllers\AdmPost.php on line 3141.
 1 APPPATH\Controllers\AdmPost.php(3389): App\Controllers\AdmPost->secondsToTime(1032.625)
 2 SYSTEMPATH\CodeIgniter.php(934): App\Controllers\AdmPost->relatorio_analitico()
 3 SYSTEMPATH\CodeIgniter.php(499): CodeIgniter\CodeIgniter->runController(Object(App\Controllers\AdmPost))
 4 SYSTEMPATH\CodeIgniter.php(368): CodeIgniter\CodeIgniter->handleRequest(null, Object(Config\Cache), false)
 5 FCPATH\index.php(67): CodeIgniter\CodeIgniter->run()
WARNING - 2024-07-12 19:27:44 --> [DEPRECATED] Implicit conversion from float 1032.625 to int loses precision in APPPATH\Controllers\AdmPost.php on line 3142.
 1 APPPATH\Controllers\AdmPost.php(3389): App\Controllers\AdmPost->secondsToTime(1032.625)
 2 SYSTEMPATH\CodeIgniter.php(934): App\Controllers\AdmPost->relatorio_analitico()
 3 SYSTEMPATH\CodeIgniter.php(499): CodeIgniter\CodeIgniter->runController(Object(App\Controllers\AdmPost))
 4 SYSTEMPATH\CodeIgniter.php(368): CodeIgniter\CodeIgniter->handleRequest(null, Object(Config\Cache), false)
 5 FCPATH\index.php(67): CodeIgniter\CodeIgniter->run()
WARNING - 2024-07-12 19:27:44 --> [DEPRECATED] Implicit conversion from float 42.333333333333336 to int loses precision in APPPATH\Controllers\AdmPost.php on line 3141.
 1 APPPATH\Controllers\AdmPost.php(3389): App\Controllers\AdmPost->secondsToTime(42.333333333333336)
 2 SYSTEMPATH\CodeIgniter.php(934): App\Controllers\AdmPost->relatorio_analitico()
 3 SYSTEMPATH\CodeIgniter.php(499): CodeIgniter\CodeIgniter->runController(Object(App\Controllers\AdmPost))
 4 SYSTEMPATH\CodeIgniter.php(368): CodeIgniter\CodeIgniter->handleRequest(null, Object(Config\Cache), false)
 5 FCPATH\index.php(67): CodeIgniter\CodeIgniter->run()
WARNING - 2024-07-12 19:27:44 --> [DEPRECATED] Implicit conversion from float 42.333333333333336 to int loses precision in APPPATH\Controllers\AdmPost.php on line 3142.
 1 APPPATH\Controllers\AdmPost.php(3389): App\Controllers\AdmPost->secondsToTime(42.333333333333336)
 2 SYSTEMPATH\CodeIgniter.php(934): App\Controllers\AdmPost->relatorio_analitico()
 3 SYSTEMPATH\CodeIgniter.php(499): CodeIgniter\CodeIgniter->runController(Object(App\Controllers\AdmPost))
 4 SYSTEMPATH\CodeIgniter.php(368): CodeIgniter\CodeIgniter->handleRequest(null, Object(Config\Cache), false)
 5 FCPATH\index.php(67): CodeIgniter\CodeIgniter->run()
WARNING - 2024-07-12 19:29:56 --> [DEPRECATED] Implicit conversion from float 1032.625 to int loses precision in APPPATH\Controllers\AdmPost.php on line 3141.
 1 APPPATH\Controllers\AdmPost.php(3387): App\Controllers\AdmPost->secondsToTime(1032.625)
 2 SYSTEMPATH\CodeIgniter.php(934): App\Controllers\AdmPost->relatorio_analitico()
 3 SYSTEMPATH\CodeIgniter.php(499): CodeIgniter\CodeIgniter->runController(Object(App\Controllers\AdmPost))
 4 SYSTEMPATH\CodeIgniter.php(368): CodeIgniter\CodeIgniter->handleRequest(null, Object(Config\Cache), false)
 5 FCPATH\index.php(67): CodeIgniter\CodeIgniter->run()
WARNING - 2024-07-12 19:29:56 --> [DEPRECATED] Implicit conversion from float 1032.625 to int loses precision in APPPATH\Controllers\AdmPost.php on line 3142.
 1 APPPATH\Controllers\AdmPost.php(3387): App\Controllers\AdmPost->secondsToTime(1032.625)
 2 SYSTEMPATH\CodeIgniter.php(934): App\Controllers\AdmPost->relatorio_analitico()
 3 SYSTEMPATH\CodeIgniter.php(499): CodeIgniter\CodeIgniter->runController(Object(App\Controllers\AdmPost))
 4 SYSTEMPATH\CodeIgniter.php(368): CodeIgniter\CodeIgniter->handleRequest(null, Object(Config\Cache), false)
 5 FCPATH\index.php(67): CodeIgniter\CodeIgniter->run()
CRITICAL - 2024-07-12 19:29:56 --> in_array() expects at least 2 arguments, 1 given
in APPPATH\Controllers\AdmPost.php on line 3413.
 1 APPPATH\Controllers\AdmPost.php(3413): in_array([...])
 2 SYSTEMPATH\CodeIgniter.php(934): App\Controllers\AdmPost->relatorio_analitico()
 3 SYSTEMPATH\CodeIgniter.php(499): CodeIgniter\CodeIgniter->runController(Object(App\Controllers\AdmPost))
 4 SYSTEMPATH\CodeIgniter.php(368): CodeIgniter\CodeIgniter->handleRequest(null, Object(Config\Cache), false)
 5 FCPATH\index.php(67): CodeIgniter\CodeIgniter->run()
WARNING - 2024-07-12 19:32:15 --> [DEPRECATED] Implicit conversion from float 1032.625 to int loses precision in APPPATH\Controllers\AdmPost.php on line 3141.
 1 APPPATH\Controllers\AdmPost.php(3387): App\Controllers\AdmPost->secondsToTime(1032.625)
 2 SYSTEMPATH\CodeIgniter.php(934): App\Controllers\AdmPost->relatorio_analitico()
 3 SYSTEMPATH\CodeIgniter.php(499): CodeIgniter\CodeIgniter->runController(Object(App\Controllers\AdmPost))
 4 SYSTEMPATH\CodeIgniter.php(368): CodeIgniter\CodeIgniter->handleRequest(null, Object(Config\Cache), false)
 5 FCPATH\index.php(67): CodeIgniter\CodeIgniter->run()
WARNING - 2024-07-12 19:32:15 --> [DEPRECATED] Implicit conversion from float 1032.625 to int loses precision in APPPATH\Controllers\AdmPost.php on line 3142.
 1 APPPATH\Controllers\AdmPost.php(3387): App\Controllers\AdmPost->secondsToTime(1032.625)
 2 SYSTEMPATH\CodeIgniter.php(934): App\Controllers\AdmPost->relatorio_analitico()
 3 SYSTEMPATH\CodeIgniter.php(499): CodeIgniter\CodeIgniter->runController(Object(App\Controllers\AdmPost))
 4 SYSTEMPATH\CodeIgniter.php(368): CodeIgniter\CodeIgniter->handleRequest(null, Object(Config\Cache), false)
 5 FCPATH\index.php(67): CodeIgniter\CodeIgniter->run()
WARNING - 2024-07-12 19:32:15 --> [DEPRECATED] Implicit conversion from float 42.333333333333336 to int loses precision in APPPATH\Controllers\AdmPost.php on line 3141.
 1 APPPATH\Controllers\AdmPost.php(3387): App\Controllers\AdmPost->secondsToTime(42.333333333333336)
 2 SYSTEMPATH\CodeIgniter.php(934): App\Controllers\AdmPost->relatorio_analitico()
 3 SYSTEMPATH\CodeIgniter.php(499): CodeIgniter\CodeIgniter->runController(Object(App\Controllers\AdmPost))
 4 SYSTEMPATH\CodeIgniter.php(368): CodeIgniter\CodeIgniter->handleRequest(null, Object(Config\Cache), false)
 5 FCPATH\index.php(67): CodeIgniter\CodeIgniter->run()
WARNING - 2024-07-12 19:32:15 --> [DEPRECATED] Implicit conversion from float 42.333333333333336 to int loses precision in APPPATH\Controllers\AdmPost.php on line 3142.
 1 APPPATH\Controllers\AdmPost.php(3387): App\Controllers\AdmPost->secondsToTime(42.333333333333336)
 2 SYSTEMPATH\CodeIgniter.php(934): App\Controllers\AdmPost->relatorio_analitico()
 3 SYSTEMPATH\CodeIgniter.php(499): CodeIgniter\CodeIgniter->runController(Object(App\Controllers\AdmPost))
 4 SYSTEMPATH\CodeIgniter.php(368): CodeIgniter\CodeIgniter->handleRequest(null, Object(Config\Cache), false)
 5 FCPATH\index.php(67): CodeIgniter\CodeIgniter->run()
WARNING - 2024-07-12 19:32:29 --> [DEPRECATED] Implicit conversion from float 1032.625 to int loses precision in APPPATH\Controllers\AdmPost.php on line 3141.
 1 APPPATH\Controllers\AdmPost.php(3387): App\Controllers\AdmPost->secondsToTime(1032.625)
 2 SYSTEMPATH\CodeIgniter.php(934): App\Controllers\AdmPost->relatorio_analitico()
 3 SYSTEMPATH\CodeIgniter.php(499): CodeIgniter\CodeIgniter->runController(Object(App\Controllers\AdmPost))
 4 SYSTEMPATH\CodeIgniter.php(368): CodeIgniter\CodeIgniter->handleRequest(null, Object(Config\Cache), false)
 5 FCPATH\index.php(67): CodeIgniter\CodeIgniter->run()
WARNING - 2024-07-12 19:32:29 --> [DEPRECATED] Implicit conversion from float 1032.625 to int loses precision in APPPATH\Controllers\AdmPost.php on line 3142.
 1 APPPATH\Controllers\AdmPost.php(3387): App\Controllers\AdmPost->secondsToTime(1032.625)
 2 SYSTEMPATH\CodeIgniter.php(934): App\Controllers\AdmPost->relatorio_analitico()
 3 SYSTEMPATH\CodeIgniter.php(499): CodeIgniter\CodeIgniter->runController(Object(App\Controllers\AdmPost))
 4 SYSTEMPATH\CodeIgniter.php(368): CodeIgniter\CodeIgniter->handleRequest(null, Object(Config\Cache), false)
 5 FCPATH\index.php(67): CodeIgniter\CodeIgniter->run()
WARNING - 2024-07-12 19:32:29 --> [DEPRECATED] Implicit conversion from float 42.333333333333336 to int loses precision in APPPATH\Controllers\AdmPost.php on line 3141.
 1 APPPATH\Controllers\AdmPost.php(3387): App\Controllers\AdmPost->secondsToTime(42.333333333333336)
 2 SYSTEMPATH\CodeIgniter.php(934): App\Controllers\AdmPost->relatorio_analitico()
 3 SYSTEMPATH\CodeIgniter.php(499): CodeIgniter\CodeIgniter->runController(Object(App\Controllers\AdmPost))
 4 SYSTEMPATH\CodeIgniter.php(368): CodeIgniter\CodeIgniter->handleRequest(null, Object(Config\Cache), false)
 5 FCPATH\index.php(67): CodeIgniter\CodeIgniter->run()
WARNING - 2024-07-12 19:32:29 --> [DEPRECATED] Implicit conversion from float 42.333333333333336 to int loses precision in APPPATH\Controllers\AdmPost.php on line 3142.
 1 APPPATH\Controllers\AdmPost.php(3387): App\Controllers\AdmPost->secondsToTime(42.333333333333336)
 2 SYSTEMPATH\CodeIgniter.php(934): App\Controllers\AdmPost->relatorio_analitico()
 3 SYSTEMPATH\CodeIgniter.php(499): CodeIgniter\CodeIgniter->runController(Object(App\Controllers\AdmPost))
 4 SYSTEMPATH\CodeIgniter.php(368): CodeIgniter\CodeIgniter->handleRequest(null, Object(Config\Cache), false)
 5 FCPATH\index.php(67): CodeIgniter\CodeIgniter->run()
WARNING - 2024-07-12 23:45:54 --> [DEPRECATED] Implicit conversion from float 1032.625 to int loses precision in APPPATH\Controllers\AdmPost.php on line 3141.
 1 APPPATH\Controllers\AdmPost.php(3387): App\Controllers\AdmPost->secondsToTime(1032.625)
 2 SYSTEMPATH\CodeIgniter.php(934): App\Controllers\AdmPost->relatorio_analitico()
 3 SYSTEMPATH\CodeIgniter.php(499): CodeIgniter\CodeIgniter->runController(Object(App\Controllers\AdmPost))
 4 SYSTEMPATH\CodeIgniter.php(368): CodeIgniter\CodeIgniter->handleRequest(null, Object(Config\Cache), false)
 5 FCPATH\index.php(67): CodeIgniter\CodeIgniter->run()
WARNING - 2024-07-12 23:45:54 --> [DEPRECATED] Implicit conversion from float 1032.625 to int loses precision in APPPATH\Controllers\AdmPost.php on line 3142.
 1 APPPATH\Controllers\AdmPost.php(3387): App\Controllers\AdmPost->secondsToTime(1032.625)
 2 SYSTEMPATH\CodeIgniter.php(934): App\Controllers\AdmPost->relatorio_analitico()
 3 SYSTEMPATH\CodeIgniter.php(499): CodeIgniter\CodeIgniter->runController(Object(App\Controllers\AdmPost))
 4 SYSTEMPATH\CodeIgniter.php(368): CodeIgniter\CodeIgniter->handleRequest(null, Object(Config\Cache), false)
 5 FCPATH\index.php(67): CodeIgniter\CodeIgniter->run()
WARNING - 2024-07-12 23:45:54 --> [DEPRECATED] Implicit conversion from float 42.333333333333336 to int loses precision in APPPATH\Controllers\AdmPost.php on line 3141.
 1 APPPATH\Controllers\AdmPost.php(3387): App\Controllers\AdmPost->secondsToTime(42.333333333333336)
 2 SYSTEMPATH\CodeIgniter.php(934): App\Controllers\AdmPost->relatorio_analitico()
 3 SYSTEMPATH\CodeIgniter.php(499): CodeIgniter\CodeIgniter->runController(Object(App\Controllers\AdmPost))
 4 SYSTEMPATH\CodeIgniter.php(368): CodeIgniter\CodeIgniter->handleRequest(null, Object(Config\Cache), false)
 5 FCPATH\index.php(67): CodeIgniter\CodeIgniter->run()
WARNING - 2024-07-12 23:45:54 --> [DEPRECATED] Implicit conversion from float 42.333333333333336 to int loses precision in APPPATH\Controllers\AdmPost.php on line 3142.
 1 APPPATH\Controllers\AdmPost.php(3387): App\Controllers\AdmPost->secondsToTime(42.333333333333336)
 2 SYSTEMPATH\CodeIgniter.php(934): App\Controllers\AdmPost->relatorio_analitico()
 3 SYSTEMPATH\CodeIgniter.php(499): CodeIgniter\CodeIgniter->runController(Object(App\Controllers\AdmPost))
 4 SYSTEMPATH\CodeIgniter.php(368): CodeIgniter\CodeIgniter->handleRequest(null, Object(Config\Cache), false)
 5 FCPATH\index.php(67): CodeIgniter\CodeIgniter->run()
WARNING - 2024-07-12 23:47:43 --> [DEPRECATED] Implicit conversion from float 1032.625 to int loses precision in APPPATH\Controllers\AdmPost.php on line 3141.
 1 APPPATH\Controllers\AdmPost.php(3387): App\Controllers\AdmPost->secondsToTime(1032.625)
 2 SYSTEMPATH\CodeIgniter.php(934): App\Controllers\AdmPost->relatorio_analitico()
 3 SYSTEMPATH\CodeIgniter.php(499): CodeIgniter\CodeIgniter->runController(Object(App\Controllers\AdmPost))
 4 SYSTEMPATH\CodeIgniter.php(368): CodeIgniter\CodeIgniter->handleRequest(null, Object(Config\Cache), false)
 5 FCPATH\index.php(67): CodeIgniter\CodeIgniter->run()
WARNING - 2024-07-12 23:47:43 --> [DEPRECATED] Implicit conversion from float 1032.625 to int loses precision in APPPATH\Controllers\AdmPost.php on line 3142.
 1 APPPATH\Controllers\AdmPost.php(3387): App\Controllers\AdmPost->secondsToTime(1032.625)
 2 SYSTEMPATH\CodeIgniter.php(934): App\Controllers\AdmPost->relatorio_analitico()
 3 SYSTEMPATH\CodeIgniter.php(499): CodeIgniter\CodeIgniter->runController(Object(App\Controllers\AdmPost))
 4 SYSTEMPATH\CodeIgniter.php(368): CodeIgniter\CodeIgniter->handleRequest(null, Object(Config\Cache), false)
 5 FCPATH\index.php(67): CodeIgniter\CodeIgniter->run()
WARNING - 2024-07-12 23:47:43 --> [DEPRECATED] Implicit conversion from float 42.333333333333336 to int loses precision in APPPATH\Controllers\AdmPost.php on line 3141.
 1 APPPATH\Controllers\AdmPost.php(3387): App\Controllers\AdmPost->secondsToTime(42.333333333333336)
 2 SYSTEMPATH\CodeIgniter.php(934): App\Controllers\AdmPost->relatorio_analitico()
 3 SYSTEMPATH\CodeIgniter.php(499): CodeIgniter\CodeIgniter->runController(Object(App\Controllers\AdmPost))
 4 SYSTEMPATH\CodeIgniter.php(368): CodeIgniter\CodeIgniter->handleRequest(null, Object(Config\Cache), false)
 5 FCPATH\index.php(67): CodeIgniter\CodeIgniter->run()
WARNING - 2024-07-12 23:47:43 --> [DEPRECATED] Implicit conversion from float 42.333333333333336 to int loses precision in APPPATH\Controllers\AdmPost.php on line 3142.
 1 APPPATH\Controllers\AdmPost.php(3387): App\Controllers\AdmPost->secondsToTime(42.333333333333336)
 2 SYSTEMPATH\CodeIgniter.php(934): App\Controllers\AdmPost->relatorio_analitico()
 3 SYSTEMPATH\CodeIgniter.php(499): CodeIgniter\CodeIgniter->runController(Object(App\Controllers\AdmPost))
 4 SYSTEMPATH\CodeIgniter.php(368): CodeIgniter\CodeIgniter->handleRequest(null, Object(Config\Cache), false)
 5 FCPATH\index.php(67): CodeIgniter\CodeIgniter->run()
WARNING - 2024-07-12 23:47:47 --> [DEPRECATED] Implicit conversion from float 1032.625 to int loses precision in APPPATH\Controllers\AdmPost.php on line 3141.
 1 APPPATH\Controllers\AdmPost.php(3387): App\Controllers\AdmPost->secondsToTime(1032.625)
 2 SYSTEMPATH\CodeIgniter.php(934): App\Controllers\AdmPost->relatorio_analitico()
 3 SYSTEMPATH\CodeIgniter.php(499): CodeIgniter\CodeIgniter->runController(Object(App\Controllers\AdmPost))
 4 SYSTEMPATH\CodeIgniter.php(368): CodeIgniter\CodeIgniter->handleRequest(null, Object(Config\Cache), false)
 5 FCPATH\index.php(67): CodeIgniter\CodeIgniter->run()
WARNING - 2024-07-12 23:47:47 --> [DEPRECATED] Implicit conversion from float 1032.625 to int loses precision in APPPATH\Controllers\AdmPost.php on line 3142.
 1 APPPATH\Controllers\AdmPost.php(3387): App\Controllers\AdmPost->secondsToTime(1032.625)
 2 SYSTEMPATH\CodeIgniter.php(934): App\Controllers\AdmPost->relatorio_analitico()
 3 SYSTEMPATH\CodeIgniter.php(499): CodeIgniter\CodeIgniter->runController(Object(App\Controllers\AdmPost))
 4 SYSTEMPATH\CodeIgniter.php(368): CodeIgniter\CodeIgniter->handleRequest(null, Object(Config\Cache), false)
 5 FCPATH\index.php(67): CodeIgniter\CodeIgniter->run()
WARNING - 2024-07-12 23:47:47 --> [DEPRECATED] Implicit conversion from float 42.333333333333336 to int loses precision in APPPATH\Controllers\AdmPost.php on line 3141.
 1 APPPATH\Controllers\AdmPost.php(3387): App\Controllers\AdmPost->secondsToTime(42.333333333333336)
 2 SYSTEMPATH\CodeIgniter.php(934): App\Controllers\AdmPost->relatorio_analitico()
 3 SYSTEMPATH\CodeIgniter.php(499): CodeIgniter\CodeIgniter->runController(Object(App\Controllers\AdmPost))
 4 SYSTEMPATH\CodeIgniter.php(368): CodeIgniter\CodeIgniter->handleRequest(null, Object(Config\Cache), false)
 5 FCPATH\index.php(67): CodeIgniter\CodeIgniter->run()
WARNING - 2024-07-12 23:47:47 --> [DEPRECATED] Implicit conversion from float 42.333333333333336 to int loses precision in APPPATH\Controllers\AdmPost.php on line 3142.
 1 APPPATH\Controllers\AdmPost.php(3387): App\Controllers\AdmPost->secondsToTime(42.333333333333336)
 2 SYSTEMPATH\CodeIgniter.php(934): App\Controllers\AdmPost->relatorio_analitico()
 3 SYSTEMPATH\CodeIgniter.php(499): CodeIgniter\CodeIgniter->runController(Object(App\Controllers\AdmPost))
 4 SYSTEMPATH\CodeIgniter.php(368): CodeIgniter\CodeIgniter->handleRequest(null, Object(Config\Cache), false)
 5 FCPATH\index.php(67): CodeIgniter\CodeIgniter->run()
WARNING - 2024-07-12 23:48:41 --> [DEPRECATED] Implicit conversion from float 1032.625 to int loses precision in APPPATH\Controllers\AdmPost.php on line 3141.
 1 APPPATH\Controllers\AdmPost.php(3387): App\Controllers\AdmPost->secondsToTime(1032.625)
 2 SYSTEMPATH\CodeIgniter.php(934): App\Controllers\AdmPost->relatorio_analitico()
 3 SYSTEMPATH\CodeIgniter.php(499): CodeIgniter\CodeIgniter->runController(Object(App\Controllers\AdmPost))
 4 SYSTEMPATH\CodeIgniter.php(368): CodeIgniter\CodeIgniter->handleRequest(null, Object(Config\Cache), false)
 5 FCPATH\index.php(67): CodeIgniter\CodeIgniter->run()
WARNING - 2024-07-12 23:48:41 --> [DEPRECATED] Implicit conversion from float 1032.625 to int loses precision in APPPATH\Controllers\AdmPost.php on line 3142.
 1 APPPATH\Controllers\AdmPost.php(3387): App\Controllers\AdmPost->secondsToTime(1032.625)
 2 SYSTEMPATH\CodeIgniter.php(934): App\Controllers\AdmPost->relatorio_analitico()
 3 SYSTEMPATH\CodeIgniter.php(499): CodeIgniter\CodeIgniter->runController(Object(App\Controllers\AdmPost))
 4 SYSTEMPATH\CodeIgniter.php(368): CodeIgniter\CodeIgniter->handleRequest(null, Object(Config\Cache), false)
 5 FCPATH\index.php(67): CodeIgniter\CodeIgniter->run()
WARNING - 2024-07-12 23:48:41 --> [DEPRECATED] Implicit conversion from float 42.333333333333336 to int loses precision in APPPATH\Controllers\AdmPost.php on line 3141.
 1 APPPATH\Controllers\AdmPost.php(3387): App\Controllers\AdmPost->secondsToTime(42.333333333333336)
 2 SYSTEMPATH\CodeIgniter.php(934): App\Controllers\AdmPost->relatorio_analitico()
 3 SYSTEMPATH\CodeIgniter.php(499): CodeIgniter\CodeIgniter->runController(Object(App\Controllers\AdmPost))
 4 SYSTEMPATH\CodeIgniter.php(368): CodeIgniter\CodeIgniter->handleRequest(null, Object(Config\Cache), false)
 5 FCPATH\index.php(67): CodeIgniter\CodeIgniter->run()
WARNING - 2024-07-12 23:48:41 --> [DEPRECATED] Implicit conversion from float 42.333333333333336 to int loses precision in APPPATH\Controllers\AdmPost.php on line 3142.
 1 APPPATH\Controllers\AdmPost.php(3387): App\Controllers\AdmPost->secondsToTime(42.333333333333336)
 2 SYSTEMPATH\CodeIgniter.php(934): App\Controllers\AdmPost->relatorio_analitico()
 3 SYSTEMPATH\CodeIgniter.php(499): CodeIgniter\CodeIgniter->runController(Object(App\Controllers\AdmPost))
 4 SYSTEMPATH\CodeIgniter.php(368): CodeIgniter\CodeIgniter->handleRequest(null, Object(Config\Cache), false)
 5 FCPATH\index.php(67): CodeIgniter\CodeIgniter->run()
WARNING - 2024-07-12 23:52:32 --> [DEPRECATED] Implicit conversion from float 1031.1290322580646 to int loses precision in APPPATH\Controllers\AdmPost.php on line 3141.
 1 APPPATH\Controllers\AdmPost.php(3387): App\Controllers\AdmPost->secondsToTime(1031.1290322580646)
 2 SYSTEMPATH\CodeIgniter.php(934): App\Controllers\AdmPost->relatorio_analitico()
 3 SYSTEMPATH\CodeIgniter.php(499): CodeIgniter\CodeIgniter->runController(Object(App\Controllers\AdmPost))
 4 SYSTEMPATH\CodeIgniter.php(368): CodeIgniter\CodeIgniter->handleRequest(null, Object(Config\Cache), false)
 5 FCPATH\index.php(67): CodeIgniter\CodeIgniter->run()
WARNING - 2024-07-12 23:52:32 --> [DEPRECATED] Implicit conversion from float 1031.1290322580646 to int loses precision in APPPATH\Controllers\AdmPost.php on line 3142.
 1 APPPATH\Controllers\AdmPost.php(3387): App\Controllers\AdmPost->secondsToTime(1031.1290322580646)
 2 SYSTEMPATH\CodeIgniter.php(934): App\Controllers\AdmPost->relatorio_analitico()
 3 SYSTEMPATH\CodeIgniter.php(499): CodeIgniter\CodeIgniter->runController(Object(App\Controllers\AdmPost))
 4 SYSTEMPATH\CodeIgniter.php(368): CodeIgniter\CodeIgniter->handleRequest(null, Object(Config\Cache), false)
 5 FCPATH\index.php(67): CodeIgniter\CodeIgniter->run()
WARNING - 2024-07-12 23:52:32 --> [DEPRECATED] Implicit conversion from float 42.333333333333336 to int loses precision in APPPATH\Controllers\AdmPost.php on line 3141.
 1 APPPATH\Controllers\AdmPost.php(3387): App\Controllers\AdmPost->secondsToTime(42.333333333333336)
 2 SYSTEMPATH\CodeIgniter.php(934): App\Controllers\AdmPost->relatorio_analitico()
 3 SYSTEMPATH\CodeIgniter.php(499): CodeIgniter\CodeIgniter->runController(Object(App\Controllers\AdmPost))
 4 SYSTEMPATH\CodeIgniter.php(368): CodeIgniter\CodeIgniter->handleRequest(null, Object(Config\Cache), false)
 5 FCPATH\index.php(67): CodeIgniter\CodeIgniter->run()
WARNING - 2024-07-12 23:52:32 --> [DEPRECATED] Implicit conversion from float 42.333333333333336 to int loses precision in APPPATH\Controllers\AdmPost.php on line 3142.
 1 APPPATH\Controllers\AdmPost.php(3387): App\Controllers\AdmPost->secondsToTime(42.333333333333336)
 2 SYSTEMPATH\CodeIgniter.php(934): App\Controllers\AdmPost->relatorio_analitico()
 3 SYSTEMPATH\CodeIgniter.php(499): CodeIgniter\CodeIgniter->runController(Object(App\Controllers\AdmPost))
 4 SYSTEMPATH\CodeIgniter.php(368): CodeIgniter\CodeIgniter->handleRequest(null, Object(Config\Cache), false)
 5 FCPATH\index.php(67): CodeIgniter\CodeIgniter->run()
WARNING - 2024-07-12 23:53:38 --> [DEPRECATED] Implicit conversion from float 1031.1290322580646 to int loses precision in APPPATH\Controllers\AdmPost.php on line 3141.
 1 APPPATH\Controllers\AdmPost.php(3386): App\Controllers\AdmPost->secondsToTime(1031.1290322580646)
 2 SYSTEMPATH\CodeIgniter.php(934): App\Controllers\AdmPost->relatorio_analitico()
 3 SYSTEMPATH\CodeIgniter.php(499): CodeIgniter\CodeIgniter->runController(Object(App\Controllers\AdmPost))
 4 SYSTEMPATH\CodeIgniter.php(368): CodeIgniter\CodeIgniter->handleRequest(null, Object(Config\Cache), false)
 5 FCPATH\index.php(67): CodeIgniter\CodeIgniter->run()
WARNING - 2024-07-12 23:53:38 --> [DEPRECATED] Implicit conversion from float 1031.1290322580646 to int loses precision in APPPATH\Controllers\AdmPost.php on line 3142.
 1 APPPATH\Controllers\AdmPost.php(3386): App\Controllers\AdmPost->secondsToTime(1031.1290322580646)
 2 SYSTEMPATH\CodeIgniter.php(934): App\Controllers\AdmPost->relatorio_analitico()
 3 SYSTEMPATH\CodeIgniter.php(499): CodeIgniter\CodeIgniter->runController(Object(App\Controllers\AdmPost))
 4 SYSTEMPATH\CodeIgniter.php(368): CodeIgniter\CodeIgniter->handleRequest(null, Object(Config\Cache), false)
 5 FCPATH\index.php(67): CodeIgniter\CodeIgniter->run()
WARNING - 2024-07-12 23:53:38 --> [DEPRECATED] Implicit conversion from float 42.333333333333336 to int loses precision in APPPATH\Controllers\AdmPost.php on line 3141.
 1 APPPATH\Controllers\AdmPost.php(3386): App\Controllers\AdmPost->secondsToTime(42.333333333333336)
 2 SYSTEMPATH\CodeIgniter.php(934): App\Controllers\AdmPost->relatorio_analitico()
 3 SYSTEMPATH\CodeIgniter.php(499): CodeIgniter\CodeIgniter->runController(Object(App\Controllers\AdmPost))
 4 SYSTEMPATH\CodeIgniter.php(368): CodeIgniter\CodeIgniter->handleRequest(null, Object(Config\Cache), false)
 5 FCPATH\index.php(67): CodeIgniter\CodeIgniter->run()
WARNING - 2024-07-12 23:53:38 --> [DEPRECATED] Implicit conversion from float 42.333333333333336 to int loses precision in APPPATH\Controllers\AdmPost.php on line 3142.
 1 APPPATH\Controllers\AdmPost.php(3386): App\Controllers\AdmPost->secondsToTime(42.333333333333336)
 2 SYSTEMPATH\CodeIgniter.php(934): App\Controllers\AdmPost->relatorio_analitico()
 3 SYSTEMPATH\CodeIgniter.php(499): CodeIgniter\CodeIgniter->runController(Object(App\Controllers\AdmPost))
 4 SYSTEMPATH\CodeIgniter.php(368): CodeIgniter\CodeIgniter->handleRequest(null, Object(Config\Cache), false)
 5 FCPATH\index.php(67): CodeIgniter\CodeIgniter->run()
WARNING - 2024-07-12 23:54:08 --> [DEPRECATED] Implicit conversion from float 1031.1290322580646 to int loses precision in APPPATH\Controllers\AdmPost.php on line 3141.
 1 APPPATH\Controllers\AdmPost.php(3386): App\Controllers\AdmPost->secondsToTime(1031.1290322580646)
 2 SYSTEMPATH\CodeIgniter.php(934): App\Controllers\AdmPost->relatorio_analitico()
 3 SYSTEMPATH\CodeIgniter.php(499): CodeIgniter\CodeIgniter->runController(Object(App\Controllers\AdmPost))
 4 SYSTEMPATH\CodeIgniter.php(368): CodeIgniter\CodeIgniter->handleRequest(null, Object(Config\Cache), false)
 5 FCPATH\index.php(67): CodeIgniter\CodeIgniter->run()
WARNING - 2024-07-12 23:54:08 --> [DEPRECATED] Implicit conversion from float 1031.1290322580646 to int loses precision in APPPATH\Controllers\AdmPost.php on line 3142.
 1 APPPATH\Controllers\AdmPost.php(3386): App\Controllers\AdmPost->secondsToTime(1031.1290322580646)
 2 SYSTEMPATH\CodeIgniter.php(934): App\Controllers\AdmPost->relatorio_analitico()
 3 SYSTEMPATH\CodeIgniter.php(499): CodeIgniter\CodeIgniter->runController(Object(App\Controllers\AdmPost))
 4 SYSTEMPATH\CodeIgniter.php(368): CodeIgniter\CodeIgniter->handleRequest(null, Object(Config\Cache), false)
 5 FCPATH\index.php(67): CodeIgniter\CodeIgniter->run()
WARNING - 2024-07-12 23:54:08 --> [DEPRECATED] Implicit conversion from float 42.333333333333336 to int loses precision in APPPATH\Controllers\AdmPost.php on line 3141.
 1 APPPATH\Controllers\AdmPost.php(3386): App\Controllers\AdmPost->secondsToTime(42.333333333333336)
 2 SYSTEMPATH\CodeIgniter.php(934): App\Controllers\AdmPost->relatorio_analitico()
 3 SYSTEMPATH\CodeIgniter.php(499): CodeIgniter\CodeIgniter->runController(Object(App\Controllers\AdmPost))
 4 SYSTEMPATH\CodeIgniter.php(368): CodeIgniter\CodeIgniter->handleRequest(null, Object(Config\Cache), false)
 5 FCPATH\index.php(67): CodeIgniter\CodeIgniter->run()
WARNING - 2024-07-12 23:54:08 --> [DEPRECATED] Implicit conversion from float 42.333333333333336 to int loses precision in APPPATH\Controllers\AdmPost.php on line 3142.
 1 APPPATH\Controllers\AdmPost.php(3386): App\Controllers\AdmPost->secondsToTime(42.333333333333336)
 2 SYSTEMPATH\CodeIgniter.php(934): App\Controllers\AdmPost->relatorio_analitico()
 3 SYSTEMPATH\CodeIgniter.php(499): CodeIgniter\CodeIgniter->runController(Object(App\Controllers\AdmPost))
 4 SYSTEMPATH\CodeIgniter.php(368): CodeIgniter\CodeIgniter->handleRequest(null, Object(Config\Cache), false)
 5 FCPATH\index.php(67): CodeIgniter\CodeIgniter->run()
WARNING - 2024-07-12 23:54:40 --> [DEPRECATED] Implicit conversion from float 6332.53125 to int loses precision in APPPATH\Controllers\AdmPost.php on line 3141.
 1 APPPATH\Controllers\AdmPost.php(3386): App\Controllers\AdmPost->secondsToTime(6332.53125)
 2 SYSTEMPATH\CodeIgniter.php(934): App\Controllers\AdmPost->relatorio_analitico()
 3 SYSTEMPATH\CodeIgniter.php(499): CodeIgniter\CodeIgniter->runController(Object(App\Controllers\AdmPost))
 4 SYSTEMPATH\CodeIgniter.php(368): CodeIgniter\CodeIgniter->handleRequest(null, Object(Config\Cache), false)
 5 FCPATH\index.php(67): CodeIgniter\CodeIgniter->run()
WARNING - 2024-07-12 23:54:40 --> [DEPRECATED] Implicit conversion from float 6332.53125 to int loses precision in APPPATH\Controllers\AdmPost.php on line 3142.
 1 APPPATH\Controllers\AdmPost.php(3386): App\Controllers\AdmPost->secondsToTime(6332.53125)
 2 SYSTEMPATH\CodeIgniter.php(934): App\Controllers\AdmPost->relatorio_analitico()
 3 SYSTEMPATH\CodeIgniter.php(499): CodeIgniter\CodeIgniter->runController(Object(App\Controllers\AdmPost))
 4 SYSTEMPATH\CodeIgniter.php(368): CodeIgniter\CodeIgniter->handleRequest(null, Object(Config\Cache), false)
 5 FCPATH\index.php(67): CodeIgniter\CodeIgniter->run()
WARNING - 2024-07-12 23:54:40 --> [DEPRECATED] Implicit conversion from float 3302.8947368421054 to int loses precision in APPPATH\Controllers\AdmPost.php on line 3141.
 1 APPPATH\Controllers\AdmPost.php(3386): App\Controllers\AdmPost->secondsToTime(3302.8947368421054)
 2 SYSTEMPATH\CodeIgniter.php(934): App\Controllers\AdmPost->relatorio_analitico()
 3 SYSTEMPATH\CodeIgniter.php(499): CodeIgniter\CodeIgniter->runController(Object(App\Controllers\AdmPost))
 4 SYSTEMPATH\CodeIgniter.php(368): CodeIgniter\CodeIgniter->handleRequest(null, Object(Config\Cache), false)
 5 FCPATH\index.php(67): CodeIgniter\CodeIgniter->run()
WARNING - 2024-07-12 23:54:40 --> [DEPRECATED] Implicit conversion from float 3302.8947368421054 to int loses precision in APPPATH\Controllers\AdmPost.php on line 3142.
 1 APPPATH\Controllers\AdmPost.php(3386): App\Controllers\AdmPost->secondsToTime(3302.8947368421054)
 2 SYSTEMPATH\CodeIgniter.php(934): App\Controllers\AdmPost->relatorio_analitico()
 3 SYSTEMPATH\CodeIgniter.php(499): CodeIgniter\CodeIgniter->runController(Object(App\Controllers\AdmPost))
 4 SYSTEMPATH\CodeIgniter.php(368): CodeIgniter\CodeIgniter->handleRequest(null, Object(Config\Cache), false)
 5 FCPATH\index.php(67): CodeIgniter\CodeIgniter->run()
WARNING - 2024-07-12 23:55:16 --> [DEPRECATED] Implicit conversion from float 5113.272 to int loses precision in APPPATH\Controllers\AdmPost.php on line 3141.
 1 APPPATH\Controllers\AdmPost.php(3386): App\Controllers\AdmPost->secondsToTime(5113.272)
 2 SYSTEMPATH\CodeIgniter.php(934): App\Controllers\AdmPost->relatorio_analitico()
 3 SYSTEMPATH\CodeIgniter.php(499): CodeIgniter\CodeIgniter->runController(Object(App\Controllers\AdmPost))
 4 SYSTEMPATH\CodeIgniter.php(368): CodeIgniter\CodeIgniter->handleRequest(null, Object(Config\Cache), false)
 5 FCPATH\index.php(67): CodeIgniter\CodeIgniter->run()
WARNING - 2024-07-12 23:55:16 --> [DEPRECATED] Implicit conversion from float 5113.272 to int loses precision in APPPATH\Controllers\AdmPost.php on line 3142.
 1 APPPATH\Controllers\AdmPost.php(3386): App\Controllers\AdmPost->secondsToTime(5113.272)
 2 SYSTEMPATH\CodeIgniter.php(934): App\Controllers\AdmPost->relatorio_analitico()
 3 SYSTEMPATH\CodeIgniter.php(499): CodeIgniter\CodeIgniter->runController(Object(App\Controllers\AdmPost))
 4 SYSTEMPATH\CodeIgniter.php(368): CodeIgniter\CodeIgniter->handleRequest(null, Object(Config\Cache), false)
 5 FCPATH\index.php(67): CodeIgniter\CodeIgniter->run()
WARNING - 2024-07-12 23:55:16 --> [DEPRECATED] Implicit conversion from float 2858.2727272727275 to int loses precision in APPPATH\Controllers\AdmPost.php on line 3141.
 1 APPPATH\Controllers\AdmPost.php(3386): App\Controllers\AdmPost->secondsToTime(2858.2727272727275)
 2 SYSTEMPATH\CodeIgniter.php(934): App\Controllers\AdmPost->relatorio_analitico()
 3 SYSTEMPATH\CodeIgniter.php(499): CodeIgniter\CodeIgniter->runController(Object(App\Controllers\AdmPost))
 4 SYSTEMPATH\CodeIgniter.php(368): CodeIgniter\CodeIgniter->handleRequest(null, Object(Config\Cache), false)
 5 FCPATH\index.php(67): CodeIgniter\CodeIgniter->run()
WARNING - 2024-07-12 23:55:16 --> [DEPRECATED] Implicit conversion from float 2858.2727272727275 to int loses precision in APPPATH\Controllers\AdmPost.php on line 3142.
 1 APPPATH\Controllers\AdmPost.php(3386): App\Controllers\AdmPost->secondsToTime(2858.2727272727275)
 2 SYSTEMPATH\CodeIgniter.php(934): App\Controllers\AdmPost->relatorio_analitico()
 3 SYSTEMPATH\CodeIgniter.php(499): CodeIgniter\CodeIgniter->runController(Object(App\Controllers\AdmPost))
 4 SYSTEMPATH\CodeIgniter.php(368): CodeIgniter\CodeIgniter->handleRequest(null, Object(Config\Cache), false)
 5 FCPATH\index.php(67): CodeIgniter\CodeIgniter->run()
WARNING - 2024-07-12 23:56:20 --> [DEPRECATED] Implicit conversion from float 2226.6060606060605 to int loses precision in APPPATH\Controllers\AdmPost.php on line 3141.
 1 APPPATH\Controllers\AdmPost.php(3386): App\Controllers\AdmPost->secondsToTime(2226.6060606060605)
 2 SYSTEMPATH\CodeIgniter.php(934): App\Controllers\AdmPost->relatorio_analitico()
 3 SYSTEMPATH\CodeIgniter.php(499): CodeIgniter\CodeIgniter->runController(Object(App\Controllers\AdmPost))
 4 SYSTEMPATH\CodeIgniter.php(368): CodeIgniter\CodeIgniter->handleRequest(null, Object(Config\Cache), false)
 5 FCPATH\index.php(67): CodeIgniter\CodeIgniter->run()
WARNING - 2024-07-12 23:56:20 --> [DEPRECATED] Implicit conversion from float 2226.6060606060605 to int loses precision in APPPATH\Controllers\AdmPost.php on line 3142.
 1 APPPATH\Controllers\AdmPost.php(3386): App\Controllers\AdmPost->secondsToTime(2226.6060606060605)
 2 SYSTEMPATH\CodeIgniter.php(934): App\Controllers\AdmPost->relatorio_analitico()
 3 SYSTEMPATH\CodeIgniter.php(499): CodeIgniter\CodeIgniter->runController(Object(App\Controllers\AdmPost))
 4 SYSTEMPATH\CodeIgniter.php(368): CodeIgniter\CodeIgniter->handleRequest(null, Object(Config\Cache), false)
 5 FCPATH\index.php(67): CodeIgniter\CodeIgniter->run()
WARNING - 2024-07-12 23:56:20 --> [DEPRECATED] Implicit conversion from float 5282.302816901409 to int loses precision in APPPATH\Controllers\AdmPost.php on line 3141.
 1 APPPATH\Controllers\AdmPost.php(3386): App\Controllers\AdmPost->secondsToTime(5282.302816901409)
 2 SYSTEMPATH\CodeIgniter.php(934): App\Controllers\AdmPost->relatorio_analitico()
 3 SYSTEMPATH\CodeIgniter.php(499): CodeIgniter\CodeIgniter->runController(Object(App\Controllers\AdmPost))
 4 SYSTEMPATH\CodeIgniter.php(368): CodeIgniter\CodeIgniter->handleRequest(null, Object(Config\Cache), false)
 5 FCPATH\index.php(67): CodeIgniter\CodeIgniter->run()
WARNING - 2024-07-12 23:56:20 --> [DEPRECATED] Implicit conversion from float 5282.302816901409 to int loses precision in APPPATH\Controllers\AdmPost.php on line 3142.
 1 APPPATH\Controllers\AdmPost.php(3386): App\Controllers\AdmPost->secondsToTime(5282.302816901409)
 2 SYSTEMPATH\CodeIgniter.php(934): App\Controllers\AdmPost->relatorio_analitico()
 3 SYSTEMPATH\CodeIgniter.php(499): CodeIgniter\CodeIgniter->runController(Object(App\Controllers\AdmPost))
 4 SYSTEMPATH\CodeIgniter.php(368): CodeIgniter\CodeIgniter->handleRequest(null, Object(Config\Cache), false)
 5 FCPATH\index.php(67): CodeIgniter\CodeIgniter->run()
WARNING - 2024-07-12 23:58:19 --> [DEPRECATED] Implicit conversion from float 5113.272 to int loses precision in APPPATH\Controllers\AdmPost.php on line 3141.
 1 APPPATH\Controllers\AdmPost.php(3387): App\Controllers\AdmPost->secondsToTime(5113.272)
 2 SYSTEMPATH\CodeIgniter.php(934): App\Controllers\AdmPost->relatorio_analitico()
 3 SYSTEMPATH\CodeIgniter.php(499): CodeIgniter\CodeIgniter->runController(Object(App\Controllers\AdmPost))
 4 SYSTEMPATH\CodeIgniter.php(368): CodeIgniter\CodeIgniter->handleRequest(null, Object(Config\Cache), false)
 5 FCPATH\index.php(67): CodeIgniter\CodeIgniter->run()
WARNING - 2024-07-12 23:58:19 --> [DEPRECATED] Implicit conversion from float 5113.272 to int loses precision in APPPATH\Controllers\AdmPost.php on line 3142.
 1 APPPATH\Controllers\AdmPost.php(3387): App\Controllers\AdmPost->secondsToTime(5113.272)
 2 SYSTEMPATH\CodeIgniter.php(934): App\Controllers\AdmPost->relatorio_analitico()
 3 SYSTEMPATH\CodeIgniter.php(499): CodeIgniter\CodeIgniter->runController(Object(App\Controllers\AdmPost))
 4 SYSTEMPATH\CodeIgniter.php(368): CodeIgniter\CodeIgniter->handleRequest(null, Object(Config\Cache), false)
 5 FCPATH\index.php(67): CodeIgniter\CodeIgniter->run()
WARNING - 2024-07-12 23:58:19 --> [DEPRECATED] Implicit conversion from float 2858.2727272727275 to int loses precision in APPPATH\Controllers\AdmPost.php on line 3141.
 1 APPPATH\Controllers\AdmPost.php(3387): App\Controllers\AdmPost->secondsToTime(2858.2727272727275)
 2 SYSTEMPATH\CodeIgniter.php(934): App\Controllers\AdmPost->relatorio_analitico()
 3 SYSTEMPATH\CodeIgniter.php(499): CodeIgniter\CodeIgniter->runController(Object(App\Controllers\AdmPost))
 4 SYSTEMPATH\CodeIgniter.php(368): CodeIgniter\CodeIgniter->handleRequest(null, Object(Config\Cache), false)
 5 FCPATH\index.php(67): CodeIgniter\CodeIgniter->run()
WARNING - 2024-07-12 23:58:19 --> [DEPRECATED] Implicit conversion from float 2858.2727272727275 to int loses precision in APPPATH\Controllers\AdmPost.php on line 3142.
 1 APPPATH\Controllers\AdmPost.php(3387): App\Controllers\AdmPost->secondsToTime(2858.2727272727275)
 2 SYSTEMPATH\CodeIgniter.php(934): App\Controllers\AdmPost->relatorio_analitico()
 3 SYSTEMPATH\CodeIgniter.php(499): CodeIgniter\CodeIgniter->runController(Object(App\Controllers\AdmPost))
 4 SYSTEMPATH\CodeIgniter.php(368): CodeIgniter\CodeIgniter->handleRequest(null, Object(Config\Cache), false)
 5 FCPATH\index.php(67): CodeIgniter\CodeIgniter->run()
WARNING - 2024-07-12 23:59:49 --> [DEPRECATED] Implicit conversion from float 5113.272 to int loses precision in APPPATH\Controllers\AdmPost.php on line 3141.
 1 APPPATH\Controllers\AdmPost.php(3387): App\Controllers\AdmPost->secondsToTime(5113.272)
 2 SYSTEMPATH\CodeIgniter.php(934): App\Controllers\AdmPost->relatorio_analitico()
 3 SYSTEMPATH\CodeIgniter.php(499): CodeIgniter\CodeIgniter->runController(Object(App\Controllers\AdmPost))
 4 SYSTEMPATH\CodeIgniter.php(368): CodeIgniter\CodeIgniter->handleRequest(null, Object(Config\Cache), false)
 5 FCPATH\index.php(67): CodeIgniter\CodeIgniter->run()
WARNING - 2024-07-12 23:59:49 --> [DEPRECATED] Implicit conversion from float 5113.272 to int loses precision in APPPATH\Controllers\AdmPost.php on line 3142.
 1 APPPATH\Controllers\AdmPost.php(3387): App\Controllers\AdmPost->secondsToTime(5113.272)
 2 SYSTEMPATH\CodeIgniter.php(934): App\Controllers\AdmPost->relatorio_analitico()
 3 SYSTEMPATH\CodeIgniter.php(499): CodeIgniter\CodeIgniter->runController(Object(App\Controllers\AdmPost))
 4 SYSTEMPATH\CodeIgniter.php(368): CodeIgniter\CodeIgniter->handleRequest(null, Object(Config\Cache), false)
 5 FCPATH\index.php(67): CodeIgniter\CodeIgniter->run()
WARNING - 2024-07-12 23:59:49 --> [DEPRECATED] Implicit conversion from float 2858.2727272727275 to int loses precision in APPPATH\Controllers\AdmPost.php on line 3141.
 1 APPPATH\Controllers\AdmPost.php(3387): App\Controllers\AdmPost->secondsToTime(2858.2727272727275)
 2 SYSTEMPATH\CodeIgniter.php(934): App\Controllers\AdmPost->relatorio_analitico()
 3 SYSTEMPATH\CodeIgniter.php(499): CodeIgniter\CodeIgniter->runController(Object(App\Controllers\AdmPost))
 4 SYSTEMPATH\CodeIgniter.php(368): CodeIgniter\CodeIgniter->handleRequest(null, Object(Config\Cache), false)
 5 FCPATH\index.php(67): CodeIgniter\CodeIgniter->run()
WARNING - 2024-07-12 23:59:49 --> [DEPRECATED] Implicit conversion from float 2858.2727272727275 to int loses precision in APPPATH\Controllers\AdmPost.php on line 3142.
 1 APPPATH\Controllers\AdmPost.php(3387): App\Controllers\AdmPost->secondsToTime(2858.2727272727275)
 2 SYSTEMPATH\CodeIgniter.php(934): App\Controllers\AdmPost->relatorio_analitico()
 3 SYSTEMPATH\CodeIgniter.php(499): CodeIgniter\CodeIgniter->runController(Object(App\Controllers\AdmPost))
 4 SYSTEMPATH\CodeIgniter.php(368): CodeIgniter\CodeIgniter->handleRequest(null, Object(Config\Cache), false)
 5 FCPATH\index.php(67): CodeIgniter\CodeIgniter->run()
