WARNING - 2024-07-13 00:00:49 --> [DEPRECATED] Implicit conversion from float 15190165.85840708 to int loses precision in APPPATH\Controllers\AdmPost.php on line 3141.
 1 APPPATH\Controllers\AdmPost.php(3386): App\Controllers\AdmPost->secondsToTime(15190165.85840708)
 2 SYSTEMPATH\CodeIgniter.php(934): App\Controllers\AdmPost->relatorio_analitico()
 3 SYSTEMPATH\CodeIgniter.php(499): CodeIgniter\CodeIgniter->runController(Object(App\Controllers\AdmPost))
 4 SYSTEMPATH\CodeIgniter.php(368): CodeIgniter\CodeIgniter->handleRequest(null, Object(Config\Cache), false)
 5 FCPATH\index.php(67): CodeIgniter\CodeIgniter->run()
WARNING - 2024-07-13 00:00:49 --> [DEPRECATED] Implicit conversion from float 15190165.85840708 to int loses precision in APPPATH\Controllers\AdmPost.php on line 3142.
 1 APPPATH\Controllers\AdmPost.php(3386): App\Controllers\AdmPost->secondsToTime(15190165.85840708)
 2 SYSTEMPATH\CodeIgniter.php(934): App\Controllers\AdmPost->relatorio_analitico()
 3 SYSTEMPATH\CodeIgniter.php(499): CodeIgniter\CodeIgniter->runController(Object(App\Controllers\AdmPost))
 4 SYSTEMPATH\CodeIgniter.php(368): CodeIgniter\CodeIgniter->handleRequest(null, Object(Config\Cache), false)
 5 FCPATH\index.php(67): CodeIgniter\CodeIgniter->run()
WARNING - 2024-07-13 00:00:49 --> [DEPRECATED] Implicit conversion from float 491.265625 to int loses precision in APPPATH\Controllers\AdmPost.php on line 3141.
 1 APPPATH\Controllers\AdmPost.php(3386): App\Controllers\AdmPost->secondsToTime(491.265625)
 2 SYSTEMPATH\CodeIgniter.php(934): App\Controllers\AdmPost->relatorio_analitico()
 3 SYSTEMPATH\CodeIgniter.php(499): CodeIgniter\CodeIgniter->runController(Object(App\Controllers\AdmPost))
 4 SYSTEMPATH\CodeIgniter.php(368): CodeIgniter\CodeIgniter->handleRequest(null, Object(Config\Cache), false)
 5 FCPATH\index.php(67): CodeIgniter\CodeIgniter->run()
WARNING - 2024-07-13 00:00:49 --> [DEPRECATED] Implicit conversion from float 491.265625 to int loses precision in APPPATH\Controllers\AdmPost.php on line 3142.
 1 APPPATH\Controllers\AdmPost.php(3386): App\Controllers\AdmPost->secondsToTime(491.265625)
 2 SYSTEMPATH\CodeIgniter.php(934): App\Controllers\AdmPost->relatorio_analitico()
 3 SYSTEMPATH\CodeIgniter.php(499): CodeIgniter\CodeIgniter->runController(Object(App\Controllers\AdmPost))
 4 SYSTEMPATH\CodeIgniter.php(368): CodeIgniter\CodeIgniter->handleRequest(null, Object(Config\Cache), false)
 5 FCPATH\index.php(67): CodeIgniter\CodeIgniter->run()
WARNING - 2024-07-13 00:04:49 --> [DEPRECATED] Implicit conversion from float 5113.272 to int loses precision in APPPATH\Controllers\AdmPost.php on line 3141.
 1 APPPATH\Controllers\AdmPost.php(3387): App\Controllers\AdmPost->secondsToTime(5113.272)
 2 SYSTEMPATH\CodeIgniter.php(934): App\Controllers\AdmPost->relatorio_analitico()
 3 SYSTEMPATH\CodeIgniter.php(499): CodeIgniter\CodeIgniter->runController(Object(App\Controllers\AdmPost))
 4 SYSTEMPATH\CodeIgniter.php(368): CodeIgniter\CodeIgniter->handleRequest(null, Object(Config\Cache), false)
 5 FCPATH\index.php(67): CodeIgniter\CodeIgniter->run()
WARNING - 2024-07-13 00:04:49 --> [DEPRECATED] Implicit conversion from float 5113.272 to int loses precision in APPPATH\Controllers\AdmPost.php on line 3142.
 1 APPPATH\Controllers\AdmPost.php(3387): App\Controllers\AdmPost->secondsToTime(5113.272)
 2 SYSTEMPATH\CodeIgniter.php(934): App\Controllers\AdmPost->relatorio_analitico()
 3 SYSTEMPATH\CodeIgniter.php(499): CodeIgniter\CodeIgniter->runController(Object(App\Controllers\AdmPost))
 4 SYSTEMPATH\CodeIgniter.php(368): CodeIgniter\CodeIgniter->handleRequest(null, Object(Config\Cache), false)
 5 FCPATH\index.php(67): CodeIgniter\CodeIgniter->run()
WARNING - 2024-07-13 00:04:49 --> [DEPRECATED] Implicit conversion from float 2858.2727272727275 to int loses precision in APPPATH\Controllers\AdmPost.php on line 3141.
 1 APPPATH\Controllers\AdmPost.php(3387): App\Controllers\AdmPost->secondsToTime(2858.2727272727275)
 2 SYSTEMPATH\CodeIgniter.php(934): App\Controllers\AdmPost->relatorio_analitico()
 3 SYSTEMPATH\CodeIgniter.php(499): CodeIgniter\CodeIgniter->runController(Object(App\Controllers\AdmPost))
 4 SYSTEMPATH\CodeIgniter.php(368): CodeIgniter\CodeIgniter->handleRequest(null, Object(Config\Cache), false)
 5 FCPATH\index.php(67): CodeIgniter\CodeIgniter->run()
WARNING - 2024-07-13 00:04:49 --> [DEPRECATED] Implicit conversion from float 2858.2727272727275 to int loses precision in APPPATH\Controllers\AdmPost.php on line 3142.
 1 APPPATH\Controllers\AdmPost.php(3387): App\Controllers\AdmPost->secondsToTime(2858.2727272727275)
 2 SYSTEMPATH\CodeIgniter.php(934): App\Controllers\AdmPost->relatorio_analitico()
 3 SYSTEMPATH\CodeIgniter.php(499): CodeIgniter\CodeIgniter->runController(Object(App\Controllers\AdmPost))
 4 SYSTEMPATH\CodeIgniter.php(368): CodeIgniter\CodeIgniter->handleRequest(null, Object(Config\Cache), false)
 5 FCPATH\index.php(67): CodeIgniter\CodeIgniter->run()
WARNING - 2024-07-13 00:06:01 --> [DEPRECATED] Implicit conversion from float 2226.6060606060605 to int loses precision in APPPATH\Controllers\AdmPost.php on line 3141.
 1 APPPATH\Controllers\AdmPost.php(3387): App\Controllers\AdmPost->secondsToTime(2226.6060606060605)
 2 SYSTEMPATH\CodeIgniter.php(934): App\Controllers\AdmPost->relatorio_analitico()
 3 SYSTEMPATH\CodeIgniter.php(499): CodeIgniter\CodeIgniter->runController(Object(App\Controllers\AdmPost))
 4 SYSTEMPATH\CodeIgniter.php(368): CodeIgniter\CodeIgniter->handleRequest(null, Object(Config\Cache), false)
 5 FCPATH\index.php(67): CodeIgniter\CodeIgniter->run()
WARNING - 2024-07-13 00:06:01 --> [DEPRECATED] Implicit conversion from float 2226.6060606060605 to int loses precision in APPPATH\Controllers\AdmPost.php on line 3142.
 1 APPPATH\Controllers\AdmPost.php(3387): App\Controllers\AdmPost->secondsToTime(2226.6060606060605)
 2 SYSTEMPATH\CodeIgniter.php(934): App\Controllers\AdmPost->relatorio_analitico()
 3 SYSTEMPATH\CodeIgniter.php(499): CodeIgniter\CodeIgniter->runController(Object(App\Controllers\AdmPost))
 4 SYSTEMPATH\CodeIgniter.php(368): CodeIgniter\CodeIgniter->handleRequest(null, Object(Config\Cache), false)
 5 FCPATH\index.php(67): CodeIgniter\CodeIgniter->run()
WARNING - 2024-07-13 00:06:01 --> [DEPRECATED] Implicit conversion from float 5282.302816901409 to int loses precision in APPPATH\Controllers\AdmPost.php on line 3141.
 1 APPPATH\Controllers\AdmPost.php(3387): App\Controllers\AdmPost->secondsToTime(5282.302816901409)
 2 SYSTEMPATH\CodeIgniter.php(934): App\Controllers\AdmPost->relatorio_analitico()
 3 SYSTEMPATH\CodeIgniter.php(499): CodeIgniter\CodeIgniter->runController(Object(App\Controllers\AdmPost))
 4 SYSTEMPATH\CodeIgniter.php(368): CodeIgniter\CodeIgniter->handleRequest(null, Object(Config\Cache), false)
 5 FCPATH\index.php(67): CodeIgniter\CodeIgniter->run()
WARNING - 2024-07-13 00:06:01 --> [DEPRECATED] Implicit conversion from float 5282.302816901409 to int loses precision in APPPATH\Controllers\AdmPost.php on line 3142.
 1 APPPATH\Controllers\AdmPost.php(3387): App\Controllers\AdmPost->secondsToTime(5282.302816901409)
 2 SYSTEMPATH\CodeIgniter.php(934): App\Controllers\AdmPost->relatorio_analitico()
 3 SYSTEMPATH\CodeIgniter.php(499): CodeIgniter\CodeIgniter->runController(Object(App\Controllers\AdmPost))
 4 SYSTEMPATH\CodeIgniter.php(368): CodeIgniter\CodeIgniter->handleRequest(null, Object(Config\Cache), false)
 5 FCPATH\index.php(67): CodeIgniter\CodeIgniter->run()
WARNING - 2024-07-13 00:07:53 --> [DEPRECATED] Implicit conversion from float 2226.6060606060605 to int loses precision in APPPATH\Controllers\AdmPost.php on line 3141.
 1 APPPATH\Controllers\AdmPost.php(3387): App\Controllers\AdmPost->secondsToTime(2226.6060606060605)
 2 SYSTEMPATH\CodeIgniter.php(934): App\Controllers\AdmPost->relatorio_analitico()
 3 SYSTEMPATH\CodeIgniter.php(499): CodeIgniter\CodeIgniter->runController(Object(App\Controllers\AdmPost))
 4 SYSTEMPATH\CodeIgniter.php(368): CodeIgniter\CodeIgniter->handleRequest(null, Object(Config\Cache), false)
 5 FCPATH\index.php(67): CodeIgniter\CodeIgniter->run()
WARNING - 2024-07-13 00:07:53 --> [DEPRECATED] Implicit conversion from float 2226.6060606060605 to int loses precision in APPPATH\Controllers\AdmPost.php on line 3142.
 1 APPPATH\Controllers\AdmPost.php(3387): App\Controllers\AdmPost->secondsToTime(2226.6060606060605)
 2 SYSTEMPATH\CodeIgniter.php(934): App\Controllers\AdmPost->relatorio_analitico()
 3 SYSTEMPATH\CodeIgniter.php(499): CodeIgniter\CodeIgniter->runController(Object(App\Controllers\AdmPost))
 4 SYSTEMPATH\CodeIgniter.php(368): CodeIgniter\CodeIgniter->handleRequest(null, Object(Config\Cache), false)
 5 FCPATH\index.php(67): CodeIgniter\CodeIgniter->run()
WARNING - 2024-07-13 00:07:53 --> [DEPRECATED] Implicit conversion from float 5282.302816901409 to int loses precision in APPPATH\Controllers\AdmPost.php on line 3141.
 1 APPPATH\Controllers\AdmPost.php(3387): App\Controllers\AdmPost->secondsToTime(5282.302816901409)
 2 SYSTEMPATH\CodeIgniter.php(934): App\Controllers\AdmPost->relatorio_analitico()
 3 SYSTEMPATH\CodeIgniter.php(499): CodeIgniter\CodeIgniter->runController(Object(App\Controllers\AdmPost))
 4 SYSTEMPATH\CodeIgniter.php(368): CodeIgniter\CodeIgniter->handleRequest(null, Object(Config\Cache), false)
 5 FCPATH\index.php(67): CodeIgniter\CodeIgniter->run()
WARNING - 2024-07-13 00:07:53 --> [DEPRECATED] Implicit conversion from float 5282.302816901409 to int loses precision in APPPATH\Controllers\AdmPost.php on line 3142.
 1 APPPATH\Controllers\AdmPost.php(3387): App\Controllers\AdmPost->secondsToTime(5282.302816901409)
 2 SYSTEMPATH\CodeIgniter.php(934): App\Controllers\AdmPost->relatorio_analitico()
 3 SYSTEMPATH\CodeIgniter.php(499): CodeIgniter\CodeIgniter->runController(Object(App\Controllers\AdmPost))
 4 SYSTEMPATH\CodeIgniter.php(368): CodeIgniter\CodeIgniter->handleRequest(null, Object(Config\Cache), false)
 5 FCPATH\index.php(67): CodeIgniter\CodeIgniter->run()
CRITICAL - 2024-07-13 00:08:48 --> Undefined array key 1
in APPPATH\Controllers\AdmPost.php on line 3134.
 1 APPPATH\Controllers\AdmPost.php(3134): CodeIgniter\Debug\Exceptions->errorHandler(2, 'Undefined array key 1', 'C:\\xampp\\htdocs\\codi\\app\\Controllers\\AdmPost.php', 3134)
 2 APPPATH\Controllers\AdmPost.php(3379): App\Controllers\AdmPost->timeToSeconds(1714571745)
 3 SYSTEMPATH\CodeIgniter.php(934): App\Controllers\AdmPost->relatorio_analitico()
 4 SYSTEMPATH\CodeIgniter.php(499): CodeIgniter\CodeIgniter->runController(Object(App\Controllers\AdmPost))
 5 SYSTEMPATH\CodeIgniter.php(368): CodeIgniter\CodeIgniter->handleRequest(null, Object(Config\Cache), false)
 6 FCPATH\index.php(67): CodeIgniter\CodeIgniter->run()
CRITICAL - 2024-07-13 00:08:52 --> Undefined array key 1
in APPPATH\Controllers\AdmPost.php on line 3134.
 1 APPPATH\Controllers\AdmPost.php(3134): CodeIgniter\Debug\Exceptions->errorHandler(2, 'Undefined array key 1', 'C:\\xampp\\htdocs\\codi\\app\\Controllers\\AdmPost.php', 3134)
 2 APPPATH\Controllers\AdmPost.php(3379): App\Controllers\AdmPost->timeToSeconds(1714571745)
 3 SYSTEMPATH\CodeIgniter.php(934): App\Controllers\AdmPost->relatorio_analitico()
 4 SYSTEMPATH\CodeIgniter.php(499): CodeIgniter\CodeIgniter->runController(Object(App\Controllers\AdmPost))
 5 SYSTEMPATH\CodeIgniter.php(368): CodeIgniter\CodeIgniter->handleRequest(null, Object(Config\Cache), false)
 6 FCPATH\index.php(67): CodeIgniter\CodeIgniter->run()
WARNING - 2024-07-13 00:09:05 --> [DEPRECATED] Implicit conversion from float 2226.6060606060605 to int loses precision in APPPATH\Controllers\AdmPost.php on line 3141.
 1 APPPATH\Controllers\AdmPost.php(3387): App\Controllers\AdmPost->secondsToTime(2226.6060606060605)
 2 SYSTEMPATH\CodeIgniter.php(934): App\Controllers\AdmPost->relatorio_analitico()
 3 SYSTEMPATH\CodeIgniter.php(499): CodeIgniter\CodeIgniter->runController(Object(App\Controllers\AdmPost))
 4 SYSTEMPATH\CodeIgniter.php(368): CodeIgniter\CodeIgniter->handleRequest(null, Object(Config\Cache), false)
 5 FCPATH\index.php(67): CodeIgniter\CodeIgniter->run()
WARNING - 2024-07-13 00:09:05 --> [DEPRECATED] Implicit conversion from float 2226.6060606060605 to int loses precision in APPPATH\Controllers\AdmPost.php on line 3142.
 1 APPPATH\Controllers\AdmPost.php(3387): App\Controllers\AdmPost->secondsToTime(2226.6060606060605)
 2 SYSTEMPATH\CodeIgniter.php(934): App\Controllers\AdmPost->relatorio_analitico()
 3 SYSTEMPATH\CodeIgniter.php(499): CodeIgniter\CodeIgniter->runController(Object(App\Controllers\AdmPost))
 4 SYSTEMPATH\CodeIgniter.php(368): CodeIgniter\CodeIgniter->handleRequest(null, Object(Config\Cache), false)
 5 FCPATH\index.php(67): CodeIgniter\CodeIgniter->run()
WARNING - 2024-07-13 00:09:05 --> [DEPRECATED] Implicit conversion from float 5282.302816901409 to int loses precision in APPPATH\Controllers\AdmPost.php on line 3141.
 1 APPPATH\Controllers\AdmPost.php(3387): App\Controllers\AdmPost->secondsToTime(5282.302816901409)
 2 SYSTEMPATH\CodeIgniter.php(934): App\Controllers\AdmPost->relatorio_analitico()
 3 SYSTEMPATH\CodeIgniter.php(499): CodeIgniter\CodeIgniter->runController(Object(App\Controllers\AdmPost))
 4 SYSTEMPATH\CodeIgniter.php(368): CodeIgniter\CodeIgniter->handleRequest(null, Object(Config\Cache), false)
 5 FCPATH\index.php(67): CodeIgniter\CodeIgniter->run()
WARNING - 2024-07-13 00:09:05 --> [DEPRECATED] Implicit conversion from float 5282.302816901409 to int loses precision in APPPATH\Controllers\AdmPost.php on line 3142.
 1 APPPATH\Controllers\AdmPost.php(3387): App\Controllers\AdmPost->secondsToTime(5282.302816901409)
 2 SYSTEMPATH\CodeIgniter.php(934): App\Controllers\AdmPost->relatorio_analitico()
 3 SYSTEMPATH\CodeIgniter.php(499): CodeIgniter\CodeIgniter->runController(Object(App\Controllers\AdmPost))
 4 SYSTEMPATH\CodeIgniter.php(368): CodeIgniter\CodeIgniter->handleRequest(null, Object(Config\Cache), false)
 5 FCPATH\index.php(67): CodeIgniter\CodeIgniter->run()
WARNING - 2024-07-13 00:10:04 --> [DEPRECATED] Implicit conversion from float 212.97971014492754 to int loses precision in APPPATH\Controllers\AdmPost.php on line 3141.
 1 APPPATH\Controllers\AdmPost.php(3386): App\Controllers\AdmPost->secondsToTime(212.97971014492754)
 2 SYSTEMPATH\CodeIgniter.php(934): App\Controllers\AdmPost->relatorio_analitico()
 3 SYSTEMPATH\CodeIgniter.php(499): CodeIgniter\CodeIgniter->runController(Object(App\Controllers\AdmPost))
 4 SYSTEMPATH\CodeIgniter.php(368): CodeIgniter\CodeIgniter->handleRequest(null, Object(Config\Cache), false)
 5 FCPATH\index.php(67): CodeIgniter\CodeIgniter->run()
WARNING - 2024-07-13 00:10:04 --> [DEPRECATED] Implicit conversion from float 212.97971014492754 to int loses precision in APPPATH\Controllers\AdmPost.php on line 3142.
 1 APPPATH\Controllers\AdmPost.php(3386): App\Controllers\AdmPost->secondsToTime(212.97971014492754)
 2 SYSTEMPATH\CodeIgniter.php(934): App\Controllers\AdmPost->relatorio_analitico()
 3 SYSTEMPATH\CodeIgniter.php(499): CodeIgniter\CodeIgniter->runController(Object(App\Controllers\AdmPost))
 4 SYSTEMPATH\CodeIgniter.php(368): CodeIgniter\CodeIgniter->handleRequest(null, Object(Config\Cache), false)
 5 FCPATH\index.php(67): CodeIgniter\CodeIgniter->run()
WARNING - 2024-07-13 00:10:04 --> [DEPRECATED] Implicit conversion from float 13136676.413265307 to int loses precision in APPPATH\Controllers\AdmPost.php on line 3141.
 1 APPPATH\Controllers\AdmPost.php(3386): App\Controllers\AdmPost->secondsToTime(13136676.413265307)
 2 SYSTEMPATH\CodeIgniter.php(934): App\Controllers\AdmPost->relatorio_analitico()
 3 SYSTEMPATH\CodeIgniter.php(499): CodeIgniter\CodeIgniter->runController(Object(App\Controllers\AdmPost))
 4 SYSTEMPATH\CodeIgniter.php(368): CodeIgniter\CodeIgniter->handleRequest(null, Object(Config\Cache), false)
 5 FCPATH\index.php(67): CodeIgniter\CodeIgniter->run()
WARNING - 2024-07-13 00:10:04 --> [DEPRECATED] Implicit conversion from float 13136676.413265307 to int loses precision in APPPATH\Controllers\AdmPost.php on line 3142.
 1 APPPATH\Controllers\AdmPost.php(3386): App\Controllers\AdmPost->secondsToTime(13136676.413265307)
 2 SYSTEMPATH\CodeIgniter.php(934): App\Controllers\AdmPost->relatorio_analitico()
 3 SYSTEMPATH\CodeIgniter.php(499): CodeIgniter\CodeIgniter->runController(Object(App\Controllers\AdmPost))
 4 SYSTEMPATH\CodeIgniter.php(368): CodeIgniter\CodeIgniter->handleRequest(null, Object(Config\Cache), false)
 5 FCPATH\index.php(67): CodeIgniter\CodeIgniter->run()
WARNING - 2024-07-13 00:13:54 --> [DEPRECATED] Implicit conversion from float 212.97971014492754 to int loses precision in APPPATH\Controllers\AdmPost.php on line 3141.
 1 APPPATH\Controllers\AdmPost.php(3386): App\Controllers\AdmPost->secondsToTime(212.97971014492754)
 2 SYSTEMPATH\CodeIgniter.php(934): App\Controllers\AdmPost->relatorio_analitico()
 3 SYSTEMPATH\CodeIgniter.php(499): CodeIgniter\CodeIgniter->runController(Object(App\Controllers\AdmPost))
 4 SYSTEMPATH\CodeIgniter.php(368): CodeIgniter\CodeIgniter->handleRequest(null, Object(Config\Cache), false)
 5 FCPATH\index.php(67): CodeIgniter\CodeIgniter->run()
WARNING - 2024-07-13 00:13:54 --> [DEPRECATED] Implicit conversion from float 212.97971014492754 to int loses precision in APPPATH\Controllers\AdmPost.php on line 3142.
 1 APPPATH\Controllers\AdmPost.php(3386): App\Controllers\AdmPost->secondsToTime(212.97971014492754)
 2 SYSTEMPATH\CodeIgniter.php(934): App\Controllers\AdmPost->relatorio_analitico()
 3 SYSTEMPATH\CodeIgniter.php(499): CodeIgniter\CodeIgniter->runController(Object(App\Controllers\AdmPost))
 4 SYSTEMPATH\CodeIgniter.php(368): CodeIgniter\CodeIgniter->handleRequest(null, Object(Config\Cache), false)
 5 FCPATH\index.php(67): CodeIgniter\CodeIgniter->run()
WARNING - 2024-07-13 00:13:54 --> [DEPRECATED] Implicit conversion from float 13136676.413265307 to int loses precision in APPPATH\Controllers\AdmPost.php on line 3141.
 1 APPPATH\Controllers\AdmPost.php(3386): App\Controllers\AdmPost->secondsToTime(13136676.413265307)
 2 SYSTEMPATH\CodeIgniter.php(934): App\Controllers\AdmPost->relatorio_analitico()
 3 SYSTEMPATH\CodeIgniter.php(499): CodeIgniter\CodeIgniter->runController(Object(App\Controllers\AdmPost))
 4 SYSTEMPATH\CodeIgniter.php(368): CodeIgniter\CodeIgniter->handleRequest(null, Object(Config\Cache), false)
 5 FCPATH\index.php(67): CodeIgniter\CodeIgniter->run()
WARNING - 2024-07-13 00:13:54 --> [DEPRECATED] Implicit conversion from float 13136676.413265307 to int loses precision in APPPATH\Controllers\AdmPost.php on line 3142.
 1 APPPATH\Controllers\AdmPost.php(3386): App\Controllers\AdmPost->secondsToTime(13136676.413265307)
 2 SYSTEMPATH\CodeIgniter.php(934): App\Controllers\AdmPost->relatorio_analitico()
 3 SYSTEMPATH\CodeIgniter.php(499): CodeIgniter\CodeIgniter->runController(Object(App\Controllers\AdmPost))
 4 SYSTEMPATH\CodeIgniter.php(368): CodeIgniter\CodeIgniter->handleRequest(null, Object(Config\Cache), false)
 5 FCPATH\index.php(67): CodeIgniter\CodeIgniter->run()
WARNING - 2024-07-13 00:15:24 --> [DEPRECATED] Implicit conversion from float 212.97971014492754 to int loses precision in APPPATH\Controllers\AdmPost.php on line 3141.
 1 APPPATH\Controllers\AdmPost.php(3390): App\Controllers\AdmPost->secondsToTime(212.97971014492754)
 2 SYSTEMPATH\CodeIgniter.php(934): App\Controllers\AdmPost->relatorio_analitico()
 3 SYSTEMPATH\CodeIgniter.php(499): CodeIgniter\CodeIgniter->runController(Object(App\Controllers\AdmPost))
 4 SYSTEMPATH\CodeIgniter.php(368): CodeIgniter\CodeIgniter->handleRequest(null, Object(Config\Cache), false)
 5 FCPATH\index.php(67): CodeIgniter\CodeIgniter->run()
WARNING - 2024-07-13 00:15:24 --> [DEPRECATED] Implicit conversion from float 212.97971014492754 to int loses precision in APPPATH\Controllers\AdmPost.php on line 3142.
 1 APPPATH\Controllers\AdmPost.php(3390): App\Controllers\AdmPost->secondsToTime(212.97971014492754)
 2 SYSTEMPATH\CodeIgniter.php(934): App\Controllers\AdmPost->relatorio_analitico()
 3 SYSTEMPATH\CodeIgniter.php(499): CodeIgniter\CodeIgniter->runController(Object(App\Controllers\AdmPost))
 4 SYSTEMPATH\CodeIgniter.php(368): CodeIgniter\CodeIgniter->handleRequest(null, Object(Config\Cache), false)
 5 FCPATH\index.php(67): CodeIgniter\CodeIgniter->run()
WARNING - 2024-07-13 00:15:24 --> [DEPRECATED] Implicit conversion from float 1913.4872448979593 to int loses precision in APPPATH\Controllers\AdmPost.php on line 3141.
 1 APPPATH\Controllers\AdmPost.php(3390): App\Controllers\AdmPost->secondsToTime(1913.4872448979593)
 2 SYSTEMPATH\CodeIgniter.php(934): App\Controllers\AdmPost->relatorio_analitico()
 3 SYSTEMPATH\CodeIgniter.php(499): CodeIgniter\CodeIgniter->runController(Object(App\Controllers\AdmPost))
 4 SYSTEMPATH\CodeIgniter.php(368): CodeIgniter\CodeIgniter->handleRequest(null, Object(Config\Cache), false)
 5 FCPATH\index.php(67): CodeIgniter\CodeIgniter->run()
WARNING - 2024-07-13 00:15:24 --> [DEPRECATED] Implicit conversion from float 1913.4872448979593 to int loses precision in APPPATH\Controllers\AdmPost.php on line 3142.
 1 APPPATH\Controllers\AdmPost.php(3390): App\Controllers\AdmPost->secondsToTime(1913.4872448979593)
 2 SYSTEMPATH\CodeIgniter.php(934): App\Controllers\AdmPost->relatorio_analitico()
 3 SYSTEMPATH\CodeIgniter.php(499): CodeIgniter\CodeIgniter->runController(Object(App\Controllers\AdmPost))
 4 SYSTEMPATH\CodeIgniter.php(368): CodeIgniter\CodeIgniter->handleRequest(null, Object(Config\Cache), false)
 5 FCPATH\index.php(67): CodeIgniter\CodeIgniter->run()
WARNING - 2024-07-13 00:16:49 --> [DEPRECATED] Implicit conversion from float 212.97971014492754 to int loses precision in APPPATH\Controllers\AdmPost.php on line 3141.
 1 APPPATH\Controllers\AdmPost.php(3390): App\Controllers\AdmPost->secondsToTime(212.97971014492754)
 2 SYSTEMPATH\CodeIgniter.php(934): App\Controllers\AdmPost->relatorio_analitico()
 3 SYSTEMPATH\CodeIgniter.php(499): CodeIgniter\CodeIgniter->runController(Object(App\Controllers\AdmPost))
 4 SYSTEMPATH\CodeIgniter.php(368): CodeIgniter\CodeIgniter->handleRequest(null, Object(Config\Cache), false)
 5 FCPATH\index.php(67): CodeIgniter\CodeIgniter->run()
WARNING - 2024-07-13 00:16:49 --> [DEPRECATED] Implicit conversion from float 212.97971014492754 to int loses precision in APPPATH\Controllers\AdmPost.php on line 3142.
 1 APPPATH\Controllers\AdmPost.php(3390): App\Controllers\AdmPost->secondsToTime(212.97971014492754)
 2 SYSTEMPATH\CodeIgniter.php(934): App\Controllers\AdmPost->relatorio_analitico()
 3 SYSTEMPATH\CodeIgniter.php(499): CodeIgniter\CodeIgniter->runController(Object(App\Controllers\AdmPost))
 4 SYSTEMPATH\CodeIgniter.php(368): CodeIgniter\CodeIgniter->handleRequest(null, Object(Config\Cache), false)
 5 FCPATH\index.php(67): CodeIgniter\CodeIgniter->run()
WARNING - 2024-07-13 00:16:49 --> [DEPRECATED] Implicit conversion from float 1913.4872448979593 to int loses precision in APPPATH\Controllers\AdmPost.php on line 3141.
 1 APPPATH\Controllers\AdmPost.php(3390): App\Controllers\AdmPost->secondsToTime(1913.4872448979593)
 2 SYSTEMPATH\CodeIgniter.php(934): App\Controllers\AdmPost->relatorio_analitico()
 3 SYSTEMPATH\CodeIgniter.php(499): CodeIgniter\CodeIgniter->runController(Object(App\Controllers\AdmPost))
 4 SYSTEMPATH\CodeIgniter.php(368): CodeIgniter\CodeIgniter->handleRequest(null, Object(Config\Cache), false)
 5 FCPATH\index.php(67): CodeIgniter\CodeIgniter->run()
WARNING - 2024-07-13 00:16:49 --> [DEPRECATED] Implicit conversion from float 1913.4872448979593 to int loses precision in APPPATH\Controllers\AdmPost.php on line 3142.
 1 APPPATH\Controllers\AdmPost.php(3390): App\Controllers\AdmPost->secondsToTime(1913.4872448979593)
 2 SYSTEMPATH\CodeIgniter.php(934): App\Controllers\AdmPost->relatorio_analitico()
 3 SYSTEMPATH\CodeIgniter.php(499): CodeIgniter\CodeIgniter->runController(Object(App\Controllers\AdmPost))
 4 SYSTEMPATH\CodeIgniter.php(368): CodeIgniter\CodeIgniter->handleRequest(null, Object(Config\Cache), false)
 5 FCPATH\index.php(67): CodeIgniter\CodeIgniter->run()
WARNING - 2024-07-13 00:21:43 --> [DEPRECATED] Implicit conversion from float 212.97971014492754 to int loses precision in APPPATH\Controllers\AdmPost.php on line 3141.
 1 APPPATH\Controllers\AdmPost.php(3390): App\Controllers\AdmPost->secondsToTime(212.97971014492754)
 2 SYSTEMPATH\CodeIgniter.php(934): App\Controllers\AdmPost->relatorio_analitico()
 3 SYSTEMPATH\CodeIgniter.php(499): CodeIgniter\CodeIgniter->runController(Object(App\Controllers\AdmPost))
 4 SYSTEMPATH\CodeIgniter.php(368): CodeIgniter\CodeIgniter->handleRequest(null, Object(Config\Cache), false)
 5 FCPATH\index.php(67): CodeIgniter\CodeIgniter->run()
WARNING - 2024-07-13 00:21:43 --> [DEPRECATED] Implicit conversion from float 212.97971014492754 to int loses precision in APPPATH\Controllers\AdmPost.php on line 3142.
 1 APPPATH\Controllers\AdmPost.php(3390): App\Controllers\AdmPost->secondsToTime(212.97971014492754)
 2 SYSTEMPATH\CodeIgniter.php(934): App\Controllers\AdmPost->relatorio_analitico()
 3 SYSTEMPATH\CodeIgniter.php(499): CodeIgniter\CodeIgniter->runController(Object(App\Controllers\AdmPost))
 4 SYSTEMPATH\CodeIgniter.php(368): CodeIgniter\CodeIgniter->handleRequest(null, Object(Config\Cache), false)
 5 FCPATH\index.php(67): CodeIgniter\CodeIgniter->run()
WARNING - 2024-07-13 00:21:43 --> [DEPRECATED] Implicit conversion from float 1913.4872448979593 to int loses precision in APPPATH\Controllers\AdmPost.php on line 3141.
 1 APPPATH\Controllers\AdmPost.php(3390): App\Controllers\AdmPost->secondsToTime(1913.4872448979593)
 2 SYSTEMPATH\CodeIgniter.php(934): App\Controllers\AdmPost->relatorio_analitico()
 3 SYSTEMPATH\CodeIgniter.php(499): CodeIgniter\CodeIgniter->runController(Object(App\Controllers\AdmPost))
 4 SYSTEMPATH\CodeIgniter.php(368): CodeIgniter\CodeIgniter->handleRequest(null, Object(Config\Cache), false)
 5 FCPATH\index.php(67): CodeIgniter\CodeIgniter->run()
WARNING - 2024-07-13 00:21:43 --> [DEPRECATED] Implicit conversion from float 1913.4872448979593 to int loses precision in APPPATH\Controllers\AdmPost.php on line 3142.
 1 APPPATH\Controllers\AdmPost.php(3390): App\Controllers\AdmPost->secondsToTime(1913.4872448979593)
 2 SYSTEMPATH\CodeIgniter.php(934): App\Controllers\AdmPost->relatorio_analitico()
 3 SYSTEMPATH\CodeIgniter.php(499): CodeIgniter\CodeIgniter->runController(Object(App\Controllers\AdmPost))
 4 SYSTEMPATH\CodeIgniter.php(368): CodeIgniter\CodeIgniter->handleRequest(null, Object(Config\Cache), false)
 5 FCPATH\index.php(67): CodeIgniter\CodeIgniter->run()
